51.255.43.108 - - [05/Jul/2020:06:26:00 +0200] "POST /tokens/jwt HTTP/1.1" 201 3472 "-" "GuzzleHttp/6.5.1 curl/7.52.1 PHP/7.1.33-8+0~20200202.31+debian9~1.gbp266c28"
51.255.43.108 - - [05/Jul/2020:06:26:01 +0200] "POST /tokens/jwt HTTP/1.1" 201 3472 "-" "GuzzleHttp/6.5.1 curl/7.52.1 PHP/7.1.33-8+0~20200202.31+debian9~1.gbp266c28"
51.255.43.108 - - [05/Jul/2020:06:26:02 +0200] "POST /emails/process/take HTTP/1.1" 404 240 "-" "GuzzleHttp/6.5.1 curl/7.52.1 PHP/7.1.33-8+0~20200202.31+debian9~1.gbp266c28"
51.255.43.108 - - [05/Jul/2020:06:27:01 +0200] "POST /tokens/jwt HTTP/1.1" 201 3472 "-" "GuzzleHttp/6.5.1 curl/7.52.1 PHP/7.1.33-8+0~20200202.31+debian9~1.gbp266c28"
51.255.43.108 - - [05/Jul/2020:06:27:01 +0200] "POST /tokens/jwt HTTP/1.1" 201 3472 "-" "GuzzleHttp/6.5.1 curl/7.52.1 PHP/7.1.33-8+0~20200202.31+debian9~1.gbp266c28"
51.255.43.108 - - [05/Jul/2020:06:27:01 +0200] "POST /emails/process/take HTTP/1.1" 404 240 "-" "GuzzleHttp/6.5.1 curl/7.52.1 PHP/7.1.33-8+0~20200202.31+debian9~1.gbp266c28"
51.210.12.113 - - [05/Jul/2020:06:28:00 +0200] "GET /studies?limit=100&offset=0&filter[gt_caDate]=2020-07-05%2001%3A28%3A00 HTTP/1.1" 200 3330 "-" "Go-http-client/1.1"
51.255.43.108 - - [05/Jul/2020:06:28:00 +0200] "POST /tokens/jwt HTTP/1.1" 201 3472 "-" "GuzzleHttp/6.5.1 curl/7.52.1 PHP/7.1.33-8+0~20200202.31+debian9~1.gbp266c28"
51.255.43.108 - - [05/Jul/2020:06:28:01 +0200] "POST /tokens/jwt HTTP/1.1" 201 3472 "-" "GuzzleHttp/6.5.1 curl/7.52.1 PHP/7.1.33-8+0~20200202.31+debian9~1.gbp266c28"
51.255.43.108 - - [05/Jul/2020:06:28:01 +0200] "POST /emails/process/take HTTP/1.1" 404 240 "-" "GuzzleHttp/6.5.1 curl/7.52.1 PHP/7.1.33-8+0~20200202.31+debian9~1.gbp266c28"
51.255.43.108 - - [05/Jul/2020:06:29:00 +0200] "POST /tokens/jwt HTTP/1.1" 201 3472 "-" "GuzzleHttp/6.5.1 curl/7.52.1 PHP/7.1.33-8+0~20200202.31+debian9~1.gbp266c28"
51.255.43.108 - - [05/Jul/2020:06:29:01 +0200] "POST /tokens/jwt HTTP/1.1" 201 3472 "-" "GuzzleHttp/6.5.1 curl/7.52.1 PHP/7.1.33-8+0~20200202.31+debian9~1.gbp266c28"
51.255.43.108 - - [05/Jul/2020:06:29:01 +0200] "POST /emails/process/take HTTP/1.1" 404 240 "-" "GuzzleHttp/6.5.1 curl/7.52.1 PHP/7.1.33-8+0~20200202.31+debian9~1.gbp266c28"
51.255.43.108 - - [05/Jul/2020:06:30:00 +0200] "POST /tokens/jwt HTTP/1.1" 201 3472 "-" "GuzzleHttp/6.5.1 curl/7.52.1 PHP/7.1.33-8+0~20200202.31+debian9~1.gbp266c28"
51.255.43.108 - - [05/Jul/2020:06:30:01 +0200] "POST /tokens/jwt HTTP/1.1" 201 3472 "-" "GuzzleHttp/6.5.1 curl/7.52.1 PHP/7.1.33-8+0~20200202.31+debian9~1.gbp266c28"
51.255.43.108 - - [05/Jul/2020:06:30:01 +0200] "POST /emails/process/take HTTP/1.1" 404 240 "-" "GuzzleHttp/6.5.1 curl/7.52.1 PHP/7.1.33-8+0~20200202.31+debian9~1.gbp266c28"
51.255.43.108 - - [05/Jul/2020:06:31:00 +0200] "POST /tokens/jwt HTTP/1.1" 201 3472 "-" "GuzzleHttp/6.5.1 curl/7.52.1 PHP/7.1.33-8+0~20200202.31+debian9~1.gbp266c28"
51.255.43.108 - - [05/Jul/2020:06:31:01 +0200] "POST /tokens/jwt HTTP/1.1" 201 3472 "-" "GuzzleHttp/6.5.1 curl/7.52.1 PHP/7.1.33-8+0~20200202.31+debian9~1.gbp266c28"
51.255.43.108 - - [05/Jul/2020:06:31:01 +0200] "POST /emails/process/take HTTP/1.1" 404 240 "-" "GuzzleHttp/6.5.1 curl/7.52.1 PHP/7.1.33-8+0~20200202.31+debian9~1.gbp266c28"
51.255.43.108 - - [05/Jul/2020:06:32:00 +0200] "POST /tokens/jwt HTTP/1.1" 201 3472 "-" "GuzzleHttp/6.5.1 curl/7.52.1 PHP/7.1.33-8+0~20200202.31+debian9~1.gbp266c28"
51.255.43.108 - - [05/Jul/2020:06:32:01 +0200] "POST /tokens/jwt HTTP/1.1" 201 3472 "-" "GuzzleHttp/6.5.1 curl/7.52.1 PHP/7.1.33-8+0~20200202.31+debian9~1.gbp266c28"
51.255.43.108 - - [05/Jul/2020:06:32:01 +0200] "POST /emails/process/take HTTP/1.1" 404 240 "-" "GuzzleHttp/6.5.1 curl/7.52.1 PHP/7.1.33-8+0~20200202.31+debian9~1.gbp266c28"
104.200.152.5 - - [05/Jul/2020:06:32:32 +0200] "GET /.git/config HTTP/1.1" 404 3949 "-" "internetwache.org v3.4"
216.245.221.83 - - [05/Jul/2020:06:32:42 +0200] "GET /users HTTP/1.1" 401 3537 "https://api.everycheck.com/users" "Mozilla/5.0+(compatible; UptimeRobot/2.0; http://www.uptimerobot.com/)"
51.255.43.108 - - [05/Jul/2020:06:33:00 +0200] "POST /tokens/jwt HTTP/1.1" 201 3472 "-" "GuzzleHttp/6.5.1 curl/7.52.1 PHP/7.1.33-8+0~20200202.31+debian9~1.gbp266c28"
51.255.43.108 - - [05/Jul/2020:06:33:01 +0200] "POST /tokens/jwt HTTP/1.1" 201 3472 "-" "GuzzleHttp/6.5.1 curl/7.52.1 PHP/7.1.33-8+0~20200202.31+debian9~1.gbp266c28"
51.255.43.108 - - [05/Jul/2020:06:33:01 +0200] "POST /emails/process/take HTTP/1.1" 404 240 "-" "GuzzleHttp/6.5.1 curl/7.52.1 PHP/7.1.33-8+0~20200202.31+debian9~1.gbp266c28"
51.210.12.113 - - [05/Jul/2020:06:34:00 +0200] "GET /studies?limit=100&offset=0&filter[cfKind]=agreement&filter[gt_caDate]=2020-07-05%2001%3A34%3A00 HTTP/1.1" 200 3330 "-" "Go-http-client/1.1"
51.255.43.108 - - [05/Jul/2020:06:34:00 +0200] "POST /tokens/jwt HTTP/1.1" 201 3472 "-" "GuzzleHttp/6.5.1 curl/7.52.1 PHP/7.1.33-8+0~20200202.31+debian9~1.gbp266c28"
51.255.43.108 - - [05/Jul/2020:06:34:01 +0200] "POST /tokens/jwt HTTP/1.1" 201 3472 "-" "GuzzleHttp/6.5.1 curl/7.52.1 PHP/7.1.33-8+0~20200202.31+debian9~1.gbp266c28"
51.255.43.108 - - [05/Jul/2020:06:34:01 +0200] "POST /emails/process/take HTTP/1.1" 404 240 "-" "GuzzleHttp/6.5.1 curl/7.52.1 PHP/7.1.33-8+0~20200202.31+debian9~1.gbp266c28"
51.255.43.108 - - [05/Jul/2020:06:35:00 +0200] "POST /tokens/jwt HTTP/1.1" 201 3472 "-" "GuzzleHttp/6.5.1 curl/7.52.1 PHP/7.1.33-8+0~20200202.31+debian9~1.gbp266c28"
51.255.43.108 - - [05/Jul/2020:06:35:01 +0200] "POST /tokens/jwt HTTP/1.1" 201 3472 "-" "GuzzleHttp/6.5.1 curl/7.52.1 PHP/7.1.33-8+0~20200202.31+debian9~1.gbp266c28"
51.255.43.108 - - [05/Jul/2020:06:35:01 +0200] "POST /emails/process/take HTTP/1.1" 404 240 "-" "GuzzleHttp/6.5.1 curl/7.52.1 PHP/7.1.33-8+0~20200202.31+debian9~1.gbp266c28"
51.255.43.108 - - [05/Jul/2020:06:36:00 +0200] "POST /tokens/jwt HTTP/1.1" 201 3472 "-" "GuzzleHttp/6.5.1 curl/7.52.1 PHP/7.1.33-8+0~20200202.31+debian9~1.gbp266c28"
51.255.43.108 - - [05/Jul/2020:06:36:01 +0200] "POST /tokens/jwt HTTP/1.1" 201 3472 "-" "GuzzleHttp/6.5.1 curl/7.52.1 PHP/7.1.33-8+0~20200202.31+debian9~1.gbp266c28"
51.255.43.108 - - [05/Jul/2020:06:36:01 +0200] "POST /emails/process/take HTTP/1.1" 404 240 "-" "GuzzleHttp/6.5.1 curl/7.52.1 PHP/7.1.33-8+0~20200202.31+debian9~1.gbp266c28"
51.255.43.108 - - [05/Jul/2020:06:37:00 +0200] "POST /tokens/jwt HTTP/1.1" 201 3472 "-" "GuzzleHttp/6.5.1 curl/7.52.1 PHP/7.1.33-8+0~20200202.31+debian9~1.gbp266c28"
51.255.43.108 - - [05/Jul/2020:06:37:01 +0200] "POST /tokens/jwt HTTP/1.1" 201 3472 "-" "GuzzleHttp/6.5.1 curl/7.52.1 PHP/7.1.33-8+0~20200202.31+debian9~1.gbp266c28"
51.255.43.108 - - [05/Jul/2020:06:37:01 +0200] "POST /emails/process/take HTTP/1.1" 404 240 "-" "GuzzleHttp/6.5.1 curl/7.52.1 PHP/7.1.33-8+0~20200202.31+debian9~1.gbp266c28"
51.210.12.113 - - [05/Jul/2020:06:38:00 +0200] "GET /studies?limit=100&offset=0&filter[gt_caDate]=2020-07-05%2001%3A38%3A00 HTTP/1.1" 200 3330 "-" "Go-http-client/1.1"
51.255.43.108 - - [05/Jul/2020:06:38:00 +0200] "POST /tokens/jwt HTTP/1.1" 201 3472 "-" "GuzzleHttp/6.5.1 curl/7.52.1 PHP/7.1.33-8+0~20200202.31+debian9~1.gbp266c28"
51.255.43.108 - - [05/Jul/2020:06:38:01 +0200] "POST /tokens/jwt HTTP/1.1" 201 3472 "-" "GuzzleHttp/6.5.1 curl/7.52.1 PHP/7.1.33-8+0~20200202.31+debian9~1.gbp266c28"
51.255.43.108 - - [05/Jul/2020:06:38:01 +0200] "POST /emails/process/take HTTP/1.1" 404 240 "-" "GuzzleHttp/6.5.1 curl/7.52.1 PHP/7.1.33-8+0~20200202.31+debian9~1.gbp266c28"
51.255.43.108 - - [05/Jul/2020:06:39:01 +0200] "POST /tokens/jwt HTTP/1.1" 201 3472 "-" "GuzzleHttp/6.5.1 curl/7.52.1 PHP/7.1.33-8+0~20200202.31+debian9~1.gbp266c28"
51.255.43.108 - - [05/Jul/2020:06:39:01 +0200] "POST /tokens/jwt HTTP/1.1" 201 3472 "-" "GuzzleHttp/6.5.1 curl/7.52.1 PHP/7.1.33-8+0~20200202.31+debian9~1.gbp266c28"
51.255.43.108 - - [05/Jul/2020:06:39:01 +0200] "POST /emails/process/take HTTP/1.1" 404 240 "-" "GuzzleHttp/6.5.1 curl/7.52.1 PHP/7.1.33-8+0~20200202.31+debian9~1.gbp266c28"
51.255.43.108 - - [05/Jul/2020:06:39:02 +0200] "GET /studies?limit=100&offset=0 HTTP/1.1" 200 766821 "-" "GuzzleHttp/6.5.1 curl/7.52.1 PHP/7.1.33-8+0~20200202.31+debian9~1.gbp266c28"
51.255.43.108 - - [05/Jul/2020:06:39:15 +0200] "GET /studies?limit=100&offset=100 HTTP/1.1" 200 820209 "-" "GuzzleHttp/6.5.1 curl/7.52.1 PHP/7.1.33-8+0~20200202.31+debian9~1.gbp266c28"
51.255.43.108 - - [05/Jul/2020:06:39:18 +0200] "GET /studies?limit=100&offset=200 HTTP/1.1" 200 811831 "-" "GuzzleHttp/6.5.1 curl/7.52.1 PHP/7.1.33-8+0~20200202.31+debian9~1.gbp266c28"
51.255.43.108 - - [05/Jul/2020:06:39:21 +0200] "GET /studies?limit=100&offset=300 HTTP/1.1" 200 858469 "-" "GuzzleHttp/6.5.1 curl/7.52.1 PHP/7.1.33-8+0~20200202.31+debian9~1.gbp266c28"
51.255.43.108 - - [05/Jul/2020:06:39:24 +0200] "GET /studies?limit=100&offset=400 HTTP/1.1" 200 849200 "-" "GuzzleHttp/6.5.1 curl/7.52.1 PHP/7.1.33-8+0~20200202.31+debian9~1.gbp266c28"
51.255.43.108 - - [05/Jul/2020:06:39:27 +0200] "GET /studies?limit=100&offset=500 HTTP/1.1" 200 782588 "-" "GuzzleHttp/6.5.1 curl/7.52.1 PHP/7.1.33-8+0~20200202.31+debian9~1.gbp266c28"
51.255.43.108 - - [05/Jul/2020:06:39:30 +0200] "GET /studies?limit=100&offset=600 HTTP/1.1" 200 802069 "-" "GuzzleHttp/6.5.1 curl/7.52.1 PHP/7.1.33-8+0~20200202.31+debian9~1.gbp266c28"
51.255.43.108 - - [05/Jul/2020:06:39:33 +0200] "GET /studies?limit=100&offset=700 HTTP/1.1" 200 900056 "-" "GuzzleHttp/6.5.1 curl/7.52.1 PHP/7.1.33-8+0~20200202.31+debian9~1.gbp266c28"
51.255.43.108 - - [05/Jul/2020:06:39:36 +0200] "GET /studies?limit=100&offset=800 HTTP/1.1" 200 801792 "-" "GuzzleHttp/6.5.1 curl/7.52.1 PHP/7.1.33-8+0~20200202.31+debian9~1.gbp266c28"
51.255.43.108 - - [05/Jul/2020:06:39:39 +0200] "GET /studies?limit=100&offset=900 HTTP/1.1" 200 897497 "-" "GuzzleHttp/6.5.1 curl/7.52.1 PHP/7.1.33-8+0~20200202.31+debian9~1.gbp266c28"
51.255.43.108 - - [05/Jul/2020:06:39:42 +0200] "GET /studies?limit=100&offset=1000 HTTP/1.1" 200 871652 "-" "GuzzleHttp/6.5.1 curl/7.52.1 PHP/7.1.33-8+0~20200202.31+debian9~1.gbp266c28"
51.255.43.108 - - [05/Jul/2020:06:39:45 +0200] "GET /studies?limit=100&offset=1100 HTTP/1.1" 200 875667 "-" "GuzzleHttp/6.5.1 curl/7.52.1 PHP/7.1.33-8+0~20200202.31+debian9~1.gbp266c28"
51.255.43.108 - - [05/Jul/2020:06:39:48 +0200] "GET /studies?limit=100&offset=1200 HTTP/1.1" 200 792404 "-" "GuzzleHttp/6.5.1 curl/7.52.1 PHP/7.1.33-8+0~20200202.31+debian9~1.gbp266c28"
51.255.43.108 - - [05/Jul/2020:06:39:51 +0200] "GET /studies?limit=100&offset=1300 HTTP/1.1" 200 798870 "-" "GuzzleHttp/6.5.1 curl/7.52.1 PHP/7.1.33-8+0~20200202.31+debian9~1.gbp266c28"
51.255.43.108 - - [05/Jul/2020:06:39:54 +0200] "GET /studies?limit=100&offset=1400 HTTP/1.1" 200 797481 "-" "GuzzleHttp/6.5.1 curl/7.52.1 PHP/7.1.33-8+0~20200202.31+debian9~1.gbp266c28"
51.255.43.108 - - [05/Jul/2020:06:39:57 +0200] "GET /studies?limit=100&offset=1500 HTTP/1.1" 200 795113 "-" "GuzzleHttp/6.5.1 curl/7.52.1 PHP/7.1.33-8+0~20200202.31+debian9~1.gbp266c28"
51.255.43.108 - - [05/Jul/2020:06:40:00 +0200] "POST /tokens/jwt HTTP/1.1" 201 3472 "-" "GuzzleHttp/6.5.1 curl/7.52.1 PHP/7.1.33-8+0~20200202.31+debian9~1.gbp266c28"
51.255.43.108 - - [05/Jul/2020:06:40:01 +0200] "POST /tokens/jwt HTTP/1.1" 201 3472 "-" "GuzzleHttp/6.5.1 curl/7.52.1 PHP/7.1.33-8+0~20200202.31+debian9~1.gbp266c28"
51.255.43.108 - - [05/Jul/2020:06:40:02 +0200] "POST /emails/process/take HTTP/1.1" 404 240 "-" "GuzzleHttp/6.5.1 curl/7.52.1 PHP/7.1.33-8+0~20200202.31+debian9~1.gbp266c28"
51.255.43.108 - - [05/Jul/2020:06:40:00 +0200] "GET /studies?limit=100&offset=1600 HTTP/1.1" 200 814387 "-" "GuzzleHttp/6.5.1 curl/7.52.1 PHP/7.1.33-8+0~20200202.31+debian9~1.gbp266c28"
51.255.43.108 - - [05/Jul/2020:06:40:03 +0200] "GET /studies?limit=100&offset=1700 HTTP/1.1" 200 802018 "-" "GuzzleHttp/6.5.1 curl/7.52.1 PHP/7.1.33-8+0~20200202.31+debian9~1.gbp266c28"
51.255.43.108 - - [05/Jul/2020:06:40:06 +0200] "GET /studies?limit=100&offset=1800 HTTP/1.1" 200 767558 "-" "GuzzleHttp/6.5.1 curl/7.52.1 PHP/7.1.33-8+0~20200202.31+debian9~1.gbp266c28"
51.255.43.108 - - [05/Jul/2020:06:40:08 +0200] "GET /studies?limit=100&offset=1900 HTTP/1.1" 200 771109 "-" "GuzzleHttp/6.5.1 curl/7.52.1 PHP/7.1.33-8+0~20200202.31+debian9~1.gbp266c28"
51.255.43.108 - - [05/Jul/2020:06:40:11 +0200] "GET /studies?limit=100&offset=2000 HTTP/1.1" 200 750925 "-" "GuzzleHttp/6.5.1 curl/7.52.1 PHP/7.1.33-8+0~20200202.31+debian9~1.gbp266c28"
51.255.43.108 - - [05/Jul/2020:06:40:14 +0200] "GET /studies?limit=100&offset=2100 HTTP/1.1" 200 782732 "-" "GuzzleHttp/6.5.1 curl/7.52.1 PHP/7.1.33-8+0~20200202.31+debian9~1.gbp266c28"
51.255.43.108 - - [05/Jul/2020:06:41:01 +0200] "POST /tokens/jwt HTTP/1.1" 201 3472 "-" "GuzzleHttp/6.5.1 curl/7.52.1 PHP/7.1.33-8+0~20200202.31+debian9~1.gbp266c28"
51.255.43.108 - - [05/Jul/2020:06:41:01 +0200] "POST /tokens/jwt HTTP/1.1" 201 3472 "-" "GuzzleHttp/6.5.1 curl/7.52.1 PHP/7.1.33-8+0~20200202.31+debian9~1.gbp266c28"
51.255.43.108 - - [05/Jul/2020:06:41:01 +0200] "POST /emails/process/take HTTP/1.1" 404 240 "-" "GuzzleHttp/6.5.1 curl/7.52.1 PHP/7.1.33-8+0~20200202.31+debian9~1.gbp266c28"
51.255.43.108 - - [05/Jul/2020:06:42:00 +0200] "POST /tokens/jwt HTTP/1.1" 201 3472 "-" "GuzzleHttp/6.5.1 curl/7.52.1 PHP/7.1.33-8+0~20200202.31+debian9~1.gbp266c28"
51.255.43.108 - - [05/Jul/2020:06:42:01 +0200] "POST /tokens/jwt HTTP/1.1" 201 3472 "-" "GuzzleHttp/6.5.1 curl/7.52.1 PHP/7.1.33-8+0~20200202.31+debian9~1.gbp266c28"
51.255.43.108 - - [05/Jul/2020:06:42:01 +0200] "POST /emails/process/take HTTP/1.1" 404 240 "-" "GuzzleHttp/6.5.1 curl/7.52.1 PHP/7.1.33-8+0~20200202.31+debian9~1.gbp266c28"
216.245.221.83 - - [05/Jul/2020:06:42:42 +0200] "GET /users HTTP/1.1" 401 3537 "https://api.everycheck.com/users" "Mozilla/5.0+(compatible; UptimeRobot/2.0; http://www.uptimerobot.com/)"
51.255.43.108 - - [05/Jul/2020:06:43:00 +0200] "POST /tokens/jwt HTTP/1.1" 201 3472 "-" "GuzzleHttp/6.5.1 curl/7.52.1 PHP/7.1.33-8+0~20200202.31+debian9~1.gbp266c28"
51.255.43.108 - - [05/Jul/2020:06:43:01 +0200] "POST /tokens/jwt HTTP/1.1" 201 3472 "-" "GuzzleHttp/6.5.1 curl/7.52.1 PHP/7.1.33-8+0~20200202.31+debian9~1.gbp266c28"
51.255.43.108 - - [05/Jul/2020:06:43:01 +0200] "POST /emails/process/take HTTP/1.1" 404 240 "-" "GuzzleHttp/6.5.1 curl/7.52.1 PHP/7.1.33-8+0~20200202.31+debian9~1.gbp266c28"
51.210.12.113 - - [05/Jul/2020:06:44:00 +0200] "GET /studies?limit=100&offset=0&filter[cfKind]=agreement&filter[gt_caDate]=2020-07-05%2001%3A44%3A00 HTTP/1.1" 200 3330 "-" "Go-http-client/1.1"
51.255.43.108 - - [05/Jul/2020:06:44:00 +0200] "POST /tokens/jwt HTTP/1.1" 201 3472 "-" "GuzzleHttp/6.5.1 curl/7.52.1 PHP/7.1.33-8+0~20200202.31+debian9~1.gbp266c28"
51.255.43.108 - - [05/Jul/2020:06:44:01 +0200] "POST /tokens/jwt HTTP/1.1" 201 3472 "-" "GuzzleHttp/6.5.1 curl/7.52.1 PHP/7.1.33-8+0~20200202.31+debian9~1.gbp266c28"
51.255.43.108 - - [05/Jul/2020:06:44:01 +0200] "POST /emails/process/take HTTP/1.1" 404 240 "-" "GuzzleHttp/6.5.1 curl/7.52.1 PHP/7.1.33-8+0~20200202.31+debian9~1.gbp266c28"
51.255.43.108 - - [05/Jul/2020:06:45:00 +0200] "POST /tokens/jwt HTTP/1.1" 201 3472 "-" "GuzzleHttp/6.5.1 curl/7.52.1 PHP/7.1.33-8+0~20200202.31+debian9~1.gbp266c28"
51.255.43.108 - - [05/Jul/2020:06:45:01 +0200] "POST /tokens/jwt HTTP/1.1" 201 3472 "-" "GuzzleHttp/6.5.1 curl/7.52.1 PHP/7.1.33-8+0~20200202.31+debian9~1.gbp266c28"
51.255.43.108 - - [05/Jul/2020:06:45:01 +0200] "POST /emails/process/take HTTP/1.1" 404 240 "-" "GuzzleHttp/6.5.1 curl/7.52.1 PHP/7.1.33-8+0~20200202.31+debian9~1.gbp266c28"
51.255.43.108 - - [05/Jul/2020:06:46:00 +0200] "POST /tokens/jwt HTTP/1.1" 201 3472 "-" "GuzzleHttp/6.5.1 curl/7.52.1 PHP/7.1.33-8+0~20200202.31+debian9~1.gbp266c28"
51.255.43.108 - - [05/Jul/2020:06:46:01 +0200] "POST /tokens/jwt HTTP/1.1" 201 3472 "-" "GuzzleHttp/6.5.1 curl/7.52.1 PHP/7.1.33-8+0~20200202.31+debian9~1.gbp266c28"
51.255.43.108 - - [05/Jul/2020:06:46:01 +0200] "POST /emails/process/take HTTP/1.1" 404 240 "-" "GuzzleHttp/6.5.1 curl/7.52.1 PHP/7.1.33-8+0~20200202.31+debian9~1.gbp266c28"
51.255.43.108 - - [05/Jul/2020:06:47:00 +0200] "POST /tokens/jwt HTTP/1.1" 201 3472 "-" "GuzzleHttp/6.5.1 curl/7.52.1 PHP/7.1.33-8+0~20200202.31+debian9~1.gbp266c28"
51.255.43.108 - - [05/Jul/2020:06:47:01 +0200] "POST /tokens/jwt HTTP/1.1" 201 3472 "-" "GuzzleHttp/6.5.1 curl/7.52.1 PHP/7.1.33-8+0~20200202.31+debian9~1.gbp266c28"
51.255.43.108 - - [05/Jul/2020:06:47:01 +0200] "POST /emails/process/take HTTP/1.1" 404 240 "-" "GuzzleHttp/6.5.1 curl/7.52.1 PHP/7.1.33-8+0~20200202.31+debian9~1.gbp266c28"
51.210.12.113 - - [05/Jul/2020:06:48:00 +0200] "GET /studies?limit=100&offset=0&filter[gt_caDate]=2020-07-05%2001%3A48%3A00 HTTP/1.1" 200 3330 "-" "Go-http-client/1.1"
51.255.43.108 - - [05/Jul/2020:06:48:01 +0200] "POST /tokens/jwt HTTP/1.1" 201 3472 "-" "GuzzleHttp/6.5.1 curl/7.52.1 PHP/7.1.33-8+0~20200202.31+debian9~1.gbp266c28"
51.255.43.108 - - [05/Jul/2020:06:48:01 +0200] "POST /tokens/jwt HTTP/1.1" 201 3472 "-" "GuzzleHttp/6.5.1 curl/7.52.1 PHP/7.1.33-8+0~20200202.31+debian9~1.gbp266c28"
51.255.43.108 - - [05/Jul/2020:06:48:01 +0200] "POST /emails/process/take HTTP/1.1" 404 240 "-" "GuzzleHttp/6.5.1 curl/7.52.1 PHP/7.1.33-8+0~20200202.31+debian9~1.gbp266c28"
51.255.43.108 - - [05/Jul/2020:06:49:00 +0200] "POST /tokens/jwt HTTP/1.1" 201 3472 "-" "GuzzleHttp/6.5.1 curl/7.52.1 PHP/7.1.33-8+0~20200202.31+debian9~1.gbp266c28"
51.255.43.108 - - [05/Jul/2020:06:49:01 +0200] "POST /tokens/jwt HTTP/1.1" 201 3472 "-" "GuzzleHttp/6.5.1 curl/7.52.1 PHP/7.1.33-8+0~20200202.31+debian9~1.gbp266c28"
51.255.43.108 - - [05/Jul/2020:06:49:01 +0200] "POST /emails/process/take HTTP/1.1" 404 240 "-" "GuzzleHttp/6.5.1 curl/7.52.1 PHP/7.1.33-8+0~20200202.31+debian9~1.gbp266c28"
51.255.43.108 - - [05/Jul/2020:06:50:00 +0200] "POST /tokens/jwt HTTP/1.1" 201 3472 "-" "GuzzleHttp/6.5.1 curl/7.52.1 PHP/7.1.33-8+0~20200202.31+debian9~1.gbp266c28"
51.255.43.108 - - [05/Jul/2020:06:50:01 +0200] "POST /tokens/jwt HTTP/1.1" 201 3472 "-" "GuzzleHttp/6.5.1 curl/7.52.1 PHP/7.1.33-8+0~20200202.31+debian9~1.gbp266c28"
51.255.43.108 - - [05/Jul/2020:06:50:01 +0200] "POST /emails/process/take HTTP/1.1" 404 240 "-" "GuzzleHttp/6.5.1 curl/7.52.1 PHP/7.1.33-8+0~20200202.31+debian9~1.gbp266c28"
51.255.43.108 - - [05/Jul/2020:06:51:00 +0200] "POST /tokens/jwt HTTP/1.1" 201 3472 "-" "GuzzleHttp/6.5.1 curl/7.52.1 PHP/7.1.33-8+0~20200202.31+debian9~1.gbp266c28"
51.255.43.108 - - [05/Jul/2020:06:51:01 +0200] "POST /tokens/jwt HTTP/1.1" 201 3472 "-" "GuzzleHttp/6.5.1 curl/7.52.1 PHP/7.1.33-8+0~20200202.31+debian9~1.gbp266c28"
51.255.43.108 - - [05/Jul/2020:06:51:01 +0200] "POST /emails/process/take HTTP/1.1" 404 240 "-" "GuzzleHttp/6.5.1 curl/7.52.1 PHP/7.1.33-8+0~20200202.31+debian9~1.gbp266c28"
51.255.43.108 - - [05/Jul/2020:06:52:00 +0200] "POST /tokens/jwt HTTP/1.1" 201 3472 "-" "GuzzleHttp/6.5.1 curl/7.52.1 PHP/7.1.33-8+0~20200202.31+debian9~1.gbp266c28"
51.255.43.108 - - [05/Jul/2020:06:52:01 +0200] "POST /tokens/jwt HTTP/1.1" 201 3472 "-" "GuzzleHttp/6.5.1 curl/7.52.1 PHP/7.1.33-8+0~20200202.31+debian9~1.gbp266c28"
51.255.43.108 - - [05/Jul/2020:06:52:01 +0200] "POST /emails/process/take HTTP/1.1" 404 240 "-" "GuzzleHttp/6.5.1 curl/7.52.1 PHP/7.1.33-8+0~20200202.31+debian9~1.gbp266c28"
216.245.221.83 - - [05/Jul/2020:06:52:42 +0200] "GET /users HTTP/1.1" 401 3537 "https://api.everycheck.com/users" "Mozilla/5.0+(compatible; UptimeRobot/2.0; http://www.uptimerobot.com/)"
51.255.43.108 - - [05/Jul/2020:06:53:00 +0200] "POST /tokens/jwt HTTP/1.1" 201 3472 "-" "GuzzleHttp/6.5.1 curl/7.52.1 PHP/7.1.33-8+0~20200202.31+debian9~1.gbp266c28"
51.255.43.108 - - [05/Jul/2020:06:53:01 +0200] "POST /tokens/jwt HTTP/1.1" 201 3472 "-" "GuzzleHttp/6.5.1 curl/7.52.1 PHP/7.1.33-8+0~20200202.31+debian9~1.gbp266c28"
51.255.43.108 - - [05/Jul/2020:06:53:01 +0200] "POST /emails/process/take HTTP/1.1" 404 240 "-" "GuzzleHttp/6.5.1 curl/7.52.1 PHP/7.1.33-8+0~20200202.31+debian9~1.gbp266c28"
51.210.12.113 - - [05/Jul/2020:06:54:00 +0200] "GET /studies?limit=100&offset=0&filter[cfKind]=agreement&filter[gt_caDate]=2020-07-05%2001%3A54%3A00 HTTP/1.1" 200 3330 "-" "Go-http-client/1.1"
51.255.43.108 - - [05/Jul/2020:06:54:00 +0200] "POST /tokens/jwt HTTP/1.1" 201 3472 "-" "GuzzleHttp/6.5.1 curl/7.52.1 PHP/7.1.33-8+0~20200202.31+debian9~1.gbp266c28"
51.255.43.108 - - [05/Jul/2020:06:54:01 +0200] "POST /tokens/jwt HTTP/1.1" 201 3472 "-" "GuzzleHttp/6.5.1 curl/7.52.1 PHP/7.1.33-8+0~20200202.31+debian9~1.gbp266c28"
51.255.43.108 - - [05/Jul/2020:06:54:01 +0200] "POST /emails/process/take HTTP/1.1" 404 240 "-" "GuzzleHttp/6.5.1 curl/7.52.1 PHP/7.1.33-8+0~20200202.31+debian9~1.gbp266c28"
51.255.43.108 - - [05/Jul/2020:06:55:00 +0200] "POST /tokens/jwt HTTP/1.1" 201 3472 "-" "GuzzleHttp/6.5.1 curl/7.52.1 PHP/7.1.33-8+0~20200202.31+debian9~1.gbp266c28"
51.255.43.108 - - [05/Jul/2020:06:55:01 +0200] "POST /tokens/jwt HTTP/1.1" 201 3472 "-" "GuzzleHttp/6.5.1 curl/7.52.1 PHP/7.1.33-8+0~20200202.31+debian9~1.gbp266c28"
51.255.43.108 - - [05/Jul/2020:06:55:01 +0200] "POST /emails/process/take HTTP/1.1" 404 240 "-" "GuzzleHttp/6.5.1 curl/7.52.1 PHP/7.1.33-8+0~20200202.31+debian9~1.gbp266c28"
51.255.43.108 - - [05/Jul/2020:06:56:00 +0200] "POST /tokens/jwt HTTP/1.1" 201 3472 "-" "GuzzleHttp/6.5.1 curl/7.52.1 PHP/7.1.33-8+0~20200202.31+debian9~1.gbp266c28"
51.255.43.108 - - [05/Jul/2020:06:56:01 +0200] "POST /tokens/jwt HTTP/1.1" 201 3472 "-" "GuzzleHttp/6.5.1 curl/7.52.1 PHP/7.1.33-8+0~20200202.31+debian9~1.gbp266c28"
51.255.43.108 - - [05/Jul/2020:06:56:01 +0200] "POST /emails/process/take HTTP/1.1" 404 240 "-" "GuzzleHttp/6.5.1 curl/7.52.1 PHP/7.1.33-8+0~20200202.31+debian9~1.gbp266c28"
51.255.43.108 - - [05/Jul/2020:06:57:00 +0200] "POST /tokens/jwt HTTP/1.1" 201 3472 "-" "GuzzleHttp/6.5.1 curl/7.52.1 PHP/7.1.33-8+0~20200202.31+debian9~1.gbp266c28"
51.255.43.108 - - [05/Jul/2020:06:57:01 +0200] "POST /tokens/jwt HTTP/1.1" 201 3472 "-" "GuzzleHttp/6.5.1 curl/7.52.1 PHP/7.1.33-8+0~20200202.31+debian9~1.gbp266c28"
51.255.43.108 - - [05/Jul/2020:06:57:01 +0200] "POST /emails/process/take HTTP/1.1" 404 240 "-" "GuzzleHttp/6.5.1 curl/7.52.1 PHP/7.1.33-8+0~20200202.31+debian9~1.gbp266c28"
51.210.12.113 - - [05/Jul/2020:06:58:00 +0200] "GET /studies?limit=100&offset=0&filter[gt_caDate]=2020-07-05%2001%3A58%3A00 HTTP/1.1" 200 3330 "-" "Go-http-client/1.1"
51.255.43.108 - - [05/Jul/2020:06:58:00 +0200] "POST /tokens/jwt HTTP/1.1" 201 3472 "-" "GuzzleHttp/6.5.1 curl/7.52.1 PHP/7.1.33-8+0~20200202.31+debian9~1.gbp266c28"
51.255.43.108 - - [05/Jul/2020:06:58:01 +0200] "POST /tokens/jwt HTTP/1.1" 201 3472 "-" "GuzzleHttp/6.5.1 curl/7.52.1 PHP/7.1.33-8+0~20200202.31+debian9~1.gbp266c28"
51.255.43.108 - - [05/Jul/2020:06:58:01 +0200] "POST /emails/process/take HTTP/1.1" 404 240 "-" "GuzzleHttp/6.5.1 curl/7.52.1 PHP/7.1.33-8+0~20200202.31+debian9~1.gbp266c28"
51.255.43.108 - - [05/Jul/2020:06:59:01 +0200] "POST /tokens/jwt HTTP/1.1" 201 3472 "-" "GuzzleHttp/6.5.1 curl/7.52.1 PHP/7.1.33-8+0~20200202.31+debian9~1.gbp266c28"
51.255.43.108 - - [05/Jul/2020:06:59:01 +0200] "POST /tokens/jwt HTTP/1.1" 201 3472 "-" "GuzzleHttp/6.5.1 curl/7.52.1 PHP/7.1.33-8+0~20200202.31+debian9~1.gbp266c28"
51.255.43.108 - - [05/Jul/2020:06:59:01 +0200] "POST /emails/process/take HTTP/1.1" 404 240 "-" "GuzzleHttp/6.5.1 curl/7.52.1 PHP/7.1.33-8+0~20200202.31+debian9~1.gbp266c28"
51.255.43.108 - - [05/Jul/2020:07:00:00 +0200] "POST /tokens/jwt HTTP/1.1" 201 3472 "-" "GuzzleHttp/6.5.1 curl/7.52.1 PHP/7.1.33-8+0~20200202.31+debian9~1.gbp266c28"
51.255.43.108 - - [05/Jul/2020:07:00:01 +0200] "POST /tokens/jwt HTTP/1.1" 201 3472 "-" "GuzzleHttp/6.5.1 curl/7.52.1 PHP/7.1.33-8+0~20200202.31+debian9~1.gbp266c28"
51.255.43.108 - - [05/Jul/2020:07:00:01 +0200] "POST /emails/process/take HTTP/1.1" 404 240 "-" "GuzzleHttp/6.5.1 curl/7.52.1 PHP/7.1.33-8+0~20200202.31+debian9~1.gbp266c28"
51.255.43.108 - - [05/Jul/2020:07:01:00 +0200] "POST /tokens/jwt HTTP/1.1" 201 3472 "-" "GuzzleHttp/6.5.1 curl/7.52.1 PHP/7.1.33-8+0~20200202.31+debian9~1.gbp266c28"
51.255.43.108 - - [05/Jul/2020:07:01:01 +0200] "POST /tokens/jwt HTTP/1.1" 201 3472 "-" "GuzzleHttp/6.5.1 curl/7.52.1 PHP/7.1.33-8+0~20200202.31+debian9~1.gbp266c28"
51.255.43.108 - - [05/Jul/2020:07:01:01 +0200] "POST /emails/process/take HTTP/1.1" 404 240 "-" "GuzzleHttp/6.5.1 curl/7.52.1 PHP/7.1.33-8+0~20200202.31+debian9~1.gbp266c28"
51.255.43.108 - - [05/Jul/2020:07:02:00 +0200] "POST /tokens/jwt HTTP/1.1" 201 3472 "-" "GuzzleHttp/6.5.1 curl/7.52.1 PHP/7.1.33-8+0~20200202.31+debian9~1.gbp266c28"
51.255.43.108 - - [05/Jul/2020:07:02:01 +0200] "POST /tokens/jwt HTTP/1.1" 201 3472 "-" "GuzzleHttp/6.5.1 curl/7.52.1 PHP/7.1.33-8+0~20200202.31+debian9~1.gbp266c28"
51.255.43.108 - - [05/Jul/2020:07:02:01 +0200] "POST /emails/process/take HTTP/1.1" 404 240 "-" "GuzzleHttp/6.5.1 curl/7.52.1 PHP/7.1.33-8+0~20200202.31+debian9~1.gbp266c28"
216.245.221.83 - - [05/Jul/2020:07:02:42 +0200] "GET /users HTTP/1.1" 401 3537 "https://api.everycheck.com/users" "Mozilla/5.0+(compatible; UptimeRobot/2.0; http://www.uptimerobot.com/)"
51.255.43.108 - - [05/Jul/2020:07:03:00 +0200] "POST /tokens/jwt HTTP/1.1" 201 3472 "-" "GuzzleHttp/6.5.1 curl/7.52.1 PHP/7.1.33-8+0~20200202.31+debian9~1.gbp266c28"
51.255.43.108 - - [05/Jul/2020:07:03:01 +0200] "POST /tokens/jwt HTTP/1.1" 201 3472 "-" "GuzzleHttp/6.5.1 curl/7.52.1 PHP/7.1.33-8+0~20200202.31+debian9~1.gbp266c28"
51.255.43.108 - - [05/Jul/2020:07:03:01 +0200] "POST /emails/process/take HTTP/1.1" 404 240 "-" "GuzzleHttp/6.5.1 curl/7.52.1 PHP/7.1.33-8+0~20200202.31+debian9~1.gbp266c28"
51.210.12.113 - - [05/Jul/2020:07:04:00 +0200] "GET /studies?limit=100&offset=0&filter[cfKind]=agreement&filter[gt_caDate]=2020-07-05%2002%3A04%3A00 HTTP/1.1" 200 3330 "-" "Go-http-client/1.1"
51.255.43.108 - - [05/Jul/2020:07:04:00 +0200] "POST /tokens/jwt HTTP/1.1" 201 3472 "-" "GuzzleHttp/6.5.1 curl/7.52.1 PHP/7.1.33-8+0~20200202.31+debian9~1.gbp266c28"
51.255.43.108 - - [05/Jul/2020:07:04:01 +0200] "POST /tokens/jwt HTTP/1.1" 201 3472 "-" "GuzzleHttp/6.5.1 curl/7.52.1 PHP/7.1.33-8+0~20200202.31+debian9~1.gbp266c28"
51.255.43.108 - - [05/Jul/2020:07:04:01 +0200] "POST /emails/process/take HTTP/1.1" 404 240 "-" "GuzzleHttp/6.5.1 curl/7.52.1 PHP/7.1.33-8+0~20200202.31+debian9~1.gbp266c28"
51.255.43.108 - - [05/Jul/2020:07:05:00 +0200] "POST /tokens/jwt HTTP/1.1" 201 3472 "-" "GuzzleHttp/6.5.1 curl/7.52.1 PHP/7.1.33-8+0~20200202.31+debian9~1.gbp266c28"
51.255.43.108 - - [05/Jul/2020:07:05:01 +0200] "POST /tokens/jwt HTTP/1.1" 201 3472 "-" "GuzzleHttp/6.5.1 curl/7.52.1 PHP/7.1.33-8+0~20200202.31+debian9~1.gbp266c28"
51.255.43.108 - - [05/Jul/2020:07:05:01 +0200] "POST /emails/process/take HTTP/1.1" 404 240 "-" "GuzzleHttp/6.5.1 curl/7.52.1 PHP/7.1.33-8+0~20200202.31+debian9~1.gbp266c28"
51.255.43.108 - - [05/Jul/2020:07:06:00 +0200] "POST /tokens/jwt HTTP/1.1" 201 3472 "-" "GuzzleHttp/6.5.1 curl/7.52.1 PHP/7.1.33-8+0~20200202.31+debian9~1.gbp266c28"
51.255.43.108 - - [05/Jul/2020:07:06:01 +0200] "POST /tokens/jwt HTTP/1.1" 201 3472 "-" "GuzzleHttp/6.5.1 curl/7.52.1 PHP/7.1.33-8+0~20200202.31+debian9~1.gbp266c28"
51.255.43.108 - - [05/Jul/2020:07:06:01 +0200] "POST /emails/process/take HTTP/1.1" 404 240 "-" "GuzzleHttp/6.5.1 curl/7.52.1 PHP/7.1.33-8+0~20200202.31+debian9~1.gbp266c28"
51.255.43.108 - - [05/Jul/2020:07:07:00 +0200] "POST /tokens/jwt HTTP/1.1" 201 3472 "-" "GuzzleHttp/6.5.1 curl/7.52.1 PHP/7.1.33-8+0~20200202.31+debian9~1.gbp266c28"
51.255.43.108 - - [05/Jul/2020:07:07:01 +0200] "POST /tokens/jwt HTTP/1.1" 201 3472 "-" "GuzzleHttp/6.5.1 curl/7.52.1 PHP/7.1.33-8+0~20200202.31+debian9~1.gbp266c28"
51.255.43.108 - - [05/Jul/2020:07:07:01 +0200] "POST /emails/process/take HTTP/1.1" 404 240 "-" "GuzzleHttp/6.5.1 curl/7.52.1 PHP/7.1.33-8+0~20200202.31+debian9~1.gbp266c28"
51.210.12.113 - - [05/Jul/2020:07:08:00 +0200] "GET /studies?limit=100&offset=0&filter[gt_caDate]=2020-07-05%2002%3A08%3A00 HTTP/1.1" 200 3330 "-" "Go-http-client/1.1"
51.255.43.108 - - [05/Jul/2020:07:08:00 +0200] "POST /tokens/jwt HTTP/1.1" 201 3472 "-" "GuzzleHttp/6.5.1 curl/7.52.1 PHP/7.1.33-8+0~20200202.31+debian9~1.gbp266c28"
51.255.43.108 - - [05/Jul/2020:07:08:01 +0200] "POST /tokens/jwt HTTP/1.1" 201 3472 "-" "GuzzleHttp/6.5.1 curl/7.52.1 PHP/7.1.33-8+0~20200202.31+debian9~1.gbp266c28"
51.255.43.108 - - [05/Jul/2020:07:08:01 +0200] "POST /emails/process/take HTTP/1.1" 404 240 "-" "GuzzleHttp/6.5.1 curl/7.52.1 PHP/7.1.33-8+0~20200202.31+debian9~1.gbp266c28"
51.255.43.108 - - [05/Jul/2020:07:09:00 +0200] "POST /tokens/jwt HTTP/1.1" 201 3472 "-" "GuzzleHttp/6.5.1 curl/7.52.1 PHP/7.1.33-8+0~20200202.31+debian9~1.gbp266c28"
51.255.43.108 - - [05/Jul/2020:07:09:01 +0200] "POST /tokens/jwt HTTP/1.1" 201 3472 "-" "GuzzleHttp/6.5.1 curl/7.52.1 PHP/7.1.33-8+0~20200202.31+debian9~1.gbp266c28"
51.255.43.108 - - [05/Jul/2020:07:09:01 +0200] "POST /emails/process/take HTTP/1.1" 404 240 "-" "GuzzleHttp/6.5.1 curl/7.52.1 PHP/7.1.33-8+0~20200202.31+debian9~1.gbp266c28"
51.255.43.108 - - [05/Jul/2020:07:10:00 +0200] "POST /tokens/jwt HTTP/1.1" 201 3472 "-" "GuzzleHttp/6.5.1 curl/7.52.1 PHP/7.1.33-8+0~20200202.31+debian9~1.gbp266c28"
51.255.43.108 - - [05/Jul/2020:07:10:01 +0200] "POST /tokens/jwt HTTP/1.1" 201 3472 "-" "GuzzleHttp/6.5.1 curl/7.52.1 PHP/7.1.33-8+0~20200202.31+debian9~1.gbp266c28"
51.255.43.108 - - [05/Jul/2020:07:10:01 +0200] "POST /emails/process/take HTTP/1.1" 404 240 "-" "GuzzleHttp/6.5.1 curl/7.52.1 PHP/7.1.33-8+0~20200202.31+debian9~1.gbp266c28"
51.255.43.108 - - [05/Jul/2020:07:11:00 +0200] "POST /tokens/jwt HTTP/1.1" 201 3472 "-" "GuzzleHttp/6.5.1 curl/7.52.1 PHP/7.1.33-8+0~20200202.31+debian9~1.gbp266c28"
51.255.43.108 - - [05/Jul/2020:07:11:01 +0200] "POST /tokens/jwt HTTP/1.1" 201 3472 "-" "GuzzleHttp/6.5.1 curl/7.52.1 PHP/7.1.33-8+0~20200202.31+debian9~1.gbp266c28"
51.255.43.108 - - [05/Jul/2020:07:11:01 +0200] "POST /emails/process/take HTTP/1.1" 404 240 "-" "GuzzleHttp/6.5.1 curl/7.52.1 PHP/7.1.33-8+0~20200202.31+debian9~1.gbp266c28"
51.255.43.108 - - [05/Jul/2020:07:12:00 +0200] "POST /tokens/jwt HTTP/1.1" 201 3472 "-" "GuzzleHttp/6.5.1 curl/7.52.1 PHP/7.1.33-8+0~20200202.31+debian9~1.gbp266c28"
51.255.43.108 - - [05/Jul/2020:07:12:01 +0200] "POST /tokens/jwt HTTP/1.1" 201 3472 "-" "GuzzleHttp/6.5.1 curl/7.52.1 PHP/7.1.33-8+0~20200202.31+debian9~1.gbp266c28"
51.255.43.108 - - [05/Jul/2020:07:12:01 +0200] "POST /emails/process/take HTTP/1.1" 404 240 "-" "GuzzleHttp/6.5.1 curl/7.52.1 PHP/7.1.33-8+0~20200202.31+debian9~1.gbp266c28"
216.245.221.83 - - [05/Jul/2020:07:12:42 +0200] "GET /users HTTP/1.1" 401 3537 "https://api.everycheck.com/users" "Mozilla/5.0+(compatible; UptimeRobot/2.0; http://www.uptimerobot.com/)"
51.255.43.108 - - [05/Jul/2020:07:13:00 +0200] "POST /tokens/jwt HTTP/1.1" 201 3472 "-" "GuzzleHttp/6.5.1 curl/7.52.1 PHP/7.1.33-8+0~20200202.31+debian9~1.gbp266c28"
51.255.43.108 - - [05/Jul/2020:07:13:01 +0200] "POST /tokens/jwt HTTP/1.1" 201 3472 "-" "GuzzleHttp/6.5.1 curl/7.52.1 PHP/7.1.33-8+0~20200202.31+debian9~1.gbp266c28"
51.255.43.108 - - [05/Jul/2020:07:13:01 +0200] "POST /emails/process/take HTTP/1.1" 404 240 "-" "GuzzleHttp/6.5.1 curl/7.52.1 PHP/7.1.33-8+0~20200202.31+debian9~1.gbp266c28"
51.210.12.113 - - [05/Jul/2020:07:14:00 +0200] "GET /studies?limit=100&offset=0&filter[cfKind]=agreement&filter[gt_caDate]=2020-07-05%2002%3A14%3A00 HTTP/1.1" 200 3330 "-" "Go-http-client/1.1"
51.255.43.108 - - [05/Jul/2020:07:14:00 +0200] "POST /tokens/jwt HTTP/1.1" 201 3472 "-" "GuzzleHttp/6.5.1 curl/7.52.1 PHP/7.1.33-8+0~20200202.31+debian9~1.gbp266c28"
51.255.43.108 - - [05/Jul/2020:07:14:01 +0200] "POST /tokens/jwt HTTP/1.1" 201 3472 "-" "GuzzleHttp/6.5.1 curl/7.52.1 PHP/7.1.33-8+0~20200202.31+debian9~1.gbp266c28"
51.255.43.108 - - [05/Jul/2020:07:14:01 +0200] "POST /emails/process/take HTTP/1.1" 404 240 "-" "GuzzleHttp/6.5.1 curl/7.52.1 PHP/7.1.33-8+0~20200202.31+debian9~1.gbp266c28"
51.255.43.108 - - [05/Jul/2020:07:15:00 +0200] "POST /tokens/jwt HTTP/1.1" 201 3472 "-" "GuzzleHttp/6.5.1 curl/7.52.1 PHP/7.1.33-8+0~20200202.31+debian9~1.gbp266c28"
51.255.43.108 - - [05/Jul/2020:07:15:01 +0200] "POST /tokens/jwt HTTP/1.1" 201 3472 "-" "GuzzleHttp/6.5.1 curl/7.52.1 PHP/7.1.33-8+0~20200202.31+debian9~1.gbp266c28"
51.255.43.108 - - [05/Jul/2020:07:15:01 +0200] "POST /emails/process/take HTTP/1.1" 404 240 "-" "GuzzleHttp/6.5.1 curl/7.52.1 PHP/7.1.33-8+0~20200202.31+debian9~1.gbp266c28"
51.255.43.108 - - [05/Jul/2020:07:16:00 +0200] "POST /tokens/jwt HTTP/1.1" 201 3472 "-" "GuzzleHttp/6.5.1 curl/7.52.1 PHP/7.1.33-8+0~20200202.31+debian9~1.gbp266c28"
51.255.43.108 - - [05/Jul/2020:07:16:01 +0200] "POST /tokens/jwt HTTP/1.1" 201 3472 "-" "GuzzleHttp/6.5.1 curl/7.52.1 PHP/7.1.33-8+0~20200202.31+debian9~1.gbp266c28"
51.255.43.108 - - [05/Jul/2020:07:16:01 +0200] "POST /emails/process/take HTTP/1.1" 404 240 "-" "GuzzleHttp/6.5.1 curl/7.52.1 PHP/7.1.33-8+0~20200202.31+debian9~1.gbp266c28"
51.255.43.108 - - [05/Jul/2020:07:17:00 +0200] "POST /tokens/jwt HTTP/1.1" 201 3472 "-" "GuzzleHttp/6.5.1 curl/7.52.1 PHP/7.1.33-8+0~20200202.31+debian9~1.gbp266c28"
51.255.43.108 - - [05/Jul/2020:07:17:01 +0200] "POST /tokens/jwt HTTP/1.1" 201 3472 "-" "GuzzleHttp/6.5.1 curl/7.52.1 PHP/7.1.33-8+0~20200202.31+debian9~1.gbp266c28"
51.255.43.108 - - [05/Jul/2020:07:17:01 +0200] "POST /emails/process/take HTTP/1.1" 404 240 "-" "GuzzleHttp/6.5.1 curl/7.52.1 PHP/7.1.33-8+0~20200202.31+debian9~1.gbp266c28"
51.210.12.113 - - [05/Jul/2020:07:18:00 +0200] "GET /studies?limit=100&offset=0&filter[gt_caDate]=2020-07-05%2002%3A18%3A00 HTTP/1.1" 200 3330 "-" "Go-http-client/1.1"
51.255.43.108 - - [05/Jul/2020:07:18:00 +0200] "POST /tokens/jwt HTTP/1.1" 201 3472 "-" "GuzzleHttp/6.5.1 curl/7.52.1 PHP/7.1.33-8+0~20200202.31+debian9~1.gbp266c28"
51.255.43.108 - - [05/Jul/2020:07:18:01 +0200] "POST /tokens/jwt HTTP/1.1" 201 3472 "-" "GuzzleHttp/6.5.1 curl/7.52.1 PHP/7.1.33-8+0~20200202.31+debian9~1.gbp266c28"
51.255.43.108 - - [05/Jul/2020:07:18:01 +0200] "POST /emails/process/take HTTP/1.1" 404 240 "-" "GuzzleHttp/6.5.1 curl/7.52.1 PHP/7.1.33-8+0~20200202.31+debian9~1.gbp266c28"
51.255.43.108 - - [05/Jul/2020:07:19:00 +0200] "POST /tokens/jwt HTTP/1.1" 201 3472 "-" "GuzzleHttp/6.5.1 curl/7.52.1 PHP/7.1.33-8+0~20200202.31+debian9~1.gbp266c28"
51.255.43.108 - - [05/Jul/2020:07:19:01 +0200] "POST /tokens/jwt HTTP/1.1" 201 3472 "-" "GuzzleHttp/6.5.1 curl/7.52.1 PHP/7.1.33-8+0~20200202.31+debian9~1.gbp266c28"
51.255.43.108 - - [05/Jul/2020:07:19:01 +0200] "POST /emails/process/take HTTP/1.1" 404 240 "-" "GuzzleHttp/6.5.1 curl/7.52.1 PHP/7.1.33-8+0~20200202.31+debian9~1.gbp266c28"
51.255.43.108 - - [05/Jul/2020:07:20:00 +0200] "POST /tokens/jwt HTTP/1.1" 201 3472 "-" "GuzzleHttp/6.5.1 curl/7.52.1 PHP/7.1.33-8+0~20200202.31+debian9~1.gbp266c28"
51.255.43.108 - - [05/Jul/2020:07:20:01 +0200] "POST /tokens/jwt HTTP/1.1" 201 3472 "-" "GuzzleHttp/6.5.1 curl/7.52.1 PHP/7.1.33-8+0~20200202.31+debian9~1.gbp266c28"
51.255.43.108 - - [05/Jul/2020:07:20:01 +0200] "POST /emails/process/take HTTP/1.1" 404 240 "-" "GuzzleHttp/6.5.1 curl/7.52.1 PHP/7.1.33-8+0~20200202.31+debian9~1.gbp266c28"
51.255.43.108 - - [05/Jul/2020:07:21:00 +0200] "POST /tokens/jwt HTTP/1.1" 201 3472 "-" "GuzzleHttp/6.5.1 curl/7.52.1 PHP/7.1.33-8+0~20200202.31+debian9~1.gbp266c28"
51.255.43.108 - - [05/Jul/2020:07:21:01 +0200] "POST /tokens/jwt HTTP/1.1" 201 3472 "-" "GuzzleHttp/6.5.1 curl/7.52.1 PHP/7.1.33-8+0~20200202.31+debian9~1.gbp266c28"
51.255.43.108 - - [05/Jul/2020:07:21:01 +0200] "POST /emails/process/take HTTP/1.1" 404 240 "-" "GuzzleHttp/6.5.1 curl/7.52.1 PHP/7.1.33-8+0~20200202.31+debian9~1.gbp266c28"
51.255.43.108 - - [05/Jul/2020:07:22:00 +0200] "POST /tokens/jwt HTTP/1.1" 201 3472 "-" "GuzzleHttp/6.5.1 curl/7.52.1 PHP/7.1.33-8+0~20200202.31+debian9~1.gbp266c28"
51.255.43.108 - - [05/Jul/2020:07:22:01 +0200] "POST /tokens/jwt HTTP/1.1" 201 3472 "-" "GuzzleHttp/6.5.1 curl/7.52.1 PHP/7.1.33-8+0~20200202.31+debian9~1.gbp266c28"
51.255.43.108 - - [05/Jul/2020:07:22:01 +0200] "POST /emails/process/take HTTP/1.1" 404 240 "-" "GuzzleHttp/6.5.1 curl/7.52.1 PHP/7.1.33-8+0~20200202.31+debian9~1.gbp266c28"
216.245.221.83 - - [05/Jul/2020:07:22:42 +0200] "GET /users HTTP/1.1" 401 3537 "https://api.everycheck.com/users" "Mozilla/5.0+(compatible; UptimeRobot/2.0; http://www.uptimerobot.com/)"
51.255.43.108 - - [05/Jul/2020:07:23:00 +0200] "POST /tokens/jwt HTTP/1.1" 201 3472 "-" "GuzzleHttp/6.5.1 curl/7.52.1 PHP/7.1.33-8+0~20200202.31+debian9~1.gbp266c28"
51.255.43.108 - - [05/Jul/2020:07:23:01 +0200] "POST /tokens/jwt HTTP/1.1" 201 3472 "-" "GuzzleHttp/6.5.1 curl/7.52.1 PHP/7.1.33-8+0~20200202.31+debian9~1.gbp266c28"
51.255.43.108 - - [05/Jul/2020:07:23:01 +0200] "POST /emails/process/take HTTP/1.1" 404 240 "-" "GuzzleHttp/6.5.1 curl/7.52.1 PHP/7.1.33-8+0~20200202.31+debian9~1.gbp266c28"
51.210.12.113 - - [05/Jul/2020:07:24:00 +0200] "GET /studies?limit=100&offset=0&filter[cfKind]=agreement&filter[gt_caDate]=2020-07-05%2002%3A24%3A00 HTTP/1.1" 200 3330 "-" "Go-http-client/1.1"
51.255.43.108 - - [05/Jul/2020:07:24:00 +0200] "POST /tokens/jwt HTTP/1.1" 201 3472 "-" "GuzzleHttp/6.5.1 curl/7.52.1 PHP/7.1.33-8+0~20200202.31+debian9~1.gbp266c28"
51.255.43.108 - - [05/Jul/2020:07:24:01 +0200] "POST /tokens/jwt HTTP/1.1" 201 3472 "-" "GuzzleHttp/6.5.1 curl/7.52.1 PHP/7.1.33-8+0~20200202.31+debian9~1.gbp266c28"
51.255.43.108 - - [05/Jul/2020:07:24:01 +0200] "POST /emails/process/take HTTP/1.1" 404 240 "-" "GuzzleHttp/6.5.1 curl/7.52.1 PHP/7.1.33-8+0~20200202.31+debian9~1.gbp266c28"
51.255.43.108 - - [05/Jul/2020:07:25:00 +0200] "POST /tokens/jwt HTTP/1.1" 201 3472 "-" "GuzzleHttp/6.5.1 curl/7.52.1 PHP/7.1.33-8+0~20200202.31+debian9~1.gbp266c28"
51.255.43.108 - - [05/Jul/2020:07:25:01 +0200] "POST /tokens/jwt HTTP/1.1" 201 3472 "-" "GuzzleHttp/6.5.1 curl/7.52.1 PHP/7.1.33-8+0~20200202.31+debian9~1.gbp266c28"
51.255.43.108 - - [05/Jul/2020:07:25:01 +0200] "POST /emails/process/take HTTP/1.1" 404 240 "-" "GuzzleHttp/6.5.1 curl/7.52.1 PHP/7.1.33-8+0~20200202.31+debian9~1.gbp266c28"
51.255.43.108 - - [05/Jul/2020:07:26:00 +0200] "POST /tokens/jwt HTTP/1.1" 201 3472 "-" "GuzzleHttp/6.5.1 curl/7.52.1 PHP/7.1.33-8+0~20200202.31+debian9~1.gbp266c28"
51.255.43.108 - - [05/Jul/2020:07:26:01 +0200] "POST /tokens/jwt HTTP/1.1" 201 3472 "-" "GuzzleHttp/6.5.1 curl/7.52.1 PHP/7.1.33-8+0~20200202.31+debian9~1.gbp266c28"
51.255.43.108 - - [05/Jul/2020:07:26:01 +0200] "POST /emails/process/take HTTP/1.1" 404 240 "-" "GuzzleHttp/6.5.1 curl/7.52.1 PHP/7.1.33-8+0~20200202.31+debian9~1.gbp266c28"
51.255.43.108 - - [05/Jul/2020:07:27:00 +0200] "POST /tokens/jwt HTTP/1.1" 201 3472 "-" "GuzzleHttp/6.5.1 curl/7.52.1 PHP/7.1.33-8+0~20200202.31+debian9~1.gbp266c28"
51.255.43.108 - - [05/Jul/2020:07:27:01 +0200] "POST /tokens/jwt HTTP/1.1" 201 3472 "-" "GuzzleHttp/6.5.1 curl/7.52.1 PHP/7.1.33-8+0~20200202.31+debian9~1.gbp266c28"
51.255.43.108 - - [05/Jul/2020:07:27:01 +0200] "POST /emails/process/take HTTP/1.1" 404 240 "-" "GuzzleHttp/6.5.1 curl/7.52.1 PHP/7.1.33-8+0~20200202.31+debian9~1.gbp266c28"
51.210.12.113 - - [05/Jul/2020:07:28:00 +0200] "GET /studies?limit=100&offset=0&filter[gt_caDate]=2020-07-05%2002%3A28%3A00 HTTP/1.1" 200 3330 "-" "Go-http-client/1.1"
51.255.43.108 - - [05/Jul/2020:07:28:00 +0200] "POST /tokens/jwt HTTP/1.1" 201 3472 "-" "GuzzleHttp/6.5.1 curl/7.52.1 PHP/7.1.33-8+0~20200202.31+debian9~1.gbp266c28"
51.255.43.108 - - [05/Jul/2020:07:28:01 +0200] "POST /tokens/jwt HTTP/1.1" 201 3472 "-" "GuzzleHttp/6.5.1 curl/7.52.1 PHP/7.1.33-8+0~20200202.31+debian9~1.gbp266c28"
51.255.43.108 - - [05/Jul/2020:07:28:01 +0200] "POST /emails/process/take HTTP/1.1" 404 240 "-" "GuzzleHttp/6.5.1 curl/7.52.1 PHP/7.1.33-8+0~20200202.31+debian9~1.gbp266c28"
51.255.43.108 - - [05/Jul/2020:07:29:00 +0200] "POST /tokens/jwt HTTP/1.1" 201 3472 "-" "GuzzleHttp/6.5.1 curl/7.52.1 PHP/7.1.33-8+0~20200202.31+debian9~1.gbp266c28"
51.255.43.108 - - [05/Jul/2020:07:29:01 +0200] "POST /tokens/jwt HTTP/1.1" 201 3472 "-" "GuzzleHttp/6.5.1 curl/7.52.1 PHP/7.1.33-8+0~20200202.31+debian9~1.gbp266c28"
51.255.43.108 - - [05/Jul/2020:07:29:01 +0200] "POST /emails/process/take HTTP/1.1" 404 240 "-" "GuzzleHttp/6.5.1 curl/7.52.1 PHP/7.1.33-8+0~20200202.31+debian9~1.gbp266c28"
51.255.43.108 - - [05/Jul/2020:07:30:00 +0200] "POST /tokens/jwt HTTP/1.1" 201 3472 "-" "GuzzleHttp/6.5.1 curl/7.52.1 PHP/7.1.33-8+0~20200202.31+debian9~1.gbp266c28"
51.255.43.108 - - [05/Jul/2020:07:30:01 +0200] "POST /tokens/jwt HTTP/1.1" 201 3472 "-" "GuzzleHttp/6.5.1 curl/7.52.1 PHP/7.1.33-8+0~20200202.31+debian9~1.gbp266c28"
51.255.43.108 - - [05/Jul/2020:07:30:01 +0200] "POST /emails/process/take HTTP/1.1" 404 240 "-" "GuzzleHttp/6.5.1 curl/7.52.1 PHP/7.1.33-8+0~20200202.31+debian9~1.gbp266c28"
51.255.43.108 - - [05/Jul/2020:07:31:00 +0200] "POST /tokens/jwt HTTP/1.1" 201 3472 "-" "GuzzleHttp/6.5.1 curl/7.52.1 PHP/7.1.33-8+0~20200202.31+debian9~1.gbp266c28"
51.255.43.108 - - [05/Jul/2020:07:31:01 +0200] "POST /tokens/jwt HTTP/1.1" 201 3472 "-" "GuzzleHttp/6.5.1 curl/7.52.1 PHP/7.1.33-8+0~20200202.31+debian9~1.gbp266c28"
51.255.43.108 - - [05/Jul/2020:07:31:01 +0200] "POST /emails/process/take HTTP/1.1" 404 240 "-" "GuzzleHttp/6.5.1 curl/7.52.1 PHP/7.1.33-8+0~20200202.31+debian9~1.gbp266c28"
51.255.43.108 - - [05/Jul/2020:07:32:00 +0200] "POST /tokens/jwt HTTP/1.1" 201 3472 "-" "GuzzleHttp/6.5.1 curl/7.52.1 PHP/7.1.33-8+0~20200202.31+debian9~1.gbp266c28"
51.255.43.108 - - [05/Jul/2020:07:32:01 +0200] "POST /tokens/jwt HTTP/1.1" 201 3472 "-" "GuzzleHttp/6.5.1 curl/7.52.1 PHP/7.1.33-8+0~20200202.31+debian9~1.gbp266c28"
51.255.43.108 - - [05/Jul/2020:07:32:01 +0200] "POST /emails/process/take HTTP/1.1" 404 240 "-" "GuzzleHttp/6.5.1 curl/7.52.1 PHP/7.1.33-8+0~20200202.31+debian9~1.gbp266c28"
216.245.221.83 - - [05/Jul/2020:07:32:42 +0200] "GET /users HTTP/1.1" 401 3537 "https://api.everycheck.com/users" "Mozilla/5.0+(compatible; UptimeRobot/2.0; http://www.uptimerobot.com/)"
51.255.43.108 - - [05/Jul/2020:07:33:00 +0200] "POST /tokens/jwt HTTP/1.1" 201 3472 "-" "GuzzleHttp/6.5.1 curl/7.52.1 PHP/7.1.33-8+0~20200202.31+debian9~1.gbp266c28"
51.255.43.108 - - [05/Jul/2020:07:33:01 +0200] "POST /tokens/jwt HTTP/1.1" 201 3472 "-" "GuzzleHttp/6.5.1 curl/7.52.1 PHP/7.1.33-8+0~20200202.31+debian9~1.gbp266c28"
51.255.43.108 - - [05/Jul/2020:07:33:01 +0200] "POST /emails/process/take HTTP/1.1" 404 240 "-" "GuzzleHttp/6.5.1 curl/7.52.1 PHP/7.1.33-8+0~20200202.31+debian9~1.gbp266c28"
51.210.12.113 - - [05/Jul/2020:07:34:00 +0200] "GET /studies?limit=100&offset=0&filter[cfKind]=agreement&filter[gt_caDate]=2020-07-05%2002%3A34%3A00 HTTP/1.1" 200 3330 "-" "Go-http-client/1.1"
51.255.43.108 - - [05/Jul/2020:07:34:00 +0200] "POST /tokens/jwt HTTP/1.1" 201 3472 "-" "GuzzleHttp/6.5.1 curl/7.52.1 PHP/7.1.33-8+0~20200202.31+debian9~1.gbp266c28"
51.255.43.108 - - [05/Jul/2020:07:34:01 +0200] "POST /tokens/jwt HTTP/1.1" 201 3472 "-" "GuzzleHttp/6.5.1 curl/7.52.1 PHP/7.1.33-8+0~20200202.31+debian9~1.gbp266c28"
51.255.43.108 - - [05/Jul/2020:07:34:01 +0200] "POST /emails/process/take HTTP/1.1" 404 240 "-" "GuzzleHttp/6.5.1 curl/7.52.1 PHP/7.1.33-8+0~20200202.31+debian9~1.gbp266c28"
51.255.43.108 - - [05/Jul/2020:07:35:00 +0200] "POST /tokens/jwt HTTP/1.1" 201 3472 "-" "GuzzleHttp/6.5.1 curl/7.52.1 PHP/7.1.33-8+0~20200202.31+debian9~1.gbp266c28"
51.255.43.108 - - [05/Jul/2020:07:35:01 +0200] "POST /tokens/jwt HTTP/1.1" 201 3472 "-" "GuzzleHttp/6.5.1 curl/7.52.1 PHP/7.1.33-8+0~20200202.31+debian9~1.gbp266c28"
51.255.43.108 - - [05/Jul/2020:07:35:01 +0200] "POST /emails/process/take HTTP/1.1" 404 240 "-" "GuzzleHttp/6.5.1 curl/7.52.1 PHP/7.1.33-8+0~20200202.31+debian9~1.gbp266c28"
51.255.43.108 - - [05/Jul/2020:07:36:00 +0200] "POST /tokens/jwt HTTP/1.1" 201 3472 "-" "GuzzleHttp/6.5.1 curl/7.52.1 PHP/7.1.33-8+0~20200202.31+debian9~1.gbp266c28"
51.255.43.108 - - [05/Jul/2020:07:36:01 +0200] "POST /tokens/jwt HTTP/1.1" 201 3472 "-" "GuzzleHttp/6.5.1 curl/7.52.1 PHP/7.1.33-8+0~20200202.31+debian9~1.gbp266c28"
51.255.43.108 - - [05/Jul/2020:07:36:01 +0200] "POST /emails/process/take HTTP/1.1" 404 240 "-" "GuzzleHttp/6.5.1 curl/7.52.1 PHP/7.1.33-8+0~20200202.31+debian9~1.gbp266c28"
51.255.43.108 - - [05/Jul/2020:07:37:00 +0200] "POST /tokens/jwt HTTP/1.1" 201 3472 "-" "GuzzleHttp/6.5.1 curl/7.52.1 PHP/7.1.33-8+0~20200202.31+debian9~1.gbp266c28"
51.255.43.108 - - [05/Jul/2020:07:37:01 +0200] "POST /tokens/jwt HTTP/1.1" 201 3472 "-" "GuzzleHttp/6.5.1 curl/7.52.1 PHP/7.1.33-8+0~20200202.31+debian9~1.gbp266c28"
51.255.43.108 - - [05/Jul/2020:07:37:01 +0200] "POST /emails/process/take HTTP/1.1" 404 240 "-" "GuzzleHttp/6.5.1 curl/7.52.1 PHP/7.1.33-8+0~20200202.31+debian9~1.gbp266c28"
51.210.12.113 - - [05/Jul/2020:07:38:00 +0200] "GET /studies?limit=100&offset=0&filter[gt_caDate]=2020-07-05%2002%3A38%3A00 HTTP/1.1" 200 3330 "-" "Go-http-client/1.1"
51.255.43.108 - - [05/Jul/2020:07:38:00 +0200] "POST /tokens/jwt HTTP/1.1" 201 3472 "-" "GuzzleHttp/6.5.1 curl/7.52.1 PHP/7.1.33-8+0~20200202.31+debian9~1.gbp266c28"
51.255.43.108 - - [05/Jul/2020:07:38:01 +0200] "POST /tokens/jwt HTTP/1.1" 201 3472 "-" "GuzzleHttp/6.5.1 curl/7.52.1 PHP/7.1.33-8+0~20200202.31+debian9~1.gbp266c28"
51.255.43.108 - - [05/Jul/2020:07:38:01 +0200] "POST /emails/process/take HTTP/1.1" 404 240 "-" "GuzzleHttp/6.5.1 curl/7.52.1 PHP/7.1.33-8+0~20200202.31+debian9~1.gbp266c28"
51.255.43.108 - - [05/Jul/2020:07:39:00 +0200] "POST /tokens/jwt HTTP/1.1" 201 3472 "-" "GuzzleHttp/6.5.1 curl/7.52.1 PHP/7.1.33-8+0~20200202.31+debian9~1.gbp266c28"
51.255.43.108 - - [05/Jul/2020:07:39:01 +0200] "POST /tokens/jwt HTTP/1.1" 201 3472 "-" "GuzzleHttp/6.5.1 curl/7.52.1 PHP/7.1.33-8+0~20200202.31+debian9~1.gbp266c28"
51.255.43.108 - - [05/Jul/2020:07:39:01 +0200] "POST /emails/process/take HTTP/1.1" 404 240 "-" "GuzzleHttp/6.5.1 curl/7.52.1 PHP/7.1.33-8+0~20200202.31+debian9~1.gbp266c28"
51.255.43.108 - - [05/Jul/2020:07:40:00 +0200] "POST /tokens/jwt HTTP/1.1" 201 3472 "-" "GuzzleHttp/6.5.1 curl/7.52.1 PHP/7.1.33-8+0~20200202.31+debian9~1.gbp266c28"
51.255.43.108 - - [05/Jul/2020:07:40:01 +0200] "POST /tokens/jwt HTTP/1.1" 201 3472 "-" "GuzzleHttp/6.5.1 curl/7.52.1 PHP/7.1.33-8+0~20200202.31+debian9~1.gbp266c28"
51.255.43.108 - - [05/Jul/2020:07:40:01 +0200] "POST /emails/process/take HTTP/1.1" 404 240 "-" "GuzzleHttp/6.5.1 curl/7.52.1 PHP/7.1.33-8+0~20200202.31+debian9~1.gbp266c28"
51.255.43.108 - - [05/Jul/2020:07:41:00 +0200] "POST /tokens/jwt HTTP/1.1" 201 3472 "-" "GuzzleHttp/6.5.1 curl/7.52.1 PHP/7.1.33-8+0~20200202.31+debian9~1.gbp266c28"
51.255.43.108 - - [05/Jul/2020:07:41:01 +0200] "POST /tokens/jwt HTTP/1.1" 201 3472 "-" "GuzzleHttp/6.5.1 curl/7.52.1 PHP/7.1.33-8+0~20200202.31+debian9~1.gbp266c28"
51.255.43.108 - - [05/Jul/2020:07:41:01 +0200] "POST /emails/process/take HTTP/1.1" 404 240 "-" "GuzzleHttp/6.5.1 curl/7.52.1 PHP/7.1.33-8+0~20200202.31+debian9~1.gbp266c28"
51.255.43.108 - - [05/Jul/2020:07:42:00 +0200] "POST /tokens/jwt HTTP/1.1" 201 3472 "-" "GuzzleHttp/6.5.1 curl/7.52.1 PHP/7.1.33-8+0~20200202.31+debian9~1.gbp266c28"
51.255.43.108 - - [05/Jul/2020:07:42:01 +0200] "POST /tokens/jwt HTTP/1.1" 201 3472 "-" "GuzzleHttp/6.5.1 curl/7.52.1 PHP/7.1.33-8+0~20200202.31+debian9~1.gbp266c28"
51.255.43.108 - - [05/Jul/2020:07:42:01 +0200] "POST /emails/process/take HTTP/1.1" 404 240 "-" "GuzzleHttp/6.5.1 curl/7.52.1 PHP/7.1.33-8+0~20200202.31+debian9~1.gbp266c28"
216.245.221.83 - - [05/Jul/2020:07:42:42 +0200] "GET /users HTTP/1.1" 401 3537 "https://api.everycheck.com/users" "Mozilla/5.0+(compatible; UptimeRobot/2.0; http://www.uptimerobot.com/)"
51.255.43.108 - - [05/Jul/2020:07:43:00 +0200] "POST /tokens/jwt HTTP/1.1" 201 3472 "-" "GuzzleHttp/6.5.1 curl/7.52.1 PHP/7.1.33-8+0~20200202.31+debian9~1.gbp266c28"
51.255.43.108 - - [05/Jul/2020:07:43:01 +0200] "POST /tokens/jwt HTTP/1.1" 201 3472 "-" "GuzzleHttp/6.5.1 curl/7.52.1 PHP/7.1.33-8+0~20200202.31+debian9~1.gbp266c28"
51.255.43.108 - - [05/Jul/2020:07:43:01 +0200] "POST /emails/process/take HTTP/1.1" 404 240 "-" "GuzzleHttp/6.5.1 curl/7.52.1 PHP/7.1.33-8+0~20200202.31+debian9~1.gbp266c28"
51.210.12.113 - - [05/Jul/2020:07:44:00 +0200] "GET /studies?limit=100&offset=0&filter[cfKind]=agreement&filter[gt_caDate]=2020-07-05%2002%3A44%3A00 HTTP/1.1" 200 3330 "-" "Go-http-client/1.1"
51.255.43.108 - - [05/Jul/2020:07:44:00 +0200] "POST /tokens/jwt HTTP/1.1" 201 3472 "-" "GuzzleHttp/6.5.1 curl/7.52.1 PHP/7.1.33-8+0~20200202.31+debian9~1.gbp266c28"
51.255.43.108 - - [05/Jul/2020:07:44:01 +0200] "POST /tokens/jwt HTTP/1.1" 201 3472 "-" "GuzzleHttp/6.5.1 curl/7.52.1 PHP/7.1.33-8+0~20200202.31+debian9~1.gbp266c28"
51.255.43.108 - - [05/Jul/2020:07:44:01 +0200] "POST /emails/process/take HTTP/1.1" 404 240 "-" "GuzzleHttp/6.5.1 curl/7.52.1 PHP/7.1.33-8+0~20200202.31+debian9~1.gbp266c28"
51.255.43.108 - - [05/Jul/2020:07:45:00 +0200] "POST /tokens/jwt HTTP/1.1" 201 3472 "-" "GuzzleHttp/6.5.1 curl/7.52.1 PHP/7.1.33-8+0~20200202.31+debian9~1.gbp266c28"
51.255.43.108 - - [05/Jul/2020:07:45:01 +0200] "POST /tokens/jwt HTTP/1.1" 201 3472 "-" "GuzzleHttp/6.5.1 curl/7.52.1 PHP/7.1.33-8+0~20200202.31+debian9~1.gbp266c28"
51.255.43.108 - - [05/Jul/2020:07:45:01 +0200] "POST /emails/process/take HTTP/1.1" 404 240 "-" "GuzzleHttp/6.5.1 curl/7.52.1 PHP/7.1.33-8+0~20200202.31+debian9~1.gbp266c28"
51.255.43.108 - - [05/Jul/2020:07:46:00 +0200] "POST /tokens/jwt HTTP/1.1" 201 3472 "-" "GuzzleHttp/6.5.1 curl/7.52.1 PHP/7.1.33-8+0~20200202.31+debian9~1.gbp266c28"
51.255.43.108 - - [05/Jul/2020:07:46:01 +0200] "POST /tokens/jwt HTTP/1.1" 201 3472 "-" "GuzzleHttp/6.5.1 curl/7.52.1 PHP/7.1.33-8+0~20200202.31+debian9~1.gbp266c28"
51.255.43.108 - - [05/Jul/2020:07:46:01 +0200] "POST /emails/process/take HTTP/1.1" 404 240 "-" "GuzzleHttp/6.5.1 curl/7.52.1 PHP/7.1.33-8+0~20200202.31+debian9~1.gbp266c28"
51.255.43.108 - - [05/Jul/2020:07:47:00 +0200] "POST /tokens/jwt HTTP/1.1" 201 3472 "-" "GuzzleHttp/6.5.1 curl/7.52.1 PHP/7.1.33-8+0~20200202.31+debian9~1.gbp266c28"
51.255.43.108 - - [05/Jul/2020:07:47:01 +0200] "POST /tokens/jwt HTTP/1.1" 201 3472 "-" "GuzzleHttp/6.5.1 curl/7.52.1 PHP/7.1.33-8+0~20200202.31+debian9~1.gbp266c28"
51.255.43.108 - - [05/Jul/2020:07:47:01 +0200] "POST /emails/process/take HTTP/1.1" 404 240 "-" "GuzzleHttp/6.5.1 curl/7.52.1 PHP/7.1.33-8+0~20200202.31+debian9~1.gbp266c28"
51.210.12.113 - - [05/Jul/2020:07:48:00 +0200] "GET /studies?limit=100&offset=0&filter[gt_caDate]=2020-07-05%2002%3A48%3A00 HTTP/1.1" 200 3330 "-" "Go-http-client/1.1"
51.255.43.108 - - [05/Jul/2020:07:48:00 +0200] "POST /tokens/jwt HTTP/1.1" 201 3472 "-" "GuzzleHttp/6.5.1 curl/7.52.1 PHP/7.1.33-8+0~20200202.31+debian9~1.gbp266c28"
51.255.43.108 - - [05/Jul/2020:07:48:01 +0200] "POST /tokens/jwt HTTP/1.1" 201 3472 "-" "GuzzleHttp/6.5.1 curl/7.52.1 PHP/7.1.33-8+0~20200202.31+debian9~1.gbp266c28"
51.255.43.108 - - [05/Jul/2020:07:48:01 +0200] "POST /emails/process/take HTTP/1.1" 404 240 "-" "GuzzleHttp/6.5.1 curl/7.52.1 PHP/7.1.33-8+0~20200202.31+debian9~1.gbp266c28"
51.255.43.108 - - [05/Jul/2020:07:49:00 +0200] "POST /tokens/jwt HTTP/1.1" 201 3472 "-" "GuzzleHttp/6.5.1 curl/7.52.1 PHP/7.1.33-8+0~20200202.31+debian9~1.gbp266c28"
51.255.43.108 - - [05/Jul/2020:07:49:01 +0200] "POST /tokens/jwt HTTP/1.1" 201 3472 "-" "GuzzleHttp/6.5.1 curl/7.52.1 PHP/7.1.33-8+0~20200202.31+debian9~1.gbp266c28"
51.255.43.108 - - [05/Jul/2020:07:49:01 +0200] "POST /emails/process/take HTTP/1.1" 404 240 "-" "GuzzleHttp/6.5.1 curl/7.52.1 PHP/7.1.33-8+0~20200202.31+debian9~1.gbp266c28"
51.255.43.108 - - [05/Jul/2020:07:50:00 +0200] "POST /tokens/jwt HTTP/1.1" 201 3472 "-" "GuzzleHttp/6.5.1 curl/7.52.1 PHP/7.1.33-8+0~20200202.31+debian9~1.gbp266c28"
51.255.43.108 - - [05/Jul/2020:07:50:01 +0200] "POST /tokens/jwt HTTP/1.1" 201 3472 "-" "GuzzleHttp/6.5.1 curl/7.52.1 PHP/7.1.33-8+0~20200202.31+debian9~1.gbp266c28"
51.255.43.108 - - [05/Jul/2020:07:50:01 +0200] "POST /emails/process/take HTTP/1.1" 404 240 "-" "GuzzleHttp/6.5.1 curl/7.52.1 PHP/7.1.33-8+0~20200202.31+debian9~1.gbp266c28"
51.255.43.108 - - [05/Jul/2020:07:51:00 +0200] "POST /tokens/jwt HTTP/1.1" 201 3472 "-" "GuzzleHttp/6.5.1 curl/7.52.1 PHP/7.1.33-8+0~20200202.31+debian9~1.gbp266c28"
51.255.43.108 - - [05/Jul/2020:07:51:01 +0200] "POST /tokens/jwt HTTP/1.1" 201 3472 "-" "GuzzleHttp/6.5.1 curl/7.52.1 PHP/7.1.33-8+0~20200202.31+debian9~1.gbp266c28"
51.255.43.108 - - [05/Jul/2020:07:51:01 +0200] "POST /emails/process/take HTTP/1.1" 404 240 "-" "GuzzleHttp/6.5.1 curl/7.52.1 PHP/7.1.33-8+0~20200202.31+debian9~1.gbp266c28"
51.255.43.108 - - [05/Jul/2020:07:52:00 +0200] "POST /tokens/jwt HTTP/1.1" 201 3472 "-" "GuzzleHttp/6.5.1 curl/7.52.1 PHP/7.1.33-8+0~20200202.31+debian9~1.gbp266c28"
51.255.43.108 - - [05/Jul/2020:07:52:01 +0200] "POST /tokens/jwt HTTP/1.1" 201 3472 "-" "GuzzleHttp/6.5.1 curl/7.52.1 PHP/7.1.33-8+0~20200202.31+debian9~1.gbp266c28"
51.255.43.108 - - [05/Jul/2020:07:52:01 +0200] "POST /emails/process/take HTTP/1.1" 404 240 "-" "GuzzleHttp/6.5.1 curl/7.52.1 PHP/7.1.33-8+0~20200202.31+debian9~1.gbp266c28"
216.245.221.83 - - [05/Jul/2020:07:52:42 +0200] "GET /users HTTP/1.1" 401 3537 "https://api.everycheck.com/users" "Mozilla/5.0+(compatible; UptimeRobot/2.0; http://www.uptimerobot.com/)"
51.255.43.108 - - [05/Jul/2020:07:53:00 +0200] "POST /tokens/jwt HTTP/1.1" 201 3472 "-" "GuzzleHttp/6.5.1 curl/7.52.1 PHP/7.1.33-8+0~20200202.31+debian9~1.gbp266c28"
51.255.43.108 - - [05/Jul/2020:07:53:01 +0200] "POST /tokens/jwt HTTP/1.1" 201 3472 "-" "GuzzleHttp/6.5.1 curl/7.52.1 PHP/7.1.33-8+0~20200202.31+debian9~1.gbp266c28"
51.255.43.108 - - [05/Jul/2020:07:53:01 +0200] "POST /emails/process/take HTTP/1.1" 404 240 "-" "GuzzleHttp/6.5.1 curl/7.52.1 PHP/7.1.33-8+0~20200202.31+debian9~1.gbp266c28"
51.210.12.113 - - [05/Jul/2020:07:54:00 +0200] "GET /studies?limit=100&offset=0&filter[cfKind]=agreement&filter[gt_caDate]=2020-07-05%2002%3A54%3A00 HTTP/1.1" 200 3330 "-" "Go-http-client/1.1"
51.255.43.108 - - [05/Jul/2020:07:54:00 +0200] "POST /tokens/jwt HTTP/1.1" 201 3472 "-" "GuzzleHttp/6.5.1 curl/7.52.1 PHP/7.1.33-8+0~20200202.31+debian9~1.gbp266c28"
51.255.43.108 - - [05/Jul/2020:07:54:01 +0200] "POST /tokens/jwt HTTP/1.1" 201 3472 "-" "GuzzleHttp/6.5.1 curl/7.52.1 PHP/7.1.33-8+0~20200202.31+debian9~1.gbp266c28"
51.255.43.108 - - [05/Jul/2020:07:54:01 +0200] "POST /emails/process/take HTTP/1.1" 404 240 "-" "GuzzleHttp/6.5.1 curl/7.52.1 PHP/7.1.33-8+0~20200202.31+debian9~1.gbp266c28"
51.255.43.108 - - [05/Jul/2020:07:55:00 +0200] "POST /tokens/jwt HTTP/1.1" 201 3472 "-" "GuzzleHttp/6.5.1 curl/7.52.1 PHP/7.1.33-8+0~20200202.31+debian9~1.gbp266c28"
51.255.43.108 - - [05/Jul/2020:07:55:01 +0200] "POST /tokens/jwt HTTP/1.1" 201 3472 "-" "GuzzleHttp/6.5.1 curl/7.52.1 PHP/7.1.33-8+0~20200202.31+debian9~1.gbp266c28"
51.255.43.108 - - [05/Jul/2020:07:55:01 +0200] "POST /emails/process/take HTTP/1.1" 404 240 "-" "GuzzleHttp/6.5.1 curl/7.52.1 PHP/7.1.33-8+0~20200202.31+debian9~1.gbp266c28"
51.255.43.108 - - [05/Jul/2020:07:56:00 +0200] "POST /tokens/jwt HTTP/1.1" 201 3472 "-" "GuzzleHttp/6.5.1 curl/7.52.1 PHP/7.1.33-8+0~20200202.31+debian9~1.gbp266c28"
51.255.43.108 - - [05/Jul/2020:07:56:01 +0200] "POST /tokens/jwt HTTP/1.1" 201 3472 "-" "GuzzleHttp/6.5.1 curl/7.52.1 PHP/7.1.33-8+0~20200202.31+debian9~1.gbp266c28"
51.255.43.108 - - [05/Jul/2020:07:56:01 +0200] "POST /emails/process/take HTTP/1.1" 404 240 "-" "GuzzleHttp/6.5.1 curl/7.52.1 PHP/7.1.33-8+0~20200202.31+debian9~1.gbp266c28"
51.255.43.108 - - [05/Jul/2020:07:57:00 +0200] "POST /tokens/jwt HTTP/1.1" 201 3472 "-" "GuzzleHttp/6.5.1 curl/7.52.1 PHP/7.1.33-8+0~20200202.31+debian9~1.gbp266c28"
51.255.43.108 - - [05/Jul/2020:07:57:01 +0200] "POST /tokens/jwt HTTP/1.1" 201 3472 "-" "GuzzleHttp/6.5.1 curl/7.52.1 PHP/7.1.33-8+0~20200202.31+debian9~1.gbp266c28"
51.255.43.108 - - [05/Jul/2020:07:57:01 +0200] "POST /emails/process/take HTTP/1.1" 404 240 "-" "GuzzleHttp/6.5.1 curl/7.52.1 PHP/7.1.33-8+0~20200202.31+debian9~1.gbp266c28"
51.210.12.113 - - [05/Jul/2020:07:58:00 +0200] "GET /studies?limit=100&offset=0&filter[gt_caDate]=2020-07-05%2002%3A58%3A00 HTTP/1.1" 200 3330 "-" "Go-http-client/1.1"
51.255.43.108 - - [05/Jul/2020:07:58:00 +0200] "POST /tokens/jwt HTTP/1.1" 201 3472 "-" "GuzzleHttp/6.5.1 curl/7.52.1 PHP/7.1.33-8+0~20200202.31+debian9~1.gbp266c28"
51.255.43.108 - - [05/Jul/2020:07:58:01 +0200] "POST /tokens/jwt HTTP/1.1" 201 3472 "-" "GuzzleHttp/6.5.1 curl/7.52.1 PHP/7.1.33-8+0~20200202.31+debian9~1.gbp266c28"
51.255.43.108 - - [05/Jul/2020:07:58:01 +0200] "POST /emails/process/take HTTP/1.1" 404 240 "-" "GuzzleHttp/6.5.1 curl/7.52.1 PHP/7.1.33-8+0~20200202.31+debian9~1.gbp266c28"
51.255.43.108 - - [05/Jul/2020:07:59:00 +0200] "POST /tokens/jwt HTTP/1.1" 201 3472 "-" "GuzzleHttp/6.5.1 curl/7.52.1 PHP/7.1.33-8+0~20200202.31+debian9~1.gbp266c28"
51.255.43.108 - - [05/Jul/2020:07:59:01 +0200] "POST /tokens/jwt HTTP/1.1" 201 3472 "-" "GuzzleHttp/6.5.1 curl/7.52.1 PHP/7.1.33-8+0~20200202.31+debian9~1.gbp266c28"
51.255.43.108 - - [05/Jul/2020:07:59:01 +0200] "POST /emails/process/take HTTP/1.1" 404 240 "-" "GuzzleHttp/6.5.1 curl/7.52.1 PHP/7.1.33-8+0~20200202.31+debian9~1.gbp266c28"
51.210.12.113 - - [05/Jul/2020:08:00:01 +0200] "GET /studies?limit=100&offset=0&filter[gt_caDate]=2020-07-05%2004%3A00%3A01 HTTP/1.1" 200 3330 "-" "Go-http-client/1.1"
51.255.43.108 - - [05/Jul/2020:08:00:00 +0200] "POST /tokens/jwt HTTP/1.1" 201 3472 "-" "GuzzleHttp/6.5.1 curl/7.52.1 PHP/7.1.33-8+0~20200202.31+debian9~1.gbp266c28"
51.255.43.108 - - [05/Jul/2020:08:00:01 +0200] "POST /tokens/jwt HTTP/1.1" 201 3472 "-" "GuzzleHttp/6.5.1 curl/7.52.1 PHP/7.1.33-8+0~20200202.31+debian9~1.gbp266c28"
51.255.43.108 - - [05/Jul/2020:08:00:01 +0200] "POST /emails/process/take HTTP/1.1" 404 240 "-" "GuzzleHttp/6.5.1 curl/7.52.1 PHP/7.1.33-8+0~20200202.31+debian9~1.gbp266c28"
51.255.43.108 - - [05/Jul/2020:08:01:00 +0200] "POST /tokens/jwt HTTP/1.1" 201 3472 "-" "GuzzleHttp/6.5.1 curl/7.52.1 PHP/7.1.33-8+0~20200202.31+debian9~1.gbp266c28"
51.255.43.108 - - [05/Jul/2020:08:01:01 +0200] "POST /tokens/jwt HTTP/1.1" 201 3472 "-" "GuzzleHttp/6.5.1 curl/7.52.1 PHP/7.1.33-8+0~20200202.31+debian9~1.gbp266c28"
51.255.43.108 - - [05/Jul/2020:08:01:01 +0200] "POST /emails/process/take HTTP/1.1" 404 240 "-" "GuzzleHttp/6.5.1 curl/7.52.1 PHP/7.1.33-8+0~20200202.31+debian9~1.gbp266c28"
51.255.43.108 - - [05/Jul/2020:08:02:00 +0200] "POST /tokens/jwt HTTP/1.1" 201 3472 "-" "GuzzleHttp/6.5.1 curl/7.52.1 PHP/7.1.33-8+0~20200202.31+debian9~1.gbp266c28"
51.255.43.108 - - [05/Jul/2020:08:02:01 +0200] "POST /tokens/jwt HTTP/1.1" 201 3472 "-" "GuzzleHttp/6.5.1 curl/7.52.1 PHP/7.1.33-8+0~20200202.31+debian9~1.gbp266c28"
51.255.43.108 - - [05/Jul/2020:08:02:01 +0200] "POST /emails/process/take HTTP/1.1" 404 240 "-" "GuzzleHttp/6.5.1 curl/7.52.1 PHP/7.1.33-8+0~20200202.31+debian9~1.gbp266c28"
216.245.221.83 - - [05/Jul/2020:08:02:42 +0200] "GET /users HTTP/1.1" 401 3537 "https://api.everycheck.com/users" "Mozilla/5.0+(compatible; UptimeRobot/2.0; http://www.uptimerobot.com/)"
51.255.43.108 - - [05/Jul/2020:08:03:00 +0200] "POST /tokens/jwt HTTP/1.1" 201 3472 "-" "GuzzleHttp/6.5.1 curl/7.52.1 PHP/7.1.33-8+0~20200202.31+debian9~1.gbp266c28"
51.255.43.108 - - [05/Jul/2020:08:03:01 +0200] "POST /tokens/jwt HTTP/1.1" 201 3472 "-" "GuzzleHttp/6.5.1 curl/7.52.1 PHP/7.1.33-8+0~20200202.31+debian9~1.gbp266c28"
51.255.43.108 - - [05/Jul/2020:08:03:01 +0200] "POST /emails/process/take HTTP/1.1" 404 240 "-" "GuzzleHttp/6.5.1 curl/7.52.1 PHP/7.1.33-8+0~20200202.31+debian9~1.gbp266c28"
51.210.12.113 - - [05/Jul/2020:08:04:00 +0200] "GET /studies?limit=100&offset=0&filter[cfKind]=agreement&filter[gt_caDate]=2020-07-05%2003%3A04%3A00 HTTP/1.1" 200 3330 "-" "Go-http-client/1.1"
51.255.43.108 - - [05/Jul/2020:08:04:00 +0200] "POST /tokens/jwt HTTP/1.1" 201 3472 "-" "GuzzleHttp/6.5.1 curl/7.52.1 PHP/7.1.33-8+0~20200202.31+debian9~1.gbp266c28"
51.255.43.108 - - [05/Jul/2020:08:04:01 +0200] "POST /tokens/jwt HTTP/1.1" 201 3472 "-" "GuzzleHttp/6.5.1 curl/7.52.1 PHP/7.1.33-8+0~20200202.31+debian9~1.gbp266c28"
51.255.43.108 - - [05/Jul/2020:08:04:01 +0200] "POST /emails/process/take HTTP/1.1" 404 240 "-" "GuzzleHttp/6.5.1 curl/7.52.1 PHP/7.1.33-8+0~20200202.31+debian9~1.gbp266c28"
51.255.43.108 - - [05/Jul/2020:08:05:00 +0200] "POST /tokens/jwt HTTP/1.1" 201 3472 "-" "GuzzleHttp/6.5.1 curl/7.52.1 PHP/7.1.33-8+0~20200202.31+debian9~1.gbp266c28"
51.255.43.108 - - [05/Jul/2020:08:05:01 +0200] "POST /tokens/jwt HTTP/1.1" 201 3472 "-" "GuzzleHttp/6.5.1 curl/7.52.1 PHP/7.1.33-8+0~20200202.31+debian9~1.gbp266c28"
51.255.43.108 - - [05/Jul/2020:08:05:01 +0200] "POST /emails/process/take HTTP/1.1" 404 240 "-" "GuzzleHttp/6.5.1 curl/7.52.1 PHP/7.1.33-8+0~20200202.31+debian9~1.gbp266c28"
51.255.43.108 - - [05/Jul/2020:08:06:00 +0200] "POST /tokens/jwt HTTP/1.1" 201 3472 "-" "GuzzleHttp/6.5.1 curl/7.52.1 PHP/7.1.33-8+0~20200202.31+debian9~1.gbp266c28"
51.255.43.108 - - [05/Jul/2020:08:06:01 +0200] "POST /tokens/jwt HTTP/1.1" 201 3472 "-" "GuzzleHttp/6.5.1 curl/7.52.1 PHP/7.1.33-8+0~20200202.31+debian9~1.gbp266c28"
51.255.43.108 - - [05/Jul/2020:08:06:01 +0200] "POST /emails/process/take HTTP/1.1" 404 240 "-" "GuzzleHttp/6.5.1 curl/7.52.1 PHP/7.1.33-8+0~20200202.31+debian9~1.gbp266c28"
51.255.43.108 - - [05/Jul/2020:08:07:00 +0200] "POST /tokens/jwt HTTP/1.1" 201 3472 "-" "GuzzleHttp/6.5.1 curl/7.52.1 PHP/7.1.33-8+0~20200202.31+debian9~1.gbp266c28"
51.255.43.108 - - [05/Jul/2020:08:07:01 +0200] "POST /tokens/jwt HTTP/1.1" 201 3472 "-" "GuzzleHttp/6.5.1 curl/7.52.1 PHP/7.1.33-8+0~20200202.31+debian9~1.gbp266c28"
51.255.43.108 - - [05/Jul/2020:08:07:01 +0200] "POST /emails/process/take HTTP/1.1" 404 240 "-" "GuzzleHttp/6.5.1 curl/7.52.1 PHP/7.1.33-8+0~20200202.31+debian9~1.gbp266c28"
51.210.12.113 - - [05/Jul/2020:08:08:00 +0200] "GET /studies?limit=100&offset=0&filter[gt_caDate]=2020-07-05%2003%3A08%3A00 HTTP/1.1" 200 3330 "-" "Go-http-client/1.1"
51.255.43.108 - - [05/Jul/2020:08:08:01 +0200] "POST /tokens/jwt HTTP/1.1" 201 3472 "-" "GuzzleHttp/6.5.1 curl/7.52.1 PHP/7.1.33-8+0~20200202.31+debian9~1.gbp266c28"
51.255.43.108 - - [05/Jul/2020:08:08:01 +0200] "POST /tokens/jwt HTTP/1.1" 201 3472 "-" "GuzzleHttp/6.5.1 curl/7.52.1 PHP/7.1.33-8+0~20200202.31+debian9~1.gbp266c28"
51.255.43.108 - - [05/Jul/2020:08:08:01 +0200] "POST /emails/process/take HTTP/1.1" 404 240 "-" "GuzzleHttp/6.5.1 curl/7.52.1 PHP/7.1.33-8+0~20200202.31+debian9~1.gbp266c28"
51.255.43.108 - - [05/Jul/2020:08:09:00 +0200] "POST /tokens/jwt HTTP/1.1" 201 3472 "-" "GuzzleHttp/6.5.1 curl/7.52.1 PHP/7.1.33-8+0~20200202.31+debian9~1.gbp266c28"
51.255.43.108 - - [05/Jul/2020:08:09:01 +0200] "POST /tokens/jwt HTTP/1.1" 201 3472 "-" "GuzzleHttp/6.5.1 curl/7.52.1 PHP/7.1.33-8+0~20200202.31+debian9~1.gbp266c28"
51.255.43.108 - - [05/Jul/2020:08:09:01 +0200] "POST /emails/process/take HTTP/1.1" 404 240 "-" "GuzzleHttp/6.5.1 curl/7.52.1 PHP/7.1.33-8+0~20200202.31+debian9~1.gbp266c28"
51.255.43.108 - - [05/Jul/2020:08:10:00 +0200] "POST /tokens/jwt HTTP/1.1" 201 3472 "-" "GuzzleHttp/6.5.1 curl/7.52.1 PHP/7.1.33-8+0~20200202.31+debian9~1.gbp266c28"
51.255.43.108 - - [05/Jul/2020:08:10:01 +0200] "POST /tokens/jwt HTTP/1.1" 201 3472 "-" "GuzzleHttp/6.5.1 curl/7.52.1 PHP/7.1.33-8+0~20200202.31+debian9~1.gbp266c28"
51.255.43.108 - - [05/Jul/2020:08:10:01 +0200] "POST /emails/process/take HTTP/1.1" 404 240 "-" "GuzzleHttp/6.5.1 curl/7.52.1 PHP/7.1.33-8+0~20200202.31+debian9~1.gbp266c28"
51.255.43.108 - - [05/Jul/2020:08:11:00 +0200] "POST /tokens/jwt HTTP/1.1" 201 3472 "-" "GuzzleHttp/6.5.1 curl/7.52.1 PHP/7.1.33-8+0~20200202.31+debian9~1.gbp266c28"
51.255.43.108 - - [05/Jul/2020:08:11:01 +0200] "POST /tokens/jwt HTTP/1.1" 201 3472 "-" "GuzzleHttp/6.5.1 curl/7.52.1 PHP/7.1.33-8+0~20200202.31+debian9~1.gbp266c28"
51.255.43.108 - - [05/Jul/2020:08:11:01 +0200] "POST /emails/process/take HTTP/1.1" 404 240 "-" "GuzzleHttp/6.5.1 curl/7.52.1 PHP/7.1.33-8+0~20200202.31+debian9~1.gbp266c28"
51.255.43.108 - - [05/Jul/2020:08:12:00 +0200] "POST /tokens/jwt HTTP/1.1" 201 3472 "-" "GuzzleHttp/6.5.1 curl/7.52.1 PHP/7.1.33-8+0~20200202.31+debian9~1.gbp266c28"
51.255.43.108 - - [05/Jul/2020:08:12:01 +0200] "POST /tokens/jwt HTTP/1.1" 201 3472 "-" "GuzzleHttp/6.5.1 curl/7.52.1 PHP/7.1.33-8+0~20200202.31+debian9~1.gbp266c28"
51.255.43.108 - - [05/Jul/2020:08:12:01 +0200] "POST /emails/process/take HTTP/1.1" 404 240 "-" "GuzzleHttp/6.5.1 curl/7.52.1 PHP/7.1.33-8+0~20200202.31+debian9~1.gbp266c28"
216.245.221.83 - - [05/Jul/2020:08:12:42 +0200] "GET /users HTTP/1.1" 401 3537 "https://api.everycheck.com/users" "Mozilla/5.0+(compatible; UptimeRobot/2.0; http://www.uptimerobot.com/)"
51.255.43.108 - - [05/Jul/2020:08:13:00 +0200] "POST /tokens/jwt HTTP/1.1" 201 3472 "-" "GuzzleHttp/6.5.1 curl/7.52.1 PHP/7.1.33-8+0~20200202.31+debian9~1.gbp266c28"
51.255.43.108 - - [05/Jul/2020:08:13:01 +0200] "POST /tokens/jwt HTTP/1.1" 201 3472 "-" "GuzzleHttp/6.5.1 curl/7.52.1 PHP/7.1.33-8+0~20200202.31+debian9~1.gbp266c28"
51.255.43.108 - - [05/Jul/2020:08:13:01 +0200] "POST /emails/process/take HTTP/1.1" 404 240 "-" "GuzzleHttp/6.5.1 curl/7.52.1 PHP/7.1.33-8+0~20200202.31+debian9~1.gbp266c28"
51.210.12.113 - - [05/Jul/2020:08:14:00 +0200] "GET /studies?limit=100&offset=0&filter[cfKind]=agreement&filter[gt_caDate]=2020-07-05%2003%3A14%3A00 HTTP/1.1" 200 3330 "-" "Go-http-client/1.1"
51.255.43.108 - - [05/Jul/2020:08:14:00 +0200] "POST /tokens/jwt HTTP/1.1" 201 3472 "-" "GuzzleHttp/6.5.1 curl/7.52.1 PHP/7.1.33-8+0~20200202.31+debian9~1.gbp266c28"
51.255.43.108 - - [05/Jul/2020:08:14:01 +0200] "POST /tokens/jwt HTTP/1.1" 201 3472 "-" "GuzzleHttp/6.5.1 curl/7.52.1 PHP/7.1.33-8+0~20200202.31+debian9~1.gbp266c28"
51.255.43.108 - - [05/Jul/2020:08:14:01 +0200] "POST /emails/process/take HTTP/1.1" 404 240 "-" "GuzzleHttp/6.5.1 curl/7.52.1 PHP/7.1.33-8+0~20200202.31+debian9~1.gbp266c28"
51.255.43.108 - - [05/Jul/2020:08:15:00 +0200] "POST /tokens/jwt HTTP/1.1" 201 3472 "-" "GuzzleHttp/6.5.1 curl/7.52.1 PHP/7.1.33-8+0~20200202.31+debian9~1.gbp266c28"
51.255.43.108 - - [05/Jul/2020:08:15:01 +0200] "POST /tokens/jwt HTTP/1.1" 201 3472 "-" "GuzzleHttp/6.5.1 curl/7.52.1 PHP/7.1.33-8+0~20200202.31+debian9~1.gbp266c28"
51.255.43.108 - - [05/Jul/2020:08:15:01 +0200] "POST /emails/process/take HTTP/1.1" 404 240 "-" "GuzzleHttp/6.5.1 curl/7.52.1 PHP/7.1.33-8+0~20200202.31+debian9~1.gbp266c28"
51.255.43.108 - - [05/Jul/2020:08:16:00 +0200] "POST /tokens/jwt HTTP/1.1" 201 3472 "-" "GuzzleHttp/6.5.1 curl/7.52.1 PHP/7.1.33-8+0~20200202.31+debian9~1.gbp266c28"
51.255.43.108 - - [05/Jul/2020:08:16:01 +0200] "POST /tokens/jwt HTTP/1.1" 201 3472 "-" "GuzzleHttp/6.5.1 curl/7.52.1 PHP/7.1.33-8+0~20200202.31+debian9~1.gbp266c28"
51.255.43.108 - - [05/Jul/2020:08:16:01 +0200] "POST /emails/process/take HTTP/1.1" 404 240 "-" "GuzzleHttp/6.5.1 curl/7.52.1 PHP/7.1.33-8+0~20200202.31+debian9~1.gbp266c28"
51.255.43.108 - - [05/Jul/2020:08:17:00 +0200] "POST /tokens/jwt HTTP/1.1" 201 3472 "-" "GuzzleHttp/6.5.1 curl/7.52.1 PHP/7.1.33-8+0~20200202.31+debian9~1.gbp266c28"
51.255.43.108 - - [05/Jul/2020:08:17:01 +0200] "POST /tokens/jwt HTTP/1.1" 201 3472 "-" "GuzzleHttp/6.5.1 curl/7.52.1 PHP/7.1.33-8+0~20200202.31+debian9~1.gbp266c28"
51.255.43.108 - - [05/Jul/2020:08:17:01 +0200] "POST /emails/process/take HTTP/1.1" 404 240 "-" "GuzzleHttp/6.5.1 curl/7.52.1 PHP/7.1.33-8+0~20200202.31+debian9~1.gbp266c28"
51.210.12.113 - - [05/Jul/2020:08:18:00 +0200] "GET /studies?limit=100&offset=0&filter[gt_caDate]=2020-07-05%2003%3A18%3A00 HTTP/1.1" 200 3330 "-" "Go-http-client/1.1"
51.255.43.108 - - [05/Jul/2020:08:18:00 +0200] "POST /tokens/jwt HTTP/1.1" 201 3472 "-" "GuzzleHttp/6.5.1 curl/7.52.1 PHP/7.1.33-8+0~20200202.31+debian9~1.gbp266c28"
51.255.43.108 - - [05/Jul/2020:08:18:01 +0200] "POST /tokens/jwt HTTP/1.1" 201 3472 "-" "GuzzleHttp/6.5.1 curl/7.52.1 PHP/7.1.33-8+0~20200202.31+debian9~1.gbp266c28"
51.255.43.108 - - [05/Jul/2020:08:18:01 +0200] "POST /emails/process/take HTTP/1.1" 404 240 "-" "GuzzleHttp/6.5.1 curl/7.52.1 PHP/7.1.33-8+0~20200202.31+debian9~1.gbp266c28"
51.255.43.108 - - [05/Jul/2020:08:19:00 +0200] "POST /tokens/jwt HTTP/1.1" 201 3472 "-" "GuzzleHttp/6.5.1 curl/7.52.1 PHP/7.1.33-8+0~20200202.31+debian9~1.gbp266c28"
51.255.43.108 - - [05/Jul/2020:08:19:01 +0200] "POST /tokens/jwt HTTP/1.1" 201 3472 "-" "GuzzleHttp/6.5.1 curl/7.52.1 PHP/7.1.33-8+0~20200202.31+debian9~1.gbp266c28"
51.255.43.108 - - [05/Jul/2020:08:19:01 +0200] "POST /emails/process/take HTTP/1.1" 404 240 "-" "GuzzleHttp/6.5.1 curl/7.52.1 PHP/7.1.33-8+0~20200202.31+debian9~1.gbp266c28"
51.255.43.108 - - [05/Jul/2020:08:20:00 +0200] "POST /tokens/jwt HTTP/1.1" 201 3472 "-" "GuzzleHttp/6.5.1 curl/7.52.1 PHP/7.1.33-8+0~20200202.31+debian9~1.gbp266c28"
51.255.43.108 - - [05/Jul/2020:08:20:01 +0200] "POST /tokens/jwt HTTP/1.1" 201 3472 "-" "GuzzleHttp/6.5.1 curl/7.52.1 PHP/7.1.33-8+0~20200202.31+debian9~1.gbp266c28"
51.255.43.108 - - [05/Jul/2020:08:20:01 +0200] "POST /emails/process/take HTTP/1.1" 404 240 "-" "GuzzleHttp/6.5.1 curl/7.52.1 PHP/7.1.33-8+0~20200202.31+debian9~1.gbp266c28"
51.255.43.108 - - [05/Jul/2020:08:21:00 +0200] "POST /tokens/jwt HTTP/1.1" 201 3472 "-" "GuzzleHttp/6.5.1 curl/7.52.1 PHP/7.1.33-8+0~20200202.31+debian9~1.gbp266c28"
51.255.43.108 - - [05/Jul/2020:08:21:01 +0200] "POST /tokens/jwt HTTP/1.1" 201 3472 "-" "GuzzleHttp/6.5.1 curl/7.52.1 PHP/7.1.33-8+0~20200202.31+debian9~1.gbp266c28"
51.255.43.108 - - [05/Jul/2020:08:21:01 +0200] "POST /emails/process/take HTTP/1.1" 404 240 "-" "GuzzleHttp/6.5.1 curl/7.52.1 PHP/7.1.33-8+0~20200202.31+debian9~1.gbp266c28"
51.255.43.108 - - [05/Jul/2020:08:22:00 +0200] "POST /tokens/jwt HTTP/1.1" 201 3472 "-" "GuzzleHttp/6.5.1 curl/7.52.1 PHP/7.1.33-8+0~20200202.31+debian9~1.gbp266c28"
51.255.43.108 - - [05/Jul/2020:08:22:01 +0200] "POST /tokens/jwt HTTP/1.1" 201 3472 "-" "GuzzleHttp/6.5.1 curl/7.52.1 PHP/7.1.33-8+0~20200202.31+debian9~1.gbp266c28"
51.255.43.108 - - [05/Jul/2020:08:22:01 +0200] "POST /emails/process/take HTTP/1.1" 404 240 "-" "GuzzleHttp/6.5.1 curl/7.52.1 PHP/7.1.33-8+0~20200202.31+debian9~1.gbp266c28"
216.245.221.83 - - [05/Jul/2020:08:22:42 +0200] "GET /users HTTP/1.1" 401 3537 "https://api.everycheck.com/users" "Mozilla/5.0+(compatible; UptimeRobot/2.0; http://www.uptimerobot.com/)"
51.255.43.108 - - [05/Jul/2020:08:23:00 +0200] "POST /tokens/jwt HTTP/1.1" 201 3472 "-" "GuzzleHttp/6.5.1 curl/7.52.1 PHP/7.1.33-8+0~20200202.31+debian9~1.gbp266c28"
51.255.43.108 - - [05/Jul/2020:08:23:01 +0200] "POST /tokens/jwt HTTP/1.1" 201 3472 "-" "GuzzleHttp/6.5.1 curl/7.52.1 PHP/7.1.33-8+0~20200202.31+debian9~1.gbp266c28"
51.255.43.108 - - [05/Jul/2020:08:23:01 +0200] "POST /emails/process/take HTTP/1.1" 404 240 "-" "GuzzleHttp/6.5.1 curl/7.52.1 PHP/7.1.33-8+0~20200202.31+debian9~1.gbp266c28"
51.210.12.113 - - [05/Jul/2020:08:24:00 +0200] "GET /studies?limit=100&offset=0&filter[cfKind]=agreement&filter[gt_caDate]=2020-07-05%2003%3A24%3A00 HTTP/1.1" 200 3330 "-" "Go-http-client/1.1"
51.255.43.108 - - [05/Jul/2020:08:24:00 +0200] "POST /tokens/jwt HTTP/1.1" 201 3472 "-" "GuzzleHttp/6.5.1 curl/7.52.1 PHP/7.1.33-8+0~20200202.31+debian9~1.gbp266c28"
51.255.43.108 - - [05/Jul/2020:08:24:01 +0200] "POST /tokens/jwt HTTP/1.1" 201 3472 "-" "GuzzleHttp/6.5.1 curl/7.52.1 PHP/7.1.33-8+0~20200202.31+debian9~1.gbp266c28"
51.255.43.108 - - [05/Jul/2020:08:24:01 +0200] "POST /emails/process/take HTTP/1.1" 404 240 "-" "GuzzleHttp/6.5.1 curl/7.52.1 PHP/7.1.33-8+0~20200202.31+debian9~1.gbp266c28"
51.255.43.108 - - [05/Jul/2020:08:25:00 +0200] "POST /tokens/jwt HTTP/1.1" 201 3472 "-" "GuzzleHttp/6.5.1 curl/7.52.1 PHP/7.1.33-8+0~20200202.31+debian9~1.gbp266c28"
51.255.43.108 - - [05/Jul/2020:08:25:01 +0200] "POST /tokens/jwt HTTP/1.1" 201 3472 "-" "GuzzleHttp/6.5.1 curl/7.52.1 PHP/7.1.33-8+0~20200202.31+debian9~1.gbp266c28"
51.255.43.108 - - [05/Jul/2020:08:25:01 +0200] "POST /emails/process/take HTTP/1.1" 404 240 "-" "GuzzleHttp/6.5.1 curl/7.52.1 PHP/7.1.33-8+0~20200202.31+debian9~1.gbp266c28"
51.255.43.108 - - [05/Jul/2020:08:26:00 +0200] "POST /tokens/jwt HTTP/1.1" 201 3472 "-" "GuzzleHttp/6.5.1 curl/7.52.1 PHP/7.1.33-8+0~20200202.31+debian9~1.gbp266c28"
51.255.43.108 - - [05/Jul/2020:08:26:01 +0200] "POST /tokens/jwt HTTP/1.1" 201 3472 "-" "GuzzleHttp/6.5.1 curl/7.52.1 PHP/7.1.33-8+0~20200202.31+debian9~1.gbp266c28"
51.255.43.108 - - [05/Jul/2020:08:26:01 +0200] "POST /emails/process/take HTTP/1.1" 404 240 "-" "GuzzleHttp/6.5.1 curl/7.52.1 PHP/7.1.33-8+0~20200202.31+debian9~1.gbp266c28"
51.255.43.108 - - [05/Jul/2020:08:27:00 +0200] "POST /tokens/jwt HTTP/1.1" 201 3472 "-" "GuzzleHttp/6.5.1 curl/7.52.1 PHP/7.1.33-8+0~20200202.31+debian9~1.gbp266c28"
51.255.43.108 - - [05/Jul/2020:08:27:01 +0200] "POST /tokens/jwt HTTP/1.1" 201 3472 "-" "GuzzleHttp/6.5.1 curl/7.52.1 PHP/7.1.33-8+0~20200202.31+debian9~1.gbp266c28"
51.255.43.108 - - [05/Jul/2020:08:27:01 +0200] "POST /emails/process/take HTTP/1.1" 404 240 "-" "GuzzleHttp/6.5.1 curl/7.52.1 PHP/7.1.33-8+0~20200202.31+debian9~1.gbp266c28"
51.210.12.113 - - [05/Jul/2020:08:28:00 +0200] "GET /studies?limit=100&offset=0&filter[gt_caDate]=2020-07-05%2003%3A28%3A00 HTTP/1.1" 200 3330 "-" "Go-http-client/1.1"
51.255.43.108 - - [05/Jul/2020:08:28:00 +0200] "POST /tokens/jwt HTTP/1.1" 201 3472 "-" "GuzzleHttp/6.5.1 curl/7.52.1 PHP/7.1.33-8+0~20200202.31+debian9~1.gbp266c28"
51.255.43.108 - - [05/Jul/2020:08:28:01 +0200] "POST /tokens/jwt HTTP/1.1" 201 3472 "-" "GuzzleHttp/6.5.1 curl/7.52.1 PHP/7.1.33-8+0~20200202.31+debian9~1.gbp266c28"
51.255.43.108 - - [05/Jul/2020:08:28:01 +0200] "POST /emails/process/take HTTP/1.1" 404 240 "-" "GuzzleHttp/6.5.1 curl/7.52.1 PHP/7.1.33-8+0~20200202.31+debian9~1.gbp266c28"
51.255.43.108 - - [05/Jul/2020:08:29:00 +0200] "POST /tokens/jwt HTTP/1.1" 201 3472 "-" "GuzzleHttp/6.5.1 curl/7.52.1 PHP/7.1.33-8+0~20200202.31+debian9~1.gbp266c28"
51.255.43.108 - - [05/Jul/2020:08:29:01 +0200] "POST /tokens/jwt HTTP/1.1" 201 3472 "-" "GuzzleHttp/6.5.1 curl/7.52.1 PHP/7.1.33-8+0~20200202.31+debian9~1.gbp266c28"
51.255.43.108 - - [05/Jul/2020:08:29:01 +0200] "POST /emails/process/take HTTP/1.1" 404 240 "-" "GuzzleHttp/6.5.1 curl/7.52.1 PHP/7.1.33-8+0~20200202.31+debian9~1.gbp266c28"
51.255.43.108 - - [05/Jul/2020:08:30:00 +0200] "POST /tokens/jwt HTTP/1.1" 201 3472 "-" "GuzzleHttp/6.5.1 curl/7.52.1 PHP/7.1.33-8+0~20200202.31+debian9~1.gbp266c28"
51.255.43.108 - - [05/Jul/2020:08:30:01 +0200] "POST /tokens/jwt HTTP/1.1" 201 3472 "-" "GuzzleHttp/6.5.1 curl/7.52.1 PHP/7.1.33-8+0~20200202.31+debian9~1.gbp266c28"
51.255.43.108 - - [05/Jul/2020:08:30:01 +0200] "POST /emails/process/take HTTP/1.1" 404 240 "-" "GuzzleHttp/6.5.1 curl/7.52.1 PHP/7.1.33-8+0~20200202.31+debian9~1.gbp266c28"
51.255.43.108 - - [05/Jul/2020:08:31:00 +0200] "POST /tokens/jwt HTTP/1.1" 201 3472 "-" "GuzzleHttp/6.5.1 curl/7.52.1 PHP/7.1.33-8+0~20200202.31+debian9~1.gbp266c28"
51.255.43.108 - - [05/Jul/2020:08:31:01 +0200] "POST /tokens/jwt HTTP/1.1" 201 3472 "-" "GuzzleHttp/6.5.1 curl/7.52.1 PHP/7.1.33-8+0~20200202.31+debian9~1.gbp266c28"
51.255.43.108 - - [05/Jul/2020:08:31:01 +0200] "POST /emails/process/take HTTP/1.1" 404 240 "-" "GuzzleHttp/6.5.1 curl/7.52.1 PHP/7.1.33-8+0~20200202.31+debian9~1.gbp266c28"
51.255.43.108 - - [05/Jul/2020:08:32:00 +0200] "POST /tokens/jwt HTTP/1.1" 201 3472 "-" "GuzzleHttp/6.5.1 curl/7.52.1 PHP/7.1.33-8+0~20200202.31+debian9~1.gbp266c28"
51.255.43.108 - - [05/Jul/2020:08:32:01 +0200] "POST /tokens/jwt HTTP/1.1" 201 3472 "-" "GuzzleHttp/6.5.1 curl/7.52.1 PHP/7.1.33-8+0~20200202.31+debian9~1.gbp266c28"
51.255.43.108 - - [05/Jul/2020:08:32:01 +0200] "POST /emails/process/take HTTP/1.1" 404 240 "-" "GuzzleHttp/6.5.1 curl/7.52.1 PHP/7.1.33-8+0~20200202.31+debian9~1.gbp266c28"
216.245.221.83 - - [05/Jul/2020:08:32:42 +0200] "GET /users HTTP/1.1" 401 3537 "https://api.everycheck.com/users" "Mozilla/5.0+(compatible; UptimeRobot/2.0; http://www.uptimerobot.com/)"
51.255.43.108 - - [05/Jul/2020:08:33:00 +0200] "POST /tokens/jwt HTTP/1.1" 201 3472 "-" "GuzzleHttp/6.5.1 curl/7.52.1 PHP/7.1.33-8+0~20200202.31+debian9~1.gbp266c28"
51.255.43.108 - - [05/Jul/2020:08:33:01 +0200] "POST /tokens/jwt HTTP/1.1" 201 3472 "-" "GuzzleHttp/6.5.1 curl/7.52.1 PHP/7.1.33-8+0~20200202.31+debian9~1.gbp266c28"
51.255.43.108 - - [05/Jul/2020:08:33:01 +0200] "POST /emails/process/take HTTP/1.1" 404 240 "-" "GuzzleHttp/6.5.1 curl/7.52.1 PHP/7.1.33-8+0~20200202.31+debian9~1.gbp266c28"
51.210.12.113 - - [05/Jul/2020:08:34:00 +0200] "GET /studies?limit=100&offset=0&filter[cfKind]=agreement&filter[gt_caDate]=2020-07-05%2003%3A34%3A00 HTTP/1.1" 200 3330 "-" "Go-http-client/1.1"
51.255.43.108 - - [05/Jul/2020:08:34:00 +0200] "POST /tokens/jwt HTTP/1.1" 201 3472 "-" "GuzzleHttp/6.5.1 curl/7.52.1 PHP/7.1.33-8+0~20200202.31+debian9~1.gbp266c28"
51.255.43.108 - - [05/Jul/2020:08:34:01 +0200] "POST /tokens/jwt HTTP/1.1" 201 3472 "-" "GuzzleHttp/6.5.1 curl/7.52.1 PHP/7.1.33-8+0~20200202.31+debian9~1.gbp266c28"
51.255.43.108 - - [05/Jul/2020:08:34:01 +0200] "POST /emails/process/take HTTP/1.1" 404 240 "-" "GuzzleHttp/6.5.1 curl/7.52.1 PHP/7.1.33-8+0~20200202.31+debian9~1.gbp266c28"
51.255.43.108 - - [05/Jul/2020:08:35:00 +0200] "POST /tokens/jwt HTTP/1.1" 201 3472 "-" "GuzzleHttp/6.5.1 curl/7.52.1 PHP/7.1.33-8+0~20200202.31+debian9~1.gbp266c28"
51.255.43.108 - - [05/Jul/2020:08:35:01 +0200] "POST /tokens/jwt HTTP/1.1" 201 3472 "-" "GuzzleHttp/6.5.1 curl/7.52.1 PHP/7.1.33-8+0~20200202.31+debian9~1.gbp266c28"
51.255.43.108 - - [05/Jul/2020:08:35:01 +0200] "POST /emails/process/take HTTP/1.1" 404 240 "-" "GuzzleHttp/6.5.1 curl/7.52.1 PHP/7.1.33-8+0~20200202.31+debian9~1.gbp266c28"
51.255.43.108 - - [05/Jul/2020:08:36:00 +0200] "POST /tokens/jwt HTTP/1.1" 201 3472 "-" "GuzzleHttp/6.5.1 curl/7.52.1 PHP/7.1.33-8+0~20200202.31+debian9~1.gbp266c28"
51.255.43.108 - - [05/Jul/2020:08:36:01 +0200] "POST /tokens/jwt HTTP/1.1" 201 3472 "-" "GuzzleHttp/6.5.1 curl/7.52.1 PHP/7.1.33-8+0~20200202.31+debian9~1.gbp266c28"
51.255.43.108 - - [05/Jul/2020:08:36:01 +0200] "POST /emails/process/take HTTP/1.1" 404 240 "-" "GuzzleHttp/6.5.1 curl/7.52.1 PHP/7.1.33-8+0~20200202.31+debian9~1.gbp266c28"
51.255.43.108 - - [05/Jul/2020:08:37:00 +0200] "POST /tokens/jwt HTTP/1.1" 201 3472 "-" "GuzzleHttp/6.5.1 curl/7.52.1 PHP/7.1.33-8+0~20200202.31+debian9~1.gbp266c28"
51.255.43.108 - - [05/Jul/2020:08:37:01 +0200] "POST /tokens/jwt HTTP/1.1" 201 3472 "-" "GuzzleHttp/6.5.1 curl/7.52.1 PHP/7.1.33-8+0~20200202.31+debian9~1.gbp266c28"
51.255.43.108 - - [05/Jul/2020:08:37:01 +0200] "POST /emails/process/take HTTP/1.1" 404 240 "-" "GuzzleHttp/6.5.1 curl/7.52.1 PHP/7.1.33-8+0~20200202.31+debian9~1.gbp266c28"
51.210.12.113 - - [05/Jul/2020:08:38:00 +0200] "GET /studies?limit=100&offset=0&filter[gt_caDate]=2020-07-05%2003%3A38%3A00 HTTP/1.1" 200 3330 "-" "Go-http-client/1.1"
51.255.43.108 - - [05/Jul/2020:08:38:00 +0200] "POST /tokens/jwt HTTP/1.1" 201 3472 "-" "GuzzleHttp/6.5.1 curl/7.52.1 PHP/7.1.33-8+0~20200202.31+debian9~1.gbp266c28"
51.255.43.108 - - [05/Jul/2020:08:38:01 +0200] "POST /tokens/jwt HTTP/1.1" 201 3472 "-" "GuzzleHttp/6.5.1 curl/7.52.1 PHP/7.1.33-8+0~20200202.31+debian9~1.gbp266c28"
51.255.43.108 - - [05/Jul/2020:08:38:01 +0200] "POST /emails/process/take HTTP/1.1" 404 240 "-" "GuzzleHttp/6.5.1 curl/7.52.1 PHP/7.1.33-8+0~20200202.31+debian9~1.gbp266c28"
51.255.43.108 - - [05/Jul/2020:08:39:01 +0200] "POST /tokens/jwt HTTP/1.1" 201 3472 "-" "GuzzleHttp/6.5.1 curl/7.52.1 PHP/7.1.33-8+0~20200202.31+debian9~1.gbp266c28"
51.255.43.108 - - [05/Jul/2020:08:39:01 +0200] "POST /tokens/jwt HTTP/1.1" 201 3472 "-" "GuzzleHttp/6.5.1 curl/7.52.1 PHP/7.1.33-8+0~20200202.31+debian9~1.gbp266c28"
51.255.43.108 - - [05/Jul/2020:08:39:02 +0200] "POST /emails/process/take HTTP/1.1" 404 240 "-" "GuzzleHttp/6.5.1 curl/7.52.1 PHP/7.1.33-8+0~20200202.31+debian9~1.gbp266c28"
51.255.43.108 - - [05/Jul/2020:08:39:00 +0200] "GET /studies?limit=100&offset=0 HTTP/1.1" 200 766821 "-" "GuzzleHttp/6.5.1 curl/7.52.1 PHP/7.1.33-8+0~20200202.31+debian9~1.gbp266c28"
51.255.43.108 - - [05/Jul/2020:08:39:03 +0200] "GET /studies?limit=100&offset=100 HTTP/1.1" 200 820209 "-" "GuzzleHttp/6.5.1 curl/7.52.1 PHP/7.1.33-8+0~20200202.31+debian9~1.gbp266c28"
51.255.43.108 - - [05/Jul/2020:08:39:06 +0200] "GET /studies?limit=100&offset=200 HTTP/1.1" 200 811831 "-" "GuzzleHttp/6.5.1 curl/7.52.1 PHP/7.1.33-8+0~20200202.31+debian9~1.gbp266c28"
51.255.43.108 - - [05/Jul/2020:08:39:09 +0200] "GET /studies?limit=100&offset=300 HTTP/1.1" 200 858469 "-" "GuzzleHttp/6.5.1 curl/7.52.1 PHP/7.1.33-8+0~20200202.31+debian9~1.gbp266c28"
51.255.43.108 - - [05/Jul/2020:08:39:12 +0200] "GET /studies?limit=100&offset=400 HTTP/1.1" 200 849200 "-" "GuzzleHttp/6.5.1 curl/7.52.1 PHP/7.1.33-8+0~20200202.31+debian9~1.gbp266c28"
51.255.43.108 - - [05/Jul/2020:08:39:14 +0200] "GET /studies?limit=100&offset=500 HTTP/1.1" 200 782588 "-" "GuzzleHttp/6.5.1 curl/7.52.1 PHP/7.1.33-8+0~20200202.31+debian9~1.gbp266c28"
51.255.43.108 - - [05/Jul/2020:08:39:17 +0200] "GET /studies?limit=100&offset=600 HTTP/1.1" 200 802069 "-" "GuzzleHttp/6.5.1 curl/7.52.1 PHP/7.1.33-8+0~20200202.31+debian9~1.gbp266c28"
51.255.43.108 - - [05/Jul/2020:08:39:19 +0200] "GET /studies?limit=100&offset=700 HTTP/1.1" 200 900056 "-" "GuzzleHttp/6.5.1 curl/7.52.1 PHP/7.1.33-8+0~20200202.31+debian9~1.gbp266c28"
51.255.43.108 - - [05/Jul/2020:08:39:22 +0200] "GET /studies?limit=100&offset=800 HTTP/1.1" 200 801792 "-" "GuzzleHttp/6.5.1 curl/7.52.1 PHP/7.1.33-8+0~20200202.31+debian9~1.gbp266c28"
51.255.43.108 - - [05/Jul/2020:08:39:24 +0200] "GET /studies?limit=100&offset=900 HTTP/1.1" 200 897497 "-" "GuzzleHttp/6.5.1 curl/7.52.1 PHP/7.1.33-8+0~20200202.31+debian9~1.gbp266c28"
51.255.43.108 - - [05/Jul/2020:08:39:27 +0200] "GET /studies?limit=100&offset=1000 HTTP/1.1" 200 871652 "-" "GuzzleHttp/6.5.1 curl/7.52.1 PHP/7.1.33-8+0~20200202.31+debian9~1.gbp266c28"
51.255.43.108 - - [05/Jul/2020:08:39:30 +0200] "GET /studies?limit=100&offset=1100 HTTP/1.1" 200 875667 "-" "GuzzleHttp/6.5.1 curl/7.52.1 PHP/7.1.33-8+0~20200202.31+debian9~1.gbp266c28"
51.255.43.108 - - [05/Jul/2020:08:39:33 +0200] "GET /studies?limit=100&offset=1200 HTTP/1.1" 200 792404 "-" "GuzzleHttp/6.5.1 curl/7.52.1 PHP/7.1.33-8+0~20200202.31+debian9~1.gbp266c28"
51.255.43.108 - - [05/Jul/2020:08:39:35 +0200] "GET /studies?limit=100&offset=1300 HTTP/1.1" 200 798870 "-" "GuzzleHttp/6.5.1 curl/7.52.1 PHP/7.1.33-8+0~20200202.31+debian9~1.gbp266c28"
51.255.43.108 - - [05/Jul/2020:08:39:38 +0200] "GET /studies?limit=100&offset=1400 HTTP/1.1" 200 797481 "-" "GuzzleHttp/6.5.1 curl/7.52.1 PHP/7.1.33-8+0~20200202.31+debian9~1.gbp266c28"
51.255.43.108 - - [05/Jul/2020:08:39:40 +0200] "GET /studies?limit=100&offset=1500 HTTP/1.1" 200 795113 "-" "GuzzleHttp/6.5.1 curl/7.52.1 PHP/7.1.33-8+0~20200202.31+debian9~1.gbp266c28"
51.255.43.108 - - [05/Jul/2020:08:39:42 +0200] "GET /studies?limit=100&offset=1600 HTTP/1.1" 200 814387 "-" "GuzzleHttp/6.5.1 curl/7.52.1 PHP/7.1.33-8+0~20200202.31+debian9~1.gbp266c28"
51.255.43.108 - - [05/Jul/2020:08:39:45 +0200] "GET /studies?limit=100&offset=1700 HTTP/1.1" 200 802018 "-" "GuzzleHttp/6.5.1 curl/7.52.1 PHP/7.1.33-8+0~20200202.31+debian9~1.gbp266c28"
51.255.43.108 - - [05/Jul/2020:08:39:48 +0200] "GET /studies?limit=100&offset=1800 HTTP/1.1" 200 767558 "-" "GuzzleHttp/6.5.1 curl/7.52.1 PHP/7.1.33-8+0~20200202.31+debian9~1.gbp266c28"
51.255.43.108 - - [05/Jul/2020:08:39:50 +0200] "GET /studies?limit=100&offset=1900 HTTP/1.1" 200 771109 "-" "GuzzleHttp/6.5.1 curl/7.52.1 PHP/7.1.33-8+0~20200202.31+debian9~1.gbp266c28"
51.255.43.108 - - [05/Jul/2020:08:39:52 +0200] "GET /studies?limit=100&offset=2000 HTTP/1.1" 200 750925 "-" "GuzzleHttp/6.5.1 curl/7.52.1 PHP/7.1.33-8+0~20200202.31+debian9~1.gbp266c28"
51.255.43.108 - - [05/Jul/2020:08:39:55 +0200] "GET /studies?limit=100&offset=2100 HTTP/1.1" 200 782732 "-" "GuzzleHttp/6.5.1 curl/7.52.1 PHP/7.1.33-8+0~20200202.31+debian9~1.gbp266c28"
51.255.43.108 - - [05/Jul/2020:08:40:00 +0200] "POST /tokens/jwt HTTP/1.1" 201 3472 "-" "GuzzleHttp/6.5.1 curl/7.52.1 PHP/7.1.33-8+0~20200202.31+debian9~1.gbp266c28"
51.255.43.108 - - [05/Jul/2020:08:40:01 +0200] "POST /tokens/jwt HTTP/1.1" 201 3472 "-" "GuzzleHttp/6.5.1 curl/7.52.1 PHP/7.1.33-8+0~20200202.31+debian9~1.gbp266c28"
51.255.43.108 - - [05/Jul/2020:08:40:01 +0200] "POST /emails/process/take HTTP/1.1" 404 240 "-" "GuzzleHttp/6.5.1 curl/7.52.1 PHP/7.1.33-8+0~20200202.31+debian9~1.gbp266c28"
51.255.43.108 - - [05/Jul/2020:08:41:01 +0200] "POST /tokens/jwt HTTP/1.1" 201 3472 "-" "GuzzleHttp/6.5.1 curl/7.52.1 PHP/7.1.33-8+0~20200202.31+debian9~1.gbp266c28"
51.255.43.108 - - [05/Jul/2020:08:41:01 +0200] "POST /tokens/jwt HTTP/1.1" 201 3472 "-" "GuzzleHttp/6.5.1 curl/7.52.1 PHP/7.1.33-8+0~20200202.31+debian9~1.gbp266c28"
51.255.43.108 - - [05/Jul/2020:08:41:01 +0200] "POST /emails/process/take HTTP/1.1" 404 240 "-" "GuzzleHttp/6.5.1 curl/7.52.1 PHP/7.1.33-8+0~20200202.31+debian9~1.gbp266c28"
51.255.43.108 - - [05/Jul/2020:08:42:00 +0200] "POST /tokens/jwt HTTP/1.1" 201 3472 "-" "GuzzleHttp/6.5.1 curl/7.52.1 PHP/7.1.33-8+0~20200202.31+debian9~1.gbp266c28"
51.255.43.108 - - [05/Jul/2020:08:42:01 +0200] "POST /tokens/jwt HTTP/1.1" 201 3472 "-" "GuzzleHttp/6.5.1 curl/7.52.1 PHP/7.1.33-8+0~20200202.31+debian9~1.gbp266c28"
51.255.43.108 - - [05/Jul/2020:08:42:01 +0200] "POST /emails/process/take HTTP/1.1" 404 240 "-" "GuzzleHttp/6.5.1 curl/7.52.1 PHP/7.1.33-8+0~20200202.31+debian9~1.gbp266c28"
216.245.221.83 - - [05/Jul/2020:08:42:42 +0200] "GET /users HTTP/1.1" 401 3537 "https://api.everycheck.com/users" "Mozilla/5.0+(compatible; UptimeRobot/2.0; http://www.uptimerobot.com/)"
51.255.43.108 - - [05/Jul/2020:08:43:00 +0200] "POST /tokens/jwt HTTP/1.1" 201 3472 "-" "GuzzleHttp/6.5.1 curl/7.52.1 PHP/7.1.33-8+0~20200202.31+debian9~1.gbp266c28"
51.255.43.108 - - [05/Jul/2020:08:43:01 +0200] "POST /tokens/jwt HTTP/1.1" 201 3472 "-" "GuzzleHttp/6.5.1 curl/7.52.1 PHP/7.1.33-8+0~20200202.31+debian9~1.gbp266c28"
51.255.43.108 - - [05/Jul/2020:08:43:01 +0200] "POST /emails/process/take HTTP/1.1" 404 240 "-" "GuzzleHttp/6.5.1 curl/7.52.1 PHP/7.1.33-8+0~20200202.31+debian9~1.gbp266c28"
51.210.12.113 - - [05/Jul/2020:08:44:00 +0200] "GET /studies?limit=100&offset=0&filter[cfKind]=agreement&filter[gt_caDate]=2020-07-05%2003%3A44%3A00 HTTP/1.1" 200 3330 "-" "Go-http-client/1.1"
51.255.43.108 - - [05/Jul/2020:08:44:00 +0200] "POST /tokens/jwt HTTP/1.1" 201 3472 "-" "GuzzleHttp/6.5.1 curl/7.52.1 PHP/7.1.33-8+0~20200202.31+debian9~1.gbp266c28"
51.255.43.108 - - [05/Jul/2020:08:44:01 +0200] "POST /tokens/jwt HTTP/1.1" 201 3472 "-" "GuzzleHttp/6.5.1 curl/7.52.1 PHP/7.1.33-8+0~20200202.31+debian9~1.gbp266c28"
51.255.43.108 - - [05/Jul/2020:08:44:01 +0200] "POST /emails/process/take HTTP/1.1" 404 240 "-" "GuzzleHttp/6.5.1 curl/7.52.1 PHP/7.1.33-8+0~20200202.31+debian9~1.gbp266c28"
51.255.43.108 - - [05/Jul/2020:08:45:00 +0200] "POST /tokens/jwt HTTP/1.1" 201 3472 "-" "GuzzleHttp/6.5.1 curl/7.52.1 PHP/7.1.33-8+0~20200202.31+debian9~1.gbp266c28"
51.255.43.108 - - [05/Jul/2020:08:45:01 +0200] "POST /tokens/jwt HTTP/1.1" 201 3472 "-" "GuzzleHttp/6.5.1 curl/7.52.1 PHP/7.1.33-8+0~20200202.31+debian9~1.gbp266c28"
51.255.43.108 - - [05/Jul/2020:08:45:01 +0200] "POST /emails/process/take HTTP/1.1" 404 240 "-" "GuzzleHttp/6.5.1 curl/7.52.1 PHP/7.1.33-8+0~20200202.31+debian9~1.gbp266c28"
51.255.43.108 - - [05/Jul/2020:08:46:00 +0200] "POST /tokens/jwt HTTP/1.1" 201 3472 "-" "GuzzleHttp/6.5.1 curl/7.52.1 PHP/7.1.33-8+0~20200202.31+debian9~1.gbp266c28"
51.255.43.108 - - [05/Jul/2020:08:46:01 +0200] "POST /tokens/jwt HTTP/1.1" 201 3472 "-" "GuzzleHttp/6.5.1 curl/7.52.1 PHP/7.1.33-8+0~20200202.31+debian9~1.gbp266c28"
51.255.43.108 - - [05/Jul/2020:08:46:01 +0200] "POST /emails/process/take HTTP/1.1" 404 240 "-" "GuzzleHttp/6.5.1 curl/7.52.1 PHP/7.1.33-8+0~20200202.31+debian9~1.gbp266c28"
51.255.43.108 - - [05/Jul/2020:08:47:00 +0200] "POST /tokens/jwt HTTP/1.1" 201 3472 "-" "GuzzleHttp/6.5.1 curl/7.52.1 PHP/7.1.33-8+0~20200202.31+debian9~1.gbp266c28"
51.255.43.108 - - [05/Jul/2020:08:47:01 +0200] "POST /tokens/jwt HTTP/1.1" 201 3472 "-" "GuzzleHttp/6.5.1 curl/7.52.1 PHP/7.1.33-8+0~20200202.31+debian9~1.gbp266c28"
51.255.43.108 - - [05/Jul/2020:08:47:01 +0200] "POST /emails/process/take HTTP/1.1" 404 240 "-" "GuzzleHttp/6.5.1 curl/7.52.1 PHP/7.1.33-8+0~20200202.31+debian9~1.gbp266c28"
51.210.12.113 - - [05/Jul/2020:08:48:00 +0200] "GET /studies?limit=100&offset=0&filter[gt_caDate]=2020-07-05%2003%3A48%3A00 HTTP/1.1" 200 3330 "-" "Go-http-client/1.1"
51.255.43.108 - - [05/Jul/2020:08:48:01 +0200] "POST /tokens/jwt HTTP/1.1" 201 3472 "-" "GuzzleHttp/6.5.1 curl/7.52.1 PHP/7.1.33-8+0~20200202.31+debian9~1.gbp266c28"
51.255.43.108 - - [05/Jul/2020:08:48:01 +0200] "POST /tokens/jwt HTTP/1.1" 201 3472 "-" "GuzzleHttp/6.5.1 curl/7.52.1 PHP/7.1.33-8+0~20200202.31+debian9~1.gbp266c28"
51.255.43.108 - - [05/Jul/2020:08:48:01 +0200] "POST /emails/process/take HTTP/1.1" 404 240 "-" "GuzzleHttp/6.5.1 curl/7.52.1 PHP/7.1.33-8+0~20200202.31+debian9~1.gbp266c28"
51.255.43.108 - - [05/Jul/2020:08:49:00 +0200] "POST /tokens/jwt HTTP/1.1" 201 3472 "-" "GuzzleHttp/6.5.1 curl/7.52.1 PHP/7.1.33-8+0~20200202.31+debian9~1.gbp266c28"
51.255.43.108 - - [05/Jul/2020:08:49:01 +0200] "POST /tokens/jwt HTTP/1.1" 201 3472 "-" "GuzzleHttp/6.5.1 curl/7.52.1 PHP/7.1.33-8+0~20200202.31+debian9~1.gbp266c28"
51.255.43.108 - - [05/Jul/2020:08:49:01 +0200] "POST /emails/process/take HTTP/1.1" 404 240 "-" "GuzzleHttp/6.5.1 curl/7.52.1 PHP/7.1.33-8+0~20200202.31+debian9~1.gbp266c28"
51.255.43.108 - - [05/Jul/2020:08:50:00 +0200] "POST /tokens/jwt HTTP/1.1" 201 3472 "-" "GuzzleHttp/6.5.1 curl/7.52.1 PHP/7.1.33-8+0~20200202.31+debian9~1.gbp266c28"
51.255.43.108 - - [05/Jul/2020:08:50:01 +0200] "POST /tokens/jwt HTTP/1.1" 201 3472 "-" "GuzzleHttp/6.5.1 curl/7.52.1 PHP/7.1.33-8+0~20200202.31+debian9~1.gbp266c28"
51.255.43.108 - - [05/Jul/2020:08:50:01 +0200] "POST /emails/process/take HTTP/1.1" 404 240 "-" "GuzzleHttp/6.5.1 curl/7.52.1 PHP/7.1.33-8+0~20200202.31+debian9~1.gbp266c28"
51.255.43.108 - - [05/Jul/2020:08:51:00 +0200] "POST /tokens/jwt HTTP/1.1" 201 3472 "-" "GuzzleHttp/6.5.1 curl/7.52.1 PHP/7.1.33-8+0~20200202.31+debian9~1.gbp266c28"
51.255.43.108 - - [05/Jul/2020:08:51:01 +0200] "POST /tokens/jwt HTTP/1.1" 201 3472 "-" "GuzzleHttp/6.5.1 curl/7.52.1 PHP/7.1.33-8+0~20200202.31+debian9~1.gbp266c28"
51.255.43.108 - - [05/Jul/2020:08:51:01 +0200] "POST /emails/process/take HTTP/1.1" 404 240 "-" "GuzzleHttp/6.5.1 curl/7.52.1 PHP/7.1.33-8+0~20200202.31+debian9~1.gbp266c28"
51.255.43.108 - - [05/Jul/2020:08:52:00 +0200] "POST /tokens/jwt HTTP/1.1" 201 3472 "-" "GuzzleHttp/6.5.1 curl/7.52.1 PHP/7.1.33-8+0~20200202.31+debian9~1.gbp266c28"
51.255.43.108 - - [05/Jul/2020:08:52:01 +0200] "POST /tokens/jwt HTTP/1.1" 201 3472 "-" "GuzzleHttp/6.5.1 curl/7.52.1 PHP/7.1.33-8+0~20200202.31+debian9~1.gbp266c28"
51.255.43.108 - - [05/Jul/2020:08:52:01 +0200] "POST /emails/process/take HTTP/1.1" 404 240 "-" "GuzzleHttp/6.5.1 curl/7.52.1 PHP/7.1.33-8+0~20200202.31+debian9~1.gbp266c28"
216.245.221.83 - - [05/Jul/2020:08:52:42 +0200] "GET /users HTTP/1.1" 401 3537 "https://api.everycheck.com/users" "Mozilla/5.0+(compatible; UptimeRobot/2.0; http://www.uptimerobot.com/)"
51.255.43.108 - - [05/Jul/2020:08:53:00 +0200] "POST /tokens/jwt HTTP/1.1" 201 3472 "-" "GuzzleHttp/6.5.1 curl/7.52.1 PHP/7.1.33-8+0~20200202.31+debian9~1.gbp266c28"
51.255.43.108 - - [05/Jul/2020:08:53:01 +0200] "POST /tokens/jwt HTTP/1.1" 201 3472 "-" "GuzzleHttp/6.5.1 curl/7.52.1 PHP/7.1.33-8+0~20200202.31+debian9~1.gbp266c28"
51.255.43.108 - - [05/Jul/2020:08:53:01 +0200] "POST /emails/process/take HTTP/1.1" 404 240 "-" "GuzzleHttp/6.5.1 curl/7.52.1 PHP/7.1.33-8+0~20200202.31+debian9~1.gbp266c28"
51.210.12.113 - - [05/Jul/2020:08:54:00 +0200] "GET /studies?limit=100&offset=0&filter[cfKind]=agreement&filter[gt_caDate]=2020-07-05%2003%3A54%3A00 HTTP/1.1" 200 3330 "-" "Go-http-client/1.1"
51.255.43.108 - - [05/Jul/2020:08:54:00 +0200] "POST /tokens/jwt HTTP/1.1" 201 3472 "-" "GuzzleHttp/6.5.1 curl/7.52.1 PHP/7.1.33-8+0~20200202.31+debian9~1.gbp266c28"
51.255.43.108 - - [05/Jul/2020:08:54:01 +0200] "POST /tokens/jwt HTTP/1.1" 201 3472 "-" "GuzzleHttp/6.5.1 curl/7.52.1 PHP/7.1.33-8+0~20200202.31+debian9~1.gbp266c28"
51.255.43.108 - - [05/Jul/2020:08:54:01 +0200] "POST /emails/process/take HTTP/1.1" 404 240 "-" "GuzzleHttp/6.5.1 curl/7.52.1 PHP/7.1.33-8+0~20200202.31+debian9~1.gbp266c28"
51.255.43.108 - - [05/Jul/2020:08:55:00 +0200] "POST /tokens/jwt HTTP/1.1" 201 3472 "-" "GuzzleHttp/6.5.1 curl/7.52.1 PHP/7.1.33-8+0~20200202.31+debian9~1.gbp266c28"
51.255.43.108 - - [05/Jul/2020:08:55:01 +0200] "POST /tokens/jwt HTTP/1.1" 201 3472 "-" "GuzzleHttp/6.5.1 curl/7.52.1 PHP/7.1.33-8+0~20200202.31+debian9~1.gbp266c28"
51.255.43.108 - - [05/Jul/2020:08:55:01 +0200] "POST /emails/process/take HTTP/1.1" 404 240 "-" "GuzzleHttp/6.5.1 curl/7.52.1 PHP/7.1.33-8+0~20200202.31+debian9~1.gbp266c28"
51.255.43.108 - - [05/Jul/2020:08:56:00 +0200] "POST /tokens/jwt HTTP/1.1" 201 3472 "-" "GuzzleHttp/6.5.1 curl/7.52.1 PHP/7.1.33-8+0~20200202.31+debian9~1.gbp266c28"
51.255.43.108 - - [05/Jul/2020:08:56:01 +0200] "POST /tokens/jwt HTTP/1.1" 201 3472 "-" "GuzzleHttp/6.5.1 curl/7.52.1 PHP/7.1.33-8+0~20200202.31+debian9~1.gbp266c28"
51.255.43.108 - - [05/Jul/2020:08:56:01 +0200] "POST /emails/process/take HTTP/1.1" 404 240 "-" "GuzzleHttp/6.5.1 curl/7.52.1 PHP/7.1.33-8+0~20200202.31+debian9~1.gbp266c28"
51.255.43.108 - - [05/Jul/2020:08:57:00 +0200] "POST /tokens/jwt HTTP/1.1" 201 3472 "-" "GuzzleHttp/6.5.1 curl/7.52.1 PHP/7.1.33-8+0~20200202.31+debian9~1.gbp266c28"
51.255.43.108 - - [05/Jul/2020:08:57:01 +0200] "POST /tokens/jwt HTTP/1.1" 201 3472 "-" "GuzzleHttp/6.5.1 curl/7.52.1 PHP/7.1.33-8+0~20200202.31+debian9~1.gbp266c28"
51.255.43.108 - - [05/Jul/2020:08:57:01 +0200] "POST /emails/process/take HTTP/1.1" 404 240 "-" "GuzzleHttp/6.5.1 curl/7.52.1 PHP/7.1.33-8+0~20200202.31+debian9~1.gbp266c28"
51.210.12.113 - - [05/Jul/2020:08:58:00 +0200] "GET /studies?limit=100&offset=0&filter[gt_caDate]=2020-07-05%2003%3A58%3A00 HTTP/1.1" 200 3330 "-" "Go-http-client/1.1"
51.255.43.108 - - [05/Jul/2020:08:58:00 +0200] "POST /tokens/jwt HTTP/1.1" 201 3472 "-" "GuzzleHttp/6.5.1 curl/7.52.1 PHP/7.1.33-8+0~20200202.31+debian9~1.gbp266c28"
51.255.43.108 - - [05/Jul/2020:08:58:01 +0200] "POST /tokens/jwt HTTP/1.1" 201 3472 "-" "GuzzleHttp/6.5.1 curl/7.52.1 PHP/7.1.33-8+0~20200202.31+debian9~1.gbp266c28"
51.255.43.108 - - [05/Jul/2020:08:58:01 +0200] "POST /emails/process/take HTTP/1.1" 404 240 "-" "GuzzleHttp/6.5.1 curl/7.52.1 PHP/7.1.33-8+0~20200202.31+debian9~1.gbp266c28"
51.255.43.108 - - [05/Jul/2020:08:59:00 +0200] "POST /tokens/jwt HTTP/1.1" 201 3472 "-" "GuzzleHttp/6.5.1 curl/7.52.1 PHP/7.1.33-8+0~20200202.31+debian9~1.gbp266c28"
51.255.43.108 - - [05/Jul/2020:08:59:01 +0200] "POST /tokens/jwt HTTP/1.1" 201 3472 "-" "GuzzleHttp/6.5.1 curl/7.52.1 PHP/7.1.33-8+0~20200202.31+debian9~1.gbp266c28"
51.255.43.108 - - [05/Jul/2020:08:59:01 +0200] "POST /emails/process/take HTTP/1.1" 404 240 "-" "GuzzleHttp/6.5.1 curl/7.52.1 PHP/7.1.33-8+0~20200202.31+debian9~1.gbp266c28"
51.255.43.108 - - [05/Jul/2020:09:00:00 +0200] "POST /tokens/jwt HTTP/1.1" 201 3472 "-" "GuzzleHttp/6.5.1 curl/7.52.1 PHP/7.1.33-8+0~20200202.31+debian9~1.gbp266c28"
51.255.43.108 - - [05/Jul/2020:09:00:01 +0200] "POST /tokens/jwt HTTP/1.1" 201 3472 "-" "GuzzleHttp/6.5.1 curl/7.52.1 PHP/7.1.33-8+0~20200202.31+debian9~1.gbp266c28"
51.255.43.108 - - [05/Jul/2020:09:00:01 +0200] "POST /emails/process/take HTTP/1.1" 404 240 "-" "GuzzleHttp/6.5.1 curl/7.52.1 PHP/7.1.33-8+0~20200202.31+debian9~1.gbp266c28"
51.255.43.108 - - [05/Jul/2020:09:01:00 +0200] "POST /tokens/jwt HTTP/1.1" 201 3472 "-" "GuzzleHttp/6.5.1 curl/7.52.1 PHP/7.1.33-8+0~20200202.31+debian9~1.gbp266c28"
51.255.43.108 - - [05/Jul/2020:09:01:01 +0200] "POST /tokens/jwt HTTP/1.1" 201 3472 "-" "GuzzleHttp/6.5.1 curl/7.52.1 PHP/7.1.33-8+0~20200202.31+debian9~1.gbp266c28"
51.255.43.108 - - [05/Jul/2020:09:01:01 +0200] "POST /emails/process/take HTTP/1.1" 404 240 "-" "GuzzleHttp/6.5.1 curl/7.52.1 PHP/7.1.33-8+0~20200202.31+debian9~1.gbp266c28"
51.255.43.108 - - [05/Jul/2020:09:02:00 +0200] "POST /tokens/jwt HTTP/1.1" 201 3472 "-" "GuzzleHttp/6.5.1 curl/7.52.1 PHP/7.1.33-8+0~20200202.31+debian9~1.gbp266c28"
51.255.43.108 - - [05/Jul/2020:09:02:01 +0200] "POST /tokens/jwt HTTP/1.1" 201 3472 "-" "GuzzleHttp/6.5.1 curl/7.52.1 PHP/7.1.33-8+0~20200202.31+debian9~1.gbp266c28"
51.255.43.108 - - [05/Jul/2020:09:02:01 +0200] "POST /emails/process/take HTTP/1.1" 404 240 "-" "GuzzleHttp/6.5.1 curl/7.52.1 PHP/7.1.33-8+0~20200202.31+debian9~1.gbp266c28"
216.245.221.83 - - [05/Jul/2020:09:02:42 +0200] "GET /users HTTP/1.1" 401 3537 "https://api.everycheck.com/users" "Mozilla/5.0+(compatible; UptimeRobot/2.0; http://www.uptimerobot.com/)"
51.255.43.108 - - [05/Jul/2020:09:03:00 +0200] "POST /tokens/jwt HTTP/1.1" 201 3472 "-" "GuzzleHttp/6.5.1 curl/7.52.1 PHP/7.1.33-8+0~20200202.31+debian9~1.gbp266c28"
51.255.43.108 - - [05/Jul/2020:09:03:01 +0200] "POST /tokens/jwt HTTP/1.1" 201 3472 "-" "GuzzleHttp/6.5.1 curl/7.52.1 PHP/7.1.33-8+0~20200202.31+debian9~1.gbp266c28"
51.255.43.108 - - [05/Jul/2020:09:03:01 +0200] "POST /emails/process/take HTTP/1.1" 404 240 "-" "GuzzleHttp/6.5.1 curl/7.52.1 PHP/7.1.33-8+0~20200202.31+debian9~1.gbp266c28"
51.210.12.113 - - [05/Jul/2020:09:04:00 +0200] "GET /studies?limit=100&offset=0&filter[cfKind]=agreement&filter[gt_caDate]=2020-07-05%2004%3A04%3A00 HTTP/1.1" 200 3330 "-" "Go-http-client/1.1"
51.255.43.108 - - [05/Jul/2020:09:04:00 +0200] "POST /tokens/jwt HTTP/1.1" 201 3472 "-" "GuzzleHttp/6.5.1 curl/7.52.1 PHP/7.1.33-8+0~20200202.31+debian9~1.gbp266c28"
51.255.43.108 - - [05/Jul/2020:09:04:01 +0200] "POST /tokens/jwt HTTP/1.1" 201 3472 "-" "GuzzleHttp/6.5.1 curl/7.52.1 PHP/7.1.33-8+0~20200202.31+debian9~1.gbp266c28"
51.255.43.108 - - [05/Jul/2020:09:04:01 +0200] "POST /emails/process/take HTTP/1.1" 404 240 "-" "GuzzleHttp/6.5.1 curl/7.52.1 PHP/7.1.33-8+0~20200202.31+debian9~1.gbp266c28"
51.255.43.108 - - [05/Jul/2020:09:05:00 +0200] "POST /tokens/jwt HTTP/1.1" 201 3472 "-" "GuzzleHttp/6.5.1 curl/7.52.1 PHP/7.1.33-8+0~20200202.31+debian9~1.gbp266c28"
51.255.43.108 - - [05/Jul/2020:09:05:01 +0200] "POST /tokens/jwt HTTP/1.1" 201 3472 "-" "GuzzleHttp/6.5.1 curl/7.52.1 PHP/7.1.33-8+0~20200202.31+debian9~1.gbp266c28"
51.255.43.108 - - [05/Jul/2020:09:05:01 +0200] "POST /emails/process/take HTTP/1.1" 404 240 "-" "GuzzleHttp/6.5.1 curl/7.52.1 PHP/7.1.33-8+0~20200202.31+debian9~1.gbp266c28"
51.255.43.108 - - [05/Jul/2020:09:06:00 +0200] "POST /tokens/jwt HTTP/1.1" 201 3472 "-" "GuzzleHttp/6.5.1 curl/7.52.1 PHP/7.1.33-8+0~20200202.31+debian9~1.gbp266c28"
51.255.43.108 - - [05/Jul/2020:09:06:01 +0200] "POST /tokens/jwt HTTP/1.1" 201 3472 "-" "GuzzleHttp/6.5.1 curl/7.52.1 PHP/7.1.33-8+0~20200202.31+debian9~1.gbp266c28"
51.255.43.108 - - [05/Jul/2020:09:06:01 +0200] "POST /emails/process/take HTTP/1.1" 404 240 "-" "GuzzleHttp/6.5.1 curl/7.52.1 PHP/7.1.33-8+0~20200202.31+debian9~1.gbp266c28"
51.255.43.108 - - [05/Jul/2020:09:07:00 +0200] "POST /tokens/jwt HTTP/1.1" 201 3472 "-" "GuzzleHttp/6.5.1 curl/7.52.1 PHP/7.1.33-8+0~20200202.31+debian9~1.gbp266c28"
51.255.43.108 - - [05/Jul/2020:09:07:01 +0200] "POST /tokens/jwt HTTP/1.1" 201 3472 "-" "GuzzleHttp/6.5.1 curl/7.52.1 PHP/7.1.33-8+0~20200202.31+debian9~1.gbp266c28"
51.255.43.108 - - [05/Jul/2020:09:07:01 +0200] "POST /emails/process/take HTTP/1.1" 404 240 "-" "GuzzleHttp/6.5.1 curl/7.52.1 PHP/7.1.33-8+0~20200202.31+debian9~1.gbp266c28"
51.210.12.113 - - [05/Jul/2020:09:08:00 +0200] "GET /studies?limit=100&offset=0&filter[gt_caDate]=2020-07-05%2004%3A08%3A00 HTTP/1.1" 200 3330 "-" "Go-http-client/1.1"
51.255.43.108 - - [05/Jul/2020:09:08:00 +0200] "POST /tokens/jwt HTTP/1.1" 201 3472 "-" "GuzzleHttp/6.5.1 curl/7.52.1 PHP/7.1.33-8+0~20200202.31+debian9~1.gbp266c28"
51.255.43.108 - - [05/Jul/2020:09:08:01 +0200] "POST /tokens/jwt HTTP/1.1" 201 3472 "-" "GuzzleHttp/6.5.1 curl/7.52.1 PHP/7.1.33-8+0~20200202.31+debian9~1.gbp266c28"
51.255.43.108 - - [05/Jul/2020:09:08:01 +0200] "POST /emails/process/take HTTP/1.1" 404 240 "-" "GuzzleHttp/6.5.1 curl/7.52.1 PHP/7.1.33-8+0~20200202.31+debian9~1.gbp266c28"
51.255.43.108 - - [05/Jul/2020:09:09:00 +0200] "POST /tokens/jwt HTTP/1.1" 201 3472 "-" "GuzzleHttp/6.5.1 curl/7.52.1 PHP/7.1.33-8+0~20200202.31+debian9~1.gbp266c28"
51.255.43.108 - - [05/Jul/2020:09:09:01 +0200] "POST /tokens/jwt HTTP/1.1" 201 3472 "-" "GuzzleHttp/6.5.1 curl/7.52.1 PHP/7.1.33-8+0~20200202.31+debian9~1.gbp266c28"
51.255.43.108 - - [05/Jul/2020:09:09:01 +0200] "POST /emails/process/take HTTP/1.1" 404 240 "-" "GuzzleHttp/6.5.1 curl/7.52.1 PHP/7.1.33-8+0~20200202.31+debian9~1.gbp266c28"
51.255.43.108 - - [05/Jul/2020:09:10:00 +0200] "POST /tokens/jwt HTTP/1.1" 201 3472 "-" "GuzzleHttp/6.5.1 curl/7.52.1 PHP/7.1.33-8+0~20200202.31+debian9~1.gbp266c28"
51.255.43.108 - - [05/Jul/2020:09:10:01 +0200] "POST /tokens/jwt HTTP/1.1" 201 3472 "-" "GuzzleHttp/6.5.1 curl/7.52.1 PHP/7.1.33-8+0~20200202.31+debian9~1.gbp266c28"
51.255.43.108 - - [05/Jul/2020:09:10:01 +0200] "POST /emails/process/take HTTP/1.1" 404 240 "-" "GuzzleHttp/6.5.1 curl/7.52.1 PHP/7.1.33-8+0~20200202.31+debian9~1.gbp266c28"
51.255.43.108 - - [05/Jul/2020:09:11:00 +0200] "POST /tokens/jwt HTTP/1.1" 201 3472 "-" "GuzzleHttp/6.5.1 curl/7.52.1 PHP/7.1.33-8+0~20200202.31+debian9~1.gbp266c28"
51.255.43.108 - - [05/Jul/2020:09:11:01 +0200] "POST /tokens/jwt HTTP/1.1" 201 3472 "-" "GuzzleHttp/6.5.1 curl/7.52.1 PHP/7.1.33-8+0~20200202.31+debian9~1.gbp266c28"
51.255.43.108 - - [05/Jul/2020:09:11:01 +0200] "POST /emails/process/take HTTP/1.1" 404 240 "-" "GuzzleHttp/6.5.1 curl/7.52.1 PHP/7.1.33-8+0~20200202.31+debian9~1.gbp266c28"
51.255.43.108 - - [05/Jul/2020:09:12:00 +0200] "POST /tokens/jwt HTTP/1.1" 201 3472 "-" "GuzzleHttp/6.5.1 curl/7.52.1 PHP/7.1.33-8+0~20200202.31+debian9~1.gbp266c28"
51.255.43.108 - - [05/Jul/2020:09:12:01 +0200] "POST /tokens/jwt HTTP/1.1" 201 3472 "-" "GuzzleHttp/6.5.1 curl/7.52.1 PHP/7.1.33-8+0~20200202.31+debian9~1.gbp266c28"
51.255.43.108 - - [05/Jul/2020:09:12:01 +0200] "POST /emails/process/take HTTP/1.1" 404 240 "-" "GuzzleHttp/6.5.1 curl/7.52.1 PHP/7.1.33-8+0~20200202.31+debian9~1.gbp266c28"
216.245.221.83 - - [05/Jul/2020:09:12:42 +0200] "GET /users HTTP/1.1" 401 3537 "https://api.everycheck.com/users" "Mozilla/5.0+(compatible; UptimeRobot/2.0; http://www.uptimerobot.com/)"
51.255.43.108 - - [05/Jul/2020:09:13:00 +0200] "POST /tokens/jwt HTTP/1.1" 201 3472 "-" "GuzzleHttp/6.5.1 curl/7.52.1 PHP/7.1.33-8+0~20200202.31+debian9~1.gbp266c28"
51.255.43.108 - - [05/Jul/2020:09:13:01 +0200] "POST /tokens/jwt HTTP/1.1" 201 3472 "-" "GuzzleHttp/6.5.1 curl/7.52.1 PHP/7.1.33-8+0~20200202.31+debian9~1.gbp266c28"
51.255.43.108 - - [05/Jul/2020:09:13:01 +0200] "POST /emails/process/take HTTP/1.1" 404 240 "-" "GuzzleHttp/6.5.1 curl/7.52.1 PHP/7.1.33-8+0~20200202.31+debian9~1.gbp266c28"
51.210.12.113 - - [05/Jul/2020:09:14:00 +0200] "GET /studies?limit=100&offset=0&filter[cfKind]=agreement&filter[gt_caDate]=2020-07-05%2004%3A14%3A00 HTTP/1.1" 200 3330 "-" "Go-http-client/1.1"
51.255.43.108 - - [05/Jul/2020:09:14:00 +0200] "POST /tokens/jwt HTTP/1.1" 201 3472 "-" "GuzzleHttp/6.5.1 curl/7.52.1 PHP/7.1.33-8+0~20200202.31+debian9~1.gbp266c28"
51.255.43.108 - - [05/Jul/2020:09:14:01 +0200] "POST /tokens/jwt HTTP/1.1" 201 3472 "-" "GuzzleHttp/6.5.1 curl/7.52.1 PHP/7.1.33-8+0~20200202.31+debian9~1.gbp266c28"
51.255.43.108 - - [05/Jul/2020:09:14:01 +0200] "POST /emails/process/take HTTP/1.1" 404 240 "-" "GuzzleHttp/6.5.1 curl/7.52.1 PHP/7.1.33-8+0~20200202.31+debian9~1.gbp266c28"
51.255.43.108 - - [05/Jul/2020:09:15:00 +0200] "POST /tokens/jwt HTTP/1.1" 201 3472 "-" "GuzzleHttp/6.5.1 curl/7.52.1 PHP/7.1.33-8+0~20200202.31+debian9~1.gbp266c28"
51.255.43.108 - - [05/Jul/2020:09:15:01 +0200] "POST /tokens/jwt HTTP/1.1" 201 3472 "-" "GuzzleHttp/6.5.1 curl/7.52.1 PHP/7.1.33-8+0~20200202.31+debian9~1.gbp266c28"
51.255.43.108 - - [05/Jul/2020:09:15:01 +0200] "POST /emails/process/take HTTP/1.1" 404 240 "-" "GuzzleHttp/6.5.1 curl/7.52.1 PHP/7.1.33-8+0~20200202.31+debian9~1.gbp266c28"
51.255.43.108 - - [05/Jul/2020:09:16:00 +0200] "POST /tokens/jwt HTTP/1.1" 201 3472 "-" "GuzzleHttp/6.5.1 curl/7.52.1 PHP/7.1.33-8+0~20200202.31+debian9~1.gbp266c28"
51.255.43.108 - - [05/Jul/2020:09:16:01 +0200] "POST /tokens/jwt HTTP/1.1" 201 3472 "-" "GuzzleHttp/6.5.1 curl/7.52.1 PHP/7.1.33-8+0~20200202.31+debian9~1.gbp266c28"
51.255.43.108 - - [05/Jul/2020:09:16:01 +0200] "POST /emails/process/take HTTP/1.1" 404 240 "-" "GuzzleHttp/6.5.1 curl/7.52.1 PHP/7.1.33-8+0~20200202.31+debian9~1.gbp266c28"
51.255.43.108 - - [05/Jul/2020:09:17:01 +0200] "POST /tokens/jwt HTTP/1.1" 201 3472 "-" "GuzzleHttp/6.5.1 curl/7.52.1 PHP/7.1.33-8+0~20200202.31+debian9~1.gbp266c28"
51.255.43.108 - - [05/Jul/2020:09:17:01 +0200] "POST /tokens/jwt HTTP/1.1" 201 3472 "-" "GuzzleHttp/6.5.1 curl/7.52.1 PHP/7.1.33-8+0~20200202.31+debian9~1.gbp266c28"
51.255.43.108 - - [05/Jul/2020:09:17:01 +0200] "POST /emails/process/take HTTP/1.1" 404 240 "-" "GuzzleHttp/6.5.1 curl/7.52.1 PHP/7.1.33-8+0~20200202.31+debian9~1.gbp266c28"
51.210.12.113 - - [05/Jul/2020:09:18:00 +0200] "GET /studies?limit=100&offset=0&filter[gt_caDate]=2020-07-05%2004%3A18%3A00 HTTP/1.1" 200 3330 "-" "Go-http-client/1.1"
51.255.43.108 - - [05/Jul/2020:09:18:00 +0200] "POST /tokens/jwt HTTP/1.1" 201 3472 "-" "GuzzleHttp/6.5.1 curl/7.52.1 PHP/7.1.33-8+0~20200202.31+debian9~1.gbp266c28"
51.255.43.108 - - [05/Jul/2020:09:18:01 +0200] "POST /tokens/jwt HTTP/1.1" 201 3472 "-" "GuzzleHttp/6.5.1 curl/7.52.1 PHP/7.1.33-8+0~20200202.31+debian9~1.gbp266c28"
51.255.43.108 - - [05/Jul/2020:09:18:01 +0200] "POST /emails/process/take HTTP/1.1" 404 240 "-" "GuzzleHttp/6.5.1 curl/7.52.1 PHP/7.1.33-8+0~20200202.31+debian9~1.gbp266c28"
51.255.43.108 - - [05/Jul/2020:09:19:00 +0200] "POST /tokens/jwt HTTP/1.1" 201 3472 "-" "GuzzleHttp/6.5.1 curl/7.52.1 PHP/7.1.33-8+0~20200202.31+debian9~1.gbp266c28"
51.255.43.108 - - [05/Jul/2020:09:19:01 +0200] "POST /tokens/jwt HTTP/1.1" 201 3472 "-" "GuzzleHttp/6.5.1 curl/7.52.1 PHP/7.1.33-8+0~20200202.31+debian9~1.gbp266c28"
51.255.43.108 - - [05/Jul/2020:09:19:01 +0200] "POST /emails/process/take HTTP/1.1" 404 240 "-" "GuzzleHttp/6.5.1 curl/7.52.1 PHP/7.1.33-8+0~20200202.31+debian9~1.gbp266c28"
51.255.43.108 - - [05/Jul/2020:09:20:00 +0200] "POST /tokens/jwt HTTP/1.1" 201 3472 "-" "GuzzleHttp/6.5.1 curl/7.52.1 PHP/7.1.33-8+0~20200202.31+debian9~1.gbp266c28"
51.255.43.108 - - [05/Jul/2020:09:20:01 +0200] "POST /tokens/jwt HTTP/1.1" 201 3472 "-" "GuzzleHttp/6.5.1 curl/7.52.1 PHP/7.1.33-8+0~20200202.31+debian9~1.gbp266c28"
51.255.43.108 - - [05/Jul/2020:09:20:01 +0200] "POST /emails/process/take HTTP/1.1" 404 240 "-" "GuzzleHttp/6.5.1 curl/7.52.1 PHP/7.1.33-8+0~20200202.31+debian9~1.gbp266c28"
51.255.43.108 - - [05/Jul/2020:09:21:00 +0200] "POST /tokens/jwt HTTP/1.1" 201 3472 "-" "GuzzleHttp/6.5.1 curl/7.52.1 PHP/7.1.33-8+0~20200202.31+debian9~1.gbp266c28"
51.255.43.108 - - [05/Jul/2020:09:21:01 +0200] "POST /tokens/jwt HTTP/1.1" 201 3472 "-" "GuzzleHttp/6.5.1 curl/7.52.1 PHP/7.1.33-8+0~20200202.31+debian9~1.gbp266c28"
51.255.43.108 - - [05/Jul/2020:09:21:01 +0200] "POST /emails/process/take HTTP/1.1" 404 240 "-" "GuzzleHttp/6.5.1 curl/7.52.1 PHP/7.1.33-8+0~20200202.31+debian9~1.gbp266c28"
51.255.43.108 - - [05/Jul/2020:09:22:00 +0200] "POST /tokens/jwt HTTP/1.1" 201 3472 "-" "GuzzleHttp/6.5.1 curl/7.52.1 PHP/7.1.33-8+0~20200202.31+debian9~1.gbp266c28"
51.255.43.108 - - [05/Jul/2020:09:22:01 +0200] "POST /tokens/jwt HTTP/1.1" 201 3472 "-" "GuzzleHttp/6.5.1 curl/7.52.1 PHP/7.1.33-8+0~20200202.31+debian9~1.gbp266c28"
51.255.43.108 - - [05/Jul/2020:09:22:01 +0200] "POST /emails/process/take HTTP/1.1" 404 240 "-" "GuzzleHttp/6.5.1 curl/7.52.1 PHP/7.1.33-8+0~20200202.31+debian9~1.gbp266c28"
216.245.221.83 - - [05/Jul/2020:09:22:42 +0200] "GET /users HTTP/1.1" 401 3537 "https://api.everycheck.com/users" "Mozilla/5.0+(compatible; UptimeRobot/2.0; http://www.uptimerobot.com/)"
51.255.43.108 - - [05/Jul/2020:09:23:00 +0200] "POST /tokens/jwt HTTP/1.1" 201 3472 "-" "GuzzleHttp/6.5.1 curl/7.52.1 PHP/7.1.33-8+0~20200202.31+debian9~1.gbp266c28"
51.255.43.108 - - [05/Jul/2020:09:23:01 +0200] "POST /tokens/jwt HTTP/1.1" 201 3472 "-" "GuzzleHttp/6.5.1 curl/7.52.1 PHP/7.1.33-8+0~20200202.31+debian9~1.gbp266c28"
51.255.43.108 - - [05/Jul/2020:09:23:01 +0200] "POST /emails/process/take HTTP/1.1" 404 240 "-" "GuzzleHttp/6.5.1 curl/7.52.1 PHP/7.1.33-8+0~20200202.31+debian9~1.gbp266c28"
51.210.12.113 - - [05/Jul/2020:09:24:00 +0200] "GET /studies?limit=100&offset=0&filter[cfKind]=agreement&filter[gt_caDate]=2020-07-05%2004%3A24%3A00 HTTP/1.1" 200 3330 "-" "Go-http-client/1.1"
51.255.43.108 - - [05/Jul/2020:09:24:00 +0200] "POST /tokens/jwt HTTP/1.1" 201 3472 "-" "GuzzleHttp/6.5.1 curl/7.52.1 PHP/7.1.33-8+0~20200202.31+debian9~1.gbp266c28"
51.255.43.108 - - [05/Jul/2020:09:24:01 +0200] "POST /tokens/jwt HTTP/1.1" 201 3472 "-" "GuzzleHttp/6.5.1 curl/7.52.1 PHP/7.1.33-8+0~20200202.31+debian9~1.gbp266c28"
51.255.43.108 - - [05/Jul/2020:09:24:01 +0200] "POST /emails/process/take HTTP/1.1" 404 240 "-" "GuzzleHttp/6.5.1 curl/7.52.1 PHP/7.1.33-8+0~20200202.31+debian9~1.gbp266c28"
51.255.43.108 - - [05/Jul/2020:09:25:00 +0200] "POST /tokens/jwt HTTP/1.1" 201 3472 "-" "GuzzleHttp/6.5.1 curl/7.52.1 PHP/7.1.33-8+0~20200202.31+debian9~1.gbp266c28"
51.255.43.108 - - [05/Jul/2020:09:25:01 +0200] "POST /tokens/jwt HTTP/1.1" 201 3472 "-" "GuzzleHttp/6.5.1 curl/7.52.1 PHP/7.1.33-8+0~20200202.31+debian9~1.gbp266c28"
51.255.43.108 - - [05/Jul/2020:09:25:01 +0200] "POST /emails/process/take HTTP/1.1" 404 240 "-" "GuzzleHttp/6.5.1 curl/7.52.1 PHP/7.1.33-8+0~20200202.31+debian9~1.gbp266c28"
51.255.43.108 - - [05/Jul/2020:09:26:00 +0200] "POST /tokens/jwt HTTP/1.1" 201 3472 "-" "GuzzleHttp/6.5.1 curl/7.52.1 PHP/7.1.33-8+0~20200202.31+debian9~1.gbp266c28"
51.255.43.108 - - [05/Jul/2020:09:26:01 +0200] "POST /tokens/jwt HTTP/1.1" 201 3472 "-" "GuzzleHttp/6.5.1 curl/7.52.1 PHP/7.1.33-8+0~20200202.31+debian9~1.gbp266c28"
51.255.43.108 - - [05/Jul/2020:09:26:01 +0200] "POST /emails/process/take HTTP/1.1" 404 240 "-" "GuzzleHttp/6.5.1 curl/7.52.1 PHP/7.1.33-8+0~20200202.31+debian9~1.gbp266c28"
128.14.133.58 - - [05/Jul/2020:09:26:41 +0200] "GET / HTTP/1.1" 404 3750 "http://151.80.233.118/" "Mozilla/5.0 (Windows NT 10.0; Win64; x64) AppleWebKit/537.36 (KHTML, like Gecko) Chrome/60.0.3112.113 Safari/537.36"
51.255.43.108 - - [05/Jul/2020:09:27:00 +0200] "POST /tokens/jwt HTTP/1.1" 201 3472 "-" "GuzzleHttp/6.5.1 curl/7.52.1 PHP/7.1.33-8+0~20200202.31+debian9~1.gbp266c28"
51.255.43.108 - - [05/Jul/2020:09:27:01 +0200] "POST /tokens/jwt HTTP/1.1" 201 3472 "-" "GuzzleHttp/6.5.1 curl/7.52.1 PHP/7.1.33-8+0~20200202.31+debian9~1.gbp266c28"
51.255.43.108 - - [05/Jul/2020:09:27:01 +0200] "POST /emails/process/take HTTP/1.1" 404 240 "-" "GuzzleHttp/6.5.1 curl/7.52.1 PHP/7.1.33-8+0~20200202.31+debian9~1.gbp266c28"
51.210.12.113 - - [05/Jul/2020:09:28:00 +0200] "GET /studies?limit=100&offset=0&filter[gt_caDate]=2020-07-05%2004%3A28%3A00 HTTP/1.1" 200 3330 "-" "Go-http-client/1.1"
51.255.43.108 - - [05/Jul/2020:09:28:00 +0200] "POST /tokens/jwt HTTP/1.1" 201 3472 "-" "GuzzleHttp/6.5.1 curl/7.52.1 PHP/7.1.33-8+0~20200202.31+debian9~1.gbp266c28"
51.255.43.108 - - [05/Jul/2020:09:28:01 +0200] "POST /tokens/jwt HTTP/1.1" 201 3472 "-" "GuzzleHttp/6.5.1 curl/7.52.1 PHP/7.1.33-8+0~20200202.31+debian9~1.gbp266c28"
51.255.43.108 - - [05/Jul/2020:09:28:01 +0200] "POST /emails/process/take HTTP/1.1" 404 240 "-" "GuzzleHttp/6.5.1 curl/7.52.1 PHP/7.1.33-8+0~20200202.31+debian9~1.gbp266c28"
51.255.43.108 - - [05/Jul/2020:09:29:00 +0200] "POST /tokens/jwt HTTP/1.1" 201 3472 "-" "GuzzleHttp/6.5.1 curl/7.52.1 PHP/7.1.33-8+0~20200202.31+debian9~1.gbp266c28"
51.255.43.108 - - [05/Jul/2020:09:29:01 +0200] "POST /tokens/jwt HTTP/1.1" 201 3472 "-" "GuzzleHttp/6.5.1 curl/7.52.1 PHP/7.1.33-8+0~20200202.31+debian9~1.gbp266c28"
51.255.43.108 - - [05/Jul/2020:09:29:01 +0200] "POST /emails/process/take HTTP/1.1" 404 240 "-" "GuzzleHttp/6.5.1 curl/7.52.1 PHP/7.1.33-8+0~20200202.31+debian9~1.gbp266c28"
51.255.43.108 - - [05/Jul/2020:09:30:00 +0200] "POST /tokens/jwt HTTP/1.1" 201 3472 "-" "GuzzleHttp/6.5.1 curl/7.52.1 PHP/7.1.33-8+0~20200202.31+debian9~1.gbp266c28"
51.255.43.108 - - [05/Jul/2020:09:30:01 +0200] "POST /tokens/jwt HTTP/1.1" 201 3472 "-" "GuzzleHttp/6.5.1 curl/7.52.1 PHP/7.1.33-8+0~20200202.31+debian9~1.gbp266c28"
51.255.43.108 - - [05/Jul/2020:09:30:01 +0200] "POST /emails/process/take HTTP/1.1" 404 240 "-" "GuzzleHttp/6.5.1 curl/7.52.1 PHP/7.1.33-8+0~20200202.31+debian9~1.gbp266c28"
51.255.43.108 - - [05/Jul/2020:09:31:00 +0200] "POST /tokens/jwt HTTP/1.1" 201 3472 "-" "GuzzleHttp/6.5.1 curl/7.52.1 PHP/7.1.33-8+0~20200202.31+debian9~1.gbp266c28"
51.255.43.108 - - [05/Jul/2020:09:31:01 +0200] "POST /tokens/jwt HTTP/1.1" 201 3472 "-" "GuzzleHttp/6.5.1 curl/7.52.1 PHP/7.1.33-8+0~20200202.31+debian9~1.gbp266c28"
51.255.43.108 - - [05/Jul/2020:09:31:01 +0200] "POST /emails/process/take HTTP/1.1" 404 240 "-" "GuzzleHttp/6.5.1 curl/7.52.1 PHP/7.1.33-8+0~20200202.31+debian9~1.gbp266c28"
51.255.43.108 - - [05/Jul/2020:09:32:00 +0200] "POST /tokens/jwt HTTP/1.1" 201 3472 "-" "GuzzleHttp/6.5.1 curl/7.52.1 PHP/7.1.33-8+0~20200202.31+debian9~1.gbp266c28"
51.255.43.108 - - [05/Jul/2020:09:32:01 +0200] "POST /tokens/jwt HTTP/1.1" 201 3472 "-" "GuzzleHttp/6.5.1 curl/7.52.1 PHP/7.1.33-8+0~20200202.31+debian9~1.gbp266c28"
51.255.43.108 - - [05/Jul/2020:09:32:01 +0200] "POST /emails/process/take HTTP/1.1" 404 240 "-" "GuzzleHttp/6.5.1 curl/7.52.1 PHP/7.1.33-8+0~20200202.31+debian9~1.gbp266c28"
216.245.221.83 - - [05/Jul/2020:09:32:42 +0200] "GET /users HTTP/1.1" 401 3537 "https://api.everycheck.com/users" "Mozilla/5.0+(compatible; UptimeRobot/2.0; http://www.uptimerobot.com/)"
51.255.43.108 - - [05/Jul/2020:09:33:00 +0200] "POST /tokens/jwt HTTP/1.1" 201 3472 "-" "GuzzleHttp/6.5.1 curl/7.52.1 PHP/7.1.33-8+0~20200202.31+debian9~1.gbp266c28"
51.255.43.108 - - [05/Jul/2020:09:33:01 +0200] "POST /tokens/jwt HTTP/1.1" 201 3472 "-" "GuzzleHttp/6.5.1 curl/7.52.1 PHP/7.1.33-8+0~20200202.31+debian9~1.gbp266c28"
51.255.43.108 - - [05/Jul/2020:09:33:01 +0200] "POST /emails/process/take HTTP/1.1" 404 240 "-" "GuzzleHttp/6.5.1 curl/7.52.1 PHP/7.1.33-8+0~20200202.31+debian9~1.gbp266c28"
51.210.12.113 - - [05/Jul/2020:09:34:00 +0200] "GET /studies?limit=100&offset=0&filter[cfKind]=agreement&filter[gt_caDate]=2020-07-05%2004%3A34%3A00 HTTP/1.1" 200 3330 "-" "Go-http-client/1.1"
51.255.43.108 - - [05/Jul/2020:09:34:00 +0200] "POST /tokens/jwt HTTP/1.1" 201 3472 "-" "GuzzleHttp/6.5.1 curl/7.52.1 PHP/7.1.33-8+0~20200202.31+debian9~1.gbp266c28"
51.255.43.108 - - [05/Jul/2020:09:34:01 +0200] "POST /tokens/jwt HTTP/1.1" 201 3472 "-" "GuzzleHttp/6.5.1 curl/7.52.1 PHP/7.1.33-8+0~20200202.31+debian9~1.gbp266c28"
51.255.43.108 - - [05/Jul/2020:09:34:01 +0200] "POST /emails/process/take HTTP/1.1" 404 240 "-" "GuzzleHttp/6.5.1 curl/7.52.1 PHP/7.1.33-8+0~20200202.31+debian9~1.gbp266c28"
51.255.43.108 - - [05/Jul/2020:09:35:00 +0200] "POST /tokens/jwt HTTP/1.1" 201 3472 "-" "GuzzleHttp/6.5.1 curl/7.52.1 PHP/7.1.33-8+0~20200202.31+debian9~1.gbp266c28"
51.255.43.108 - - [05/Jul/2020:09:35:01 +0200] "POST /tokens/jwt HTTP/1.1" 201 3472 "-" "GuzzleHttp/6.5.1 curl/7.52.1 PHP/7.1.33-8+0~20200202.31+debian9~1.gbp266c28"
51.255.43.108 - - [05/Jul/2020:09:35:01 +0200] "POST /emails/process/take HTTP/1.1" 404 240 "-" "GuzzleHttp/6.5.1 curl/7.52.1 PHP/7.1.33-8+0~20200202.31+debian9~1.gbp266c28"
51.255.43.108 - - [05/Jul/2020:09:36:00 +0200] "POST /tokens/jwt HTTP/1.1" 201 3472 "-" "GuzzleHttp/6.5.1 curl/7.52.1 PHP/7.1.33-8+0~20200202.31+debian9~1.gbp266c28"
51.255.43.108 - - [05/Jul/2020:09:36:01 +0200] "POST /tokens/jwt HTTP/1.1" 201 3472 "-" "GuzzleHttp/6.5.1 curl/7.52.1 PHP/7.1.33-8+0~20200202.31+debian9~1.gbp266c28"
51.255.43.108 - - [05/Jul/2020:09:36:01 +0200] "POST /emails/process/take HTTP/1.1" 404 240 "-" "GuzzleHttp/6.5.1 curl/7.52.1 PHP/7.1.33-8+0~20200202.31+debian9~1.gbp266c28"
51.255.43.108 - - [05/Jul/2020:09:37:00 +0200] "POST /tokens/jwt HTTP/1.1" 201 3472 "-" "GuzzleHttp/6.5.1 curl/7.52.1 PHP/7.1.33-8+0~20200202.31+debian9~1.gbp266c28"
51.255.43.108 - - [05/Jul/2020:09:37:01 +0200] "POST /tokens/jwt HTTP/1.1" 201 3472 "-" "GuzzleHttp/6.5.1 curl/7.52.1 PHP/7.1.33-8+0~20200202.31+debian9~1.gbp266c28"
51.255.43.108 - - [05/Jul/2020:09:37:01 +0200] "POST /emails/process/take HTTP/1.1" 404 240 "-" "GuzzleHttp/6.5.1 curl/7.52.1 PHP/7.1.33-8+0~20200202.31+debian9~1.gbp266c28"
51.210.12.113 - - [05/Jul/2020:09:38:00 +0200] "GET /studies?limit=100&offset=0&filter[gt_caDate]=2020-07-05%2004%3A38%3A00 HTTP/1.1" 200 3330 "-" "Go-http-client/1.1"
51.255.43.108 - - [05/Jul/2020:09:38:00 +0200] "POST /tokens/jwt HTTP/1.1" 201 3472 "-" "GuzzleHttp/6.5.1 curl/7.52.1 PHP/7.1.33-8+0~20200202.31+debian9~1.gbp266c28"
51.255.43.108 - - [05/Jul/2020:09:38:01 +0200] "POST /tokens/jwt HTTP/1.1" 201 3472 "-" "GuzzleHttp/6.5.1 curl/7.52.1 PHP/7.1.33-8+0~20200202.31+debian9~1.gbp266c28"
51.255.43.108 - - [05/Jul/2020:09:38:01 +0200] "POST /emails/process/take HTTP/1.1" 404 240 "-" "GuzzleHttp/6.5.1 curl/7.52.1 PHP/7.1.33-8+0~20200202.31+debian9~1.gbp266c28"
51.255.43.108 - - [05/Jul/2020:09:39:00 +0200] "POST /tokens/jwt HTTP/1.1" 201 3472 "-" "GuzzleHttp/6.5.1 curl/7.52.1 PHP/7.1.33-8+0~20200202.31+debian9~1.gbp266c28"
51.255.43.108 - - [05/Jul/2020:09:39:01 +0200] "POST /tokens/jwt HTTP/1.1" 201 3472 "-" "GuzzleHttp/6.5.1 curl/7.52.1 PHP/7.1.33-8+0~20200202.31+debian9~1.gbp266c28"
51.255.43.108 - - [05/Jul/2020:09:39:01 +0200] "POST /emails/process/take HTTP/1.1" 404 240 "-" "GuzzleHttp/6.5.1 curl/7.52.1 PHP/7.1.33-8+0~20200202.31+debian9~1.gbp266c28"
51.255.43.108 - - [05/Jul/2020:09:40:00 +0200] "POST /tokens/jwt HTTP/1.1" 201 3472 "-" "GuzzleHttp/6.5.1 curl/7.52.1 PHP/7.1.33-8+0~20200202.31+debian9~1.gbp266c28"
51.255.43.108 - - [05/Jul/2020:09:40:01 +0200] "POST /tokens/jwt HTTP/1.1" 201 3472 "-" "GuzzleHttp/6.5.1 curl/7.52.1 PHP/7.1.33-8+0~20200202.31+debian9~1.gbp266c28"
51.255.43.108 - - [05/Jul/2020:09:40:01 +0200] "POST /emails/process/take HTTP/1.1" 404 240 "-" "GuzzleHttp/6.5.1 curl/7.52.1 PHP/7.1.33-8+0~20200202.31+debian9~1.gbp266c28"
51.255.43.108 - - [05/Jul/2020:09:41:00 +0200] "POST /tokens/jwt HTTP/1.1" 201 3472 "-" "GuzzleHttp/6.5.1 curl/7.52.1 PHP/7.1.33-8+0~20200202.31+debian9~1.gbp266c28"
51.255.43.108 - - [05/Jul/2020:09:41:01 +0200] "POST /tokens/jwt HTTP/1.1" 201 3472 "-" "GuzzleHttp/6.5.1 curl/7.52.1 PHP/7.1.33-8+0~20200202.31+debian9~1.gbp266c28"
51.255.43.108 - - [05/Jul/2020:09:41:01 +0200] "POST /emails/process/take HTTP/1.1" 404 240 "-" "GuzzleHttp/6.5.1 curl/7.52.1 PHP/7.1.33-8+0~20200202.31+debian9~1.gbp266c28"
51.255.43.108 - - [05/Jul/2020:09:42:00 +0200] "POST /tokens/jwt HTTP/1.1" 201 3472 "-" "GuzzleHttp/6.5.1 curl/7.52.1 PHP/7.1.33-8+0~20200202.31+debian9~1.gbp266c28"
51.255.43.108 - - [05/Jul/2020:09:42:01 +0200] "POST /tokens/jwt HTTP/1.1" 201 3472 "-" "GuzzleHttp/6.5.1 curl/7.52.1 PHP/7.1.33-8+0~20200202.31+debian9~1.gbp266c28"
51.255.43.108 - - [05/Jul/2020:09:42:01 +0200] "POST /emails/process/take HTTP/1.1" 404 240 "-" "GuzzleHttp/6.5.1 curl/7.52.1 PHP/7.1.33-8+0~20200202.31+debian9~1.gbp266c28"
216.245.221.83 - - [05/Jul/2020:09:42:42 +0200] "GET /users HTTP/1.1" 401 3537 "https://api.everycheck.com/users" "Mozilla/5.0+(compatible; UptimeRobot/2.0; http://www.uptimerobot.com/)"
51.255.43.108 - - [05/Jul/2020:09:43:00 +0200] "POST /tokens/jwt HTTP/1.1" 201 3472 "-" "GuzzleHttp/6.5.1 curl/7.52.1 PHP/7.1.33-8+0~20200202.31+debian9~1.gbp266c28"
51.255.43.108 - - [05/Jul/2020:09:43:01 +0200] "POST /tokens/jwt HTTP/1.1" 201 3472 "-" "GuzzleHttp/6.5.1 curl/7.52.1 PHP/7.1.33-8+0~20200202.31+debian9~1.gbp266c28"
51.255.43.108 - - [05/Jul/2020:09:43:01 +0200] "POST /emails/process/take HTTP/1.1" 404 240 "-" "GuzzleHttp/6.5.1 curl/7.52.1 PHP/7.1.33-8+0~20200202.31+debian9~1.gbp266c28"
51.210.12.113 - - [05/Jul/2020:09:44:00 +0200] "GET /studies?limit=100&offset=0&filter[cfKind]=agreement&filter[gt_caDate]=2020-07-05%2004%3A44%3A00 HTTP/1.1" 200 3330 "-" "Go-http-client/1.1"
51.255.43.108 - - [05/Jul/2020:09:44:00 +0200] "POST /tokens/jwt HTTP/1.1" 201 3472 "-" "GuzzleHttp/6.5.1 curl/7.52.1 PHP/7.1.33-8+0~20200202.31+debian9~1.gbp266c28"
51.255.43.108 - - [05/Jul/2020:09:44:01 +0200] "POST /tokens/jwt HTTP/1.1" 201 3472 "-" "GuzzleHttp/6.5.1 curl/7.52.1 PHP/7.1.33-8+0~20200202.31+debian9~1.gbp266c28"
51.255.43.108 - - [05/Jul/2020:09:44:01 +0200] "POST /emails/process/take HTTP/1.1" 404 240 "-" "GuzzleHttp/6.5.1 curl/7.52.1 PHP/7.1.33-8+0~20200202.31+debian9~1.gbp266c28"
51.255.43.108 - - [05/Jul/2020:09:45:00 +0200] "POST /tokens/jwt HTTP/1.1" 201 3472 "-" "GuzzleHttp/6.5.1 curl/7.52.1 PHP/7.1.33-8+0~20200202.31+debian9~1.gbp266c28"
51.255.43.108 - - [05/Jul/2020:09:45:01 +0200] "POST /tokens/jwt HTTP/1.1" 201 3472 "-" "GuzzleHttp/6.5.1 curl/7.52.1 PHP/7.1.33-8+0~20200202.31+debian9~1.gbp266c28"
51.255.43.108 - - [05/Jul/2020:09:45:01 +0200] "POST /emails/process/take HTTP/1.1" 404 240 "-" "GuzzleHttp/6.5.1 curl/7.52.1 PHP/7.1.33-8+0~20200202.31+debian9~1.gbp266c28"
51.255.43.108 - - [05/Jul/2020:09:46:00 +0200] "POST /tokens/jwt HTTP/1.1" 201 3472 "-" "GuzzleHttp/6.5.1 curl/7.52.1 PHP/7.1.33-8+0~20200202.31+debian9~1.gbp266c28"
51.255.43.108 - - [05/Jul/2020:09:46:01 +0200] "POST /tokens/jwt HTTP/1.1" 201 3472 "-" "GuzzleHttp/6.5.1 curl/7.52.1 PHP/7.1.33-8+0~20200202.31+debian9~1.gbp266c28"
51.255.43.108 - - [05/Jul/2020:09:46:01 +0200] "POST /emails/process/take HTTP/1.1" 404 240 "-" "GuzzleHttp/6.5.1 curl/7.52.1 PHP/7.1.33-8+0~20200202.31+debian9~1.gbp266c28"
51.255.43.108 - - [05/Jul/2020:09:47:00 +0200] "POST /tokens/jwt HTTP/1.1" 201 3472 "-" "GuzzleHttp/6.5.1 curl/7.52.1 PHP/7.1.33-8+0~20200202.31+debian9~1.gbp266c28"
51.255.43.108 - - [05/Jul/2020:09:47:01 +0200] "POST /tokens/jwt HTTP/1.1" 201 3472 "-" "GuzzleHttp/6.5.1 curl/7.52.1 PHP/7.1.33-8+0~20200202.31+debian9~1.gbp266c28"
51.255.43.108 - - [05/Jul/2020:09:47:01 +0200] "POST /emails/process/take HTTP/1.1" 404 240 "-" "GuzzleHttp/6.5.1 curl/7.52.1 PHP/7.1.33-8+0~20200202.31+debian9~1.gbp266c28"
51.210.12.113 - - [05/Jul/2020:09:48:00 +0200] "GET /studies?limit=100&offset=0&filter[gt_caDate]=2020-07-05%2004%3A48%3A00 HTTP/1.1" 200 3330 "-" "Go-http-client/1.1"
51.255.43.108 - - [05/Jul/2020:09:48:00 +0200] "POST /tokens/jwt HTTP/1.1" 201 3472 "-" "GuzzleHttp/6.5.1 curl/7.52.1 PHP/7.1.33-8+0~20200202.31+debian9~1.gbp266c28"
51.255.43.108 - - [05/Jul/2020:09:48:01 +0200] "POST /tokens/jwt HTTP/1.1" 201 3472 "-" "GuzzleHttp/6.5.1 curl/7.52.1 PHP/7.1.33-8+0~20200202.31+debian9~1.gbp266c28"
51.255.43.108 - - [05/Jul/2020:09:48:01 +0200] "POST /emails/process/take HTTP/1.1" 404 240 "-" "GuzzleHttp/6.5.1 curl/7.52.1 PHP/7.1.33-8+0~20200202.31+debian9~1.gbp266c28"
51.255.43.108 - - [05/Jul/2020:09:49:00 +0200] "POST /tokens/jwt HTTP/1.1" 201 3472 "-" "GuzzleHttp/6.5.1 curl/7.52.1 PHP/7.1.33-8+0~20200202.31+debian9~1.gbp266c28"
51.255.43.108 - - [05/Jul/2020:09:49:01 +0200] "POST /tokens/jwt HTTP/1.1" 201 3472 "-" "GuzzleHttp/6.5.1 curl/7.52.1 PHP/7.1.33-8+0~20200202.31+debian9~1.gbp266c28"
51.255.43.108 - - [05/Jul/2020:09:49:01 +0200] "POST /emails/process/take HTTP/1.1" 404 240 "-" "GuzzleHttp/6.5.1 curl/7.52.1 PHP/7.1.33-8+0~20200202.31+debian9~1.gbp266c28"
51.255.43.108 - - [05/Jul/2020:09:50:00 +0200] "POST /tokens/jwt HTTP/1.1" 201 3472 "-" "GuzzleHttp/6.5.1 curl/7.52.1 PHP/7.1.33-8+0~20200202.31+debian9~1.gbp266c28"
51.255.43.108 - - [05/Jul/2020:09:50:01 +0200] "POST /tokens/jwt HTTP/1.1" 201 3472 "-" "GuzzleHttp/6.5.1 curl/7.52.1 PHP/7.1.33-8+0~20200202.31+debian9~1.gbp266c28"
51.255.43.108 - - [05/Jul/2020:09:50:01 +0200] "POST /emails/process/take HTTP/1.1" 404 240 "-" "GuzzleHttp/6.5.1 curl/7.52.1 PHP/7.1.33-8+0~20200202.31+debian9~1.gbp266c28"
51.255.43.108 - - [05/Jul/2020:09:51:00 +0200] "POST /tokens/jwt HTTP/1.1" 201 3472 "-" "GuzzleHttp/6.5.1 curl/7.52.1 PHP/7.1.33-8+0~20200202.31+debian9~1.gbp266c28"
51.255.43.108 - - [05/Jul/2020:09:51:01 +0200] "POST /tokens/jwt HTTP/1.1" 201 3472 "-" "GuzzleHttp/6.5.1 curl/7.52.1 PHP/7.1.33-8+0~20200202.31+debian9~1.gbp266c28"
51.255.43.108 - - [05/Jul/2020:09:51:01 +0200] "POST /emails/process/take HTTP/1.1" 404 240 "-" "GuzzleHttp/6.5.1 curl/7.52.1 PHP/7.1.33-8+0~20200202.31+debian9~1.gbp266c28"
51.255.43.108 - - [05/Jul/2020:09:52:00 +0200] "POST /tokens/jwt HTTP/1.1" 201 3472 "-" "GuzzleHttp/6.5.1 curl/7.52.1 PHP/7.1.33-8+0~20200202.31+debian9~1.gbp266c28"
51.255.43.108 - - [05/Jul/2020:09:52:01 +0200] "POST /tokens/jwt HTTP/1.1" 201 3472 "-" "GuzzleHttp/6.5.1 curl/7.52.1 PHP/7.1.33-8+0~20200202.31+debian9~1.gbp266c28"
51.255.43.108 - - [05/Jul/2020:09:52:01 +0200] "POST /emails/process/take HTTP/1.1" 404 240 "-" "GuzzleHttp/6.5.1 curl/7.52.1 PHP/7.1.33-8+0~20200202.31+debian9~1.gbp266c28"
216.245.221.83 - - [05/Jul/2020:09:52:42 +0200] "GET /users HTTP/1.1" 401 3537 "https://api.everycheck.com/users" "Mozilla/5.0+(compatible; UptimeRobot/2.0; http://www.uptimerobot.com/)"
51.255.43.108 - - [05/Jul/2020:09:53:00 +0200] "POST /tokens/jwt HTTP/1.1" 201 3472 "-" "GuzzleHttp/6.5.1 curl/7.52.1 PHP/7.1.33-8+0~20200202.31+debian9~1.gbp266c28"
51.255.43.108 - - [05/Jul/2020:09:53:01 +0200] "POST /tokens/jwt HTTP/1.1" 201 3472 "-" "GuzzleHttp/6.5.1 curl/7.52.1 PHP/7.1.33-8+0~20200202.31+debian9~1.gbp266c28"
51.255.43.108 - - [05/Jul/2020:09:53:01 +0200] "POST /emails/process/take HTTP/1.1" 404 240 "-" "GuzzleHttp/6.5.1 curl/7.52.1 PHP/7.1.33-8+0~20200202.31+debian9~1.gbp266c28"
51.210.12.113 - - [05/Jul/2020:09:54:00 +0200] "GET /studies?limit=100&offset=0&filter[cfKind]=agreement&filter[gt_caDate]=2020-07-05%2004%3A54%3A00 HTTP/1.1" 200 3330 "-" "Go-http-client/1.1"
51.255.43.108 - - [05/Jul/2020:09:54:00 +0200] "POST /tokens/jwt HTTP/1.1" 201 3472 "-" "GuzzleHttp/6.5.1 curl/7.52.1 PHP/7.1.33-8+0~20200202.31+debian9~1.gbp266c28"
51.255.43.108 - - [05/Jul/2020:09:54:01 +0200] "POST /tokens/jwt HTTP/1.1" 201 3472 "-" "GuzzleHttp/6.5.1 curl/7.52.1 PHP/7.1.33-8+0~20200202.31+debian9~1.gbp266c28"
51.255.43.108 - - [05/Jul/2020:09:54:01 +0200] "POST /emails/process/take HTTP/1.1" 404 240 "-" "GuzzleHttp/6.5.1 curl/7.52.1 PHP/7.1.33-8+0~20200202.31+debian9~1.gbp266c28"
51.255.43.108 - - [05/Jul/2020:09:55:00 +0200] "POST /tokens/jwt HTTP/1.1" 201 3472 "-" "GuzzleHttp/6.5.1 curl/7.52.1 PHP/7.1.33-8+0~20200202.31+debian9~1.gbp266c28"
51.255.43.108 - - [05/Jul/2020:09:55:01 +0200] "POST /tokens/jwt HTTP/1.1" 201 3472 "-" "GuzzleHttp/6.5.1 curl/7.52.1 PHP/7.1.33-8+0~20200202.31+debian9~1.gbp266c28"
51.255.43.108 - - [05/Jul/2020:09:55:01 +0200] "POST /emails/process/take HTTP/1.1" 404 240 "-" "GuzzleHttp/6.5.1 curl/7.52.1 PHP/7.1.33-8+0~20200202.31+debian9~1.gbp266c28"
51.255.43.108 - - [05/Jul/2020:09:56:00 +0200] "POST /tokens/jwt HTTP/1.1" 201 3472 "-" "GuzzleHttp/6.5.1 curl/7.52.1 PHP/7.1.33-8+0~20200202.31+debian9~1.gbp266c28"
51.255.43.108 - - [05/Jul/2020:09:56:01 +0200] "POST /tokens/jwt HTTP/1.1" 201 3472 "-" "GuzzleHttp/6.5.1 curl/7.52.1 PHP/7.1.33-8+0~20200202.31+debian9~1.gbp266c28"
51.255.43.108 - - [05/Jul/2020:09:56:01 +0200] "POST /emails/process/take HTTP/1.1" 404 240 "-" "GuzzleHttp/6.5.1 curl/7.52.1 PHP/7.1.33-8+0~20200202.31+debian9~1.gbp266c28"
51.255.43.108 - - [05/Jul/2020:09:57:00 +0200] "POST /tokens/jwt HTTP/1.1" 201 3472 "-" "GuzzleHttp/6.5.1 curl/7.52.1 PHP/7.1.33-8+0~20200202.31+debian9~1.gbp266c28"
51.255.43.108 - - [05/Jul/2020:09:57:01 +0200] "POST /tokens/jwt HTTP/1.1" 201 3472 "-" "GuzzleHttp/6.5.1 curl/7.52.1 PHP/7.1.33-8+0~20200202.31+debian9~1.gbp266c28"
51.255.43.108 - - [05/Jul/2020:09:57:01 +0200] "POST /emails/process/take HTTP/1.1" 404 240 "-" "GuzzleHttp/6.5.1 curl/7.52.1 PHP/7.1.33-8+0~20200202.31+debian9~1.gbp266c28"
51.210.12.113 - - [05/Jul/2020:09:58:00 +0200] "GET /studies?limit=100&offset=0&filter[gt_caDate]=2020-07-05%2004%3A58%3A00 HTTP/1.1" 200 3330 "-" "Go-http-client/1.1"
51.255.43.108 - - [05/Jul/2020:09:58:00 +0200] "POST /tokens/jwt HTTP/1.1" 201 3472 "-" "GuzzleHttp/6.5.1 curl/7.52.1 PHP/7.1.33-8+0~20200202.31+debian9~1.gbp266c28"
51.255.43.108 - - [05/Jul/2020:09:58:01 +0200] "POST /tokens/jwt HTTP/1.1" 201 3472 "-" "GuzzleHttp/6.5.1 curl/7.52.1 PHP/7.1.33-8+0~20200202.31+debian9~1.gbp266c28"
51.255.43.108 - - [05/Jul/2020:09:58:01 +0200] "POST /emails/process/take HTTP/1.1" 404 240 "-" "GuzzleHttp/6.5.1 curl/7.52.1 PHP/7.1.33-8+0~20200202.31+debian9~1.gbp266c28"
51.255.43.108 - - [05/Jul/2020:09:59:00 +0200] "POST /tokens/jwt HTTP/1.1" 201 3472 "-" "GuzzleHttp/6.5.1 curl/7.52.1 PHP/7.1.33-8+0~20200202.31+debian9~1.gbp266c28"
51.255.43.108 - - [05/Jul/2020:09:59:01 +0200] "POST /tokens/jwt HTTP/1.1" 201 3472 "-" "GuzzleHttp/6.5.1 curl/7.52.1 PHP/7.1.33-8+0~20200202.31+debian9~1.gbp266c28"
51.255.43.108 - - [05/Jul/2020:09:59:01 +0200] "POST /emails/process/take HTTP/1.1" 404 240 "-" "GuzzleHttp/6.5.1 curl/7.52.1 PHP/7.1.33-8+0~20200202.31+debian9~1.gbp266c28"
51.210.12.113 - - [05/Jul/2020:10:00:00 +0200] "GET /studies?limit=100&offset=0&filter[gt_caDate]=2020-07-05%2006%3A00%3A01 HTTP/1.1" 200 3330 "-" "Go-http-client/1.1"
51.255.43.108 - - [05/Jul/2020:10:00:00 +0200] "POST /tokens/jwt HTTP/1.1" 201 3472 "-" "GuzzleHttp/6.5.1 curl/7.52.1 PHP/7.1.33-8+0~20200202.31+debian9~1.gbp266c28"
51.255.43.108 - - [05/Jul/2020:10:00:01 +0200] "POST /tokens/jwt HTTP/1.1" 201 3472 "-" "GuzzleHttp/6.5.1 curl/7.52.1 PHP/7.1.33-8+0~20200202.31+debian9~1.gbp266c28"
51.255.43.108 - - [05/Jul/2020:10:00:01 +0200] "POST /emails/process/take HTTP/1.1" 404 240 "-" "GuzzleHttp/6.5.1 curl/7.52.1 PHP/7.1.33-8+0~20200202.31+debian9~1.gbp266c28"
51.255.43.108 - - [05/Jul/2020:10:01:00 +0200] "POST /tokens/jwt HTTP/1.1" 201 3472 "-" "GuzzleHttp/6.5.1 curl/7.52.1 PHP/7.1.33-8+0~20200202.31+debian9~1.gbp266c28"
51.255.43.108 - - [05/Jul/2020:10:01:01 +0200] "POST /tokens/jwt HTTP/1.1" 201 3472 "-" "GuzzleHttp/6.5.1 curl/7.52.1 PHP/7.1.33-8+0~20200202.31+debian9~1.gbp266c28"
51.255.43.108 - - [05/Jul/2020:10:01:01 +0200] "POST /emails/process/take HTTP/1.1" 404 240 "-" "GuzzleHttp/6.5.1 curl/7.52.1 PHP/7.1.33-8+0~20200202.31+debian9~1.gbp266c28"
51.255.43.108 - - [05/Jul/2020:10:02:00 +0200] "POST /tokens/jwt HTTP/1.1" 201 3472 "-" "GuzzleHttp/6.5.1 curl/7.52.1 PHP/7.1.33-8+0~20200202.31+debian9~1.gbp266c28"
51.255.43.108 - - [05/Jul/2020:10:02:01 +0200] "POST /tokens/jwt HTTP/1.1" 201 3472 "-" "GuzzleHttp/6.5.1 curl/7.52.1 PHP/7.1.33-8+0~20200202.31+debian9~1.gbp266c28"
51.255.43.108 - - [05/Jul/2020:10:02:01 +0200] "POST /emails/process/take HTTP/1.1" 404 240 "-" "GuzzleHttp/6.5.1 curl/7.52.1 PHP/7.1.33-8+0~20200202.31+debian9~1.gbp266c28"
216.245.221.83 - - [05/Jul/2020:10:02:42 +0200] "GET /users HTTP/1.1" 401 3537 "https://api.everycheck.com/users" "Mozilla/5.0+(compatible; UptimeRobot/2.0; http://www.uptimerobot.com/)"
51.255.43.108 - - [05/Jul/2020:10:03:00 +0200] "POST /tokens/jwt HTTP/1.1" 201 3472 "-" "GuzzleHttp/6.5.1 curl/7.52.1 PHP/7.1.33-8+0~20200202.31+debian9~1.gbp266c28"
51.255.43.108 - - [05/Jul/2020:10:03:01 +0200] "POST /tokens/jwt HTTP/1.1" 201 3472 "-" "GuzzleHttp/6.5.1 curl/7.52.1 PHP/7.1.33-8+0~20200202.31+debian9~1.gbp266c28"
51.255.43.108 - - [05/Jul/2020:10:03:01 +0200] "POST /emails/process/take HTTP/1.1" 404 240 "-" "GuzzleHttp/6.5.1 curl/7.52.1 PHP/7.1.33-8+0~20200202.31+debian9~1.gbp266c28"
51.210.12.113 - - [05/Jul/2020:10:04:00 +0200] "GET /studies?limit=100&offset=0&filter[cfKind]=agreement&filter[gt_caDate]=2020-07-05%2005%3A04%3A00 HTTP/1.1" 200 3330 "-" "Go-http-client/1.1"
51.255.43.108 - - [05/Jul/2020:10:04:00 +0200] "POST /tokens/jwt HTTP/1.1" 201 3472 "-" "GuzzleHttp/6.5.1 curl/7.52.1 PHP/7.1.33-8+0~20200202.31+debian9~1.gbp266c28"
51.255.43.108 - - [05/Jul/2020:10:04:01 +0200] "POST /tokens/jwt HTTP/1.1" 201 3472 "-" "GuzzleHttp/6.5.1 curl/7.52.1 PHP/7.1.33-8+0~20200202.31+debian9~1.gbp266c28"
51.255.43.108 - - [05/Jul/2020:10:04:01 +0200] "POST /emails/process/take HTTP/1.1" 404 240 "-" "GuzzleHttp/6.5.1 curl/7.52.1 PHP/7.1.33-8+0~20200202.31+debian9~1.gbp266c28"
51.255.43.108 - - [05/Jul/2020:10:05:00 +0200] "POST /tokens/jwt HTTP/1.1" 201 3472 "-" "GuzzleHttp/6.5.1 curl/7.52.1 PHP/7.1.33-8+0~20200202.31+debian9~1.gbp266c28"
51.255.43.108 - - [05/Jul/2020:10:05:01 +0200] "POST /tokens/jwt HTTP/1.1" 201 3472 "-" "GuzzleHttp/6.5.1 curl/7.52.1 PHP/7.1.33-8+0~20200202.31+debian9~1.gbp266c28"
51.255.43.108 - - [05/Jul/2020:10:05:01 +0200] "POST /emails/process/take HTTP/1.1" 404 240 "-" "GuzzleHttp/6.5.1 curl/7.52.1 PHP/7.1.33-8+0~20200202.31+debian9~1.gbp266c28"
51.255.43.108 - - [05/Jul/2020:10:06:00 +0200] "POST /tokens/jwt HTTP/1.1" 201 3472 "-" "GuzzleHttp/6.5.1 curl/7.52.1 PHP/7.1.33-8+0~20200202.31+debian9~1.gbp266c28"
51.255.43.108 - - [05/Jul/2020:10:06:01 +0200] "POST /tokens/jwt HTTP/1.1" 201 3472 "-" "GuzzleHttp/6.5.1 curl/7.52.1 PHP/7.1.33-8+0~20200202.31+debian9~1.gbp266c28"
51.255.43.108 - - [05/Jul/2020:10:06:01 +0200] "POST /emails/process/take HTTP/1.1" 404 240 "-" "GuzzleHttp/6.5.1 curl/7.52.1 PHP/7.1.33-8+0~20200202.31+debian9~1.gbp266c28"
51.255.43.108 - - [05/Jul/2020:10:07:00 +0200] "POST /tokens/jwt HTTP/1.1" 201 3472 "-" "GuzzleHttp/6.5.1 curl/7.52.1 PHP/7.1.33-8+0~20200202.31+debian9~1.gbp266c28"
51.255.43.108 - - [05/Jul/2020:10:07:01 +0200] "POST /tokens/jwt HTTP/1.1" 201 3472 "-" "GuzzleHttp/6.5.1 curl/7.52.1 PHP/7.1.33-8+0~20200202.31+debian9~1.gbp266c28"
51.255.43.108 - - [05/Jul/2020:10:07:01 +0200] "POST /emails/process/take HTTP/1.1" 404 240 "-" "GuzzleHttp/6.5.1 curl/7.52.1 PHP/7.1.33-8+0~20200202.31+debian9~1.gbp266c28"
51.210.12.113 - - [05/Jul/2020:10:08:00 +0200] "GET /studies?limit=100&offset=0&filter[gt_caDate]=2020-07-05%2005%3A08%3A00 HTTP/1.1" 200 3330 "-" "Go-http-client/1.1"
51.255.43.108 - - [05/Jul/2020:10:08:01 +0200] "POST /tokens/jwt HTTP/1.1" 201 3472 "-" "GuzzleHttp/6.5.1 curl/7.52.1 PHP/7.1.33-8+0~20200202.31+debian9~1.gbp266c28"
51.255.43.108 - - [05/Jul/2020:10:08:01 +0200] "POST /tokens/jwt HTTP/1.1" 201 3472 "-" "GuzzleHttp/6.5.1 curl/7.52.1 PHP/7.1.33-8+0~20200202.31+debian9~1.gbp266c28"
51.255.43.108 - - [05/Jul/2020:10:08:01 +0200] "POST /emails/process/take HTTP/1.1" 404 240 "-" "GuzzleHttp/6.5.1 curl/7.52.1 PHP/7.1.33-8+0~20200202.31+debian9~1.gbp266c28"
51.255.43.108 - - [05/Jul/2020:10:09:00 +0200] "POST /tokens/jwt HTTP/1.1" 201 3472 "-" "GuzzleHttp/6.5.1 curl/7.52.1 PHP/7.1.33-8+0~20200202.31+debian9~1.gbp266c28"
51.255.43.108 - - [05/Jul/2020:10:09:01 +0200] "POST /tokens/jwt HTTP/1.1" 201 3472 "-" "GuzzleHttp/6.5.1 curl/7.52.1 PHP/7.1.33-8+0~20200202.31+debian9~1.gbp266c28"
51.255.43.108 - - [05/Jul/2020:10:09:01 +0200] "POST /emails/process/take HTTP/1.1" 404 240 "-" "GuzzleHttp/6.5.1 curl/7.52.1 PHP/7.1.33-8+0~20200202.31+debian9~1.gbp266c28"
51.255.43.108 - - [05/Jul/2020:10:10:00 +0200] "POST /tokens/jwt HTTP/1.1" 201 3472 "-" "GuzzleHttp/6.5.1 curl/7.52.1 PHP/7.1.33-8+0~20200202.31+debian9~1.gbp266c28"
51.255.43.108 - - [05/Jul/2020:10:10:01 +0200] "POST /tokens/jwt HTTP/1.1" 201 3472 "-" "GuzzleHttp/6.5.1 curl/7.52.1 PHP/7.1.33-8+0~20200202.31+debian9~1.gbp266c28"
51.255.43.108 - - [05/Jul/2020:10:10:01 +0200] "POST /emails/process/take HTTP/1.1" 404 240 "-" "GuzzleHttp/6.5.1 curl/7.52.1 PHP/7.1.33-8+0~20200202.31+debian9~1.gbp266c28"
51.255.43.108 - - [05/Jul/2020:10:11:00 +0200] "POST /tokens/jwt HTTP/1.1" 201 3472 "-" "GuzzleHttp/6.5.1 curl/7.52.1 PHP/7.1.33-8+0~20200202.31+debian9~1.gbp266c28"
51.255.43.108 - - [05/Jul/2020:10:11:01 +0200] "POST /tokens/jwt HTTP/1.1" 201 3472 "-" "GuzzleHttp/6.5.1 curl/7.52.1 PHP/7.1.33-8+0~20200202.31+debian9~1.gbp266c28"
51.255.43.108 - - [05/Jul/2020:10:11:01 +0200] "POST /emails/process/take HTTP/1.1" 404 240 "-" "GuzzleHttp/6.5.1 curl/7.52.1 PHP/7.1.33-8+0~20200202.31+debian9~1.gbp266c28"
51.255.43.108 - - [05/Jul/2020:10:12:00 +0200] "POST /tokens/jwt HTTP/1.1" 201 3472 "-" "GuzzleHttp/6.5.1 curl/7.52.1 PHP/7.1.33-8+0~20200202.31+debian9~1.gbp266c28"
51.255.43.108 - - [05/Jul/2020:10:12:01 +0200] "POST /tokens/jwt HTTP/1.1" 201 3472 "-" "GuzzleHttp/6.5.1 curl/7.52.1 PHP/7.1.33-8+0~20200202.31+debian9~1.gbp266c28"
51.255.43.108 - - [05/Jul/2020:10:12:01 +0200] "POST /emails/process/take HTTP/1.1" 404 240 "-" "GuzzleHttp/6.5.1 curl/7.52.1 PHP/7.1.33-8+0~20200202.31+debian9~1.gbp266c28"
216.245.221.83 - - [05/Jul/2020:10:12:42 +0200] "GET /users HTTP/1.1" 401 3537 "https://api.everycheck.com/users" "Mozilla/5.0+(compatible; UptimeRobot/2.0; http://www.uptimerobot.com/)"
51.255.43.108 - - [05/Jul/2020:10:13:00 +0200] "POST /tokens/jwt HTTP/1.1" 201 3472 "-" "GuzzleHttp/6.5.1 curl/7.52.1 PHP/7.1.33-8+0~20200202.31+debian9~1.gbp266c28"
51.255.43.108 - - [05/Jul/2020:10:13:01 +0200] "POST /tokens/jwt HTTP/1.1" 201 3472 "-" "GuzzleHttp/6.5.1 curl/7.52.1 PHP/7.1.33-8+0~20200202.31+debian9~1.gbp266c28"
51.255.43.108 - - [05/Jul/2020:10:13:01 +0200] "POST /emails/process/take HTTP/1.1" 404 240 "-" "GuzzleHttp/6.5.1 curl/7.52.1 PHP/7.1.33-8+0~20200202.31+debian9~1.gbp266c28"
51.210.12.113 - - [05/Jul/2020:10:14:00 +0200] "GET /studies?limit=100&offset=0&filter[cfKind]=agreement&filter[gt_caDate]=2020-07-05%2005%3A14%3A00 HTTP/1.1" 200 3330 "-" "Go-http-client/1.1"
51.255.43.108 - - [05/Jul/2020:10:14:00 +0200] "POST /tokens/jwt HTTP/1.1" 201 3472 "-" "GuzzleHttp/6.5.1 curl/7.52.1 PHP/7.1.33-8+0~20200202.31+debian9~1.gbp266c28"
51.255.43.108 - - [05/Jul/2020:10:14:01 +0200] "POST /tokens/jwt HTTP/1.1" 201 3472 "-" "GuzzleHttp/6.5.1 curl/7.52.1 PHP/7.1.33-8+0~20200202.31+debian9~1.gbp266c28"
51.255.43.108 - - [05/Jul/2020:10:14:01 +0200] "POST /emails/process/take HTTP/1.1" 404 240 "-" "GuzzleHttp/6.5.1 curl/7.52.1 PHP/7.1.33-8+0~20200202.31+debian9~1.gbp266c28"
51.255.43.108 - - [05/Jul/2020:10:15:00 +0200] "POST /tokens/jwt HTTP/1.1" 201 3472 "-" "GuzzleHttp/6.5.1 curl/7.52.1 PHP/7.1.33-8+0~20200202.31+debian9~1.gbp266c28"
51.255.43.108 - - [05/Jul/2020:10:15:01 +0200] "POST /tokens/jwt HTTP/1.1" 201 3472 "-" "GuzzleHttp/6.5.1 curl/7.52.1 PHP/7.1.33-8+0~20200202.31+debian9~1.gbp266c28"
51.255.43.108 - - [05/Jul/2020:10:15:01 +0200] "POST /emails/process/take HTTP/1.1" 404 240 "-" "GuzzleHttp/6.5.1 curl/7.52.1 PHP/7.1.33-8+0~20200202.31+debian9~1.gbp266c28"
51.255.43.108 - - [05/Jul/2020:10:16:00 +0200] "POST /tokens/jwt HTTP/1.1" 201 3472 "-" "GuzzleHttp/6.5.1 curl/7.52.1 PHP/7.1.33-8+0~20200202.31+debian9~1.gbp266c28"
51.255.43.108 - - [05/Jul/2020:10:16:01 +0200] "POST /tokens/jwt HTTP/1.1" 201 3472 "-" "GuzzleHttp/6.5.1 curl/7.52.1 PHP/7.1.33-8+0~20200202.31+debian9~1.gbp266c28"
51.255.43.108 - - [05/Jul/2020:10:16:01 +0200] "POST /emails/process/take HTTP/1.1" 404 240 "-" "GuzzleHttp/6.5.1 curl/7.52.1 PHP/7.1.33-8+0~20200202.31+debian9~1.gbp266c28"
51.255.43.108 - - [05/Jul/2020:10:17:00 +0200] "POST /tokens/jwt HTTP/1.1" 201 3472 "-" "GuzzleHttp/6.5.1 curl/7.52.1 PHP/7.1.33-8+0~20200202.31+debian9~1.gbp266c28"
51.255.43.108 - - [05/Jul/2020:10:17:01 +0200] "POST /tokens/jwt HTTP/1.1" 201 3472 "-" "GuzzleHttp/6.5.1 curl/7.52.1 PHP/7.1.33-8+0~20200202.31+debian9~1.gbp266c28"
51.255.43.108 - - [05/Jul/2020:10:17:01 +0200] "POST /emails/process/take HTTP/1.1" 404 240 "-" "GuzzleHttp/6.5.1 curl/7.52.1 PHP/7.1.33-8+0~20200202.31+debian9~1.gbp266c28"
51.210.12.113 - - [05/Jul/2020:10:18:00 +0200] "GET /studies?limit=100&offset=0&filter[gt_caDate]=2020-07-05%2005%3A18%3A00 HTTP/1.1" 200 3330 "-" "Go-http-client/1.1"
51.255.43.108 - - [05/Jul/2020:10:18:00 +0200] "POST /tokens/jwt HTTP/1.1" 201 3472 "-" "GuzzleHttp/6.5.1 curl/7.52.1 PHP/7.1.33-8+0~20200202.31+debian9~1.gbp266c28"
51.255.43.108 - - [05/Jul/2020:10:18:01 +0200] "POST /tokens/jwt HTTP/1.1" 201 3472 "-" "GuzzleHttp/6.5.1 curl/7.52.1 PHP/7.1.33-8+0~20200202.31+debian9~1.gbp266c28"
51.255.43.108 - - [05/Jul/2020:10:18:01 +0200] "POST /emails/process/take HTTP/1.1" 404 240 "-" "GuzzleHttp/6.5.1 curl/7.52.1 PHP/7.1.33-8+0~20200202.31+debian9~1.gbp266c28"
51.255.43.108 - - [05/Jul/2020:10:19:00 +0200] "POST /tokens/jwt HTTP/1.1" 201 3472 "-" "GuzzleHttp/6.5.1 curl/7.52.1 PHP/7.1.33-8+0~20200202.31+debian9~1.gbp266c28"
51.255.43.108 - - [05/Jul/2020:10:19:01 +0200] "POST /tokens/jwt HTTP/1.1" 201 3472 "-" "GuzzleHttp/6.5.1 curl/7.52.1 PHP/7.1.33-8+0~20200202.31+debian9~1.gbp266c28"
51.255.43.108 - - [05/Jul/2020:10:19:01 +0200] "POST /emails/process/take HTTP/1.1" 404 240 "-" "GuzzleHttp/6.5.1 curl/7.52.1 PHP/7.1.33-8+0~20200202.31+debian9~1.gbp266c28"
51.255.43.108 - - [05/Jul/2020:10:20:00 +0200] "POST /tokens/jwt HTTP/1.1" 201 3472 "-" "GuzzleHttp/6.5.1 curl/7.52.1 PHP/7.1.33-8+0~20200202.31+debian9~1.gbp266c28"
51.255.43.108 - - [05/Jul/2020:10:20:01 +0200] "POST /tokens/jwt HTTP/1.1" 201 3472 "-" "GuzzleHttp/6.5.1 curl/7.52.1 PHP/7.1.33-8+0~20200202.31+debian9~1.gbp266c28"
51.255.43.108 - - [05/Jul/2020:10:20:01 +0200] "POST /emails/process/take HTTP/1.1" 404 240 "-" "GuzzleHttp/6.5.1 curl/7.52.1 PHP/7.1.33-8+0~20200202.31+debian9~1.gbp266c28"
51.255.43.108 - - [05/Jul/2020:10:21:00 +0200] "POST /tokens/jwt HTTP/1.1" 201 3472 "-" "GuzzleHttp/6.5.1 curl/7.52.1 PHP/7.1.33-8+0~20200202.31+debian9~1.gbp266c28"
51.255.43.108 - - [05/Jul/2020:10:21:01 +0200] "POST /tokens/jwt HTTP/1.1" 201 3472 "-" "GuzzleHttp/6.5.1 curl/7.52.1 PHP/7.1.33-8+0~20200202.31+debian9~1.gbp266c28"
51.255.43.108 - - [05/Jul/2020:10:21:01 +0200] "POST /emails/process/take HTTP/1.1" 404 240 "-" "GuzzleHttp/6.5.1 curl/7.52.1 PHP/7.1.33-8+0~20200202.31+debian9~1.gbp266c28"
51.255.43.108 - - [05/Jul/2020:10:22:00 +0200] "POST /tokens/jwt HTTP/1.1" 201 3472 "-" "GuzzleHttp/6.5.1 curl/7.52.1 PHP/7.1.33-8+0~20200202.31+debian9~1.gbp266c28"
51.255.43.108 - - [05/Jul/2020:10:22:01 +0200] "POST /tokens/jwt HTTP/1.1" 201 3472 "-" "GuzzleHttp/6.5.1 curl/7.52.1 PHP/7.1.33-8+0~20200202.31+debian9~1.gbp266c28"
51.255.43.108 - - [05/Jul/2020:10:22:01 +0200] "POST /emails/process/take HTTP/1.1" 404 240 "-" "GuzzleHttp/6.5.1 curl/7.52.1 PHP/7.1.33-8+0~20200202.31+debian9~1.gbp266c28"
216.245.221.83 - - [05/Jul/2020:10:22:42 +0200] "GET /users HTTP/1.1" 401 3537 "https://api.everycheck.com/users" "Mozilla/5.0+(compatible; UptimeRobot/2.0; http://www.uptimerobot.com/)"
51.255.43.108 - - [05/Jul/2020:10:23:00 +0200] "POST /tokens/jwt HTTP/1.1" 201 3472 "-" "GuzzleHttp/6.5.1 curl/7.52.1 PHP/7.1.33-8+0~20200202.31+debian9~1.gbp266c28"
51.255.43.108 - - [05/Jul/2020:10:23:01 +0200] "POST /tokens/jwt HTTP/1.1" 201 3472 "-" "GuzzleHttp/6.5.1 curl/7.52.1 PHP/7.1.33-8+0~20200202.31+debian9~1.gbp266c28"
51.255.43.108 - - [05/Jul/2020:10:23:01 +0200] "POST /emails/process/take HTTP/1.1" 404 240 "-" "GuzzleHttp/6.5.1 curl/7.52.1 PHP/7.1.33-8+0~20200202.31+debian9~1.gbp266c28"
51.210.12.113 - - [05/Jul/2020:10:24:00 +0200] "GET /studies?limit=100&offset=0&filter[cfKind]=agreement&filter[gt_caDate]=2020-07-05%2005%3A24%3A00 HTTP/1.1" 200 3330 "-" "Go-http-client/1.1"
51.255.43.108 - - [05/Jul/2020:10:24:00 +0200] "POST /tokens/jwt HTTP/1.1" 201 3472 "-" "GuzzleHttp/6.5.1 curl/7.52.1 PHP/7.1.33-8+0~20200202.31+debian9~1.gbp266c28"
51.255.43.108 - - [05/Jul/2020:10:24:01 +0200] "POST /tokens/jwt HTTP/1.1" 201 3472 "-" "GuzzleHttp/6.5.1 curl/7.52.1 PHP/7.1.33-8+0~20200202.31+debian9~1.gbp266c28"
51.255.43.108 - - [05/Jul/2020:10:24:01 +0200] "POST /emails/process/take HTTP/1.1" 404 240 "-" "GuzzleHttp/6.5.1 curl/7.52.1 PHP/7.1.33-8+0~20200202.31+debian9~1.gbp266c28"
51.255.43.108 - - [05/Jul/2020:10:25:00 +0200] "POST /tokens/jwt HTTP/1.1" 201 3472 "-" "GuzzleHttp/6.5.1 curl/7.52.1 PHP/7.1.33-8+0~20200202.31+debian9~1.gbp266c28"
51.255.43.108 - - [05/Jul/2020:10:25:01 +0200] "POST /tokens/jwt HTTP/1.1" 201 3472 "-" "GuzzleHttp/6.5.1 curl/7.52.1 PHP/7.1.33-8+0~20200202.31+debian9~1.gbp266c28"
51.255.43.108 - - [05/Jul/2020:10:25:01 +0200] "POST /emails/process/take HTTP/1.1" 404 240 "-" "GuzzleHttp/6.5.1 curl/7.52.1 PHP/7.1.33-8+0~20200202.31+debian9~1.gbp266c28"
51.255.43.108 - - [05/Jul/2020:10:26:00 +0200] "POST /tokens/jwt HTTP/1.1" 201 3472 "-" "GuzzleHttp/6.5.1 curl/7.52.1 PHP/7.1.33-8+0~20200202.31+debian9~1.gbp266c28"
51.255.43.108 - - [05/Jul/2020:10:26:01 +0200] "POST /tokens/jwt HTTP/1.1" 201 3472 "-" "GuzzleHttp/6.5.1 curl/7.52.1 PHP/7.1.33-8+0~20200202.31+debian9~1.gbp266c28"
51.255.43.108 - - [05/Jul/2020:10:26:01 +0200] "POST /emails/process/take HTTP/1.1" 404 240 "-" "GuzzleHttp/6.5.1 curl/7.52.1 PHP/7.1.33-8+0~20200202.31+debian9~1.gbp266c28"
51.255.43.108 - - [05/Jul/2020:10:27:00 +0200] "POST /tokens/jwt HTTP/1.1" 201 3472 "-" "GuzzleHttp/6.5.1 curl/7.52.1 PHP/7.1.33-8+0~20200202.31+debian9~1.gbp266c28"
51.255.43.108 - - [05/Jul/2020:10:27:01 +0200] "POST /tokens/jwt HTTP/1.1" 201 3472 "-" "GuzzleHttp/6.5.1 curl/7.52.1 PHP/7.1.33-8+0~20200202.31+debian9~1.gbp266c28"
51.255.43.108 - - [05/Jul/2020:10:27:01 +0200] "POST /emails/process/take HTTP/1.1" 404 240 "-" "GuzzleHttp/6.5.1 curl/7.52.1 PHP/7.1.33-8+0~20200202.31+debian9~1.gbp266c28"
51.210.12.113 - - [05/Jul/2020:10:28:00 +0200] "GET /studies?limit=100&offset=0&filter[gt_caDate]=2020-07-05%2005%3A28%3A00 HTTP/1.1" 200 3330 "-" "Go-http-client/1.1"
51.255.43.108 - - [05/Jul/2020:10:28:00 +0200] "POST /tokens/jwt HTTP/1.1" 201 3472 "-" "GuzzleHttp/6.5.1 curl/7.52.1 PHP/7.1.33-8+0~20200202.31+debian9~1.gbp266c28"
51.255.43.108 - - [05/Jul/2020:10:28:01 +0200] "POST /tokens/jwt HTTP/1.1" 201 3472 "-" "GuzzleHttp/6.5.1 curl/7.52.1 PHP/7.1.33-8+0~20200202.31+debian9~1.gbp266c28"
51.255.43.108 - - [05/Jul/2020:10:28:01 +0200] "POST /emails/process/take HTTP/1.1" 404 240 "-" "GuzzleHttp/6.5.1 curl/7.52.1 PHP/7.1.33-8+0~20200202.31+debian9~1.gbp266c28"
51.255.43.108 - - [05/Jul/2020:10:29:00 +0200] "POST /tokens/jwt HTTP/1.1" 201 3472 "-" "GuzzleHttp/6.5.1 curl/7.52.1 PHP/7.1.33-8+0~20200202.31+debian9~1.gbp266c28"
51.255.43.108 - - [05/Jul/2020:10:29:01 +0200] "POST /tokens/jwt HTTP/1.1" 201 3472 "-" "GuzzleHttp/6.5.1 curl/7.52.1 PHP/7.1.33-8+0~20200202.31+debian9~1.gbp266c28"
51.255.43.108 - - [05/Jul/2020:10:29:01 +0200] "POST /emails/process/take HTTP/1.1" 404 240 "-" "GuzzleHttp/6.5.1 curl/7.52.1 PHP/7.1.33-8+0~20200202.31+debian9~1.gbp266c28"
51.255.43.108 - - [05/Jul/2020:10:30:00 +0200] "POST /tokens/jwt HTTP/1.1" 201 3472 "-" "GuzzleHttp/6.5.1 curl/7.52.1 PHP/7.1.33-8+0~20200202.31+debian9~1.gbp266c28"
51.255.43.108 - - [05/Jul/2020:10:30:01 +0200] "POST /tokens/jwt HTTP/1.1" 201 3472 "-" "GuzzleHttp/6.5.1 curl/7.52.1 PHP/7.1.33-8+0~20200202.31+debian9~1.gbp266c28"
51.255.43.108 - - [05/Jul/2020:10:30:01 +0200] "POST /emails/process/take HTTP/1.1" 404 240 "-" "GuzzleHttp/6.5.1 curl/7.52.1 PHP/7.1.33-8+0~20200202.31+debian9~1.gbp266c28"
51.255.43.108 - - [05/Jul/2020:10:31:00 +0200] "POST /tokens/jwt HTTP/1.1" 201 3472 "-" "GuzzleHttp/6.5.1 curl/7.52.1 PHP/7.1.33-8+0~20200202.31+debian9~1.gbp266c28"
51.255.43.108 - - [05/Jul/2020:10:31:01 +0200] "POST /tokens/jwt HTTP/1.1" 201 3472 "-" "GuzzleHttp/6.5.1 curl/7.52.1 PHP/7.1.33-8+0~20200202.31+debian9~1.gbp266c28"
51.255.43.108 - - [05/Jul/2020:10:31:01 +0200] "POST /emails/process/take HTTP/1.1" 404 240 "-" "GuzzleHttp/6.5.1 curl/7.52.1 PHP/7.1.33-8+0~20200202.31+debian9~1.gbp266c28"
51.255.43.108 - - [05/Jul/2020:10:32:00 +0200] "POST /tokens/jwt HTTP/1.1" 201 3472 "-" "GuzzleHttp/6.5.1 curl/7.52.1 PHP/7.1.33-8+0~20200202.31+debian9~1.gbp266c28"
51.255.43.108 - - [05/Jul/2020:10:32:01 +0200] "POST /tokens/jwt HTTP/1.1" 201 3472 "-" "GuzzleHttp/6.5.1 curl/7.52.1 PHP/7.1.33-8+0~20200202.31+debian9~1.gbp266c28"
51.255.43.108 - - [05/Jul/2020:10:32:01 +0200] "POST /emails/process/take HTTP/1.1" 404 240 "-" "GuzzleHttp/6.5.1 curl/7.52.1 PHP/7.1.33-8+0~20200202.31+debian9~1.gbp266c28"
216.245.221.83 - - [05/Jul/2020:10:32:42 +0200] "GET /users HTTP/1.1" 401 3537 "https://api.everycheck.com/users" "Mozilla/5.0+(compatible; UptimeRobot/2.0; http://www.uptimerobot.com/)"
51.255.43.108 - - [05/Jul/2020:10:33:00 +0200] "POST /tokens/jwt HTTP/1.1" 201 3472 "-" "GuzzleHttp/6.5.1 curl/7.52.1 PHP/7.1.33-8+0~20200202.31+debian9~1.gbp266c28"
51.255.43.108 - - [05/Jul/2020:10:33:01 +0200] "POST /tokens/jwt HTTP/1.1" 201 3472 "-" "GuzzleHttp/6.5.1 curl/7.52.1 PHP/7.1.33-8+0~20200202.31+debian9~1.gbp266c28"
51.255.43.108 - - [05/Jul/2020:10:33:01 +0200] "POST /emails/process/take HTTP/1.1" 404 240 "-" "GuzzleHttp/6.5.1 curl/7.52.1 PHP/7.1.33-8+0~20200202.31+debian9~1.gbp266c28"
51.210.12.113 - - [05/Jul/2020:10:34:00 +0200] "GET /studies?limit=100&offset=0&filter[gt_caDate]=2020-07-05%2005%3A34%3A00&filter[cfKind]=agreement HTTP/1.1" 200 3330 "-" "Go-http-client/1.1"
51.255.43.108 - - [05/Jul/2020:10:34:00 +0200] "POST /tokens/jwt HTTP/1.1" 201 3472 "-" "GuzzleHttp/6.5.1 curl/7.52.1 PHP/7.1.33-8+0~20200202.31+debian9~1.gbp266c28"
51.255.43.108 - - [05/Jul/2020:10:34:01 +0200] "POST /tokens/jwt HTTP/1.1" 201 3472 "-" "GuzzleHttp/6.5.1 curl/7.52.1 PHP/7.1.33-8+0~20200202.31+debian9~1.gbp266c28"
51.255.43.108 - - [05/Jul/2020:10:34:01 +0200] "POST /emails/process/take HTTP/1.1" 404 240 "-" "GuzzleHttp/6.5.1 curl/7.52.1 PHP/7.1.33-8+0~20200202.31+debian9~1.gbp266c28"
51.255.43.108 - - [05/Jul/2020:10:35:00 +0200] "POST /tokens/jwt HTTP/1.1" 201 3472 "-" "GuzzleHttp/6.5.1 curl/7.52.1 PHP/7.1.33-8+0~20200202.31+debian9~1.gbp266c28"
51.255.43.108 - - [05/Jul/2020:10:35:01 +0200] "POST /tokens/jwt HTTP/1.1" 201 3472 "-" "GuzzleHttp/6.5.1 curl/7.52.1 PHP/7.1.33-8+0~20200202.31+debian9~1.gbp266c28"
51.255.43.108 - - [05/Jul/2020:10:35:01 +0200] "POST /emails/process/take HTTP/1.1" 404 240 "-" "GuzzleHttp/6.5.1 curl/7.52.1 PHP/7.1.33-8+0~20200202.31+debian9~1.gbp266c28"
51.255.43.108 - - [05/Jul/2020:10:36:00 +0200] "POST /tokens/jwt HTTP/1.1" 201 3472 "-" "GuzzleHttp/6.5.1 curl/7.52.1 PHP/7.1.33-8+0~20200202.31+debian9~1.gbp266c28"
51.255.43.108 - - [05/Jul/2020:10:36:01 +0200] "POST /tokens/jwt HTTP/1.1" 201 3472 "-" "GuzzleHttp/6.5.1 curl/7.52.1 PHP/7.1.33-8+0~20200202.31+debian9~1.gbp266c28"
51.255.43.108 - - [05/Jul/2020:10:36:01 +0200] "POST /emails/process/take HTTP/1.1" 404 240 "-" "GuzzleHttp/6.5.1 curl/7.52.1 PHP/7.1.33-8+0~20200202.31+debian9~1.gbp266c28"
51.255.43.108 - - [05/Jul/2020:10:37:00 +0200] "POST /tokens/jwt HTTP/1.1" 201 3472 "-" "GuzzleHttp/6.5.1 curl/7.52.1 PHP/7.1.33-8+0~20200202.31+debian9~1.gbp266c28"
51.255.43.108 - - [05/Jul/2020:10:37:01 +0200] "POST /tokens/jwt HTTP/1.1" 201 3472 "-" "GuzzleHttp/6.5.1 curl/7.52.1 PHP/7.1.33-8+0~20200202.31+debian9~1.gbp266c28"
51.255.43.108 - - [05/Jul/2020:10:37:01 +0200] "POST /emails/process/take HTTP/1.1" 404 240 "-" "GuzzleHttp/6.5.1 curl/7.52.1 PHP/7.1.33-8+0~20200202.31+debian9~1.gbp266c28"
51.210.12.113 - - [05/Jul/2020:10:38:00 +0200] "GET /studies?limit=100&offset=0&filter[gt_caDate]=2020-07-05%2005%3A38%3A00 HTTP/1.1" 200 3330 "-" "Go-http-client/1.1"
51.255.43.108 - - [05/Jul/2020:10:38:00 +0200] "POST /tokens/jwt HTTP/1.1" 201 3472 "-" "GuzzleHttp/6.5.1 curl/7.52.1 PHP/7.1.33-8+0~20200202.31+debian9~1.gbp266c28"
51.255.43.108 - - [05/Jul/2020:10:38:01 +0200] "POST /tokens/jwt HTTP/1.1" 201 3472 "-" "GuzzleHttp/6.5.1 curl/7.52.1 PHP/7.1.33-8+0~20200202.31+debian9~1.gbp266c28"
51.255.43.108 - - [05/Jul/2020:10:38:01 +0200] "POST /emails/process/take HTTP/1.1" 404 240 "-" "GuzzleHttp/6.5.1 curl/7.52.1 PHP/7.1.33-8+0~20200202.31+debian9~1.gbp266c28"
51.255.43.108 - - [05/Jul/2020:10:39:01 +0200] "POST /tokens/jwt HTTP/1.1" 201 3472 "-" "GuzzleHttp/6.5.1 curl/7.52.1 PHP/7.1.33-8+0~20200202.31+debian9~1.gbp266c28"
51.255.43.108 - - [05/Jul/2020:10:39:01 +0200] "POST /tokens/jwt HTTP/1.1" 201 3472 "-" "GuzzleHttp/6.5.1 curl/7.52.1 PHP/7.1.33-8+0~20200202.31+debian9~1.gbp266c28"
51.255.43.108 - - [05/Jul/2020:10:39:02 +0200] "POST /emails/process/take HTTP/1.1" 404 240 "-" "GuzzleHttp/6.5.1 curl/7.52.1 PHP/7.1.33-8+0~20200202.31+debian9~1.gbp266c28"
51.255.43.108 - - [05/Jul/2020:10:39:00 +0200] "GET /studies?limit=100&offset=0 HTTP/1.1" 200 766821 "-" "GuzzleHttp/6.5.1 curl/7.52.1 PHP/7.1.33-8+0~20200202.31+debian9~1.gbp266c28"
51.255.43.108 - - [05/Jul/2020:10:39:03 +0200] "GET /studies?limit=100&offset=100 HTTP/1.1" 200 820209 "-" "GuzzleHttp/6.5.1 curl/7.52.1 PHP/7.1.33-8+0~20200202.31+debian9~1.gbp266c28"
51.255.43.108 - - [05/Jul/2020:10:39:06 +0200] "GET /studies?limit=100&offset=200 HTTP/1.1" 200 811831 "-" "GuzzleHttp/6.5.1 curl/7.52.1 PHP/7.1.33-8+0~20200202.31+debian9~1.gbp266c28"
51.255.43.108 - - [05/Jul/2020:10:39:09 +0200] "GET /studies?limit=100&offset=300 HTTP/1.1" 200 858469 "-" "GuzzleHttp/6.5.1 curl/7.52.1 PHP/7.1.33-8+0~20200202.31+debian9~1.gbp266c28"
51.255.43.108 - - [05/Jul/2020:10:39:11 +0200] "GET /studies?limit=100&offset=400 HTTP/1.1" 200 849200 "-" "GuzzleHttp/6.5.1 curl/7.52.1 PHP/7.1.33-8+0~20200202.31+debian9~1.gbp266c28"
51.255.43.108 - - [05/Jul/2020:10:39:14 +0200] "GET /studies?limit=100&offset=500 HTTP/1.1" 200 782588 "-" "GuzzleHttp/6.5.1 curl/7.52.1 PHP/7.1.33-8+0~20200202.31+debian9~1.gbp266c28"
51.255.43.108 - - [05/Jul/2020:10:39:16 +0200] "GET /studies?limit=100&offset=600 HTTP/1.1" 200 802069 "-" "GuzzleHttp/6.5.1 curl/7.52.1 PHP/7.1.33-8+0~20200202.31+debian9~1.gbp266c28"
51.255.43.108 - - [05/Jul/2020:10:39:19 +0200] "GET /studies?limit=100&offset=700 HTTP/1.1" 200 900056 "-" "GuzzleHttp/6.5.1 curl/7.52.1 PHP/7.1.33-8+0~20200202.31+debian9~1.gbp266c28"
51.255.43.108 - - [05/Jul/2020:10:39:22 +0200] "GET /studies?limit=100&offset=800 HTTP/1.1" 200 801792 "-" "GuzzleHttp/6.5.1 curl/7.52.1 PHP/7.1.33-8+0~20200202.31+debian9~1.gbp266c28"
51.255.43.108 - - [05/Jul/2020:10:39:24 +0200] "GET /studies?limit=100&offset=900 HTTP/1.1" 200 897497 "-" "GuzzleHttp/6.5.1 curl/7.52.1 PHP/7.1.33-8+0~20200202.31+debian9~1.gbp266c28"
51.255.43.108 - - [05/Jul/2020:10:39:27 +0200] "GET /studies?limit=100&offset=1000 HTTP/1.1" 200 871652 "-" "GuzzleHttp/6.5.1 curl/7.52.1 PHP/7.1.33-8+0~20200202.31+debian9~1.gbp266c28"
51.255.43.108 - - [05/Jul/2020:10:39:30 +0200] "GET /studies?limit=100&offset=1100 HTTP/1.1" 200 875667 "-" "GuzzleHttp/6.5.1 curl/7.52.1 PHP/7.1.33-8+0~20200202.31+debian9~1.gbp266c28"
51.255.43.108 - - [05/Jul/2020:10:39:32 +0200] "GET /studies?limit=100&offset=1200 HTTP/1.1" 200 792404 "-" "GuzzleHttp/6.5.1 curl/7.52.1 PHP/7.1.33-8+0~20200202.31+debian9~1.gbp266c28"
51.255.43.108 - - [05/Jul/2020:10:39:35 +0200] "GET /studies?limit=100&offset=1300 HTTP/1.1" 200 798870 "-" "GuzzleHttp/6.5.1 curl/7.52.1 PHP/7.1.33-8+0~20200202.31+debian9~1.gbp266c28"
51.255.43.108 - - [05/Jul/2020:10:39:37 +0200] "GET /studies?limit=100&offset=1400 HTTP/1.1" 200 797481 "-" "GuzzleHttp/6.5.1 curl/7.52.1 PHP/7.1.33-8+0~20200202.31+debian9~1.gbp266c28"
51.255.43.108 - - [05/Jul/2020:10:39:40 +0200] "GET /studies?limit=100&offset=1500 HTTP/1.1" 200 795113 "-" "GuzzleHttp/6.5.1 curl/7.52.1 PHP/7.1.33-8+0~20200202.31+debian9~1.gbp266c28"
51.255.43.108 - - [05/Jul/2020:10:39:42 +0200] "GET /studies?limit=100&offset=1600 HTTP/1.1" 200 814387 "-" "GuzzleHttp/6.5.1 curl/7.52.1 PHP/7.1.33-8+0~20200202.31+debian9~1.gbp266c28"
51.255.43.108 - - [05/Jul/2020:10:39:45 +0200] "GET /studies?limit=100&offset=1700 HTTP/1.1" 200 802018 "-" "GuzzleHttp/6.5.1 curl/7.52.1 PHP/7.1.33-8+0~20200202.31+debian9~1.gbp266c28"
51.255.43.108 - - [05/Jul/2020:10:39:47 +0200] "GET /studies?limit=100&offset=1800 HTTP/1.1" 200 767558 "-" "GuzzleHttp/6.5.1 curl/7.52.1 PHP/7.1.33-8+0~20200202.31+debian9~1.gbp266c28"
51.255.43.108 - - [05/Jul/2020:10:39:50 +0200] "GET /studies?limit=100&offset=1900 HTTP/1.1" 200 771109 "-" "GuzzleHttp/6.5.1 curl/7.52.1 PHP/7.1.33-8+0~20200202.31+debian9~1.gbp266c28"
51.255.43.108 - - [05/Jul/2020:10:39:52 +0200] "GET /studies?limit=100&offset=2000 HTTP/1.1" 200 750925 "-" "GuzzleHttp/6.5.1 curl/7.52.1 PHP/7.1.33-8+0~20200202.31+debian9~1.gbp266c28"
51.255.43.108 - - [05/Jul/2020:10:39:54 +0200] "GET /studies?limit=100&offset=2100 HTTP/1.1" 200 782732 "-" "GuzzleHttp/6.5.1 curl/7.52.1 PHP/7.1.33-8+0~20200202.31+debian9~1.gbp266c28"
51.255.43.108 - - [05/Jul/2020:10:40:00 +0200] "POST /tokens/jwt HTTP/1.1" 201 3472 "-" "GuzzleHttp/6.5.1 curl/7.52.1 PHP/7.1.33-8+0~20200202.31+debian9~1.gbp266c28"
51.255.43.108 - - [05/Jul/2020:10:40:01 +0200] "POST /tokens/jwt HTTP/1.1" 201 3472 "-" "GuzzleHttp/6.5.1 curl/7.52.1 PHP/7.1.33-8+0~20200202.31+debian9~1.gbp266c28"
51.255.43.108 - - [05/Jul/2020:10:40:01 +0200] "POST /emails/process/take HTTP/1.1" 404 240 "-" "GuzzleHttp/6.5.1 curl/7.52.1 PHP/7.1.33-8+0~20200202.31+debian9~1.gbp266c28"
51.255.43.108 - - [05/Jul/2020:10:41:01 +0200] "POST /tokens/jwt HTTP/1.1" 201 3472 "-" "GuzzleHttp/6.5.1 curl/7.52.1 PHP/7.1.33-8+0~20200202.31+debian9~1.gbp266c28"
51.255.43.108 - - [05/Jul/2020:10:41:01 +0200] "POST /tokens/jwt HTTP/1.1" 201 3472 "-" "GuzzleHttp/6.5.1 curl/7.52.1 PHP/7.1.33-8+0~20200202.31+debian9~1.gbp266c28"
51.255.43.108 - - [05/Jul/2020:10:41:01 +0200] "POST /emails/process/take HTTP/1.1" 404 240 "-" "GuzzleHttp/6.5.1 curl/7.52.1 PHP/7.1.33-8+0~20200202.31+debian9~1.gbp266c28"
51.255.43.108 - - [05/Jul/2020:10:42:00 +0200] "POST /tokens/jwt HTTP/1.1" 201 3472 "-" "GuzzleHttp/6.5.1 curl/7.52.1 PHP/7.1.33-8+0~20200202.31+debian9~1.gbp266c28"
51.255.43.108 - - [05/Jul/2020:10:42:01 +0200] "POST /tokens/jwt HTTP/1.1" 201 3472 "-" "GuzzleHttp/6.5.1 curl/7.52.1 PHP/7.1.33-8+0~20200202.31+debian9~1.gbp266c28"
51.255.43.108 - - [05/Jul/2020:10:42:01 +0200] "POST /emails/process/take HTTP/1.1" 404 240 "-" "GuzzleHttp/6.5.1 curl/7.52.1 PHP/7.1.33-8+0~20200202.31+debian9~1.gbp266c28"
216.245.221.83 - - [05/Jul/2020:10:42:42 +0200] "GET /users HTTP/1.1" 401 3537 "https://api.everycheck.com/users" "Mozilla/5.0+(compatible; UptimeRobot/2.0; http://www.uptimerobot.com/)"
51.255.43.108 - - [05/Jul/2020:10:43:00 +0200] "POST /tokens/jwt HTTP/1.1" 201 3472 "-" "GuzzleHttp/6.5.1 curl/7.52.1 PHP/7.1.33-8+0~20200202.31+debian9~1.gbp266c28"
51.255.43.108 - - [05/Jul/2020:10:43:01 +0200] "POST /tokens/jwt HTTP/1.1" 201 3472 "-" "GuzzleHttp/6.5.1 curl/7.52.1 PHP/7.1.33-8+0~20200202.31+debian9~1.gbp266c28"
51.255.43.108 - - [05/Jul/2020:10:43:01 +0200] "POST /emails/process/take HTTP/1.1" 404 240 "-" "GuzzleHttp/6.5.1 curl/7.52.1 PHP/7.1.33-8+0~20200202.31+debian9~1.gbp266c28"
51.210.12.113 - - [05/Jul/2020:10:44:00 +0200] "GET /studies?limit=100&offset=0&filter[gt_caDate]=2020-07-05%2005%3A44%3A00&filter[cfKind]=agreement HTTP/1.1" 200 3330 "-" "Go-http-client/1.1"
51.255.43.108 - - [05/Jul/2020:10:44:00 +0200] "POST /tokens/jwt HTTP/1.1" 201 3472 "-" "GuzzleHttp/6.5.1 curl/7.52.1 PHP/7.1.33-8+0~20200202.31+debian9~1.gbp266c28"
51.255.43.108 - - [05/Jul/2020:10:44:01 +0200] "POST /tokens/jwt HTTP/1.1" 201 3472 "-" "GuzzleHttp/6.5.1 curl/7.52.1 PHP/7.1.33-8+0~20200202.31+debian9~1.gbp266c28"
51.255.43.108 - - [05/Jul/2020:10:44:01 +0200] "POST /emails/process/take HTTP/1.1" 404 240 "-" "GuzzleHttp/6.5.1 curl/7.52.1 PHP/7.1.33-8+0~20200202.31+debian9~1.gbp266c28"
51.255.43.108 - - [05/Jul/2020:10:45:00 +0200] "POST /tokens/jwt HTTP/1.1" 201 3472 "-" "GuzzleHttp/6.5.1 curl/7.52.1 PHP/7.1.33-8+0~20200202.31+debian9~1.gbp266c28"
51.255.43.108 - - [05/Jul/2020:10:45:01 +0200] "POST /tokens/jwt HTTP/1.1" 201 3472 "-" "GuzzleHttp/6.5.1 curl/7.52.1 PHP/7.1.33-8+0~20200202.31+debian9~1.gbp266c28"
51.255.43.108 - - [05/Jul/2020:10:45:01 +0200] "POST /emails/process/take HTTP/1.1" 404 240 "-" "GuzzleHttp/6.5.1 curl/7.52.1 PHP/7.1.33-8+0~20200202.31+debian9~1.gbp266c28"
51.255.43.108 - - [05/Jul/2020:10:46:00 +0200] "POST /tokens/jwt HTTP/1.1" 201 3472 "-" "GuzzleHttp/6.5.1 curl/7.52.1 PHP/7.1.33-8+0~20200202.31+debian9~1.gbp266c28"
51.255.43.108 - - [05/Jul/2020:10:46:01 +0200] "POST /tokens/jwt HTTP/1.1" 201 3472 "-" "GuzzleHttp/6.5.1 curl/7.52.1 PHP/7.1.33-8+0~20200202.31+debian9~1.gbp266c28"
51.255.43.108 - - [05/Jul/2020:10:46:01 +0200] "POST /emails/process/take HTTP/1.1" 404 240 "-" "GuzzleHttp/6.5.1 curl/7.52.1 PHP/7.1.33-8+0~20200202.31+debian9~1.gbp266c28"
51.255.43.108 - - [05/Jul/2020:10:47:00 +0200] "POST /tokens/jwt HTTP/1.1" 201 3472 "-" "GuzzleHttp/6.5.1 curl/7.52.1 PHP/7.1.33-8+0~20200202.31+debian9~1.gbp266c28"
51.255.43.108 - - [05/Jul/2020:10:47:01 +0200] "POST /tokens/jwt HTTP/1.1" 201 3472 "-" "GuzzleHttp/6.5.1 curl/7.52.1 PHP/7.1.33-8+0~20200202.31+debian9~1.gbp266c28"
51.255.43.108 - - [05/Jul/2020:10:47:01 +0200] "POST /emails/process/take HTTP/1.1" 404 240 "-" "GuzzleHttp/6.5.1 curl/7.52.1 PHP/7.1.33-8+0~20200202.31+debian9~1.gbp266c28"
51.210.12.113 - - [05/Jul/2020:10:48:00 +0200] "GET /studies?limit=100&offset=0&filter[gt_caDate]=2020-07-05%2005%3A48%3A00 HTTP/1.1" 200 3330 "-" "Go-http-client/1.1"
51.255.43.108 - - [05/Jul/2020:10:48:01 +0200] "POST /tokens/jwt HTTP/1.1" 201 3472 "-" "GuzzleHttp/6.5.1 curl/7.52.1 PHP/7.1.33-8+0~20200202.31+debian9~1.gbp266c28"
51.255.43.108 - - [05/Jul/2020:10:48:01 +0200] "POST /tokens/jwt HTTP/1.1" 201 3472 "-" "GuzzleHttp/6.5.1 curl/7.52.1 PHP/7.1.33-8+0~20200202.31+debian9~1.gbp266c28"
51.255.43.108 - - [05/Jul/2020:10:48:01 +0200] "POST /emails/process/take HTTP/1.1" 404 240 "-" "GuzzleHttp/6.5.1 curl/7.52.1 PHP/7.1.33-8+0~20200202.31+debian9~1.gbp266c28"
51.255.43.108 - - [05/Jul/2020:10:49:00 +0200] "POST /tokens/jwt HTTP/1.1" 201 3472 "-" "GuzzleHttp/6.5.1 curl/7.52.1 PHP/7.1.33-8+0~20200202.31+debian9~1.gbp266c28"
51.255.43.108 - - [05/Jul/2020:10:49:01 +0200] "POST /tokens/jwt HTTP/1.1" 201 3472 "-" "GuzzleHttp/6.5.1 curl/7.52.1 PHP/7.1.33-8+0~20200202.31+debian9~1.gbp266c28"
51.255.43.108 - - [05/Jul/2020:10:49:01 +0200] "POST /emails/process/take HTTP/1.1" 404 240 "-" "GuzzleHttp/6.5.1 curl/7.52.1 PHP/7.1.33-8+0~20200202.31+debian9~1.gbp266c28"
51.255.43.108 - - [05/Jul/2020:10:50:00 +0200] "POST /tokens/jwt HTTP/1.1" 201 3472 "-" "GuzzleHttp/6.5.1 curl/7.52.1 PHP/7.1.33-8+0~20200202.31+debian9~1.gbp266c28"
51.255.43.108 - - [05/Jul/2020:10:50:01 +0200] "POST /tokens/jwt HTTP/1.1" 201 3472 "-" "GuzzleHttp/6.5.1 curl/7.52.1 PHP/7.1.33-8+0~20200202.31+debian9~1.gbp266c28"
51.255.43.108 - - [05/Jul/2020:10:50:01 +0200] "POST /emails/process/take HTTP/1.1" 404 240 "-" "GuzzleHttp/6.5.1 curl/7.52.1 PHP/7.1.33-8+0~20200202.31+debian9~1.gbp266c28"
51.255.43.108 - - [05/Jul/2020:10:51:00 +0200] "POST /tokens/jwt HTTP/1.1" 201 3472 "-" "GuzzleHttp/6.5.1 curl/7.52.1 PHP/7.1.33-8+0~20200202.31+debian9~1.gbp266c28"
51.255.43.108 - - [05/Jul/2020:10:51:01 +0200] "POST /tokens/jwt HTTP/1.1" 201 3472 "-" "GuzzleHttp/6.5.1 curl/7.52.1 PHP/7.1.33-8+0~20200202.31+debian9~1.gbp266c28"
51.255.43.108 - - [05/Jul/2020:10:51:01 +0200] "POST /emails/process/take HTTP/1.1" 404 240 "-" "GuzzleHttp/6.5.1 curl/7.52.1 PHP/7.1.33-8+0~20200202.31+debian9~1.gbp266c28"
51.255.43.108 - - [05/Jul/2020:10:52:00 +0200] "POST /tokens/jwt HTTP/1.1" 201 3472 "-" "GuzzleHttp/6.5.1 curl/7.52.1 PHP/7.1.33-8+0~20200202.31+debian9~1.gbp266c28"
51.255.43.108 - - [05/Jul/2020:10:52:01 +0200] "POST /tokens/jwt HTTP/1.1" 201 3472 "-" "GuzzleHttp/6.5.1 curl/7.52.1 PHP/7.1.33-8+0~20200202.31+debian9~1.gbp266c28"
51.255.43.108 - - [05/Jul/2020:10:52:01 +0200] "POST /emails/process/take HTTP/1.1" 404 240 "-" "GuzzleHttp/6.5.1 curl/7.52.1 PHP/7.1.33-8+0~20200202.31+debian9~1.gbp266c28"
195.54.160.135 - - [05/Jul/2020:10:52:19 +0200] "GET /solr/admin/info/system?wt=json HTTP/1.1" 404 3769 "http://151.80.233.118:80/solr/admin/info/system?wt=json" "Mozilla/5.0 (Windows NT 10.0; Win64; x64) AppleWebKit/537.36 (KHTML, like Gecko) Chrome/78.0.3904.108 Safari/537.36"
216.245.221.83 - - [05/Jul/2020:10:52:42 +0200] "GET /users HTTP/1.1" 401 3537 "https://api.everycheck.com/users" "Mozilla/5.0+(compatible; UptimeRobot/2.0; http://www.uptimerobot.com/)"
51.255.43.108 - - [05/Jul/2020:10:53:00 +0200] "POST /tokens/jwt HTTP/1.1" 201 3472 "-" "GuzzleHttp/6.5.1 curl/7.52.1 PHP/7.1.33-8+0~20200202.31+debian9~1.gbp266c28"
51.255.43.108 - - [05/Jul/2020:10:53:01 +0200] "POST /tokens/jwt HTTP/1.1" 201 3472 "-" "GuzzleHttp/6.5.1 curl/7.52.1 PHP/7.1.33-8+0~20200202.31+debian9~1.gbp266c28"
51.255.43.108 - - [05/Jul/2020:10:53:01 +0200] "POST /emails/process/take HTTP/1.1" 404 240 "-" "GuzzleHttp/6.5.1 curl/7.52.1 PHP/7.1.33-8+0~20200202.31+debian9~1.gbp266c28"
51.210.12.113 - - [05/Jul/2020:10:54:00 +0200] "GET /studies?limit=100&offset=0&filter[cfKind]=agreement&filter[gt_caDate]=2020-07-05%2005%3A54%3A00 HTTP/1.1" 200 3330 "-" "Go-http-client/1.1"
51.255.43.108 - - [05/Jul/2020:10:54:00 +0200] "POST /tokens/jwt HTTP/1.1" 201 3472 "-" "GuzzleHttp/6.5.1 curl/7.52.1 PHP/7.1.33-8+0~20200202.31+debian9~1.gbp266c28"
51.255.43.108 - - [05/Jul/2020:10:54:01 +0200] "POST /tokens/jwt HTTP/1.1" 201 3472 "-" "GuzzleHttp/6.5.1 curl/7.52.1 PHP/7.1.33-8+0~20200202.31+debian9~1.gbp266c28"
51.255.43.108 - - [05/Jul/2020:10:54:01 +0200] "POST /emails/process/take HTTP/1.1" 404 240 "-" "GuzzleHttp/6.5.1 curl/7.52.1 PHP/7.1.33-8+0~20200202.31+debian9~1.gbp266c28"
51.255.43.108 - - [05/Jul/2020:10:55:00 +0200] "POST /tokens/jwt HTTP/1.1" 201 3472 "-" "GuzzleHttp/6.5.1 curl/7.52.1 PHP/7.1.33-8+0~20200202.31+debian9~1.gbp266c28"
51.255.43.108 - - [05/Jul/2020:10:55:01 +0200] "POST /tokens/jwt HTTP/1.1" 201 3472 "-" "GuzzleHttp/6.5.1 curl/7.52.1 PHP/7.1.33-8+0~20200202.31+debian9~1.gbp266c28"
51.255.43.108 - - [05/Jul/2020:10:55:01 +0200] "POST /emails/process/take HTTP/1.1" 404 240 "-" "GuzzleHttp/6.5.1 curl/7.52.1 PHP/7.1.33-8+0~20200202.31+debian9~1.gbp266c28"
51.255.43.108 - - [05/Jul/2020:10:56:00 +0200] "POST /tokens/jwt HTTP/1.1" 201 3472 "-" "GuzzleHttp/6.5.1 curl/7.52.1 PHP/7.1.33-8+0~20200202.31+debian9~1.gbp266c28"
51.255.43.108 - - [05/Jul/2020:10:56:01 +0200] "POST /tokens/jwt HTTP/1.1" 201 3472 "-" "GuzzleHttp/6.5.1 curl/7.52.1 PHP/7.1.33-8+0~20200202.31+debian9~1.gbp266c28"
51.255.43.108 - - [05/Jul/2020:10:56:01 +0200] "POST /emails/process/take HTTP/1.1" 404 240 "-" "GuzzleHttp/6.5.1 curl/7.52.1 PHP/7.1.33-8+0~20200202.31+debian9~1.gbp266c28"
195.54.160.135 - - [05/Jul/2020:10:57:00 +0200] "GET /?XDEBUG_SESSION_START=phpstorm HTTP/1.1" 404 3769 "http://151.80.233.118:80/?XDEBUG_SESSION_START=phpstorm" "Mozilla/5.0 (Windows NT 10.0; Win64; x64) AppleWebKit/537.36 (KHTML, like Gecko) Chrome/78.0.3904.108 Safari/537.36"
51.255.43.108 - - [05/Jul/2020:10:57:00 +0200] "POST /tokens/jwt HTTP/1.1" 201 3472 "-" "GuzzleHttp/6.5.1 curl/7.52.1 PHP/7.1.33-8+0~20200202.31+debian9~1.gbp266c28"
51.255.43.108 - - [05/Jul/2020:10:57:01 +0200] "POST /tokens/jwt HTTP/1.1" 201 3472 "-" "GuzzleHttp/6.5.1 curl/7.52.1 PHP/7.1.33-8+0~20200202.31+debian9~1.gbp266c28"
51.255.43.108 - - [05/Jul/2020:10:57:01 +0200] "POST /emails/process/take HTTP/1.1" 404 240 "-" "GuzzleHttp/6.5.1 curl/7.52.1 PHP/7.1.33-8+0~20200202.31+debian9~1.gbp266c28"
51.210.12.113 - - [05/Jul/2020:10:58:00 +0200] "GET /studies?limit=100&offset=0&filter[gt_caDate]=2020-07-05%2005%3A58%3A00 HTTP/1.1" 200 3330 "-" "Go-http-client/1.1"
51.255.43.108 - - [05/Jul/2020:10:58:00 +0200] "POST /tokens/jwt HTTP/1.1" 201 3472 "-" "GuzzleHttp/6.5.1 curl/7.52.1 PHP/7.1.33-8+0~20200202.31+debian9~1.gbp266c28"
51.255.43.108 - - [05/Jul/2020:10:58:01 +0200] "POST /tokens/jwt HTTP/1.1" 201 3472 "-" "GuzzleHttp/6.5.1 curl/7.52.1 PHP/7.1.33-8+0~20200202.31+debian9~1.gbp266c28"
51.255.43.108 - - [05/Jul/2020:10:58:01 +0200] "POST /emails/process/take HTTP/1.1" 404 240 "-" "GuzzleHttp/6.5.1 curl/7.52.1 PHP/7.1.33-8+0~20200202.31+debian9~1.gbp266c28"
51.255.43.108 - - [05/Jul/2020:10:59:00 +0200] "POST /tokens/jwt HTTP/1.1" 201 3472 "-" "GuzzleHttp/6.5.1 curl/7.52.1 PHP/7.1.33-8+0~20200202.31+debian9~1.gbp266c28"
51.255.43.108 - - [05/Jul/2020:10:59:01 +0200] "POST /tokens/jwt HTTP/1.1" 201 3472 "-" "GuzzleHttp/6.5.1 curl/7.52.1 PHP/7.1.33-8+0~20200202.31+debian9~1.gbp266c28"
51.255.43.108 - - [05/Jul/2020:10:59:01 +0200] "POST /emails/process/take HTTP/1.1" 404 240 "-" "GuzzleHttp/6.5.1 curl/7.52.1 PHP/7.1.33-8+0~20200202.31+debian9~1.gbp266c28"
51.255.43.108 - - [05/Jul/2020:11:00:00 +0200] "POST /tokens/jwt HTTP/1.1" 201 3472 "-" "GuzzleHttp/6.5.1 curl/7.52.1 PHP/7.1.33-8+0~20200202.31+debian9~1.gbp266c28"
51.255.43.108 - - [05/Jul/2020:11:00:01 +0200] "POST /tokens/jwt HTTP/1.1" 201 3472 "-" "GuzzleHttp/6.5.1 curl/7.52.1 PHP/7.1.33-8+0~20200202.31+debian9~1.gbp266c28"
51.255.43.108 - - [05/Jul/2020:11:00:01 +0200] "POST /emails/process/take HTTP/1.1" 404 240 "-" "GuzzleHttp/6.5.1 curl/7.52.1 PHP/7.1.33-8+0~20200202.31+debian9~1.gbp266c28"
51.255.43.108 - - [05/Jul/2020:11:01:00 +0200] "POST /tokens/jwt HTTP/1.1" 201 3472 "-" "GuzzleHttp/6.5.1 curl/7.52.1 PHP/7.1.33-8+0~20200202.31+debian9~1.gbp266c28"
51.255.43.108 - - [05/Jul/2020:11:01:01 +0200] "POST /tokens/jwt HTTP/1.1" 201 3472 "-" "GuzzleHttp/6.5.1 curl/7.52.1 PHP/7.1.33-8+0~20200202.31+debian9~1.gbp266c28"
51.255.43.108 - - [05/Jul/2020:11:01:01 +0200] "POST /emails/process/take HTTP/1.1" 404 240 "-" "GuzzleHttp/6.5.1 curl/7.52.1 PHP/7.1.33-8+0~20200202.31+debian9~1.gbp266c28"
195.54.160.135 - - [05/Jul/2020:11:01:58 +0200] "GET /index.php?s=/Index/\\think\\app/invokefunction&function=call_user_func_array&vars[0]=md5&vars[1][]=HelloThinkPHP HTTP/1.1" 404 3769 "http://151.80.233.118:80/index.php?s=/Index/\\think\\app/invokefunction&function=call_user_func_array&vars[0]=md5&vars[1][]=HelloThinkPHP" "Mozilla/5.0 (Windows NT 10.0; Win64; x64) AppleWebKit/537.36 (KHTML, like Gecko) Chrome/78.0.3904.108 Safari/537.36"
51.255.43.108 - - [05/Jul/2020:11:02:00 +0200] "POST /tokens/jwt HTTP/1.1" 201 3472 "-" "GuzzleHttp/6.5.1 curl/7.52.1 PHP/7.1.33-8+0~20200202.31+debian9~1.gbp266c28"
51.255.43.108 - - [05/Jul/2020:11:02:01 +0200] "POST /tokens/jwt HTTP/1.1" 201 3472 "-" "GuzzleHttp/6.5.1 curl/7.52.1 PHP/7.1.33-8+0~20200202.31+debian9~1.gbp266c28"
51.255.43.108 - - [05/Jul/2020:11:02:01 +0200] "POST /emails/process/take HTTP/1.1" 404 240 "-" "GuzzleHttp/6.5.1 curl/7.52.1 PHP/7.1.33-8+0~20200202.31+debian9~1.gbp266c28"
195.54.160.135 - - [05/Jul/2020:11:02:06 +0200] "GET /?a=fetch&content=<php>die(@md5(HelloThinkCMF))</php> HTTP/1.1" 404 3769 "http://151.80.233.118:80/?a=fetch&content=<php>die(@md5(HelloThinkCMF))</php>" "Mozilla/5.0 (Windows NT 10.0; Win64; x64) AppleWebKit/537.36 (KHTML, like Gecko) Chrome/78.0.3904.108 Safari/537.36"
216.245.221.83 - - [05/Jul/2020:11:02:42 +0200] "GET /users HTTP/1.1" 401 3537 "https://api.everycheck.com/users" "Mozilla/5.0+(compatible; UptimeRobot/2.0; http://www.uptimerobot.com/)"
51.255.43.108 - - [05/Jul/2020:11:03:00 +0200] "POST /tokens/jwt HTTP/1.1" 201 3472 "-" "GuzzleHttp/6.5.1 curl/7.52.1 PHP/7.1.33-8+0~20200202.31+debian9~1.gbp266c28"
51.255.43.108 - - [05/Jul/2020:11:03:01 +0200] "POST /tokens/jwt HTTP/1.1" 201 3472 "-" "GuzzleHttp/6.5.1 curl/7.52.1 PHP/7.1.33-8+0~20200202.31+debian9~1.gbp266c28"
51.255.43.108 - - [05/Jul/2020:11:03:01 +0200] "POST /emails/process/take HTTP/1.1" 404 240 "-" "GuzzleHttp/6.5.1 curl/7.52.1 PHP/7.1.33-8+0~20200202.31+debian9~1.gbp266c28"
51.210.12.113 - - [05/Jul/2020:11:04:00 +0200] "GET /studies?limit=100&offset=0&filter[cfKind]=agreement&filter[gt_caDate]=2020-07-05%2006%3A04%3A00 HTTP/1.1" 200 3330 "-" "Go-http-client/1.1"
51.255.43.108 - - [05/Jul/2020:11:04:00 +0200] "POST /tokens/jwt HTTP/1.1" 201 3472 "-" "GuzzleHttp/6.5.1 curl/7.52.1 PHP/7.1.33-8+0~20200202.31+debian9~1.gbp266c28"
51.255.43.108 - - [05/Jul/2020:11:04:01 +0200] "POST /tokens/jwt HTTP/1.1" 201 3472 "-" "GuzzleHttp/6.5.1 curl/7.52.1 PHP/7.1.33-8+0~20200202.31+debian9~1.gbp266c28"
51.255.43.108 - - [05/Jul/2020:11:04:01 +0200] "POST /emails/process/take HTTP/1.1" 404 240 "-" "GuzzleHttp/6.5.1 curl/7.52.1 PHP/7.1.33-8+0~20200202.31+debian9~1.gbp266c28"
51.255.43.108 - - [05/Jul/2020:11:05:00 +0200] "POST /tokens/jwt HTTP/1.1" 201 3472 "-" "GuzzleHttp/6.5.1 curl/7.52.1 PHP/7.1.33-8+0~20200202.31+debian9~1.gbp266c28"
51.255.43.108 - - [05/Jul/2020:11:05:01 +0200] "POST /tokens/jwt HTTP/1.1" 201 3472 "-" "GuzzleHttp/6.5.1 curl/7.52.1 PHP/7.1.33-8+0~20200202.31+debian9~1.gbp266c28"
51.255.43.108 - - [05/Jul/2020:11:05:01 +0200] "POST /emails/process/take HTTP/1.1" 404 240 "-" "GuzzleHttp/6.5.1 curl/7.52.1 PHP/7.1.33-8+0~20200202.31+debian9~1.gbp266c28"
51.255.43.108 - - [05/Jul/2020:11:06:00 +0200] "POST /tokens/jwt HTTP/1.1" 201 3472 "-" "GuzzleHttp/6.5.1 curl/7.52.1 PHP/7.1.33-8+0~20200202.31+debian9~1.gbp266c28"
51.255.43.108 - - [05/Jul/2020:11:06:01 +0200] "POST /tokens/jwt HTTP/1.1" 201 3472 "-" "GuzzleHttp/6.5.1 curl/7.52.1 PHP/7.1.33-8+0~20200202.31+debian9~1.gbp266c28"
51.255.43.108 - - [05/Jul/2020:11:06:01 +0200] "POST /emails/process/take HTTP/1.1" 404 240 "-" "GuzzleHttp/6.5.1 curl/7.52.1 PHP/7.1.33-8+0~20200202.31+debian9~1.gbp266c28"
51.255.43.108 - - [05/Jul/2020:11:07:00 +0200] "POST /tokens/jwt HTTP/1.1" 201 3472 "-" "GuzzleHttp/6.5.1 curl/7.52.1 PHP/7.1.33-8+0~20200202.31+debian9~1.gbp266c28"
51.255.43.108 - - [05/Jul/2020:11:07:01 +0200] "POST /tokens/jwt HTTP/1.1" 201 3472 "-" "GuzzleHttp/6.5.1 curl/7.52.1 PHP/7.1.33-8+0~20200202.31+debian9~1.gbp266c28"
51.255.43.108 - - [05/Jul/2020:11:07:01 +0200] "POST /emails/process/take HTTP/1.1" 404 240 "-" "GuzzleHttp/6.5.1 curl/7.52.1 PHP/7.1.33-8+0~20200202.31+debian9~1.gbp266c28"
51.210.12.113 - - [05/Jul/2020:11:08:00 +0200] "GET /studies?limit=100&offset=0&filter[gt_caDate]=2020-07-05%2006%3A08%3A00 HTTP/1.1" 200 3330 "-" "Go-http-client/1.1"
51.255.43.108 - - [05/Jul/2020:11:08:00 +0200] "POST /tokens/jwt HTTP/1.1" 201 3472 "-" "GuzzleHttp/6.5.1 curl/7.52.1 PHP/7.1.33-8+0~20200202.31+debian9~1.gbp266c28"
51.255.43.108 - - [05/Jul/2020:11:08:01 +0200] "POST /tokens/jwt HTTP/1.1" 201 3472 "-" "GuzzleHttp/6.5.1 curl/7.52.1 PHP/7.1.33-8+0~20200202.31+debian9~1.gbp266c28"
51.255.43.108 - - [05/Jul/2020:11:08:01 +0200] "POST /emails/process/take HTTP/1.1" 404 240 "-" "GuzzleHttp/6.5.1 curl/7.52.1 PHP/7.1.33-8+0~20200202.31+debian9~1.gbp266c28"
51.255.43.108 - - [05/Jul/2020:11:09:00 +0200] "POST /tokens/jwt HTTP/1.1" 201 3472 "-" "GuzzleHttp/6.5.1 curl/7.52.1 PHP/7.1.33-8+0~20200202.31+debian9~1.gbp266c28"
51.255.43.108 - - [05/Jul/2020:11:09:01 +0200] "POST /tokens/jwt HTTP/1.1" 201 3472 "-" "GuzzleHttp/6.5.1 curl/7.52.1 PHP/7.1.33-8+0~20200202.31+debian9~1.gbp266c28"
51.255.43.108 - - [05/Jul/2020:11:09:01 +0200] "POST /emails/process/take HTTP/1.1" 404 240 "-" "GuzzleHttp/6.5.1 curl/7.52.1 PHP/7.1.33-8+0~20200202.31+debian9~1.gbp266c28"
51.255.43.108 - - [05/Jul/2020:11:10:00 +0200] "POST /tokens/jwt HTTP/1.1" 201 3472 "-" "GuzzleHttp/6.5.1 curl/7.52.1 PHP/7.1.33-8+0~20200202.31+debian9~1.gbp266c28"
51.255.43.108 - - [05/Jul/2020:11:10:01 +0200] "POST /tokens/jwt HTTP/1.1" 201 3472 "-" "GuzzleHttp/6.5.1 curl/7.52.1 PHP/7.1.33-8+0~20200202.31+debian9~1.gbp266c28"
51.255.43.108 - - [05/Jul/2020:11:10:01 +0200] "POST /emails/process/take HTTP/1.1" 404 240 "-" "GuzzleHttp/6.5.1 curl/7.52.1 PHP/7.1.33-8+0~20200202.31+debian9~1.gbp266c28"
51.255.43.108 - - [05/Jul/2020:11:11:00 +0200] "POST /tokens/jwt HTTP/1.1" 201 3472 "-" "GuzzleHttp/6.5.1 curl/7.52.1 PHP/7.1.33-8+0~20200202.31+debian9~1.gbp266c28"
51.255.43.108 - - [05/Jul/2020:11:11:01 +0200] "POST /tokens/jwt HTTP/1.1" 201 3472 "-" "GuzzleHttp/6.5.1 curl/7.52.1 PHP/7.1.33-8+0~20200202.31+debian9~1.gbp266c28"
51.255.43.108 - - [05/Jul/2020:11:11:01 +0200] "POST /emails/process/take HTTP/1.1" 404 240 "-" "GuzzleHttp/6.5.1 curl/7.52.1 PHP/7.1.33-8+0~20200202.31+debian9~1.gbp266c28"
51.255.43.108 - - [05/Jul/2020:11:12:00 +0200] "POST /tokens/jwt HTTP/1.1" 201 3472 "-" "GuzzleHttp/6.5.1 curl/7.52.1 PHP/7.1.33-8+0~20200202.31+debian9~1.gbp266c28"
51.255.43.108 - - [05/Jul/2020:11:12:01 +0200] "POST /tokens/jwt HTTP/1.1" 201 3472 "-" "GuzzleHttp/6.5.1 curl/7.52.1 PHP/7.1.33-8+0~20200202.31+debian9~1.gbp266c28"
51.255.43.108 - - [05/Jul/2020:11:12:01 +0200] "POST /emails/process/take HTTP/1.1" 404 240 "-" "GuzzleHttp/6.5.1 curl/7.52.1 PHP/7.1.33-8+0~20200202.31+debian9~1.gbp266c28"
216.245.221.83 - - [05/Jul/2020:11:12:42 +0200] "GET /users HTTP/1.1" 401 3537 "https://api.everycheck.com/users" "Mozilla/5.0+(compatible; UptimeRobot/2.0; http://www.uptimerobot.com/)"
51.255.43.108 - - [05/Jul/2020:11:13:00 +0200] "POST /tokens/jwt HTTP/1.1" 201 3472 "-" "GuzzleHttp/6.5.1 curl/7.52.1 PHP/7.1.33-8+0~20200202.31+debian9~1.gbp266c28"
51.255.43.108 - - [05/Jul/2020:11:13:01 +0200] "POST /tokens/jwt HTTP/1.1" 201 3472 "-" "GuzzleHttp/6.5.1 curl/7.52.1 PHP/7.1.33-8+0~20200202.31+debian9~1.gbp266c28"
51.255.43.108 - - [05/Jul/2020:11:13:01 +0200] "POST /emails/process/take HTTP/1.1" 404 240 "-" "GuzzleHttp/6.5.1 curl/7.52.1 PHP/7.1.33-8+0~20200202.31+debian9~1.gbp266c28"
51.210.12.113 - - [05/Jul/2020:11:14:00 +0200] "GET /studies?limit=100&offset=0&filter[cfKind]=agreement&filter[gt_caDate]=2020-07-05%2006%3A14%3A00 HTTP/1.1" 200 3330 "-" "Go-http-client/1.1"
51.255.43.108 - - [05/Jul/2020:11:14:00 +0200] "POST /tokens/jwt HTTP/1.1" 201 3472 "-" "GuzzleHttp/6.5.1 curl/7.52.1 PHP/7.1.33-8+0~20200202.31+debian9~1.gbp266c28"
51.255.43.108 - - [05/Jul/2020:11:14:01 +0200] "POST /tokens/jwt HTTP/1.1" 201 3472 "-" "GuzzleHttp/6.5.1 curl/7.52.1 PHP/7.1.33-8+0~20200202.31+debian9~1.gbp266c28"
51.255.43.108 - - [05/Jul/2020:11:14:01 +0200] "POST /emails/process/take HTTP/1.1" 404 240 "-" "GuzzleHttp/6.5.1 curl/7.52.1 PHP/7.1.33-8+0~20200202.31+debian9~1.gbp266c28"
51.255.43.108 - - [05/Jul/2020:11:15:00 +0200] "POST /tokens/jwt HTTP/1.1" 201 3472 "-" "GuzzleHttp/6.5.1 curl/7.52.1 PHP/7.1.33-8+0~20200202.31+debian9~1.gbp266c28"
51.255.43.108 - - [05/Jul/2020:11:15:01 +0200] "POST /tokens/jwt HTTP/1.1" 201 3472 "-" "GuzzleHttp/6.5.1 curl/7.52.1 PHP/7.1.33-8+0~20200202.31+debian9~1.gbp266c28"
51.255.43.108 - - [05/Jul/2020:11:15:01 +0200] "POST /emails/process/take HTTP/1.1" 404 240 "-" "GuzzleHttp/6.5.1 curl/7.52.1 PHP/7.1.33-8+0~20200202.31+debian9~1.gbp266c28"
51.255.43.108 - - [05/Jul/2020:11:16:00 +0200] "POST /tokens/jwt HTTP/1.1" 201 3472 "-" "GuzzleHttp/6.5.1 curl/7.52.1 PHP/7.1.33-8+0~20200202.31+debian9~1.gbp266c28"
51.255.43.108 - - [05/Jul/2020:11:16:01 +0200] "POST /tokens/jwt HTTP/1.1" 201 3472 "-" "GuzzleHttp/6.5.1 curl/7.52.1 PHP/7.1.33-8+0~20200202.31+debian9~1.gbp266c28"
51.255.43.108 - - [05/Jul/2020:11:16:01 +0200] "POST /emails/process/take HTTP/1.1" 404 240 "-" "GuzzleHttp/6.5.1 curl/7.52.1 PHP/7.1.33-8+0~20200202.31+debian9~1.gbp266c28"
51.255.43.108 - - [05/Jul/2020:11:17:00 +0200] "POST /tokens/jwt HTTP/1.1" 201 3472 "-" "GuzzleHttp/6.5.1 curl/7.52.1 PHP/7.1.33-8+0~20200202.31+debian9~1.gbp266c28"
51.255.43.108 - - [05/Jul/2020:11:17:01 +0200] "POST /tokens/jwt HTTP/1.1" 201 3472 "-" "GuzzleHttp/6.5.1 curl/7.52.1 PHP/7.1.33-8+0~20200202.31+debian9~1.gbp266c28"
51.255.43.108 - - [05/Jul/2020:11:17:01 +0200] "POST /emails/process/take HTTP/1.1" 404 240 "-" "GuzzleHttp/6.5.1 curl/7.52.1 PHP/7.1.33-8+0~20200202.31+debian9~1.gbp266c28"
51.210.12.113 - - [05/Jul/2020:11:18:00 +0200] "GET /studies?limit=100&offset=0&filter[gt_caDate]=2020-07-05%2006%3A18%3A00 HTTP/1.1" 200 3330 "-" "Go-http-client/1.1"
51.255.43.108 - - [05/Jul/2020:11:18:00 +0200] "POST /tokens/jwt HTTP/1.1" 201 3472 "-" "GuzzleHttp/6.5.1 curl/7.52.1 PHP/7.1.33-8+0~20200202.31+debian9~1.gbp266c28"
51.255.43.108 - - [05/Jul/2020:11:18:01 +0200] "POST /tokens/jwt HTTP/1.1" 201 3472 "-" "GuzzleHttp/6.5.1 curl/7.52.1 PHP/7.1.33-8+0~20200202.31+debian9~1.gbp266c28"
51.255.43.108 - - [05/Jul/2020:11:18:01 +0200] "POST /emails/process/take HTTP/1.1" 404 240 "-" "GuzzleHttp/6.5.1 curl/7.52.1 PHP/7.1.33-8+0~20200202.31+debian9~1.gbp266c28"
51.255.43.108 - - [05/Jul/2020:11:19:00 +0200] "POST /tokens/jwt HTTP/1.1" 201 3472 "-" "GuzzleHttp/6.5.1 curl/7.52.1 PHP/7.1.33-8+0~20200202.31+debian9~1.gbp266c28"
51.255.43.108 - - [05/Jul/2020:11:19:01 +0200] "POST /tokens/jwt HTTP/1.1" 201 3472 "-" "GuzzleHttp/6.5.1 curl/7.52.1 PHP/7.1.33-8+0~20200202.31+debian9~1.gbp266c28"
51.255.43.108 - - [05/Jul/2020:11:19:01 +0200] "POST /emails/process/take HTTP/1.1" 404 240 "-" "GuzzleHttp/6.5.1 curl/7.52.1 PHP/7.1.33-8+0~20200202.31+debian9~1.gbp266c28"
51.255.43.108 - - [05/Jul/2020:11:20:00 +0200] "POST /tokens/jwt HTTP/1.1" 201 3472 "-" "GuzzleHttp/6.5.1 curl/7.52.1 PHP/7.1.33-8+0~20200202.31+debian9~1.gbp266c28"
51.255.43.108 - - [05/Jul/2020:11:20:01 +0200] "POST /tokens/jwt HTTP/1.1" 201 3472 "-" "GuzzleHttp/6.5.1 curl/7.52.1 PHP/7.1.33-8+0~20200202.31+debian9~1.gbp266c28"
51.255.43.108 - - [05/Jul/2020:11:20:01 +0200] "POST /emails/process/take HTTP/1.1" 404 240 "-" "GuzzleHttp/6.5.1 curl/7.52.1 PHP/7.1.33-8+0~20200202.31+debian9~1.gbp266c28"
51.255.43.108 - - [05/Jul/2020:11:21:00 +0200] "POST /tokens/jwt HTTP/1.1" 201 3472 "-" "GuzzleHttp/6.5.1 curl/7.52.1 PHP/7.1.33-8+0~20200202.31+debian9~1.gbp266c28"
51.255.43.108 - - [05/Jul/2020:11:21:01 +0200] "POST /tokens/jwt HTTP/1.1" 201 3472 "-" "GuzzleHttp/6.5.1 curl/7.52.1 PHP/7.1.33-8+0~20200202.31+debian9~1.gbp266c28"
51.255.43.108 - - [05/Jul/2020:11:21:01 +0200] "POST /emails/process/take HTTP/1.1" 404 240 "-" "GuzzleHttp/6.5.1 curl/7.52.1 PHP/7.1.33-8+0~20200202.31+debian9~1.gbp266c28"
51.255.43.108 - - [05/Jul/2020:11:22:00 +0200] "POST /tokens/jwt HTTP/1.1" 201 3472 "-" "GuzzleHttp/6.5.1 curl/7.52.1 PHP/7.1.33-8+0~20200202.31+debian9~1.gbp266c28"
51.255.43.108 - - [05/Jul/2020:11:22:01 +0200] "POST /tokens/jwt HTTP/1.1" 201 3472 "-" "GuzzleHttp/6.5.1 curl/7.52.1 PHP/7.1.33-8+0~20200202.31+debian9~1.gbp266c28"
51.255.43.108 - - [05/Jul/2020:11:22:01 +0200] "POST /emails/process/take HTTP/1.1" 404 240 "-" "GuzzleHttp/6.5.1 curl/7.52.1 PHP/7.1.33-8+0~20200202.31+debian9~1.gbp266c28"
81.57.20.146 - - [05/Jul/2020:11:22:34 +0200] "GET /studies?limit=100&offset=0&filter[gt_caDate]=2020-07-02%2013%3A15%3A36 HTTP/1.1" 200 757728 "-" "Go-http-client/1.1"
81.57.20.146 - - [05/Jul/2020:11:22:38 +0200] "GET /studies?limit=100&offset=100&filter[gt_caDate]=2020-07-02%2013%3A15%3A36 HTTP/1.1" 200 812450 "-" "Go-http-client/1.1"
216.245.221.83 - - [05/Jul/2020:11:22:42 +0200] "GET /users HTTP/1.1" 401 3537 "https://api.everycheck.com/users" "Mozilla/5.0+(compatible; UptimeRobot/2.0; http://www.uptimerobot.com/)"
81.57.20.146 - - [05/Jul/2020:11:22:42 +0200] "GET /studies?limit=100&offset=200&filter[gt_caDate]=2020-07-02%2013%3A15%3A36 HTTP/1.1" 200 703046 "-" "Go-http-client/1.1"
81.57.20.146 - - [05/Jul/2020:11:22:45 +0200] "GET /studies?limit=100&offset=300&filter[gt_caDate]=2020-07-02%2013%3A15%3A36 HTTP/1.1" 200 601479 "-" "Go-http-client/1.1"
81.57.20.146 - - [05/Jul/2020:11:22:47 +0200] "GET /studies?limit=100&offset=400&filter[gt_caDate]=2020-07-02%2013%3A15%3A36 HTTP/1.1" 200 256766 "-" "Go-http-client/1.1"
51.255.43.108 - - [05/Jul/2020:11:23:00 +0200] "POST /tokens/jwt HTTP/1.1" 201 3472 "-" "GuzzleHttp/6.5.1 curl/7.52.1 PHP/7.1.33-8+0~20200202.31+debian9~1.gbp266c28"
51.255.43.108 - - [05/Jul/2020:11:23:01 +0200] "POST /tokens/jwt HTTP/1.1" 201 3472 "-" "GuzzleHttp/6.5.1 curl/7.52.1 PHP/7.1.33-8+0~20200202.31+debian9~1.gbp266c28"
51.255.43.108 - - [05/Jul/2020:11:23:01 +0200] "POST /emails/process/take HTTP/1.1" 404 240 "-" "GuzzleHttp/6.5.1 curl/7.52.1 PHP/7.1.33-8+0~20200202.31+debian9~1.gbp266c28"
81.57.20.146 - - [05/Jul/2020:11:23:15 +0200] "GET /studies/222fad28-4548-4e64-9dc4-e9d543d762af HTTP/1.1" 200 6909 "-" "Go-http-client/1.1"
81.57.20.146 - - [05/Jul/2020:11:23:16 +0200] "GET /verification/subjects/222fad28-4548-4e64-9dc4-e9d543d762af/transcripts HTTP/1.1" 200 736 "-" "Go-http-client/1.1"
81.57.20.146 - - [05/Jul/2020:11:23:16 +0200] "GET /studies/4660d62e-a285-4107-a89f-a478313f2b75 HTTP/1.1" 200 2765 "-" "Go-http-client/1.1"
81.57.20.146 - - [05/Jul/2020:11:23:16 +0200] "GET /verification/subjects/4660d62e-a285-4107-a89f-a478313f2b75/transcripts HTTP/1.1" 200 727 "-" "Go-http-client/1.1"
81.57.20.146 - - [05/Jul/2020:11:23:16 +0200] "GET /studies/d7249e34-f8d9-4ac1-8a6b-e4c3b6f73ba4 HTTP/1.1" 200 2824 "-" "Go-http-client/1.1"
81.57.20.146 - - [05/Jul/2020:11:23:16 +0200] "GET /verification/subjects/d7249e34-f8d9-4ac1-8a6b-e4c3b6f73ba4/transcripts HTTP/1.1" 200 724 "-" "Go-http-client/1.1"
81.57.20.146 - - [05/Jul/2020:11:23:16 +0200] "GET /studies/2f050149-b224-4b00-abc8-48c7b22bdf23 HTTP/1.1" 200 3295 "-" "Go-http-client/1.1"
81.57.20.146 - - [05/Jul/2020:11:23:16 +0200] "GET /verification/subjects/2f050149-b224-4b00-abc8-48c7b22bdf23/transcripts HTTP/1.1" 200 1254 "-" "Go-http-client/1.1"
81.57.20.146 - - [05/Jul/2020:11:23:18 +0200] "GET /studies/7f5897b8-f059-446d-9e05-70047f9509ca HTTP/1.1" 200 3431 "-" "Go-http-client/1.1"
81.57.20.146 - - [05/Jul/2020:11:23:18 +0200] "GET /verification/subjects/7f5897b8-f059-446d-9e05-70047f9509ca/transcripts HTTP/1.1" 200 724 "-" "Go-http-client/1.1"
81.57.20.146 - - [05/Jul/2020:11:23:18 +0200] "GET /studies/50d144b6-77cd-497e-a07b-60eade937464 HTTP/1.1" 200 2713 "-" "Go-http-client/1.1"
81.57.20.146 - - [05/Jul/2020:11:23:18 +0200] "GET /verification/subjects/50d144b6-77cd-497e-a07b-60eade937464/transcripts HTTP/1.1" 200 733 "-" "Go-http-client/1.1"
81.57.20.146 - - [05/Jul/2020:11:23:19 +0200] "GET /studies/0407822a-3ca3-49ae-a24f-e38677c7154c HTTP/1.1" 200 2692 "-" "Go-http-client/1.1"
81.57.20.146 - - [05/Jul/2020:11:23:19 +0200] "GET /verification/subjects/0407822a-3ca3-49ae-a24f-e38677c7154c/transcripts HTTP/1.1" 200 731 "-" "Go-http-client/1.1"
81.57.20.146 - - [05/Jul/2020:11:23:20 +0200] "GET /studies/1072b4db-c1b3-41d7-a41c-bed5d6a4315f HTTP/1.1" 200 2672 "-" "Go-http-client/1.1"
81.57.20.146 - - [05/Jul/2020:11:23:20 +0200] "GET /verification/subjects/1072b4db-c1b3-41d7-a41c-bed5d6a4315f/transcripts HTTP/1.1" 200 738 "-" "Go-http-client/1.1"
81.57.20.146 - - [05/Jul/2020:11:23:21 +0200] "GET /studies/8a74fbaf-cb50-4846-86b3-03af6ca4d55d HTTP/1.1" 200 3310 "-" "Go-http-client/1.1"
81.57.20.146 - - [05/Jul/2020:11:23:21 +0200] "GET /verification/subjects/8a74fbaf-cb50-4846-86b3-03af6ca4d55d/transcripts HTTP/1.1" 200 1026 "-" "Go-http-client/1.1"
81.57.20.146 - - [05/Jul/2020:11:23:21 +0200] "GET /studies/c920e386-a2eb-469f-84f7-091ab2e03d7b HTTP/1.1" 200 3294 "-" "Go-http-client/1.1"
81.57.20.146 - - [05/Jul/2020:11:23:21 +0200] "GET /verification/subjects/c920e386-a2eb-469f-84f7-091ab2e03d7b/transcripts HTTP/1.1" 200 740 "-" "Go-http-client/1.1"
81.57.20.146 - - [05/Jul/2020:11:23:22 +0200] "GET /studies/226acc55-4566-4e82-acc6-4c70125cda28 HTTP/1.1" 200 2954 "-" "Go-http-client/1.1"
81.57.20.146 - - [05/Jul/2020:11:23:22 +0200] "GET /verification/subjects/226acc55-4566-4e82-acc6-4c70125cda28/transcripts HTTP/1.1" 200 738 "-" "Go-http-client/1.1"
81.57.20.146 - - [05/Jul/2020:11:23:23 +0200] "GET /studies/90dc1e1f-a226-40a3-a702-ff3191434250 HTTP/1.1" 200 3142 "-" "Go-http-client/1.1"
81.57.20.146 - - [05/Jul/2020:11:23:23 +0200] "GET /verification/subjects/90dc1e1f-a226-40a3-a702-ff3191434250/transcripts HTTP/1.1" 200 2670 "-" "Go-http-client/1.1"
81.57.20.146 - - [05/Jul/2020:11:23:23 +0200] "GET /studies/803b5d5a-5247-4965-baa7-9faab387c61e HTTP/1.1" 200 2858 "-" "Go-http-client/1.1"
81.57.20.146 - - [05/Jul/2020:11:23:23 +0200] "GET /verification/subjects/803b5d5a-5247-4965-baa7-9faab387c61e/transcripts HTTP/1.1" 200 734 "-" "Go-http-client/1.1"
81.57.20.146 - - [05/Jul/2020:11:23:24 +0200] "GET /studies/d2ad2442-4ff4-46e4-948d-92b548e1c513 HTTP/1.1" 200 3587 "-" "Go-http-client/1.1"
81.57.20.146 - - [05/Jul/2020:11:23:24 +0200] "GET /verification/subjects/d2ad2442-4ff4-46e4-948d-92b548e1c513/transcripts HTTP/1.1" 200 1773 "-" "Go-http-client/1.1"
81.57.20.146 - - [05/Jul/2020:11:23:26 +0200] "GET /studies/f04233ef-c08d-4bd1-80a0-cbc25d791fc1 HTTP/1.1" 200 3278 "-" "Go-http-client/1.1"
81.57.20.146 - - [05/Jul/2020:11:23:26 +0200] "GET /verification/subjects/f04233ef-c08d-4bd1-80a0-cbc25d791fc1/transcripts HTTP/1.1" 200 763 "-" "Go-http-client/1.1"
81.57.20.146 - - [05/Jul/2020:11:23:27 +0200] "GET /studies/654f7c19-a883-4abb-a2fc-62812d3b90cf HTTP/1.1" 200 6615 "-" "Go-http-client/1.1"
81.57.20.146 - - [05/Jul/2020:11:23:27 +0200] "GET /verification/subjects/654f7c19-a883-4abb-a2fc-62812d3b90cf/transcripts HTTP/1.1" 200 744 "-" "Go-http-client/1.1"
81.57.20.146 - - [05/Jul/2020:11:23:28 +0200] "GET /studies/83a59e56-76f5-44ab-871b-239193763688 HTTP/1.1" 200 2716 "-" "Go-http-client/1.1"
81.57.20.146 - - [05/Jul/2020:11:23:28 +0200] "GET /verification/subjects/83a59e56-76f5-44ab-871b-239193763688/transcripts HTTP/1.1" 200 740 "-" "Go-http-client/1.1"
81.57.20.146 - - [05/Jul/2020:11:23:28 +0200] "GET /studies/64ae3a47-d0c5-478a-8165-25948efdbcb1 HTTP/1.1" 200 2760 "-" "Go-http-client/1.1"
81.57.20.146 - - [05/Jul/2020:11:23:28 +0200] "GET /verification/subjects/64ae3a47-d0c5-478a-8165-25948efdbcb1/transcripts HTTP/1.1" 200 745 "-" "Go-http-client/1.1"
81.57.20.146 - - [05/Jul/2020:11:23:28 +0200] "GET /studies/5f6eca77-feb7-442c-8f6c-4e08c4fe6a5f HTTP/1.1" 200 2649 "-" "Go-http-client/1.1"
81.57.20.146 - - [05/Jul/2020:11:23:28 +0200] "GET /verification/subjects/5f6eca77-feb7-442c-8f6c-4e08c4fe6a5f/transcripts HTTP/1.1" 200 741 "-" "Go-http-client/1.1"
81.57.20.146 - - [05/Jul/2020:11:23:28 +0200] "GET /studies/6007b28f-68f3-4cd6-9101-3f48dd7ff0ba HTTP/1.1" 200 3610 "-" "Go-http-client/1.1"
81.57.20.146 - - [05/Jul/2020:11:23:28 +0200] "GET /verification/subjects/6007b28f-68f3-4cd6-9101-3f48dd7ff0ba/transcripts HTTP/1.1" 200 1742 "-" "Go-http-client/1.1"
81.57.20.146 - - [05/Jul/2020:11:23:28 +0200] "GET /studies/95610eec-e101-470c-a927-b95beee06f3d HTTP/1.1" 200 3171 "-" "Go-http-client/1.1"
81.57.20.146 - - [05/Jul/2020:11:23:29 +0200] "GET /verification/subjects/95610eec-e101-470c-a927-b95beee06f3d/transcripts HTTP/1.1" 200 775 "-" "Go-http-client/1.1"
81.57.20.146 - - [05/Jul/2020:11:23:29 +0200] "GET /studies/e7454244-da29-45f8-9d23-6955c4edb648 HTTP/1.1" 200 3019 "-" "Go-http-client/1.1"
81.57.20.146 - - [05/Jul/2020:11:23:29 +0200] "GET /verification/subjects/e7454244-da29-45f8-9d23-6955c4edb648/transcripts HTTP/1.1" 200 737 "-" "Go-http-client/1.1"
81.57.20.146 - - [05/Jul/2020:11:23:31 +0200] "GET /studies/c2ff8571-2428-4a7a-8243-24518564ed0f HTTP/1.1" 200 2623 "-" "Go-http-client/1.1"
81.57.20.146 - - [05/Jul/2020:11:23:31 +0200] "GET /verification/subjects/c2ff8571-2428-4a7a-8243-24518564ed0f/transcripts HTTP/1.1" 200 727 "-" "Go-http-client/1.1"
81.57.20.146 - - [05/Jul/2020:11:23:31 +0200] "GET /studies/271fbf6d-88a4-4604-8cc0-85c256e5e529 HTTP/1.1" 200 2948 "-" "Go-http-client/1.1"
81.57.20.146 - - [05/Jul/2020:11:23:31 +0200] "GET /verification/subjects/271fbf6d-88a4-4604-8cc0-85c256e5e529/transcripts HTTP/1.1" 200 1765 "-" "Go-http-client/1.1"
81.57.20.146 - - [05/Jul/2020:11:23:31 +0200] "GET /studies/0bfad05b-a46f-4023-8c34-ca115a2983f8 HTTP/1.1" 200 2818 "-" "Go-http-client/1.1"
81.57.20.146 - - [05/Jul/2020:11:23:31 +0200] "GET /verification/subjects/0bfad05b-a46f-4023-8c34-ca115a2983f8/transcripts HTTP/1.1" 200 736 "-" "Go-http-client/1.1"
81.57.20.146 - - [05/Jul/2020:11:23:31 +0200] "GET /studies/509a1ea0-f43a-43d8-addc-b5562f4651fd HTTP/1.1" 200 2703 "-" "Go-http-client/1.1"
81.57.20.146 - - [05/Jul/2020:11:23:32 +0200] "GET /verification/subjects/509a1ea0-f43a-43d8-addc-b5562f4651fd/transcripts HTTP/1.1" 200 747 "-" "Go-http-client/1.1"
81.57.20.146 - - [05/Jul/2020:11:23:32 +0200] "GET /studies/f5ba4152-dbc4-4230-99da-a21e49ca4216 HTTP/1.1" 200 4159 "-" "Go-http-client/1.1"
81.57.20.146 - - [05/Jul/2020:11:23:32 +0200] "GET /verification/subjects/f5ba4152-dbc4-4230-99da-a21e49ca4216/transcripts HTTP/1.1" 200 1719 "-" "Go-http-client/1.1"
81.57.20.146 - - [05/Jul/2020:11:23:32 +0200] "GET /studies/b374e245-f228-4bd3-b142-be352e200593 HTTP/1.1" 200 3510 "-" "Go-http-client/1.1"
81.57.20.146 - - [05/Jul/2020:11:23:32 +0200] "GET /verification/subjects/b374e245-f228-4bd3-b142-be352e200593/transcripts HTTP/1.1" 200 772 "-" "Go-http-client/1.1"
81.57.20.146 - - [05/Jul/2020:11:23:33 +0200] "GET /studies/fda61e0a-4e85-4f4a-bd9b-a4c33ce022b8 HTTP/1.1" 200 2924 "-" "Go-http-client/1.1"
81.57.20.146 - - [05/Jul/2020:11:23:33 +0200] "GET /verification/subjects/fda61e0a-4e85-4f4a-bd9b-a4c33ce022b8/transcripts HTTP/1.1" 200 1695 "-" "Go-http-client/1.1"
81.57.20.146 - - [05/Jul/2020:11:23:33 +0200] "GET /studies/4aa31a92-02b2-4e2c-ad8c-3ae1de10f237 HTTP/1.1" 200 3150 "-" "Go-http-client/1.1"
81.57.20.146 - - [05/Jul/2020:11:23:33 +0200] "GET /verification/subjects/4aa31a92-02b2-4e2c-ad8c-3ae1de10f237/transcripts HTTP/1.1" 200 744 "-" "Go-http-client/1.1"
81.57.20.146 - - [05/Jul/2020:11:23:33 +0200] "GET /studies/2f1d9707-1926-4dda-aa4c-b5fb4a248720 HTTP/1.1" 200 3472 "-" "Go-http-client/1.1"
81.57.20.146 - - [05/Jul/2020:11:23:33 +0200] "GET /verification/subjects/2f1d9707-1926-4dda-aa4c-b5fb4a248720/transcripts HTTP/1.1" 200 1920 "-" "Go-http-client/1.1"
81.57.20.146 - - [05/Jul/2020:11:23:34 +0200] "GET /studies/28df3427-a44a-436c-a502-7c4609de3e9b HTTP/1.1" 200 3047 "-" "Go-http-client/1.1"
81.57.20.146 - - [05/Jul/2020:11:23:34 +0200] "GET /verification/subjects/28df3427-a44a-436c-a502-7c4609de3e9b/transcripts HTTP/1.1" 200 739 "-" "Go-http-client/1.1"
81.57.20.146 - - [05/Jul/2020:11:23:34 +0200] "GET /studies/93a87c02-a469-47a2-9a95-39912ce6520d HTTP/1.1" 200 3823 "-" "Go-http-client/1.1"
81.57.20.146 - - [05/Jul/2020:11:23:34 +0200] "GET /verification/subjects/93a87c02-a469-47a2-9a95-39912ce6520d/transcripts HTTP/1.1" 200 751 "-" "Go-http-client/1.1"
81.57.20.146 - - [05/Jul/2020:11:23:35 +0200] "GET /studies/9ba04a19-dd78-4991-ba66-ca9b59635040 HTTP/1.1" 200 3050 "-" "Go-http-client/1.1"
81.57.20.146 - - [05/Jul/2020:11:23:35 +0200] "GET /verification/subjects/9ba04a19-dd78-4991-ba66-ca9b59635040/transcripts HTTP/1.1" 200 1697 "-" "Go-http-client/1.1"
81.57.20.146 - - [05/Jul/2020:11:23:35 +0200] "GET /studies/8a9824a2-44ad-40f5-9a77-58ecd1800ab6 HTTP/1.1" 200 2603 "-" "Go-http-client/1.1"
81.57.20.146 - - [05/Jul/2020:11:23:35 +0200] "GET /verification/subjects/8a9824a2-44ad-40f5-9a77-58ecd1800ab6/transcripts HTTP/1.1" 200 727 "-" "Go-http-client/1.1"
81.57.20.146 - - [05/Jul/2020:11:23:36 +0200] "GET /studies/a3ce062c-5a5e-4c87-a313-35635cb0845e HTTP/1.1" 200 2566 "-" "Go-http-client/1.1"
81.57.20.146 - - [05/Jul/2020:11:23:36 +0200] "GET /verification/subjects/a3ce062c-5a5e-4c87-a313-35635cb0845e/transcripts HTTP/1.1" 200 730 "-" "Go-http-client/1.1"
81.57.20.146 - - [05/Jul/2020:11:23:36 +0200] "GET /studies/aa44889b-ad16-43a7-a2b9-aca7fbf83af4 HTTP/1.1" 200 2936 "-" "Go-http-client/1.1"
81.57.20.146 - - [05/Jul/2020:11:23:36 +0200] "GET /verification/subjects/aa44889b-ad16-43a7-a2b9-aca7fbf83af4/transcripts HTTP/1.1" 200 735 "-" "Go-http-client/1.1"
81.57.20.146 - - [05/Jul/2020:11:23:36 +0200] "GET /studies/4de1503a-ab33-4ddb-965c-4fd32e4340fe HTTP/1.1" 200 3163 "-" "Go-http-client/1.1"
81.57.20.146 - - [05/Jul/2020:11:23:36 +0200] "GET /verification/subjects/4de1503a-ab33-4ddb-965c-4fd32e4340fe/transcripts HTTP/1.1" 200 761 "-" "Go-http-client/1.1"
81.57.20.146 - - [05/Jul/2020:11:23:36 +0200] "GET /studies/0feda711-5bb2-49cb-b297-3411a57bcabd HTTP/1.1" 200 3010 "-" "Go-http-client/1.1"
81.57.20.146 - - [05/Jul/2020:11:23:36 +0200] "GET /verification/subjects/0feda711-5bb2-49cb-b297-3411a57bcabd/transcripts HTTP/1.1" 200 1770 "-" "Go-http-client/1.1"
81.57.20.146 - - [05/Jul/2020:11:23:37 +0200] "GET /studies/fd3212e3-8bbc-4911-ab67-fb94bcb43471 HTTP/1.1" 200 2794 "-" "Go-http-client/1.1"
81.57.20.146 - - [05/Jul/2020:11:23:37 +0200] "GET /verification/subjects/fd3212e3-8bbc-4911-ab67-fb94bcb43471/transcripts HTTP/1.1" 200 747 "-" "Go-http-client/1.1"
81.57.20.146 - - [05/Jul/2020:11:23:37 +0200] "GET /studies/04f36dac-6d28-4294-ae75-e70cd0dd629f HTTP/1.1" 200 3485 "-" "Go-http-client/1.1"
81.57.20.146 - - [05/Jul/2020:11:23:37 +0200] "GET /verification/subjects/04f36dac-6d28-4294-ae75-e70cd0dd629f/transcripts HTTP/1.1" 200 1714 "-" "Go-http-client/1.1"
81.57.20.146 - - [05/Jul/2020:11:23:37 +0200] "GET /studies/42c46a49-3ea5-4ed5-882b-cf85da46af31 HTTP/1.1" 200 3921 "-" "Go-http-client/1.1"
81.57.20.146 - - [05/Jul/2020:11:23:37 +0200] "GET /verification/subjects/42c46a49-3ea5-4ed5-882b-cf85da46af31/transcripts HTTP/1.1" 200 744 "-" "Go-http-client/1.1"
81.57.20.146 - - [05/Jul/2020:11:23:37 +0200] "GET /studies/730ca050-d44d-4a29-8852-97cd3e3f7b1a HTTP/1.1" 200 4789 "-" "Go-http-client/1.1"
81.57.20.146 - - [05/Jul/2020:11:23:38 +0200] "GET /verification/subjects/730ca050-d44d-4a29-8852-97cd3e3f7b1a/transcripts HTTP/1.1" 200 1775 "-" "Go-http-client/1.1"
81.57.20.146 - - [05/Jul/2020:11:23:38 +0200] "GET /studies/9b390407-2688-4f9b-916b-8e0860831a90 HTTP/1.1" 200 2858 "-" "Go-http-client/1.1"
81.57.20.146 - - [05/Jul/2020:11:23:38 +0200] "GET /verification/subjects/9b390407-2688-4f9b-916b-8e0860831a90/transcripts HTTP/1.1" 200 1708 "-" "Go-http-client/1.1"
81.57.20.146 - - [05/Jul/2020:11:23:38 +0200] "GET /studies/116b67a8-e58d-4bee-b728-d70b5f1fa122 HTTP/1.1" 200 3080 "-" "Go-http-client/1.1"
81.57.20.146 - - [05/Jul/2020:11:23:39 +0200] "GET /verification/subjects/116b67a8-e58d-4bee-b728-d70b5f1fa122/transcripts HTTP/1.1" 200 2023 "-" "Go-http-client/1.1"
81.57.20.146 - - [05/Jul/2020:11:23:39 +0200] "GET /studies/3a8fcd01-6af6-4cef-b17a-8aa5f61d9890 HTTP/1.1" 200 2981 "-" "Go-http-client/1.1"
81.57.20.146 - - [05/Jul/2020:11:23:39 +0200] "GET /verification/subjects/3a8fcd01-6af6-4cef-b17a-8aa5f61d9890/transcripts HTTP/1.1" 200 1719 "-" "Go-http-client/1.1"
81.57.20.146 - - [05/Jul/2020:11:23:39 +0200] "GET /studies/8e4bed57-68b9-48b4-8757-b3e6dbea49f4 HTTP/1.1" 200 1840 "-" "Go-http-client/1.1"
81.57.20.146 - - [05/Jul/2020:11:23:39 +0200] "GET /verification/subjects/8e4bed57-68b9-48b4-8757-b3e6dbea49f4/transcripts HTTP/1.1" 200 1194 "-" "Go-http-client/1.1"
81.57.20.146 - - [05/Jul/2020:11:23:40 +0200] "GET /studies/eee3b035-d9a7-4a5e-aa59-512487e8b485 HTTP/1.1" 200 2670 "-" "Go-http-client/1.1"
81.57.20.146 - - [05/Jul/2020:11:23:40 +0200] "GET /verification/subjects/eee3b035-d9a7-4a5e-aa59-512487e8b485/transcripts HTTP/1.1" 200 1601 "-" "Go-http-client/1.1"
81.57.20.146 - - [05/Jul/2020:11:23:40 +0200] "GET /studies/a630864b-a51c-4fac-bf21-ae0f01053d00 HTTP/1.1" 200 3417 "-" "Go-http-client/1.1"
81.57.20.146 - - [05/Jul/2020:11:23:40 +0200] "GET /verification/subjects/a630864b-a51c-4fac-bf21-ae0f01053d00/transcripts HTTP/1.1" 200 748 "-" "Go-http-client/1.1"
81.57.20.146 - - [05/Jul/2020:11:23:40 +0200] "GET /studies/7b00bac7-87ff-4911-a7b2-bdef3621d8c1 HTTP/1.1" 200 3312 "-" "Go-http-client/1.1"
81.57.20.146 - - [05/Jul/2020:11:23:40 +0200] "GET /verification/subjects/7b00bac7-87ff-4911-a7b2-bdef3621d8c1/transcripts HTTP/1.1" 200 2204 "-" "Go-http-client/1.1"
81.57.20.146 - - [05/Jul/2020:11:23:40 +0200] "GET /studies/82cb9487-3cb3-424b-b4ae-bdd065e309be HTTP/1.1" 200 2160 "-" "Go-http-client/1.1"
81.57.20.146 - - [05/Jul/2020:11:23:41 +0200] "GET /verification/subjects/82cb9487-3cb3-424b-b4ae-bdd065e309be/transcripts HTTP/1.1" 200 4258 "-" "Go-http-client/1.1"
81.57.20.146 - - [05/Jul/2020:11:23:41 +0200] "GET /studies/5a5254fe-7bac-4baf-864b-03c1e26ce89e HTTP/1.1" 200 4115 "-" "Go-http-client/1.1"
81.57.20.146 - - [05/Jul/2020:11:23:41 +0200] "GET /verification/subjects/5a5254fe-7bac-4baf-864b-03c1e26ce89e/transcripts HTTP/1.1" 200 1776 "-" "Go-http-client/1.1"
81.57.20.146 - - [05/Jul/2020:11:23:41 +0200] "GET /studies/0a9856e6-3532-482f-bc5f-63f63605d15b HTTP/1.1" 200 2251 "-" "Go-http-client/1.1"
81.57.20.146 - - [05/Jul/2020:11:23:41 +0200] "GET /verification/subjects/0a9856e6-3532-482f-bc5f-63f63605d15b/transcripts HTTP/1.1" 200 1388 "-" "Go-http-client/1.1"
81.57.20.146 - - [05/Jul/2020:11:23:41 +0200] "GET /studies/694718a6-a320-4bf8-a067-fd1bff63d9d8 HTTP/1.1" 200 2696 "-" "Go-http-client/1.1"
81.57.20.146 - - [05/Jul/2020:11:23:41 +0200] "GET /verification/subjects/694718a6-a320-4bf8-a067-fd1bff63d9d8/transcripts HTTP/1.1" 200 741 "-" "Go-http-client/1.1"
81.57.20.146 - - [05/Jul/2020:11:23:41 +0200] "GET /studies/00edb0c1-8ad0-44b5-a959-12ba2761d9de HTTP/1.1" 200 3035 "-" "Go-http-client/1.1"
81.57.20.146 - - [05/Jul/2020:11:23:41 +0200] "GET /verification/subjects/00edb0c1-8ad0-44b5-a959-12ba2761d9de/transcripts HTTP/1.1" 200 1173 "-" "Go-http-client/1.1"
81.57.20.146 - - [05/Jul/2020:11:23:42 +0200] "GET /studies/5cb340bc-0bd6-4da4-a4c4-d7e00b801437 HTTP/1.1" 200 2792 "-" "Go-http-client/1.1"
81.57.20.146 - - [05/Jul/2020:11:23:42 +0200] "GET /verification/subjects/5cb340bc-0bd6-4da4-a4c4-d7e00b801437/transcripts HTTP/1.1" 200 750 "-" "Go-http-client/1.1"
81.57.20.146 - - [05/Jul/2020:11:23:42 +0200] "GET /studies/fae673f4-398e-41c6-aae9-ed58183e9ea1 HTTP/1.1" 200 3480 "-" "Go-http-client/1.1"
81.57.20.146 - - [05/Jul/2020:11:23:42 +0200] "GET /verification/subjects/fae673f4-398e-41c6-aae9-ed58183e9ea1/transcripts HTTP/1.1" 200 763 "-" "Go-http-client/1.1"
81.57.20.146 - - [05/Jul/2020:11:23:42 +0200] "GET /studies/f6e7ba73-892e-4196-b02e-172d9e44927a HTTP/1.1" 200 2486 "-" "Go-http-client/1.1"
81.57.20.146 - - [05/Jul/2020:11:23:42 +0200] "GET /verification/subjects/f6e7ba73-892e-4196-b02e-172d9e44927a/transcripts HTTP/1.1" 200 738 "-" "Go-http-client/1.1"
81.57.20.146 - - [05/Jul/2020:11:23:42 +0200] "GET /studies/d76c0b65-d265-4e9a-b0b8-e684485c5b1a HTTP/1.1" 200 2610 "-" "Go-http-client/1.1"
81.57.20.146 - - [05/Jul/2020:11:23:42 +0200] "GET /verification/subjects/d76c0b65-d265-4e9a-b0b8-e684485c5b1a/transcripts HTTP/1.1" 200 736 "-" "Go-http-client/1.1"
81.57.20.146 - - [05/Jul/2020:11:23:42 +0200] "GET /studies/7c25a499-175c-4f55-b53a-bcc5413885d8 HTTP/1.1" 200 3326 "-" "Go-http-client/1.1"
81.57.20.146 - - [05/Jul/2020:11:23:42 +0200] "GET /verification/subjects/7c25a499-175c-4f55-b53a-bcc5413885d8/transcripts HTTP/1.1" 200 770 "-" "Go-http-client/1.1"
81.57.20.146 - - [05/Jul/2020:11:23:42 +0200] "GET /studies/db3f6a46-40ab-4c3e-86b1-5b09148f4a4a HTTP/1.1" 404 240 "-" "Go-http-client/1.1"
81.57.20.146 - - [05/Jul/2020:11:23:42 +0200] "GET /studies/2805e18a-7f96-4fb9-8b92-0c375200fbdf HTTP/1.1" 200 2296 "-" "Go-http-client/1.1"
81.57.20.146 - - [05/Jul/2020:11:23:42 +0200] "GET /verification/subjects/2805e18a-7f96-4fb9-8b92-0c375200fbdf/transcripts HTTP/1.1" 200 626 "-" "Go-http-client/1.1"
81.57.20.146 - - [05/Jul/2020:11:23:43 +0200] "GET /studies/b60dfae8-7b87-4118-acf5-a723ed08105d HTTP/1.1" 200 2421 "-" "Go-http-client/1.1"
81.57.20.146 - - [05/Jul/2020:11:23:43 +0200] "GET /verification/subjects/b60dfae8-7b87-4118-acf5-a723ed08105d/transcripts HTTP/1.1" 200 931 "-" "Go-http-client/1.1"
81.57.20.146 - - [05/Jul/2020:11:23:43 +0200] "GET /studies/b70409ce-f180-4319-8d84-cc7077c40f3f HTTP/1.1" 200 3583 "-" "Go-http-client/1.1"
81.57.20.146 - - [05/Jul/2020:11:23:43 +0200] "GET /verification/subjects/b70409ce-f180-4319-8d84-cc7077c40f3f/transcripts HTTP/1.1" 200 1103 "-" "Go-http-client/1.1"
81.57.20.146 - - [05/Jul/2020:11:23:43 +0200] "GET /studies/04a812c2-b0ef-4edb-a408-69f5c7a0e70b HTTP/1.1" 200 4180 "-" "Go-http-client/1.1"
81.57.20.146 - - [05/Jul/2020:11:23:43 +0200] "GET /verification/subjects/04a812c2-b0ef-4edb-a408-69f5c7a0e70b/transcripts HTTP/1.1" 200 2490 "-" "Go-http-client/1.1"
81.57.20.146 - - [05/Jul/2020:11:23:43 +0200] "GET /studies/9692ade1-e883-44d4-8f9f-e2903879fcf3 HTTP/1.1" 404 240 "-" "Go-http-client/1.1"
81.57.20.146 - - [05/Jul/2020:11:23:43 +0200] "GET /studies/95809987-196f-4aa7-8244-1f48894f58cb HTTP/1.1" 200 2618 "-" "Go-http-client/1.1"
81.57.20.146 - - [05/Jul/2020:11:23:43 +0200] "GET /verification/subjects/95809987-196f-4aa7-8244-1f48894f58cb/transcripts HTTP/1.1" 200 1125 "-" "Go-http-client/1.1"
81.57.20.146 - - [05/Jul/2020:11:23:43 +0200] "GET /studies/563b3bdb-e865-4af9-a920-cffe96db55d3 HTTP/1.1" 200 3581 "-" "Go-http-client/1.1"
81.57.20.146 - - [05/Jul/2020:11:23:43 +0200] "GET /verification/subjects/563b3bdb-e865-4af9-a920-cffe96db55d3/transcripts HTTP/1.1" 200 770 "-" "Go-http-client/1.1"
81.57.20.146 - - [05/Jul/2020:11:23:43 +0200] "GET /studies/2cd0cbfa-0469-422c-b427-669dd1deaa73 HTTP/1.1" 200 2722 "-" "Go-http-client/1.1"
81.57.20.146 - - [05/Jul/2020:11:23:44 +0200] "GET /verification/subjects/2cd0cbfa-0469-422c-b427-669dd1deaa73/transcripts HTTP/1.1" 200 738 "-" "Go-http-client/1.1"
81.57.20.146 - - [05/Jul/2020:11:23:44 +0200] "GET /studies/96c50303-5f69-4d89-9feb-bcb8fce91055 HTTP/1.1" 200 3614 "-" "Go-http-client/1.1"
81.57.20.146 - - [05/Jul/2020:11:23:44 +0200] "GET /verification/subjects/96c50303-5f69-4d89-9feb-bcb8fce91055/transcripts HTTP/1.1" 200 1174 "-" "Go-http-client/1.1"
81.57.20.146 - - [05/Jul/2020:11:23:44 +0200] "GET /studies/773d2dd9-8230-427f-b16b-388aa9d46793 HTTP/1.1" 200 3225 "-" "Go-http-client/1.1"
81.57.20.146 - - [05/Jul/2020:11:23:44 +0200] "GET /verification/subjects/773d2dd9-8230-427f-b16b-388aa9d46793/transcripts HTTP/1.1" 200 729 "-" "Go-http-client/1.1"
81.57.20.146 - - [05/Jul/2020:11:23:44 +0200] "GET /studies/e6731072-c7dc-48d8-a9e5-3fd944de2074 HTTP/1.1" 200 4884 "-" "Go-http-client/1.1"
81.57.20.146 - - [05/Jul/2020:11:23:45 +0200] "GET /verification/subjects/e6731072-c7dc-48d8-a9e5-3fd944de2074/transcripts HTTP/1.1" 200 755 "-" "Go-http-client/1.1"
81.57.20.146 - - [05/Jul/2020:11:23:45 +0200] "GET /studies/686cef53-63d8-46f5-973e-40c536730542 HTTP/1.1" 200 2383 "-" "Go-http-client/1.1"
81.57.20.146 - - [05/Jul/2020:11:23:45 +0200] "GET /verification/subjects/686cef53-63d8-46f5-973e-40c536730542/transcripts HTTP/1.1" 200 631 "-" "Go-http-client/1.1"
81.57.20.146 - - [05/Jul/2020:11:23:45 +0200] "GET /studies/5841e1e0-8aaa-4ec7-97c6-3c6b0fabd840 HTTP/1.1" 200 3577 "-" "Go-http-client/1.1"
81.57.20.146 - - [05/Jul/2020:11:23:45 +0200] "GET /verification/subjects/5841e1e0-8aaa-4ec7-97c6-3c6b0fabd840/transcripts HTTP/1.1" 200 738 "-" "Go-http-client/1.1"
81.57.20.146 - - [05/Jul/2020:11:23:45 +0200] "GET /studies/e6c45f87-931b-4fba-a125-e5e59369c1f9 HTTP/1.1" 200 3377 "-" "Go-http-client/1.1"
81.57.20.146 - - [05/Jul/2020:11:23:45 +0200] "GET /verification/subjects/e6c45f87-931b-4fba-a125-e5e59369c1f9/transcripts HTTP/1.1" 200 747 "-" "Go-http-client/1.1"
81.57.20.146 - - [05/Jul/2020:11:23:45 +0200] "GET /studies/07444e41-81b5-4eb6-b601-979d25ada4f5 HTTP/1.1" 200 4333 "-" "Go-http-client/1.1"
81.57.20.146 - - [05/Jul/2020:11:23:45 +0200] "GET /verification/subjects/07444e41-81b5-4eb6-b601-979d25ada4f5/transcripts HTTP/1.1" 200 740 "-" "Go-http-client/1.1"
81.57.20.146 - - [05/Jul/2020:11:23:45 +0200] "GET /studies/59cc528d-426d-438c-a588-29f9e02b5383 HTTP/1.1" 200 3490 "-" "Go-http-client/1.1"
81.57.20.146 - - [05/Jul/2020:11:23:45 +0200] "GET /verification/subjects/59cc528d-426d-438c-a588-29f9e02b5383/transcripts HTTP/1.1" 200 769 "-" "Go-http-client/1.1"
81.57.20.146 - - [05/Jul/2020:11:23:45 +0200] "GET /studies/2b7aa449-e853-42b0-a390-c286181651aa HTTP/1.1" 200 3142 "-" "Go-http-client/1.1"
81.57.20.146 - - [05/Jul/2020:11:23:45 +0200] "GET /verification/subjects/2b7aa449-e853-42b0-a390-c286181651aa/transcripts HTTP/1.1" 200 1247 "-" "Go-http-client/1.1"
81.57.20.146 - - [05/Jul/2020:11:23:45 +0200] "GET /studies/06178965-23ff-4dfe-96a2-2d92066cdaa3 HTTP/1.1" 200 2611 "-" "Go-http-client/1.1"
81.57.20.146 - - [05/Jul/2020:11:23:45 +0200] "GET /verification/subjects/06178965-23ff-4dfe-96a2-2d92066cdaa3/transcripts HTTP/1.1" 200 739 "-" "Go-http-client/1.1"
81.57.20.146 - - [05/Jul/2020:11:23:45 +0200] "GET /studies/123d0603-1a67-411a-8354-0689c74969ff HTTP/1.1" 200 4325 "-" "Go-http-client/1.1"
81.57.20.146 - - [05/Jul/2020:11:23:46 +0200] "GET /verification/subjects/123d0603-1a67-411a-8354-0689c74969ff/transcripts HTTP/1.1" 200 1214 "-" "Go-http-client/1.1"
81.57.20.146 - - [05/Jul/2020:11:23:46 +0200] "GET /studies/1f8bb536-add9-49b4-9f28-075e95505894 HTTP/1.1" 200 2988 "-" "Go-http-client/1.1"
81.57.20.146 - - [05/Jul/2020:11:23:46 +0200] "GET /verification/subjects/1f8bb536-add9-49b4-9f28-075e95505894/transcripts HTTP/1.1" 200 692 "-" "Go-http-client/1.1"
81.57.20.146 - - [05/Jul/2020:11:23:46 +0200] "GET /studies/a138cf1a-dedf-4edc-8eda-a857f3adb5aa HTTP/1.1" 200 6002 "-" "Go-http-client/1.1"
81.57.20.146 - - [05/Jul/2020:11:23:46 +0200] "GET /verification/subjects/a138cf1a-dedf-4edc-8eda-a857f3adb5aa/transcripts HTTP/1.1" 200 1994 "-" "Go-http-client/1.1"
81.57.20.146 - - [05/Jul/2020:11:23:46 +0200] "GET /studies/0279487d-b8ca-4503-9956-3c51101b8c99 HTTP/1.1" 200 5215 "-" "Go-http-client/1.1"
81.57.20.146 - - [05/Jul/2020:11:23:46 +0200] "GET /verification/subjects/0279487d-b8ca-4503-9956-3c51101b8c99/transcripts HTTP/1.1" 200 1304 "-" "Go-http-client/1.1"
81.57.20.146 - - [05/Jul/2020:11:23:46 +0200] "GET /studies/be5c6930-5757-491e-9aff-ea1d9eb0644f HTTP/1.1" 200 2603 "-" "Go-http-client/1.1"
81.57.20.146 - - [05/Jul/2020:11:23:46 +0200] "GET /verification/subjects/be5c6930-5757-491e-9aff-ea1d9eb0644f/transcripts HTTP/1.1" 200 933 "-" "Go-http-client/1.1"
81.57.20.146 - - [05/Jul/2020:11:23:46 +0200] "GET /studies/26db902c-d3cb-4cc3-aa0c-2383313bb126 HTTP/1.1" 200 2761 "-" "Go-http-client/1.1"
81.57.20.146 - - [05/Jul/2020:11:23:46 +0200] "GET /verification/subjects/26db902c-d3cb-4cc3-aa0c-2383313bb126/transcripts HTTP/1.1" 200 747 "-" "Go-http-client/1.1"
81.57.20.146 - - [05/Jul/2020:11:23:46 +0200] "GET /studies/cbfb3b6a-3dd8-4e3a-b370-a54b8bd1a34c HTTP/1.1" 200 3623 "-" "Go-http-client/1.1"
81.57.20.146 - - [05/Jul/2020:11:23:46 +0200] "GET /verification/subjects/cbfb3b6a-3dd8-4e3a-b370-a54b8bd1a34c/transcripts HTTP/1.1" 200 1209 "-" "Go-http-client/1.1"
81.57.20.146 - - [05/Jul/2020:11:23:46 +0200] "GET /studies/555d5ab9-2f48-4c7f-b905-2fc5486e4747 HTTP/1.1" 200 2584 "-" "Go-http-client/1.1"
81.57.20.146 - - [05/Jul/2020:11:23:47 +0200] "GET /verification/subjects/555d5ab9-2f48-4c7f-b905-2fc5486e4747/transcripts HTTP/1.1" 200 884 "-" "Go-http-client/1.1"
81.57.20.146 - - [05/Jul/2020:11:23:47 +0200] "GET /studies/3f77b92b-af0e-47eb-b22c-0d5547394271 HTTP/1.1" 200 5804 "-" "Go-http-client/1.1"
81.57.20.146 - - [05/Jul/2020:11:23:47 +0200] "GET /verification/subjects/3f77b92b-af0e-47eb-b22c-0d5547394271/transcripts HTTP/1.1" 200 1955 "-" "Go-http-client/1.1"
81.57.20.146 - - [05/Jul/2020:11:23:47 +0200] "GET /studies/5c0d65cc-ca0b-46b7-8f53-8591835b7978 HTTP/1.1" 200 2892 "-" "Go-http-client/1.1"
81.57.20.146 - - [05/Jul/2020:11:23:47 +0200] "GET /verification/subjects/5c0d65cc-ca0b-46b7-8f53-8591835b7978/transcripts HTTP/1.1" 200 881 "-" "Go-http-client/1.1"
81.57.20.146 - - [05/Jul/2020:11:23:47 +0200] "GET /studies/cff56a08-84d3-491e-b9e4-02cc7927fc8a HTTP/1.1" 200 3990 "-" "Go-http-client/1.1"
81.57.20.146 - - [05/Jul/2020:11:23:47 +0200] "GET /verification/subjects/cff56a08-84d3-491e-b9e4-02cc7927fc8a/transcripts HTTP/1.1" 200 2486 "-" "Go-http-client/1.1"
81.57.20.146 - - [05/Jul/2020:11:23:47 +0200] "GET /studies/b9e5c7cb-cb90-4bbd-b6ef-fed9da1a6dbb HTTP/1.1" 200 3018 "-" "Go-http-client/1.1"
81.57.20.146 - - [05/Jul/2020:11:23:47 +0200] "GET /verification/subjects/b9e5c7cb-cb90-4bbd-b6ef-fed9da1a6dbb/transcripts HTTP/1.1" 200 4051 "-" "Go-http-client/1.1"
81.57.20.146 - - [05/Jul/2020:11:23:47 +0200] "GET /studies/f90e9ea8-f608-4a34-a5bd-96f083667c98 HTTP/1.1" 200 4843 "-" "Go-http-client/1.1"
81.57.20.146 - - [05/Jul/2020:11:23:47 +0200] "GET /verification/subjects/f90e9ea8-f608-4a34-a5bd-96f083667c98/transcripts HTTP/1.1" 200 1316 "-" "Go-http-client/1.1"
81.57.20.146 - - [05/Jul/2020:11:23:47 +0200] "GET /studies/56dc8723-286f-41aa-83ae-3b6e5cf2137d HTTP/1.1" 200 3084 "-" "Go-http-client/1.1"
81.57.20.146 - - [05/Jul/2020:11:23:47 +0200] "GET /verification/subjects/56dc8723-286f-41aa-83ae-3b6e5cf2137d/transcripts HTTP/1.1" 200 1118 "-" "Go-http-client/1.1"
81.57.20.146 - - [05/Jul/2020:11:23:47 +0200] "GET /studies/ac4a8c24-83b9-4722-9ac7-73fc8af2172f HTTP/1.1" 200 3475 "-" "Go-http-client/1.1"
81.57.20.146 - - [05/Jul/2020:11:23:47 +0200] "GET /verification/subjects/ac4a8c24-83b9-4722-9ac7-73fc8af2172f/transcripts HTTP/1.1" 200 2361 "-" "Go-http-client/1.1"
81.57.20.146 - - [05/Jul/2020:11:23:47 +0200] "GET /studies/9d7d8301-dff9-4b33-a990-2f2a26cd741e HTTP/1.1" 200 2435 "-" "Go-http-client/1.1"
81.57.20.146 - - [05/Jul/2020:11:23:47 +0200] "GET /verification/subjects/9d7d8301-dff9-4b33-a990-2f2a26cd741e/transcripts HTTP/1.1" 200 729 "-" "Go-http-client/1.1"
81.57.20.146 - - [05/Jul/2020:11:23:48 +0200] "GET /studies/2fb30526-8056-43ee-8b09-1ebdcbc7d503 HTTP/1.1" 200 1955 "-" "Go-http-client/1.1"
81.57.20.146 - - [05/Jul/2020:11:23:48 +0200] "GET /verification/subjects/2fb30526-8056-43ee-8b09-1ebdcbc7d503/transcripts HTTP/1.1" 200 1018 "-" "Go-http-client/1.1"
81.57.20.146 - - [05/Jul/2020:11:23:48 +0200] "GET /studies/6f2ebef2-d72f-43db-a94d-bc1fc8fa0ef4 HTTP/1.1" 200 3453 "-" "Go-http-client/1.1"
81.57.20.146 - - [05/Jul/2020:11:23:48 +0200] "GET /verification/subjects/6f2ebef2-d72f-43db-a94d-bc1fc8fa0ef4/transcripts HTTP/1.1" 200 1444 "-" "Go-http-client/1.1"
81.57.20.146 - - [05/Jul/2020:11:23:48 +0200] "GET /studies/5ed7a678-457d-4698-9ad6-3ebc92e9fa23 HTTP/1.1" 200 2773 "-" "Go-http-client/1.1"
81.57.20.146 - - [05/Jul/2020:11:23:48 +0200] "GET /verification/subjects/5ed7a678-457d-4698-9ad6-3ebc92e9fa23/transcripts HTTP/1.1" 200 1379 "-" "Go-http-client/1.1"
81.57.20.146 - - [05/Jul/2020:11:23:48 +0200] "GET /studies/5998ff3b-69a3-49e6-9fb1-ff182f28676a HTTP/1.1" 200 3228 "-" "Go-http-client/1.1"
81.57.20.146 - - [05/Jul/2020:11:23:48 +0200] "GET /verification/subjects/5998ff3b-69a3-49e6-9fb1-ff182f28676a/transcripts HTTP/1.1" 200 2603 "-" "Go-http-client/1.1"
81.57.20.146 - - [05/Jul/2020:11:23:48 +0200] "GET /studies/5bb61173-76b4-4e82-8637-d422b0eff105 HTTP/1.1" 200 1964 "-" "Go-http-client/1.1"
81.57.20.146 - - [05/Jul/2020:11:23:48 +0200] "GET /verification/subjects/5bb61173-76b4-4e82-8637-d422b0eff105/transcripts HTTP/1.1" 200 838 "-" "Go-http-client/1.1"
81.57.20.146 - - [05/Jul/2020:11:23:48 +0200] "GET /studies/c677fe68-8035-4a0c-b185-6811222f1a70 HTTP/1.1" 200 2719 "-" "Go-http-client/1.1"
81.57.20.146 - - [05/Jul/2020:11:23:48 +0200] "GET /verification/subjects/c677fe68-8035-4a0c-b185-6811222f1a70/transcripts HTTP/1.1" 200 1905 "-" "Go-http-client/1.1"
81.57.20.146 - - [05/Jul/2020:11:23:48 +0200] "GET /studies/644d64be-2732-4cf6-8412-4ba5648fe831 HTTP/1.1" 200 2793 "-" "Go-http-client/1.1"
81.57.20.146 - - [05/Jul/2020:11:23:48 +0200] "GET /verification/subjects/644d64be-2732-4cf6-8412-4ba5648fe831/transcripts HTTP/1.1" 200 1950 "-" "Go-http-client/1.1"
81.57.20.146 - - [05/Jul/2020:11:23:48 +0200] "GET /studies/a73bb7fb-66b1-49c4-b812-42085b6c57fc HTTP/1.1" 200 5631 "-" "Go-http-client/1.1"
81.57.20.146 - - [05/Jul/2020:11:23:48 +0200] "GET /verification/subjects/a73bb7fb-66b1-49c4-b812-42085b6c57fc/transcripts HTTP/1.1" 200 729 "-" "Go-http-client/1.1"
81.57.20.146 - - [05/Jul/2020:11:23:49 +0200] "GET /studies/2d11655d-f2aa-4540-9f33-18e651331a69 HTTP/1.1" 200 3954 "-" "Go-http-client/1.1"
81.57.20.146 - - [05/Jul/2020:11:23:49 +0200] "GET /verification/subjects/2d11655d-f2aa-4540-9f33-18e651331a69/transcripts HTTP/1.1" 200 745 "-" "Go-http-client/1.1"
81.57.20.146 - - [05/Jul/2020:11:23:49 +0200] "GET /studies/65b242e7-0c83-42ca-91f2-101932f113d3 HTTP/1.1" 200 4462 "-" "Go-http-client/1.1"
81.57.20.146 - - [05/Jul/2020:11:23:49 +0200] "GET /verification/subjects/65b242e7-0c83-42ca-91f2-101932f113d3/transcripts HTTP/1.1" 200 1611 "-" "Go-http-client/1.1"
81.57.20.146 - - [05/Jul/2020:11:23:49 +0200] "GET /studies/aeca60a2-c22f-4613-a4f2-4ac6fac5acb9 HTTP/1.1" 200 4794 "-" "Go-http-client/1.1"
81.57.20.146 - - [05/Jul/2020:11:23:49 +0200] "GET /verification/subjects/aeca60a2-c22f-4613-a4f2-4ac6fac5acb9/transcripts HTTP/1.1" 200 913 "-" "Go-http-client/1.1"
81.57.20.146 - - [05/Jul/2020:11:23:49 +0200] "GET /studies/5544a550-1912-432a-9a05-af36aa585b69 HTTP/1.1" 200 4023 "-" "Go-http-client/1.1"
81.57.20.146 - - [05/Jul/2020:11:23:49 +0200] "GET /verification/subjects/5544a550-1912-432a-9a05-af36aa585b69/transcripts HTTP/1.1" 200 1713 "-" "Go-http-client/1.1"
81.57.20.146 - - [05/Jul/2020:11:23:49 +0200] "GET /studies/bd050c39-f3f5-47c7-8ead-94c106930e38 HTTP/1.1" 200 3307 "-" "Go-http-client/1.1"
81.57.20.146 - - [05/Jul/2020:11:23:49 +0200] "GET /verification/subjects/bd050c39-f3f5-47c7-8ead-94c106930e38/transcripts HTTP/1.1" 200 1077 "-" "Go-http-client/1.1"
81.57.20.146 - - [05/Jul/2020:11:23:49 +0200] "GET /studies/4d6fb8a1-b865-45d0-b9f4-ab2cf95caee1 HTTP/1.1" 200 3392 "-" "Go-http-client/1.1"
81.57.20.146 - - [05/Jul/2020:11:23:49 +0200] "GET /verification/subjects/4d6fb8a1-b865-45d0-b9f4-ab2cf95caee1/transcripts HTTP/1.1" 200 1184 "-" "Go-http-client/1.1"
81.57.20.146 - - [05/Jul/2020:11:23:49 +0200] "GET /studies/9582ad16-6d77-4bc4-9a4d-f8e5ab306da7 HTTP/1.1" 200 2642 "-" "Go-http-client/1.1"
81.57.20.146 - - [05/Jul/2020:11:23:49 +0200] "GET /verification/subjects/9582ad16-6d77-4bc4-9a4d-f8e5ab306da7/transcripts HTTP/1.1" 200 1203 "-" "Go-http-client/1.1"
81.57.20.146 - - [05/Jul/2020:11:23:49 +0200] "GET /studies/19819f18-c2a9-4d65-8906-d12659eb392d HTTP/1.1" 200 3815 "-" "Go-http-client/1.1"
81.57.20.146 - - [05/Jul/2020:11:23:49 +0200] "GET /verification/subjects/19819f18-c2a9-4d65-8906-d12659eb392d/transcripts HTTP/1.1" 200 1666 "-" "Go-http-client/1.1"
81.57.20.146 - - [05/Jul/2020:11:23:49 +0200] "GET /studies/84c410b8-1370-44c8-902f-4b4bbf23772a HTTP/1.1" 200 6053 "-" "Go-http-client/1.1"
81.57.20.146 - - [05/Jul/2020:11:23:49 +0200] "GET /verification/subjects/84c410b8-1370-44c8-902f-4b4bbf23772a/transcripts HTTP/1.1" 200 841 "-" "Go-http-client/1.1"
81.57.20.146 - - [05/Jul/2020:11:23:50 +0200] "GET /studies/9522c1f8-5e74-4ce0-b489-b55fe6a6a9e4 HTTP/1.1" 200 3304 "-" "Go-http-client/1.1"
81.57.20.146 - - [05/Jul/2020:11:23:50 +0200] "GET /verification/subjects/9522c1f8-5e74-4ce0-b489-b55fe6a6a9e4/transcripts HTTP/1.1" 200 1189 "-" "Go-http-client/1.1"
81.57.20.146 - - [05/Jul/2020:11:23:50 +0200] "GET /studies/4241f12a-aa26-4a15-adfc-d1bfd0add41e HTTP/1.1" 200 3000 "-" "Go-http-client/1.1"
81.57.20.146 - - [05/Jul/2020:11:23:50 +0200] "GET /verification/subjects/4241f12a-aa26-4a15-adfc-d1bfd0add41e/transcripts HTTP/1.1" 200 770 "-" "Go-http-client/1.1"
81.57.20.146 - - [05/Jul/2020:11:23:50 +0200] "GET /studies/44e100fd-1510-4c3b-b0c4-a6a70a477382 HTTP/1.1" 200 4367 "-" "Go-http-client/1.1"
81.57.20.146 - - [05/Jul/2020:11:23:50 +0200] "GET /verification/subjects/44e100fd-1510-4c3b-b0c4-a6a70a477382/transcripts HTTP/1.1" 200 1688 "-" "Go-http-client/1.1"
81.57.20.146 - - [05/Jul/2020:11:23:50 +0200] "GET /studies/10b7a429-9726-4dc1-8653-3d243188b15e HTTP/1.1" 200 3765 "-" "Go-http-client/1.1"
81.57.20.146 - - [05/Jul/2020:11:23:50 +0200] "GET /verification/subjects/10b7a429-9726-4dc1-8653-3d243188b15e/transcripts HTTP/1.1" 200 1570 "-" "Go-http-client/1.1"
81.57.20.146 - - [05/Jul/2020:11:23:50 +0200] "GET /studies/abe17cd2-ff5d-4f5c-bfdc-3589ad0ffd9b HTTP/1.1" 200 3234 "-" "Go-http-client/1.1"
81.57.20.146 - - [05/Jul/2020:11:23:50 +0200] "GET /verification/subjects/abe17cd2-ff5d-4f5c-bfdc-3589ad0ffd9b/transcripts HTTP/1.1" 200 1171 "-" "Go-http-client/1.1"
81.57.20.146 - - [05/Jul/2020:11:23:50 +0200] "GET /studies/c27c90d5-afed-471d-8a5e-df20557f1c3b HTTP/1.1" 200 4243 "-" "Go-http-client/1.1"
81.57.20.146 - - [05/Jul/2020:11:23:50 +0200] "GET /verification/subjects/c27c90d5-afed-471d-8a5e-df20557f1c3b/transcripts HTTP/1.1" 200 1635 "-" "Go-http-client/1.1"
81.57.20.146 - - [05/Jul/2020:11:23:50 +0200] "GET /studies/7fe87ad0-47b0-4f10-8320-b9c07072f84a HTTP/1.1" 200 2411 "-" "Go-http-client/1.1"
81.57.20.146 - - [05/Jul/2020:11:23:50 +0200] "GET /verification/subjects/7fe87ad0-47b0-4f10-8320-b9c07072f84a/transcripts HTTP/1.1" 200 724 "-" "Go-http-client/1.1"
81.57.20.146 - - [05/Jul/2020:11:23:50 +0200] "GET /studies/1604be3a-fc39-40e3-9598-1ec65e429013 HTTP/1.1" 200 3945 "-" "Go-http-client/1.1"
81.57.20.146 - - [05/Jul/2020:11:23:50 +0200] "GET /verification/subjects/1604be3a-fc39-40e3-9598-1ec65e429013/transcripts HTTP/1.1" 200 1236 "-" "Go-http-client/1.1"
81.57.20.146 - - [05/Jul/2020:11:23:50 +0200] "GET /studies/617eddb0-c500-4bc2-85c2-266ebe32e928 HTTP/1.1" 200 2557 "-" "Go-http-client/1.1"
81.57.20.146 - - [05/Jul/2020:11:23:50 +0200] "GET /verification/subjects/617eddb0-c500-4bc2-85c2-266ebe32e928/transcripts HTTP/1.1" 200 631 "-" "Go-http-client/1.1"
81.57.20.146 - - [05/Jul/2020:11:23:51 +0200] "GET /studies/477d2561-0e36-45cc-85f0-286a92912cd8 HTTP/1.1" 200 3333 "-" "Go-http-client/1.1"
81.57.20.146 - - [05/Jul/2020:11:23:51 +0200] "GET /verification/subjects/477d2561-0e36-45cc-85f0-286a92912cd8/transcripts HTTP/1.1" 200 1169 "-" "Go-http-client/1.1"
81.57.20.146 - - [05/Jul/2020:11:23:51 +0200] "GET /studies/d52f59cf-653a-4d77-90d0-acb49788b2bc HTTP/1.1" 200 2610 "-" "Go-http-client/1.1"
81.57.20.146 - - [05/Jul/2020:11:23:51 +0200] "GET /verification/subjects/d52f59cf-653a-4d77-90d0-acb49788b2bc/transcripts HTTP/1.1" 200 745 "-" "Go-http-client/1.1"
81.57.20.146 - - [05/Jul/2020:11:23:51 +0200] "GET /studies/fbc74b8b-ff74-43c3-bb3b-358914bbefc8 HTTP/1.1" 200 2926 "-" "Go-http-client/1.1"
81.57.20.146 - - [05/Jul/2020:11:23:51 +0200] "GET /verification/subjects/fbc74b8b-ff74-43c3-bb3b-358914bbefc8/transcripts HTTP/1.1" 200 1262 "-" "Go-http-client/1.1"
81.57.20.146 - - [05/Jul/2020:11:23:51 +0200] "GET /studies/b32e30ae-09a9-4e8c-a212-21d7002d7a0e HTTP/1.1" 200 3298 "-" "Go-http-client/1.1"
81.57.20.146 - - [05/Jul/2020:11:23:51 +0200] "GET /verification/subjects/b32e30ae-09a9-4e8c-a212-21d7002d7a0e/transcripts HTTP/1.1" 200 2053 "-" "Go-http-client/1.1"
81.57.20.146 - - [05/Jul/2020:11:23:51 +0200] "GET /studies/ddc2adf9-5aa4-43d9-ad35-87bac68b45ad HTTP/1.1" 200 2887 "-" "Go-http-client/1.1"
81.57.20.146 - - [05/Jul/2020:11:23:51 +0200] "GET /verification/subjects/ddc2adf9-5aa4-43d9-ad35-87bac68b45ad/transcripts HTTP/1.1" 200 1341 "-" "Go-http-client/1.1"
81.57.20.146 - - [05/Jul/2020:11:23:51 +0200] "GET /studies/a026e854-4316-4c9c-8d72-2911f9ea9f3d HTTP/1.1" 200 5471 "-" "Go-http-client/1.1"
81.57.20.146 - - [05/Jul/2020:11:23:51 +0200] "GET /verification/subjects/a026e854-4316-4c9c-8d72-2911f9ea9f3d/transcripts HTTP/1.1" 200 736 "-" "Go-http-client/1.1"
81.57.20.146 - - [05/Jul/2020:11:23:51 +0200] "GET /studies/d6fccd35-be29-4d33-8690-856dfa3ee530 HTTP/1.1" 200 2780 "-" "Go-http-client/1.1"
81.57.20.146 - - [05/Jul/2020:11:23:51 +0200] "GET /verification/subjects/d6fccd35-be29-4d33-8690-856dfa3ee530/transcripts HTTP/1.1" 200 1091 "-" "Go-http-client/1.1"
81.57.20.146 - - [05/Jul/2020:11:23:51 +0200] "GET /studies/f302e5d2-62d2-40f7-80a6-11bfe3cbaba3 HTTP/1.1" 200 3885 "-" "Go-http-client/1.1"
81.57.20.146 - - [05/Jul/2020:11:23:51 +0200] "GET /verification/subjects/f302e5d2-62d2-40f7-80a6-11bfe3cbaba3/transcripts HTTP/1.1" 200 1151 "-" "Go-http-client/1.1"
81.57.20.146 - - [05/Jul/2020:11:23:51 +0200] "GET /studies/12d2d8f0-357a-4463-946c-4c58d86e99dc HTTP/1.1" 200 3506 "-" "Go-http-client/1.1"
81.57.20.146 - - [05/Jul/2020:11:23:51 +0200] "GET /verification/subjects/12d2d8f0-357a-4463-946c-4c58d86e99dc/transcripts HTTP/1.1" 200 1525 "-" "Go-http-client/1.1"
81.57.20.146 - - [05/Jul/2020:11:23:51 +0200] "GET /studies/b7597222-bbc0-4c97-a9a7-cd5dbad41133 HTTP/1.1" 200 3427 "-" "Go-http-client/1.1"
81.57.20.146 - - [05/Jul/2020:11:23:52 +0200] "GET /verification/subjects/b7597222-bbc0-4c97-a9a7-cd5dbad41133/transcripts HTTP/1.1" 200 959 "-" "Go-http-client/1.1"
81.57.20.146 - - [05/Jul/2020:11:23:52 +0200] "GET /studies/de04870e-c5fc-4954-b903-9d1f0c70c3a9 HTTP/1.1" 200 2979 "-" "Go-http-client/1.1"
81.57.20.146 - - [05/Jul/2020:11:23:52 +0200] "GET /verification/subjects/de04870e-c5fc-4954-b903-9d1f0c70c3a9/transcripts HTTP/1.1" 200 997 "-" "Go-http-client/1.1"
81.57.20.146 - - [05/Jul/2020:11:23:52 +0200] "GET /studies/4a92f050-6870-4a42-aadf-620149807e28 HTTP/1.1" 200 3031 "-" "Go-http-client/1.1"
81.57.20.146 - - [05/Jul/2020:11:23:52 +0200] "GET /verification/subjects/4a92f050-6870-4a42-aadf-620149807e28/transcripts HTTP/1.1" 200 1180 "-" "Go-http-client/1.1"
81.57.20.146 - - [05/Jul/2020:11:23:52 +0200] "GET /studies/38da110f-f964-4ef0-b1c4-6243c70a8156 HTTP/1.1" 200 3104 "-" "Go-http-client/1.1"
81.57.20.146 - - [05/Jul/2020:11:23:52 +0200] "GET /verification/subjects/38da110f-f964-4ef0-b1c4-6243c70a8156/transcripts HTTP/1.1" 200 1215 "-" "Go-http-client/1.1"
81.57.20.146 - - [05/Jul/2020:11:23:52 +0200] "GET /studies/7de080f9-57e9-4028-8f1b-c7284cedd188 HTTP/1.1" 200 2778 "-" "Go-http-client/1.1"
81.57.20.146 - - [05/Jul/2020:11:23:52 +0200] "GET /verification/subjects/7de080f9-57e9-4028-8f1b-c7284cedd188/transcripts HTTP/1.1" 200 1163 "-" "Go-http-client/1.1"
81.57.20.146 - - [05/Jul/2020:11:23:52 +0200] "GET /studies/6d0e3841-a0b9-484a-aa76-ddb735627bda HTTP/1.1" 200 2360 "-" "Go-http-client/1.1"
81.57.20.146 - - [05/Jul/2020:11:23:52 +0200] "GET /verification/subjects/6d0e3841-a0b9-484a-aa76-ddb735627bda/transcripts HTTP/1.1" 200 1486 "-" "Go-http-client/1.1"
81.57.20.146 - - [05/Jul/2020:11:23:52 +0200] "GET /studies/2bd73bb9-5e17-4f26-b049-c492ddabc43d HTTP/1.1" 200 2858 "-" "Go-http-client/1.1"
81.57.20.146 - - [05/Jul/2020:11:23:52 +0200] "GET /verification/subjects/2bd73bb9-5e17-4f26-b049-c492ddabc43d/transcripts HTTP/1.1" 200 1570 "-" "Go-http-client/1.1"
81.57.20.146 - - [05/Jul/2020:11:23:52 +0200] "GET /studies/aa824e88-eaa6-4f1b-9d7f-213e308ccbdc HTTP/1.1" 200 3946 "-" "Go-http-client/1.1"
81.57.20.146 - - [05/Jul/2020:11:23:52 +0200] "GET /verification/subjects/aa824e88-eaa6-4f1b-9d7f-213e308ccbdc/transcripts HTTP/1.1" 200 2074 "-" "Go-http-client/1.1"
81.57.20.146 - - [05/Jul/2020:11:23:52 +0200] "GET /studies/0791c645-5f38-4142-9715-994a0b395ca4 HTTP/1.1" 200 3491 "-" "Go-http-client/1.1"
81.57.20.146 - - [05/Jul/2020:11:23:53 +0200] "GET /verification/subjects/0791c645-5f38-4142-9715-994a0b395ca4/transcripts HTTP/1.1" 200 1287 "-" "Go-http-client/1.1"
81.57.20.146 - - [05/Jul/2020:11:23:53 +0200] "GET /studies/8b6ef72a-eaa5-4746-bb7b-3e0ca52386e0 HTTP/1.1" 200 3435 "-" "Go-http-client/1.1"
81.57.20.146 - - [05/Jul/2020:11:23:53 +0200] "GET /verification/subjects/8b6ef72a-eaa5-4746-bb7b-3e0ca52386e0/transcripts HTTP/1.1" 200 750 "-" "Go-http-client/1.1"
81.57.20.146 - - [05/Jul/2020:11:23:53 +0200] "GET /studies/00b5bbf9-91b2-4483-9486-67476c71e3b6 HTTP/1.1" 200 4114 "-" "Go-http-client/1.1"
81.57.20.146 - - [05/Jul/2020:11:23:53 +0200] "GET /verification/subjects/00b5bbf9-91b2-4483-9486-67476c71e3b6/transcripts HTTP/1.1" 200 1128 "-" "Go-http-client/1.1"
81.57.20.146 - - [05/Jul/2020:11:23:53 +0200] "GET /studies/a8ad02f9-7167-4612-b3d1-baae884d3582 HTTP/1.1" 200 2624 "-" "Go-http-client/1.1"
81.57.20.146 - - [05/Jul/2020:11:23:53 +0200] "GET /verification/subjects/a8ad02f9-7167-4612-b3d1-baae884d3582/transcripts HTTP/1.1" 200 742 "-" "Go-http-client/1.1"
81.57.20.146 - - [05/Jul/2020:11:23:53 +0200] "GET /studies/59a8a09d-9bde-4dee-ba98-c967fab1a611 HTTP/1.1" 200 3323 "-" "Go-http-client/1.1"
81.57.20.146 - - [05/Jul/2020:11:23:53 +0200] "GET /verification/subjects/59a8a09d-9bde-4dee-ba98-c967fab1a611/transcripts HTTP/1.1" 200 751 "-" "Go-http-client/1.1"
81.57.20.146 - - [05/Jul/2020:11:23:53 +0200] "GET /studies/1637c49b-19b5-439b-9322-1ac75296d659 HTTP/1.1" 200 4495 "-" "Go-http-client/1.1"
81.57.20.146 - - [05/Jul/2020:11:23:53 +0200] "GET /verification/subjects/1637c49b-19b5-439b-9322-1ac75296d659/transcripts HTTP/1.1" 200 1679 "-" "Go-http-client/1.1"
81.57.20.146 - - [05/Jul/2020:11:23:53 +0200] "GET /studies/618ebee6-b8da-4fdc-b479-5577fd1c0379 HTTP/1.1" 200 3084 "-" "Go-http-client/1.1"
81.57.20.146 - - [05/Jul/2020:11:23:53 +0200] "GET /verification/subjects/618ebee6-b8da-4fdc-b479-5577fd1c0379/transcripts HTTP/1.1" 200 749 "-" "Go-http-client/1.1"
81.57.20.146 - - [05/Jul/2020:11:23:53 +0200] "GET /studies/8f26151f-0ff7-4b8e-98f3-dcdec310b02e HTTP/1.1" 200 4391 "-" "Go-http-client/1.1"
81.57.20.146 - - [05/Jul/2020:11:23:53 +0200] "GET /verification/subjects/8f26151f-0ff7-4b8e-98f3-dcdec310b02e/transcripts HTTP/1.1" 200 1199 "-" "Go-http-client/1.1"
81.57.20.146 - - [05/Jul/2020:11:23:53 +0200] "GET /studies/60d9afb1-fc51-41a6-bd5f-1e6157064bea HTTP/1.1" 200 3187 "-" "Go-http-client/1.1"
81.57.20.146 - - [05/Jul/2020:11:23:53 +0200] "GET /verification/subjects/60d9afb1-fc51-41a6-bd5f-1e6157064bea/transcripts HTTP/1.1" 200 2555 "-" "Go-http-client/1.1"
81.57.20.146 - - [05/Jul/2020:11:23:53 +0200] "GET /studies/85b57b4b-aa48-4d76-9e3e-80aa7428a51c HTTP/1.1" 200 2972 "-" "Go-http-client/1.1"
81.57.20.146 - - [05/Jul/2020:11:23:53 +0200] "GET /verification/subjects/85b57b4b-aa48-4d76-9e3e-80aa7428a51c/transcripts HTTP/1.1" 200 728 "-" "Go-http-client/1.1"
81.57.20.146 - - [05/Jul/2020:11:23:54 +0200] "GET /studies/11c0d749-ace4-498d-af19-5f1e410c84b4 HTTP/1.1" 200 2436 "-" "Go-http-client/1.1"
81.57.20.146 - - [05/Jul/2020:11:23:54 +0200] "GET /verification/subjects/11c0d749-ace4-498d-af19-5f1e410c84b4/transcripts HTTP/1.1" 200 747 "-" "Go-http-client/1.1"
81.57.20.146 - - [05/Jul/2020:11:23:54 +0200] "GET /studies/0ad640ac-3aef-44e2-93db-9851f584c449 HTTP/1.1" 200 2748 "-" "Go-http-client/1.1"
81.57.20.146 - - [05/Jul/2020:11:23:54 +0200] "GET /verification/subjects/0ad640ac-3aef-44e2-93db-9851f584c449/transcripts HTTP/1.1" 200 565 "-" "Go-http-client/1.1"
81.57.20.146 - - [05/Jul/2020:11:23:54 +0200] "GET /studies/5416720a-8b1a-4954-8d30-105bdc1ed8f3 HTTP/1.1" 200 2519 "-" "Go-http-client/1.1"
81.57.20.146 - - [05/Jul/2020:11:23:54 +0200] "GET /verification/subjects/5416720a-8b1a-4954-8d30-105bdc1ed8f3/transcripts HTTP/1.1" 200 744 "-" "Go-http-client/1.1"
81.57.20.146 - - [05/Jul/2020:11:23:54 +0200] "GET /studies/9f9c141b-72a0-4654-9f7b-925ca504bbae HTTP/1.1" 200 3004 "-" "Go-http-client/1.1"
81.57.20.146 - - [05/Jul/2020:11:23:54 +0200] "GET /verification/subjects/9f9c141b-72a0-4654-9f7b-925ca504bbae/transcripts HTTP/1.1" 200 1210 "-" "Go-http-client/1.1"
81.57.20.146 - - [05/Jul/2020:11:23:54 +0200] "GET /studies/58a10f65-dc65-4a61-a4f8-e010b1fd538d HTTP/1.1" 200 3070 "-" "Go-http-client/1.1"
81.57.20.146 - - [05/Jul/2020:11:23:54 +0200] "GET /verification/subjects/58a10f65-dc65-4a61-a4f8-e010b1fd538d/transcripts HTTP/1.1" 200 5050 "-" "Go-http-client/1.1"
81.57.20.146 - - [05/Jul/2020:11:23:54 +0200] "GET /studies/b3a2aca9-70d0-4ee5-8420-c3facc45309b HTTP/1.1" 200 3356 "-" "Go-http-client/1.1"
81.57.20.146 - - [05/Jul/2020:11:23:54 +0200] "GET /verification/subjects/b3a2aca9-70d0-4ee5-8420-c3facc45309b/transcripts HTTP/1.1" 200 1685 "-" "Go-http-client/1.1"
81.57.20.146 - - [05/Jul/2020:11:23:54 +0200] "GET /studies/f470b90e-abba-4a49-8396-03aebad2cb30 HTTP/1.1" 200 3985 "-" "Go-http-client/1.1"
81.57.20.146 - - [05/Jul/2020:11:23:54 +0200] "GET /verification/subjects/f470b90e-abba-4a49-8396-03aebad2cb30/transcripts HTTP/1.1" 200 1129 "-" "Go-http-client/1.1"
81.57.20.146 - - [05/Jul/2020:11:23:54 +0200] "GET /studies/4f1e74fc-9d4d-493c-b430-14ea27ba216a HTTP/1.1" 200 3547 "-" "Go-http-client/1.1"
81.57.20.146 - - [05/Jul/2020:11:23:54 +0200] "GET /verification/subjects/4f1e74fc-9d4d-493c-b430-14ea27ba216a/transcripts HTTP/1.1" 200 987 "-" "Go-http-client/1.1"
81.57.20.146 - - [05/Jul/2020:11:23:55 +0200] "GET /studies/4ff5a1e3-2971-4280-a3de-f6e9e96f75da HTTP/1.1" 200 4608 "-" "Go-http-client/1.1"
81.57.20.146 - - [05/Jul/2020:11:23:55 +0200] "GET /verification/subjects/4ff5a1e3-2971-4280-a3de-f6e9e96f75da/transcripts HTTP/1.1" 200 762 "-" "Go-http-client/1.1"
81.57.20.146 - - [05/Jul/2020:11:23:55 +0200] "GET /studies/949b4bf6-89cb-4687-9643-3969058f4302 HTTP/1.1" 200 2660 "-" "Go-http-client/1.1"
81.57.20.146 - - [05/Jul/2020:11:23:55 +0200] "GET /verification/subjects/949b4bf6-89cb-4687-9643-3969058f4302/transcripts HTTP/1.1" 200 733 "-" "Go-http-client/1.1"
81.57.20.146 - - [05/Jul/2020:11:23:55 +0200] "GET /studies/92dca99e-bf8d-4104-b54c-9c9f829ab969 HTTP/1.1" 200 2684 "-" "Go-http-client/1.1"
81.57.20.146 - - [05/Jul/2020:11:23:55 +0200] "GET /verification/subjects/92dca99e-bf8d-4104-b54c-9c9f829ab969/transcripts HTTP/1.1" 200 631 "-" "Go-http-client/1.1"
81.57.20.146 - - [05/Jul/2020:11:23:55 +0200] "GET /studies/abf2c325-172e-478c-a0a2-490c7c93dca4 HTTP/1.1" 200 2790 "-" "Go-http-client/1.1"
81.57.20.146 - - [05/Jul/2020:11:23:55 +0200] "GET /verification/subjects/abf2c325-172e-478c-a0a2-490c7c93dca4/transcripts HTTP/1.1" 200 689 "-" "Go-http-client/1.1"
81.57.20.146 - - [05/Jul/2020:11:23:55 +0200] "GET /studies/beac6c85-e4fc-44e7-a9b2-4e3c02be7779 HTTP/1.1" 200 3503 "-" "Go-http-client/1.1"
81.57.20.146 - - [05/Jul/2020:11:23:55 +0200] "GET /verification/subjects/beac6c85-e4fc-44e7-a9b2-4e3c02be7779/transcripts HTTP/1.1" 200 750 "-" "Go-http-client/1.1"
81.57.20.146 - - [05/Jul/2020:11:23:55 +0200] "GET /studies/f8165da8-a593-4985-8720-de552609e0fe HTTP/1.1" 200 3075 "-" "Go-http-client/1.1"
81.57.20.146 - - [05/Jul/2020:11:23:55 +0200] "GET /verification/subjects/f8165da8-a593-4985-8720-de552609e0fe/transcripts HTTP/1.1" 200 745 "-" "Go-http-client/1.1"
81.57.20.146 - - [05/Jul/2020:11:23:55 +0200] "GET /studies/fb270a6b-adb1-4c36-bb46-7d6c7dd3009e HTTP/1.1" 200 4196 "-" "Go-http-client/1.1"
81.57.20.146 - - [05/Jul/2020:11:23:55 +0200] "GET /verification/subjects/fb270a6b-adb1-4c36-bb46-7d6c7dd3009e/transcripts HTTP/1.1" 200 1216 "-" "Go-http-client/1.1"
81.57.20.146 - - [05/Jul/2020:11:23:55 +0200] "GET /studies/ca42e5df-dfad-40b6-8933-ba91b3b54d13 HTTP/1.1" 200 4242 "-" "Go-http-client/1.1"
81.57.20.146 - - [05/Jul/2020:11:23:55 +0200] "GET /verification/subjects/ca42e5df-dfad-40b6-8933-ba91b3b54d13/transcripts HTTP/1.1" 200 752 "-" "Go-http-client/1.1"
81.57.20.146 - - [05/Jul/2020:11:23:55 +0200] "GET /studies/474ee64f-f1bb-43dc-a208-502598dddea9 HTTP/1.1" 200 4183 "-" "Go-http-client/1.1"
81.57.20.146 - - [05/Jul/2020:11:23:55 +0200] "GET /verification/subjects/474ee64f-f1bb-43dc-a208-502598dddea9/transcripts HTTP/1.1" 200 1679 "-" "Go-http-client/1.1"
81.57.20.146 - - [05/Jul/2020:11:23:55 +0200] "GET /studies/cb05f558-83cf-4b9c-8bcb-68e3e851ea89 HTTP/1.1" 200 4158 "-" "Go-http-client/1.1"
81.57.20.146 - - [05/Jul/2020:11:23:56 +0200] "GET /verification/subjects/cb05f558-83cf-4b9c-8bcb-68e3e851ea89/transcripts HTTP/1.1" 200 1371 "-" "Go-http-client/1.1"
81.57.20.146 - - [05/Jul/2020:11:23:56 +0200] "GET /studies/9faf9c6b-867f-42f5-a6fd-bc734a0e4c2a HTTP/1.1" 200 2212 "-" "Go-http-client/1.1"
81.57.20.146 - - [05/Jul/2020:11:23:56 +0200] "GET /verification/subjects/9faf9c6b-867f-42f5-a6fd-bc734a0e4c2a/transcripts HTTP/1.1" 200 731 "-" "Go-http-client/1.1"
81.57.20.146 - - [05/Jul/2020:11:23:56 +0200] "GET /studies/3e08e128-e4f2-4fcd-a6b8-50cc0e27ced4 HTTP/1.1" 200 2832 "-" "Go-http-client/1.1"
81.57.20.146 - - [05/Jul/2020:11:23:56 +0200] "GET /verification/subjects/3e08e128-e4f2-4fcd-a6b8-50cc0e27ced4/transcripts HTTP/1.1" 200 1708 "-" "Go-http-client/1.1"
81.57.20.146 - - [05/Jul/2020:11:23:56 +0200] "GET /studies/732d7505-f888-4582-93e6-eb4f579a75b1 HTTP/1.1" 200 3179 "-" "Go-http-client/1.1"
81.57.20.146 - - [05/Jul/2020:11:23:56 +0200] "GET /verification/subjects/732d7505-f888-4582-93e6-eb4f579a75b1/transcripts HTTP/1.1" 200 737 "-" "Go-http-client/1.1"
81.57.20.146 - - [05/Jul/2020:11:23:56 +0200] "GET /studies/6634d254-b0ab-42b4-a033-f05c9374933f HTTP/1.1" 200 2630 "-" "Go-http-client/1.1"
81.57.20.146 - - [05/Jul/2020:11:23:56 +0200] "GET /verification/subjects/6634d254-b0ab-42b4-a033-f05c9374933f/transcripts HTTP/1.1" 200 726 "-" "Go-http-client/1.1"
81.57.20.146 - - [05/Jul/2020:11:23:56 +0200] "GET /studies/e2df69e3-cdba-4a07-a241-d79411a0326d HTTP/1.1" 200 4919 "-" "Go-http-client/1.1"
81.57.20.146 - - [05/Jul/2020:11:23:56 +0200] "GET /verification/subjects/e2df69e3-cdba-4a07-a241-d79411a0326d/transcripts HTTP/1.1" 200 887 "-" "Go-http-client/1.1"
81.57.20.146 - - [05/Jul/2020:11:23:56 +0200] "GET /studies/77d5e929-e7aa-4915-9221-633cbd53bf79 HTTP/1.1" 200 2673 "-" "Go-http-client/1.1"
81.57.20.146 - - [05/Jul/2020:11:23:56 +0200] "GET /verification/subjects/77d5e929-e7aa-4915-9221-633cbd53bf79/transcripts HTTP/1.1" 200 1280 "-" "Go-http-client/1.1"
81.57.20.146 - - [05/Jul/2020:11:23:56 +0200] "GET /studies/59d06a77-fdf0-4de3-b59e-505a57b458fc HTTP/1.1" 200 2664 "-" "Go-http-client/1.1"
81.57.20.146 - - [05/Jul/2020:11:23:56 +0200] "GET /verification/subjects/59d06a77-fdf0-4de3-b59e-505a57b458fc/transcripts HTTP/1.1" 200 642 "-" "Go-http-client/1.1"
81.57.20.146 - - [05/Jul/2020:11:23:56 +0200] "GET /studies/2e41677e-3509-4d5d-8867-2c9985047962 HTTP/1.1" 200 2647 "-" "Go-http-client/1.1"
81.57.20.146 - - [05/Jul/2020:11:23:56 +0200] "GET /verification/subjects/2e41677e-3509-4d5d-8867-2c9985047962/transcripts HTTP/1.1" 200 1064 "-" "Go-http-client/1.1"
81.57.20.146 - - [05/Jul/2020:11:23:56 +0200] "GET /studies/e20510d2-da31-4932-8512-5ab23077d270 HTTP/1.1" 200 5790 "-" "Go-http-client/1.1"
81.57.20.146 - - [05/Jul/2020:11:23:56 +0200] "GET /verification/subjects/e20510d2-da31-4932-8512-5ab23077d270/transcripts HTTP/1.1" 200 744 "-" "Go-http-client/1.1"
81.57.20.146 - - [05/Jul/2020:11:23:57 +0200] "GET /studies/5d50918b-2303-4d5f-8e3c-8ac7bf7387ea HTTP/1.1" 200 2782 "-" "Go-http-client/1.1"
81.57.20.146 - - [05/Jul/2020:11:23:57 +0200] "GET /verification/subjects/5d50918b-2303-4d5f-8e3c-8ac7bf7387ea/transcripts HTTP/1.1" 200 736 "-" "Go-http-client/1.1"
81.57.20.146 - - [05/Jul/2020:11:23:57 +0200] "GET /studies/6c8be9ad-9ef7-4c94-a643-76be3d1ea3d7 HTTP/1.1" 200 2397 "-" "Go-http-client/1.1"
81.57.20.146 - - [05/Jul/2020:11:23:57 +0200] "GET /verification/subjects/6c8be9ad-9ef7-4c94-a643-76be3d1ea3d7/transcripts HTTP/1.1" 200 736 "-" "Go-http-client/1.1"
81.57.20.146 - - [05/Jul/2020:11:23:57 +0200] "GET /studies/5f49f713-171d-4f5e-b1ce-713c9d355ed8 HTTP/1.1" 200 3028 "-" "Go-http-client/1.1"
81.57.20.146 - - [05/Jul/2020:11:23:57 +0200] "GET /verification/subjects/5f49f713-171d-4f5e-b1ce-713c9d355ed8/transcripts HTTP/1.1" 200 599 "-" "Go-http-client/1.1"
81.57.20.146 - - [05/Jul/2020:11:23:57 +0200] "GET /studies/7d19a18b-9b7b-44d3-a46e-c8a191486aa9 HTTP/1.1" 200 3424 "-" "Go-http-client/1.1"
81.57.20.146 - - [05/Jul/2020:11:23:57 +0200] "GET /verification/subjects/7d19a18b-9b7b-44d3-a46e-c8a191486aa9/transcripts HTTP/1.1" 200 746 "-" "Go-http-client/1.1"
81.57.20.146 - - [05/Jul/2020:11:23:57 +0200] "GET /studies/9f86c579-67b2-47fb-916d-d85d00054bf8 HTTP/1.1" 200 4463 "-" "Go-http-client/1.1"
81.57.20.146 - - [05/Jul/2020:11:23:57 +0200] "GET /verification/subjects/9f86c579-67b2-47fb-916d-d85d00054bf8/transcripts HTTP/1.1" 200 749 "-" "Go-http-client/1.1"
81.57.20.146 - - [05/Jul/2020:11:23:57 +0200] "GET /studies/0d690351-da36-4343-88db-b1f3b43f949d HTTP/1.1" 200 4205 "-" "Go-http-client/1.1"
81.57.20.146 - - [05/Jul/2020:11:23:57 +0200] "GET /verification/subjects/0d690351-da36-4343-88db-b1f3b43f949d/transcripts HTTP/1.1" 200 1102 "-" "Go-http-client/1.1"
81.57.20.146 - - [05/Jul/2020:11:23:57 +0200] "GET /studies/23a3c893-e4ed-40ab-90b3-8f8c8522ed15 HTTP/1.1" 200 1893 "-" "Go-http-client/1.1"
81.57.20.146 - - [05/Jul/2020:11:23:57 +0200] "GET /verification/subjects/23a3c893-e4ed-40ab-90b3-8f8c8522ed15/transcripts HTTP/1.1" 200 565 "-" "Go-http-client/1.1"
81.57.20.146 - - [05/Jul/2020:11:23:57 +0200] "GET /studies/fd271efe-47fa-4b84-a481-3e3b9644dd93 HTTP/1.1" 200 3129 "-" "Go-http-client/1.1"
81.57.20.146 - - [05/Jul/2020:11:23:57 +0200] "GET /verification/subjects/fd271efe-47fa-4b84-a481-3e3b9644dd93/transcripts HTTP/1.1" 200 750 "-" "Go-http-client/1.1"
81.57.20.146 - - [05/Jul/2020:11:23:57 +0200] "GET /studies/b4169199-22ba-494a-aca1-94bd992ee702 HTTP/1.1" 200 3079 "-" "Go-http-client/1.1"
81.57.20.146 - - [05/Jul/2020:11:23:57 +0200] "GET /verification/subjects/b4169199-22ba-494a-aca1-94bd992ee702/transcripts HTTP/1.1" 200 739 "-" "Go-http-client/1.1"
81.57.20.146 - - [05/Jul/2020:11:23:57 +0200] "GET /studies/d5219484-85ad-4418-a4ee-31ef8654c2a5 HTTP/1.1" 200 2681 "-" "Go-http-client/1.1"
81.57.20.146 - - [05/Jul/2020:11:23:57 +0200] "GET /verification/subjects/d5219484-85ad-4418-a4ee-31ef8654c2a5/transcripts HTTP/1.1" 200 1095 "-" "Go-http-client/1.1"
81.57.20.146 - - [05/Jul/2020:11:23:57 +0200] "GET /studies/b4d47f5f-8cda-4df2-8245-4696c50a1dbb HTTP/1.1" 200 2288 "-" "Go-http-client/1.1"
81.57.20.146 - - [05/Jul/2020:11:23:57 +0200] "GET /verification/subjects/b4d47f5f-8cda-4df2-8245-4696c50a1dbb/transcripts HTTP/1.1" 200 1095 "-" "Go-http-client/1.1"
81.57.20.146 - - [05/Jul/2020:11:23:58 +0200] "GET /studies/1e103343-577a-4bb4-ad88-fe0f3691383b HTTP/1.1" 200 2167 "-" "Go-http-client/1.1"
81.57.20.146 - - [05/Jul/2020:11:23:58 +0200] "GET /verification/subjects/1e103343-577a-4bb4-ad88-fe0f3691383b/transcripts HTTP/1.1" 200 1172 "-" "Go-http-client/1.1"
81.57.20.146 - - [05/Jul/2020:11:23:58 +0200] "GET /studies/906ff625-f4a4-45fa-8fa8-b346dec29815 HTTP/1.1" 200 2653 "-" "Go-http-client/1.1"
81.57.20.146 - - [05/Jul/2020:11:23:58 +0200] "GET /verification/subjects/906ff625-f4a4-45fa-8fa8-b346dec29815/transcripts HTTP/1.1" 200 736 "-" "Go-http-client/1.1"
81.57.20.146 - - [05/Jul/2020:11:23:58 +0200] "GET /studies/0fd32948-4c01-4d91-ba0b-fea5582b3ec1 HTTP/1.1" 200 3345 "-" "Go-http-client/1.1"
81.57.20.146 - - [05/Jul/2020:11:23:58 +0200] "GET /verification/subjects/0fd32948-4c01-4d91-ba0b-fea5582b3ec1/transcripts HTTP/1.1" 200 740 "-" "Go-http-client/1.1"
81.57.20.146 - - [05/Jul/2020:11:23:58 +0200] "GET /studies/7e28bb86-1f7a-4918-a512-585b51d1a307 HTTP/1.1" 200 3570 "-" "Go-http-client/1.1"
81.57.20.146 - - [05/Jul/2020:11:23:58 +0200] "GET /verification/subjects/7e28bb86-1f7a-4918-a512-585b51d1a307/transcripts HTTP/1.1" 200 763 "-" "Go-http-client/1.1"
81.57.20.146 - - [05/Jul/2020:11:23:58 +0200] "GET /studies/7fcf60eb-ff83-4cfb-8034-4cd1ac3aa477 HTTP/1.1" 200 2879 "-" "Go-http-client/1.1"
81.57.20.146 - - [05/Jul/2020:11:23:58 +0200] "GET /verification/subjects/7fcf60eb-ff83-4cfb-8034-4cd1ac3aa477/transcripts HTTP/1.1" 200 1161 "-" "Go-http-client/1.1"
81.57.20.146 - - [05/Jul/2020:11:23:58 +0200] "GET /studies/8da960b5-e5bb-4f91-8455-ef3f46a5232e HTTP/1.1" 200 2556 "-" "Go-http-client/1.1"
81.57.20.146 - - [05/Jul/2020:11:23:58 +0200] "GET /verification/subjects/8da960b5-e5bb-4f91-8455-ef3f46a5232e/transcripts HTTP/1.1" 200 742 "-" "Go-http-client/1.1"
81.57.20.146 - - [05/Jul/2020:11:23:58 +0200] "GET /studies/4c36391b-cc2f-48f0-900a-6a473565c155 HTTP/1.1" 200 2706 "-" "Go-http-client/1.1"
81.57.20.146 - - [05/Jul/2020:11:23:58 +0200] "GET /verification/subjects/4c36391b-cc2f-48f0-900a-6a473565c155/transcripts HTTP/1.1" 200 646 "-" "Go-http-client/1.1"
81.57.20.146 - - [05/Jul/2020:11:23:58 +0200] "GET /studies/0e84b9f2-08ca-4632-9acf-e4f3db8974b8 HTTP/1.1" 200 3445 "-" "Go-http-client/1.1"
81.57.20.146 - - [05/Jul/2020:11:23:58 +0200] "GET /verification/subjects/0e84b9f2-08ca-4632-9acf-e4f3db8974b8/transcripts HTTP/1.1" 200 675 "-" "Go-http-client/1.1"
81.57.20.146 - - [05/Jul/2020:11:23:58 +0200] "GET /studies/0199ea5a-23d1-4269-b9b7-dadde46aad9a HTTP/1.1" 200 2842 "-" "Go-http-client/1.1"
81.57.20.146 - - [05/Jul/2020:11:23:58 +0200] "GET /verification/subjects/0199ea5a-23d1-4269-b9b7-dadde46aad9a/transcripts HTTP/1.1" 200 585 "-" "Go-http-client/1.1"
81.57.20.146 - - [05/Jul/2020:11:23:59 +0200] "GET /studies/ed10c132-e849-42bf-aec4-b786a76fb378 HTTP/1.1" 200 3414 "-" "Go-http-client/1.1"
81.57.20.146 - - [05/Jul/2020:11:23:59 +0200] "GET /verification/subjects/ed10c132-e849-42bf-aec4-b786a76fb378/transcripts HTTP/1.1" 200 750 "-" "Go-http-client/1.1"
81.57.20.146 - - [05/Jul/2020:11:23:59 +0200] "GET /studies/fbabc1b3-4c5f-4042-975d-8bb6a80cddc7 HTTP/1.1" 200 3094 "-" "Go-http-client/1.1"
81.57.20.146 - - [05/Jul/2020:11:23:59 +0200] "GET /verification/subjects/fbabc1b3-4c5f-4042-975d-8bb6a80cddc7/transcripts HTTP/1.1" 200 731 "-" "Go-http-client/1.1"
81.57.20.146 - - [05/Jul/2020:11:23:59 +0200] "GET /studies/e79bf7fe-7dcd-43b3-ae35-07123928c572 HTTP/1.1" 200 2778 "-" "Go-http-client/1.1"
81.57.20.146 - - [05/Jul/2020:11:23:59 +0200] "GET /verification/subjects/e79bf7fe-7dcd-43b3-ae35-07123928c572/transcripts HTTP/1.1" 200 731 "-" "Go-http-client/1.1"
81.57.20.146 - - [05/Jul/2020:11:23:59 +0200] "GET /studies/068b4b8c-a89a-4ed3-982f-5f3738f96069 HTTP/1.1" 200 3379 "-" "Go-http-client/1.1"
81.57.20.146 - - [05/Jul/2020:11:23:59 +0200] "GET /verification/subjects/068b4b8c-a89a-4ed3-982f-5f3738f96069/transcripts HTTP/1.1" 200 1074 "-" "Go-http-client/1.1"
81.57.20.146 - - [05/Jul/2020:11:23:59 +0200] "GET /studies/b58e9b60-3ed7-40ab-a0b8-1b9174109dbe HTTP/1.1" 200 2750 "-" "Go-http-client/1.1"
81.57.20.146 - - [05/Jul/2020:11:23:59 +0200] "GET /verification/subjects/b58e9b60-3ed7-40ab-a0b8-1b9174109dbe/transcripts HTTP/1.1" 200 712 "-" "Go-http-client/1.1"
81.57.20.146 - - [05/Jul/2020:11:23:59 +0200] "GET /studies/6b463af0-b0fa-4a20-a71a-57ca330bde08 HTTP/1.1" 200 3853 "-" "Go-http-client/1.1"
81.57.20.146 - - [05/Jul/2020:11:23:59 +0200] "GET /verification/subjects/6b463af0-b0fa-4a20-a71a-57ca330bde08/transcripts HTTP/1.1" 200 1231 "-" "Go-http-client/1.1"
81.57.20.146 - - [05/Jul/2020:11:23:59 +0200] "GET /studies/ad435e3b-8301-45af-81c1-cb1c1d144659 HTTP/1.1" 200 2188 "-" "Go-http-client/1.1"
81.57.20.146 - - [05/Jul/2020:11:23:59 +0200] "GET /verification/subjects/ad435e3b-8301-45af-81c1-cb1c1d144659/transcripts HTTP/1.1" 200 735 "-" "Go-http-client/1.1"
81.57.20.146 - - [05/Jul/2020:11:23:59 +0200] "GET /studies/2fb5efc8-1de3-4471-b1c7-91854019280b HTTP/1.1" 200 3185 "-" "Go-http-client/1.1"
81.57.20.146 - - [05/Jul/2020:11:23:59 +0200] "GET /verification/subjects/2fb5efc8-1de3-4471-b1c7-91854019280b/transcripts HTTP/1.1" 200 772 "-" "Go-http-client/1.1"
81.57.20.146 - - [05/Jul/2020:11:23:59 +0200] "GET /studies/8aa641e9-0cf4-4816-921a-cfe78780073c HTTP/1.1" 200 5187 "-" "Go-http-client/1.1"
81.57.20.146 - - [05/Jul/2020:11:23:59 +0200] "GET /verification/subjects/8aa641e9-0cf4-4816-921a-cfe78780073c/transcripts HTTP/1.1" 200 714 "-" "Go-http-client/1.1"
81.57.20.146 - - [05/Jul/2020:11:23:59 +0200] "GET /studies/f8fb5d4b-acca-4cfd-b132-cc8e82bd7ba6 HTTP/1.1" 200 3712 "-" "Go-http-client/1.1"
81.57.20.146 - - [05/Jul/2020:11:24:00 +0200] "GET /verification/subjects/f8fb5d4b-acca-4cfd-b132-cc8e82bd7ba6/transcripts HTTP/1.1" 200 700 "-" "Go-http-client/1.1"
81.57.20.146 - - [05/Jul/2020:11:24:00 +0200] "GET /studies/cb322c95-cb80-424a-9f96-1227d0e66112 HTTP/1.1" 200 5707 "-" "Go-http-client/1.1"
81.57.20.146 - - [05/Jul/2020:11:24:00 +0200] "GET /verification/subjects/cb322c95-cb80-424a-9f96-1227d0e66112/transcripts HTTP/1.1" 200 2858 "-" "Go-http-client/1.1"
81.57.20.146 - - [05/Jul/2020:11:24:00 +0200] "GET /studies/6a8cde8f-90b4-4317-b9c4-2584c9cf40c8 HTTP/1.1" 200 2483 "-" "Go-http-client/1.1"
81.57.20.146 - - [05/Jul/2020:11:24:00 +0200] "GET /verification/subjects/6a8cde8f-90b4-4317-b9c4-2584c9cf40c8/transcripts HTTP/1.1" 200 642 "-" "Go-http-client/1.1"
81.57.20.146 - - [05/Jul/2020:11:24:00 +0200] "GET /studies/ab243347-1393-4ccd-a82c-1e835c275ca0 HTTP/1.1" 200 5122 "-" "Go-http-client/1.1"
81.57.20.146 - - [05/Jul/2020:11:24:00 +0200] "GET /verification/subjects/ab243347-1393-4ccd-a82c-1e835c275ca0/transcripts HTTP/1.1" 200 561 "-" "Go-http-client/1.1"
81.57.20.146 - - [05/Jul/2020:11:24:00 +0200] "GET /studies/de9d90e4-f290-4713-ba3e-132bfd60cc6b HTTP/1.1" 200 2441 "-" "Go-http-client/1.1"
81.57.20.146 - - [05/Jul/2020:11:24:00 +0200] "GET /verification/subjects/de9d90e4-f290-4713-ba3e-132bfd60cc6b/transcripts HTTP/1.1" 200 1282 "-" "Go-http-client/1.1"
81.57.20.146 - - [05/Jul/2020:11:24:00 +0200] "GET /studies/f5d066c5-7115-417a-b546-8bfb7b38512a HTTP/1.1" 200 2941 "-" "Go-http-client/1.1"
81.57.20.146 - - [05/Jul/2020:11:24:00 +0200] "GET /verification/subjects/f5d066c5-7115-417a-b546-8bfb7b38512a/transcripts HTTP/1.1" 200 755 "-" "Go-http-client/1.1"
81.57.20.146 - - [05/Jul/2020:11:24:00 +0200] "GET /studies/fd586103-e657-433c-82f1-b31a815aa54d HTTP/1.1" 200 2963 "-" "Go-http-client/1.1"
51.210.12.113 - - [05/Jul/2020:11:24:00 +0200] "GET /studies?limit=100&offset=0&filter[cfKind]=agreement&filter[gt_caDate]=2020-07-05%2006%3A24%3A00 HTTP/1.1" 200 3330 "-" "Go-http-client/1.1"
81.57.20.146 - - [05/Jul/2020:11:24:00 +0200] "GET /verification/subjects/fd586103-e657-433c-82f1-b31a815aa54d/transcripts HTTP/1.1" 200 730 "-" "Go-http-client/1.1"
81.57.20.146 - - [05/Jul/2020:11:24:00 +0200] "GET /studies/4c474f57-6171-4799-a95b-12aa8f9d65e0 HTTP/1.1" 200 2623 "-" "Go-http-client/1.1"
81.57.20.146 - - [05/Jul/2020:11:24:00 +0200] "GET /verification/subjects/4c474f57-6171-4799-a95b-12aa8f9d65e0/transcripts HTTP/1.1" 200 204 "-" "Go-http-client/1.1"
81.57.20.146 - - [05/Jul/2020:11:24:00 +0200] "GET /studies/dadd6ab3-a192-424e-aaa8-0e97e98cb752 HTTP/1.1" 200 2494 "-" "Go-http-client/1.1"
81.57.20.146 - - [05/Jul/2020:11:24:00 +0200] "GET /verification/subjects/dadd6ab3-a192-424e-aaa8-0e97e98cb752/transcripts HTTP/1.1" 200 2112 "-" "Go-http-client/1.1"
81.57.20.146 - - [05/Jul/2020:11:24:01 +0200] "GET /studies/6555285e-fedf-4686-9fe6-e167c0256e95 HTTP/1.1" 200 4600 "-" "Go-http-client/1.1"
81.57.20.146 - - [05/Jul/2020:11:24:01 +0200] "GET /verification/subjects/6555285e-fedf-4686-9fe6-e167c0256e95/transcripts HTTP/1.1" 200 763 "-" "Go-http-client/1.1"
81.57.20.146 - - [05/Jul/2020:11:24:01 +0200] "GET /studies/6a93e0d2-7ee5-47b4-ad8e-cbc591d7e747 HTTP/1.1" 200 2619 "-" "Go-http-client/1.1"
81.57.20.146 - - [05/Jul/2020:11:24:01 +0200] "GET /verification/subjects/6a93e0d2-7ee5-47b4-ad8e-cbc591d7e747/transcripts HTTP/1.1" 200 1174 "-" "Go-http-client/1.1"
81.57.20.146 - - [05/Jul/2020:11:24:01 +0200] "GET /studies/cea600dc-3079-4665-a5f6-c59308c96413 HTTP/1.1" 200 5004 "-" "Go-http-client/1.1"
81.57.20.146 - - [05/Jul/2020:11:24:01 +0200] "GET /verification/subjects/cea600dc-3079-4665-a5f6-c59308c96413/transcripts HTTP/1.1" 200 673 "-" "Go-http-client/1.1"
81.57.20.146 - - [05/Jul/2020:11:24:01 +0200] "GET /studies/f773dcb5-de28-4237-a940-8dfd9f7b3259 HTTP/1.1" 200 3250 "-" "Go-http-client/1.1"
81.57.20.146 - - [05/Jul/2020:11:24:01 +0200] "GET /verification/subjects/f773dcb5-de28-4237-a940-8dfd9f7b3259/transcripts HTTP/1.1" 200 741 "-" "Go-http-client/1.1"
51.255.43.108 - - [05/Jul/2020:11:24:00 +0200] "POST /tokens/jwt HTTP/1.1" 201 3472 "-" "GuzzleHttp/6.5.1 curl/7.52.1 PHP/7.1.33-8+0~20200202.31+debian9~1.gbp266c28"
81.57.20.146 - - [05/Jul/2020:11:24:01 +0200] "GET /studies/6ab48a7e-63de-461d-9987-c7663e95de2e HTTP/1.1" 200 2603 "-" "Go-http-client/1.1"
81.57.20.146 - - [05/Jul/2020:11:24:01 +0200] "GET /verification/subjects/6ab48a7e-63de-461d-9987-c7663e95de2e/transcripts HTTP/1.1" 200 1549 "-" "Go-http-client/1.1"
81.57.20.146 - - [05/Jul/2020:11:24:01 +0200] "GET /studies/2920308a-c6ec-4c53-931c-3f46b06441fc HTTP/1.1" 200 3702 "-" "Go-http-client/1.1"
81.57.20.146 - - [05/Jul/2020:11:24:01 +0200] "GET /verification/subjects/2920308a-c6ec-4c53-931c-3f46b06441fc/transcripts HTTP/1.1" 200 774 "-" "Go-http-client/1.1"
81.57.20.146 - - [05/Jul/2020:11:24:01 +0200] "GET /studies/aec09a11-3e40-4022-937f-d61d3ccccde3 HTTP/1.1" 200 2530 "-" "Go-http-client/1.1"
81.57.20.146 - - [05/Jul/2020:11:24:01 +0200] "GET /verification/subjects/aec09a11-3e40-4022-937f-d61d3ccccde3/transcripts HTTP/1.1" 200 742 "-" "Go-http-client/1.1"
81.57.20.146 - - [05/Jul/2020:11:24:01 +0200] "GET /studies/8905cb27-072b-4aad-afea-75d56df690fc HTTP/1.1" 200 3029 "-" "Go-http-client/1.1"
81.57.20.146 - - [05/Jul/2020:11:24:01 +0200] "GET /verification/subjects/8905cb27-072b-4aad-afea-75d56df690fc/transcripts HTTP/1.1" 200 1461 "-" "Go-http-client/1.1"
51.255.43.108 - - [05/Jul/2020:11:24:01 +0200] "POST /tokens/jwt HTTP/1.1" 201 3472 "-" "GuzzleHttp/6.5.1 curl/7.52.1 PHP/7.1.33-8+0~20200202.31+debian9~1.gbp266c28"
81.57.20.146 - - [05/Jul/2020:11:24:01 +0200] "GET /studies/e8fb0a94-553c-4803-831b-05bcf6fc1194 HTTP/1.1" 200 2631 "-" "Go-http-client/1.1"
51.255.43.108 - - [05/Jul/2020:11:24:02 +0200] "POST /emails/process/take HTTP/1.1" 404 240 "-" "GuzzleHttp/6.5.1 curl/7.52.1 PHP/7.1.33-8+0~20200202.31+debian9~1.gbp266c28"
81.57.20.146 - - [05/Jul/2020:11:24:02 +0200] "GET /verification/subjects/e8fb0a94-553c-4803-831b-05bcf6fc1194/transcripts HTTP/1.1" 200 675 "-" "Go-http-client/1.1"
81.57.20.146 - - [05/Jul/2020:11:24:02 +0200] "GET /studies/c8b7cd4f-815b-411b-9ae4-8a7853e0e80e HTTP/1.1" 200 2779 "-" "Go-http-client/1.1"
81.57.20.146 - - [05/Jul/2020:11:24:02 +0200] "GET /verification/subjects/c8b7cd4f-815b-411b-9ae4-8a7853e0e80e/transcripts HTTP/1.1" 200 738 "-" "Go-http-client/1.1"
81.57.20.146 - - [05/Jul/2020:11:24:02 +0200] "GET /studies/3534f267-90dc-4b0f-94e3-a75d9c176ad9 HTTP/1.1" 200 2464 "-" "Go-http-client/1.1"
81.57.20.146 - - [05/Jul/2020:11:24:02 +0200] "GET /verification/subjects/3534f267-90dc-4b0f-94e3-a75d9c176ad9/transcripts HTTP/1.1" 200 731 "-" "Go-http-client/1.1"
81.57.20.146 - - [05/Jul/2020:11:24:02 +0200] "GET /studies/98a9af2e-c870-4974-a3a1-6a78f24a6998 HTTP/1.1" 200 3958 "-" "Go-http-client/1.1"
81.57.20.146 - - [05/Jul/2020:11:24:02 +0200] "GET /verification/subjects/98a9af2e-c870-4974-a3a1-6a78f24a6998/transcripts HTTP/1.1" 200 1370 "-" "Go-http-client/1.1"
81.57.20.146 - - [05/Jul/2020:11:24:02 +0200] "GET /studies/c4011c51-a654-41e2-add7-70bc26b28d3e HTTP/1.1" 200 2608 "-" "Go-http-client/1.1"
81.57.20.146 - - [05/Jul/2020:11:24:02 +0200] "GET /verification/subjects/c4011c51-a654-41e2-add7-70bc26b28d3e/transcripts HTTP/1.1" 200 729 "-" "Go-http-client/1.1"
81.57.20.146 - - [05/Jul/2020:11:24:02 +0200] "GET /studies/2002b956-8235-457e-acdc-8aac072fbd74 HTTP/1.1" 200 2146 "-" "Go-http-client/1.1"
81.57.20.146 - - [05/Jul/2020:11:24:02 +0200] "GET /verification/subjects/2002b956-8235-457e-acdc-8aac072fbd74/transcripts HTTP/1.1" 200 1208 "-" "Go-http-client/1.1"
81.57.20.146 - - [05/Jul/2020:11:24:02 +0200] "GET /studies/82d5a633-b4ad-4037-a8e4-17c0746e2a90 HTTP/1.1" 200 3105 "-" "Go-http-client/1.1"
81.57.20.146 - - [05/Jul/2020:11:24:02 +0200] "GET /verification/subjects/82d5a633-b4ad-4037-a8e4-17c0746e2a90/transcripts HTTP/1.1" 200 750 "-" "Go-http-client/1.1"
81.57.20.146 - - [05/Jul/2020:11:24:02 +0200] "GET /studies/57e64bd3-3a69-4fa6-a390-70d998adce84 HTTP/1.1" 200 2847 "-" "Go-http-client/1.1"
81.57.20.146 - - [05/Jul/2020:11:24:02 +0200] "GET /verification/subjects/57e64bd3-3a69-4fa6-a390-70d998adce84/transcripts HTTP/1.1" 200 1942 "-" "Go-http-client/1.1"
81.57.20.146 - - [05/Jul/2020:11:24:02 +0200] "GET /studies/a8fd94d0-f057-4160-bf3c-e11d8fcdcfad HTTP/1.1" 200 2445 "-" "Go-http-client/1.1"
81.57.20.146 - - [05/Jul/2020:11:24:02 +0200] "GET /verification/subjects/a8fd94d0-f057-4160-bf3c-e11d8fcdcfad/transcripts HTTP/1.1" 200 642 "-" "Go-http-client/1.1"
81.57.20.146 - - [05/Jul/2020:11:24:02 +0200] "GET /studies/3d950d41-ca15-4f3c-8833-abf5cc4e28de HTTP/1.1" 200 2868 "-" "Go-http-client/1.1"
81.57.20.146 - - [05/Jul/2020:11:24:02 +0200] "GET /verification/subjects/3d950d41-ca15-4f3c-8833-abf5cc4e28de/transcripts HTTP/1.1" 200 1359 "-" "Go-http-client/1.1"
81.57.20.146 - - [05/Jul/2020:11:24:03 +0200] "GET /studies/38009596-29cc-4972-80f9-65811292c65b HTTP/1.1" 200 3472 "-" "Go-http-client/1.1"
81.57.20.146 - - [05/Jul/2020:11:24:03 +0200] "GET /verification/subjects/38009596-29cc-4972-80f9-65811292c65b/transcripts HTTP/1.1" 200 1401 "-" "Go-http-client/1.1"
81.57.20.146 - - [05/Jul/2020:11:24:03 +0200] "GET /studies/8ba93e04-9cc3-4746-9df2-3a8e6418cb7b HTTP/1.1" 200 2703 "-" "Go-http-client/1.1"
81.57.20.146 - - [05/Jul/2020:11:24:03 +0200] "GET /verification/subjects/8ba93e04-9cc3-4746-9df2-3a8e6418cb7b/transcripts HTTP/1.1" 200 1330 "-" "Go-http-client/1.1"
81.57.20.146 - - [05/Jul/2020:11:24:03 +0200] "GET /studies/44e56b28-a058-48be-bb55-806627253511 HTTP/1.1" 200 2220 "-" "Go-http-client/1.1"
81.57.20.146 - - [05/Jul/2020:11:24:03 +0200] "GET /verification/subjects/44e56b28-a058-48be-bb55-806627253511/transcripts HTTP/1.1" 200 885 "-" "Go-http-client/1.1"
81.57.20.146 - - [05/Jul/2020:11:24:03 +0200] "GET /studies/70e977f5-8b6d-4bb8-bfa1-26e874f423db HTTP/1.1" 200 2511 "-" "Go-http-client/1.1"
81.57.20.146 - - [05/Jul/2020:11:24:03 +0200] "GET /verification/subjects/70e977f5-8b6d-4bb8-bfa1-26e874f423db/transcripts HTTP/1.1" 200 596 "-" "Go-http-client/1.1"
81.57.20.146 - - [05/Jul/2020:11:24:03 +0200] "GET /studies/6a901da0-1f8b-4d76-88bb-9ea7700591aa HTTP/1.1" 200 2074 "-" "Go-http-client/1.1"
81.57.20.146 - - [05/Jul/2020:11:24:03 +0200] "GET /verification/subjects/6a901da0-1f8b-4d76-88bb-9ea7700591aa/transcripts HTTP/1.1" 200 740 "-" "Go-http-client/1.1"
81.57.20.146 - - [05/Jul/2020:11:24:03 +0200] "GET /studies/23860604-5dfc-4290-abaa-47f2bc73cb19 HTTP/1.1" 200 2463 "-" "Go-http-client/1.1"
81.57.20.146 - - [05/Jul/2020:11:24:03 +0200] "GET /verification/subjects/23860604-5dfc-4290-abaa-47f2bc73cb19/transcripts HTTP/1.1" 200 721 "-" "Go-http-client/1.1"
81.57.20.146 - - [05/Jul/2020:11:24:03 +0200] "GET /studies/a77e6a0c-bd8a-4961-8dfb-08df024d833a HTTP/1.1" 200 2597 "-" "Go-http-client/1.1"
81.57.20.146 - - [05/Jul/2020:11:24:03 +0200] "GET /verification/subjects/a77e6a0c-bd8a-4961-8dfb-08df024d833a/transcripts HTTP/1.1" 200 569 "-" "Go-http-client/1.1"
81.57.20.146 - - [05/Jul/2020:11:24:03 +0200] "GET /studies/fd7598d0-447e-4cf2-a498-40a51b093ebc HTTP/1.1" 200 1889 "-" "Go-http-client/1.1"
81.57.20.146 - - [05/Jul/2020:11:24:03 +0200] "GET /verification/subjects/fd7598d0-447e-4cf2-a498-40a51b093ebc/transcripts HTTP/1.1" 200 542 "-" "Go-http-client/1.1"
81.57.20.146 - - [05/Jul/2020:11:24:03 +0200] "GET /studies/d2719415-6927-4058-90b1-31d88773ffff HTTP/1.1" 200 2260 "-" "Go-http-client/1.1"
81.57.20.146 - - [05/Jul/2020:11:24:03 +0200] "GET /verification/subjects/d2719415-6927-4058-90b1-31d88773ffff/transcripts HTTP/1.1" 200 204 "-" "Go-http-client/1.1"
81.57.20.146 - - [05/Jul/2020:11:24:03 +0200] "GET /studies/d0d0025b-3b57-4d7c-bb0a-7760f0444906 HTTP/1.1" 200 2612 "-" "Go-http-client/1.1"
81.57.20.146 - - [05/Jul/2020:11:24:03 +0200] "GET /verification/subjects/d0d0025b-3b57-4d7c-bb0a-7760f0444906/transcripts HTTP/1.1" 200 731 "-" "Go-http-client/1.1"
81.57.20.146 - - [05/Jul/2020:11:24:04 +0200] "GET /studies/3592f8b6-36a4-405d-9e9b-7512019b2bf2 HTTP/1.1" 200 2393 "-" "Go-http-client/1.1"
81.57.20.146 - - [05/Jul/2020:11:24:04 +0200] "GET /verification/subjects/3592f8b6-36a4-405d-9e9b-7512019b2bf2/transcripts HTTP/1.1" 200 728 "-" "Go-http-client/1.1"
81.57.20.146 - - [05/Jul/2020:11:24:04 +0200] "GET /studies/30ccb8d8-d968-4861-844b-c89fc3328292 HTTP/1.1" 200 2821 "-" "Go-http-client/1.1"
81.57.20.146 - - [05/Jul/2020:11:24:04 +0200] "GET /verification/subjects/30ccb8d8-d968-4861-844b-c89fc3328292/transcripts HTTP/1.1" 200 762 "-" "Go-http-client/1.1"
81.57.20.146 - - [05/Jul/2020:11:24:04 +0200] "GET /studies/e6002178-6518-43a3-97d4-2fa5961be389 HTTP/1.1" 200 2681 "-" "Go-http-client/1.1"
81.57.20.146 - - [05/Jul/2020:11:24:04 +0200] "GET /verification/subjects/e6002178-6518-43a3-97d4-2fa5961be389/transcripts HTTP/1.1" 200 740 "-" "Go-http-client/1.1"
81.57.20.146 - - [05/Jul/2020:11:24:04 +0200] "GET /studies/a62ec4c5-0218-467d-94be-1f9b44d5ca45 HTTP/1.1" 200 1710 "-" "Go-http-client/1.1"
81.57.20.146 - - [05/Jul/2020:11:24:04 +0200] "GET /verification/subjects/a62ec4c5-0218-467d-94be-1f9b44d5ca45/transcripts HTTP/1.1" 200 693 "-" "Go-http-client/1.1"
81.57.20.146 - - [05/Jul/2020:11:24:04 +0200] "GET /studies/20e25517-74d8-47c2-8a9a-ec87c2dea228 HTTP/1.1" 200 3223 "-" "Go-http-client/1.1"
81.57.20.146 - - [05/Jul/2020:11:24:04 +0200] "GET /verification/subjects/20e25517-74d8-47c2-8a9a-ec87c2dea228/transcripts HTTP/1.1" 200 1017 "-" "Go-http-client/1.1"
81.57.20.146 - - [05/Jul/2020:11:24:04 +0200] "GET /studies/482c75a5-e181-44d6-81dc-8636293c667a HTTP/1.1" 200 5549 "-" "Go-http-client/1.1"
81.57.20.146 - - [05/Jul/2020:11:24:04 +0200] "GET /verification/subjects/482c75a5-e181-44d6-81dc-8636293c667a/transcripts HTTP/1.1" 200 580 "-" "Go-http-client/1.1"
81.57.20.146 - - [05/Jul/2020:11:24:04 +0200] "GET /studies/6ea6df84-bfec-44b0-a3b8-fd611db9f173 HTTP/1.1" 200 2792 "-" "Go-http-client/1.1"
81.57.20.146 - - [05/Jul/2020:11:24:04 +0200] "GET /verification/subjects/6ea6df84-bfec-44b0-a3b8-fd611db9f173/transcripts HTTP/1.1" 200 938 "-" "Go-http-client/1.1"
81.57.20.146 - - [05/Jul/2020:11:24:04 +0200] "GET /studies/bf811c03-aab0-4059-8a0c-7a09d2166db3 HTTP/1.1" 200 2786 "-" "Go-http-client/1.1"
81.57.20.146 - - [05/Jul/2020:11:24:04 +0200] "GET /verification/subjects/bf811c03-aab0-4059-8a0c-7a09d2166db3/transcripts HTTP/1.1" 200 593 "-" "Go-http-client/1.1"
81.57.20.146 - - [05/Jul/2020:11:24:04 +0200] "GET /studies/4de95cce-80e6-4674-a8d0-32333d9603e8 HTTP/1.1" 200 3626 "-" "Go-http-client/1.1"
81.57.20.146 - - [05/Jul/2020:11:24:04 +0200] "GET /verification/subjects/4de95cce-80e6-4674-a8d0-32333d9603e8/transcripts HTTP/1.1" 200 757 "-" "Go-http-client/1.1"
81.57.20.146 - - [05/Jul/2020:11:24:05 +0200] "GET /studies/4f6c5354-1f40-4a13-9317-826eee540aac HTTP/1.1" 200 2699 "-" "Go-http-client/1.1"
81.57.20.146 - - [05/Jul/2020:11:24:05 +0200] "GET /verification/subjects/4f6c5354-1f40-4a13-9317-826eee540aac/transcripts HTTP/1.1" 200 755 "-" "Go-http-client/1.1"
81.57.20.146 - - [05/Jul/2020:11:24:05 +0200] "GET /studies/dee86145-c84b-43f8-838a-730a59946d5d HTTP/1.1" 200 3401 "-" "Go-http-client/1.1"
81.57.20.146 - - [05/Jul/2020:11:24:05 +0200] "GET /verification/subjects/dee86145-c84b-43f8-838a-730a59946d5d/transcripts HTTP/1.1" 200 772 "-" "Go-http-client/1.1"
81.57.20.146 - - [05/Jul/2020:11:24:05 +0200] "GET /studies/f558e9de-9fc5-40cd-a4e3-091da75ee98e HTTP/1.1" 200 3155 "-" "Go-http-client/1.1"
81.57.20.146 - - [05/Jul/2020:11:24:05 +0200] "GET /verification/subjects/f558e9de-9fc5-40cd-a4e3-091da75ee98e/transcripts HTTP/1.1" 200 769 "-" "Go-http-client/1.1"
81.57.20.146 - - [05/Jul/2020:11:24:05 +0200] "GET /studies/8b19abe2-c7d0-4e84-bc6a-a2c2241ddcfb HTTP/1.1" 200 3910 "-" "Go-http-client/1.1"
81.57.20.146 - - [05/Jul/2020:11:24:05 +0200] "GET /verification/subjects/8b19abe2-c7d0-4e84-bc6a-a2c2241ddcfb/transcripts HTTP/1.1" 200 4997 "-" "Go-http-client/1.1"
81.57.20.146 - - [05/Jul/2020:11:24:05 +0200] "GET /studies/b57095ab-277d-4154-8b32-c71216c7f33c HTTP/1.1" 200 2885 "-" "Go-http-client/1.1"
81.57.20.146 - - [05/Jul/2020:11:24:05 +0200] "GET /verification/subjects/b57095ab-277d-4154-8b32-c71216c7f33c/transcripts HTTP/1.1" 200 1183 "-" "Go-http-client/1.1"
81.57.20.146 - - [05/Jul/2020:11:24:05 +0200] "GET /studies/63974d08-785b-49fb-9e38-afa4db55ad59 HTTP/1.1" 200 1405 "-" "Go-http-client/1.1"
81.57.20.146 - - [05/Jul/2020:11:24:05 +0200] "GET /verification/subjects/63974d08-785b-49fb-9e38-afa4db55ad59/transcripts HTTP/1.1" 200 1409 "-" "Go-http-client/1.1"
81.57.20.146 - - [05/Jul/2020:11:24:05 +0200] "GET /studies/04fbd702-973c-49ca-9eb8-af4e25351f4f HTTP/1.1" 200 1970 "-" "Go-http-client/1.1"
81.57.20.146 - - [05/Jul/2020:11:24:05 +0200] "GET /verification/subjects/04fbd702-973c-49ca-9eb8-af4e25351f4f/transcripts HTTP/1.1" 200 582 "-" "Go-http-client/1.1"
81.57.20.146 - - [05/Jul/2020:11:24:05 +0200] "GET /studies/cb4892b5-22e3-4ca0-936b-da010b3ddbdb HTTP/1.1" 200 3263 "-" "Go-http-client/1.1"
81.57.20.146 - - [05/Jul/2020:11:24:05 +0200] "GET /verification/subjects/cb4892b5-22e3-4ca0-936b-da010b3ddbdb/transcripts HTTP/1.1" 200 2071 "-" "Go-http-client/1.1"
81.57.20.146 - - [05/Jul/2020:11:24:05 +0200] "GET /studies/eedc76c9-8bd2-46cb-b0ce-510a25b7deba HTTP/1.1" 200 3607 "-" "Go-http-client/1.1"
81.57.20.146 - - [05/Jul/2020:11:24:05 +0200] "GET /verification/subjects/eedc76c9-8bd2-46cb-b0ce-510a25b7deba/transcripts HTTP/1.1" 200 777 "-" "Go-http-client/1.1"
81.57.20.146 - - [05/Jul/2020:11:24:06 +0200] "GET /studies/3eae5666-1163-43d6-9987-80571562af1d HTTP/1.1" 200 2330 "-" "Go-http-client/1.1"
81.57.20.146 - - [05/Jul/2020:11:24:06 +0200] "GET /verification/subjects/3eae5666-1163-43d6-9987-80571562af1d/transcripts HTTP/1.1" 200 729 "-" "Go-http-client/1.1"
81.57.20.146 - - [05/Jul/2020:11:24:06 +0200] "GET /studies/1d2a1db5-1314-427a-980c-2e4c7a29822f HTTP/1.1" 200 3797 "-" "Go-http-client/1.1"
81.57.20.146 - - [05/Jul/2020:11:24:06 +0200] "GET /verification/subjects/1d2a1db5-1314-427a-980c-2e4c7a29822f/transcripts HTTP/1.1" 200 729 "-" "Go-http-client/1.1"
81.57.20.146 - - [05/Jul/2020:11:24:06 +0200] "GET /studies/1659867e-d31e-468a-b7ca-2085c266df86 HTTP/1.1" 200 1953 "-" "Go-http-client/1.1"
81.57.20.146 - - [05/Jul/2020:11:24:06 +0200] "GET /verification/subjects/1659867e-d31e-468a-b7ca-2085c266df86/transcripts HTTP/1.1" 200 751 "-" "Go-http-client/1.1"
81.57.20.146 - - [05/Jul/2020:11:24:06 +0200] "GET /studies/29653423-faf7-4236-9302-27400b41b1d5 HTTP/1.1" 200 4253 "-" "Go-http-client/1.1"
81.57.20.146 - - [05/Jul/2020:11:24:06 +0200] "GET /verification/subjects/29653423-faf7-4236-9302-27400b41b1d5/transcripts HTTP/1.1" 200 204 "-" "Go-http-client/1.1"
81.57.20.146 - - [05/Jul/2020:11:24:06 +0200] "GET /studies/4e1041d7-52a6-47e1-a985-d26f3af80f78 HTTP/1.1" 200 2605 "-" "Go-http-client/1.1"
81.57.20.146 - - [05/Jul/2020:11:24:06 +0200] "GET /verification/subjects/4e1041d7-52a6-47e1-a985-d26f3af80f78/transcripts HTTP/1.1" 200 793 "-" "Go-http-client/1.1"
81.57.20.146 - - [05/Jul/2020:11:24:06 +0200] "GET /studies/8238b341-5c5d-4d4e-bc15-96f87dbb46a8 HTTP/1.1" 200 2576 "-" "Go-http-client/1.1"
81.57.20.146 - - [05/Jul/2020:11:24:06 +0200] "GET /verification/subjects/8238b341-5c5d-4d4e-bc15-96f87dbb46a8/transcripts HTTP/1.1" 200 679 "-" "Go-http-client/1.1"
81.57.20.146 - - [05/Jul/2020:11:24:06 +0200] "GET /studies/1d2ef52c-cf0f-4d90-8b3a-aae83f6f164a HTTP/1.1" 200 2611 "-" "Go-http-client/1.1"
81.57.20.146 - - [05/Jul/2020:11:24:06 +0200] "GET /verification/subjects/1d2ef52c-cf0f-4d90-8b3a-aae83f6f164a/transcripts HTTP/1.1" 200 741 "-" "Go-http-client/1.1"
81.57.20.146 - - [05/Jul/2020:11:24:06 +0200] "GET /studies/ae9740c0-52f0-44a1-81d3-b8453e521a33 HTTP/1.1" 200 3453 "-" "Go-http-client/1.1"
81.57.20.146 - - [05/Jul/2020:11:24:06 +0200] "GET /verification/subjects/ae9740c0-52f0-44a1-81d3-b8453e521a33/transcripts HTTP/1.1" 200 776 "-" "Go-http-client/1.1"
81.57.20.146 - - [05/Jul/2020:11:24:06 +0200] "GET /studies/bdba1f2c-cee3-4925-a58f-19949aa60082 HTTP/1.1" 200 3486 "-" "Go-http-client/1.1"
81.57.20.146 - - [05/Jul/2020:11:24:06 +0200] "GET /verification/subjects/bdba1f2c-cee3-4925-a58f-19949aa60082/transcripts HTTP/1.1" 200 1136 "-" "Go-http-client/1.1"
81.57.20.146 - - [05/Jul/2020:11:24:06 +0200] "GET /studies/ba84215e-aa15-4848-89cb-358583caacd7 HTTP/1.1" 200 4437 "-" "Go-http-client/1.1"
81.57.20.146 - - [05/Jul/2020:11:24:06 +0200] "GET /verification/subjects/ba84215e-aa15-4848-89cb-358583caacd7/transcripts HTTP/1.1" 200 636 "-" "Go-http-client/1.1"
81.57.20.146 - - [05/Jul/2020:11:24:07 +0200] "GET /studies/60decda2-11ca-4659-bfb5-05da3ae078f1 HTTP/1.1" 200 2951 "-" "Go-http-client/1.1"
81.57.20.146 - - [05/Jul/2020:11:24:07 +0200] "GET /verification/subjects/60decda2-11ca-4659-bfb5-05da3ae078f1/transcripts HTTP/1.1" 200 204 "-" "Go-http-client/1.1"
81.57.20.146 - - [05/Jul/2020:11:24:07 +0200] "GET /studies/003bcff3-7838-4aa6-8c0a-c28f59c7f2ab HTTP/1.1" 200 2038 "-" "Go-http-client/1.1"
81.57.20.146 - - [05/Jul/2020:11:24:07 +0200] "GET /verification/subjects/003bcff3-7838-4aa6-8c0a-c28f59c7f2ab/transcripts HTTP/1.1" 200 1005 "-" "Go-http-client/1.1"
81.57.20.146 - - [05/Jul/2020:11:24:07 +0200] "GET /studies/1cefa5a1-2c5e-4e4c-9b47-e6b95d5bb088 HTTP/1.1" 200 2403 "-" "Go-http-client/1.1"
81.57.20.146 - - [05/Jul/2020:11:24:07 +0200] "GET /verification/subjects/1cefa5a1-2c5e-4e4c-9b47-e6b95d5bb088/transcripts HTTP/1.1" 200 787 "-" "Go-http-client/1.1"
81.57.20.146 - - [05/Jul/2020:11:24:07 +0200] "GET /studies/c4519fce-8683-4464-8fa6-767a26df5137 HTTP/1.1" 200 2353 "-" "Go-http-client/1.1"
81.57.20.146 - - [05/Jul/2020:11:24:07 +0200] "GET /verification/subjects/c4519fce-8683-4464-8fa6-767a26df5137/transcripts HTTP/1.1" 200 740 "-" "Go-http-client/1.1"
81.57.20.146 - - [05/Jul/2020:11:24:07 +0200] "GET /studies/c3fbce45-6bbf-4c07-8fcb-a823841c439c HTTP/1.1" 200 2732 "-" "Go-http-client/1.1"
81.57.20.146 - - [05/Jul/2020:11:24:07 +0200] "GET /verification/subjects/c3fbce45-6bbf-4c07-8fcb-a823841c439c/transcripts HTTP/1.1" 200 600 "-" "Go-http-client/1.1"
81.57.20.146 - - [05/Jul/2020:11:24:07 +0200] "GET /studies/9789aa44-182b-4c0e-8c31-817fec98ab57 HTTP/1.1" 200 2756 "-" "Go-http-client/1.1"
81.57.20.146 - - [05/Jul/2020:11:24:07 +0200] "GET /verification/subjects/9789aa44-182b-4c0e-8c31-817fec98ab57/transcripts HTTP/1.1" 200 1517 "-" "Go-http-client/1.1"
81.57.20.146 - - [05/Jul/2020:11:24:07 +0200] "GET /studies/a08f9ca1-89d3-4322-94f2-b351598dd657 HTTP/1.1" 200 4189 "-" "Go-http-client/1.1"
81.57.20.146 - - [05/Jul/2020:11:24:07 +0200] "GET /verification/subjects/a08f9ca1-89d3-4322-94f2-b351598dd657/transcripts HTTP/1.1" 200 816 "-" "Go-http-client/1.1"
81.57.20.146 - - [05/Jul/2020:11:24:07 +0200] "GET /studies/73fd0248-de7d-4390-9ea5-4d9cc9ea2f62 HTTP/1.1" 200 1303 "-" "Go-http-client/1.1"
81.57.20.146 - - [05/Jul/2020:11:24:07 +0200] "GET /verification/subjects/73fd0248-de7d-4390-9ea5-4d9cc9ea2f62/transcripts HTTP/1.1" 200 818 "-" "Go-http-client/1.1"
81.57.20.146 - - [05/Jul/2020:11:24:07 +0200] "GET /studies/837bcf8a-a888-41e3-a808-4895cd98eda4 HTTP/1.1" 200 3345 "-" "Go-http-client/1.1"
81.57.20.146 - - [05/Jul/2020:11:24:07 +0200] "GET /verification/subjects/837bcf8a-a888-41e3-a808-4895cd98eda4/transcripts HTTP/1.1" 200 742 "-" "Go-http-client/1.1"
81.57.20.146 - - [05/Jul/2020:11:24:08 +0200] "GET /studies/0b068c86-c215-4850-86f7-9420a9c505c5 HTTP/1.1" 200 2536 "-" "Go-http-client/1.1"
81.57.20.146 - - [05/Jul/2020:11:24:08 +0200] "GET /verification/subjects/0b068c86-c215-4850-86f7-9420a9c505c5/transcripts HTTP/1.1" 200 1567 "-" "Go-http-client/1.1"
81.57.20.146 - - [05/Jul/2020:11:24:08 +0200] "GET /studies/d8d7d483-7674-43b7-ae25-2f55cf1ffe57 HTTP/1.1" 200 2245 "-" "Go-http-client/1.1"
81.57.20.146 - - [05/Jul/2020:11:24:08 +0200] "GET /verification/subjects/d8d7d483-7674-43b7-ae25-2f55cf1ffe57/transcripts HTTP/1.1" 200 989 "-" "Go-http-client/1.1"
81.57.20.146 - - [05/Jul/2020:11:24:08 +0200] "GET /studies/f1a6983f-4226-43db-ae69-1576a68f8ef5 HTTP/1.1" 200 2373 "-" "Go-http-client/1.1"
81.57.20.146 - - [05/Jul/2020:11:24:08 +0200] "GET /verification/subjects/f1a6983f-4226-43db-ae69-1576a68f8ef5/transcripts HTTP/1.1" 200 1352 "-" "Go-http-client/1.1"
81.57.20.146 - - [05/Jul/2020:11:24:08 +0200] "GET /studies/e03c11a8-4f1e-47e4-8cea-9a44363f7b6a HTTP/1.1" 200 1956 "-" "Go-http-client/1.1"
81.57.20.146 - - [05/Jul/2020:11:24:08 +0200] "GET /verification/subjects/e03c11a8-4f1e-47e4-8cea-9a44363f7b6a/transcripts HTTP/1.1" 200 599 "-" "Go-http-client/1.1"
81.57.20.146 - - [05/Jul/2020:11:24:08 +0200] "GET /studies/52c8096c-3fb5-486b-9811-ff72778c6fb5 HTTP/1.1" 200 3723 "-" "Go-http-client/1.1"
81.57.20.146 - - [05/Jul/2020:11:24:08 +0200] "GET /verification/subjects/52c8096c-3fb5-486b-9811-ff72778c6fb5/transcripts HTTP/1.1" 200 204 "-" "Go-http-client/1.1"
81.57.20.146 - - [05/Jul/2020:11:24:08 +0200] "GET /studies/27122ce0-645d-473a-be8d-0d7b85389ab4 HTTP/1.1" 200 2504 "-" "Go-http-client/1.1"
81.57.20.146 - - [05/Jul/2020:11:24:08 +0200] "GET /verification/subjects/27122ce0-645d-473a-be8d-0d7b85389ab4/transcripts HTTP/1.1" 200 628 "-" "Go-http-client/1.1"
81.57.20.146 - - [05/Jul/2020:11:24:08 +0200] "GET /studies/b61b92fe-ee74-4d9a-964c-9ef3e91b05c7 HTTP/1.1" 200 2935 "-" "Go-http-client/1.1"
81.57.20.146 - - [05/Jul/2020:11:24:08 +0200] "GET /verification/subjects/b61b92fe-ee74-4d9a-964c-9ef3e91b05c7/transcripts HTTP/1.1" 200 746 "-" "Go-http-client/1.1"
81.57.20.146 - - [05/Jul/2020:11:24:08 +0200] "GET /studies/577f7dd7-7a4a-4e14-ad53-bb473397bea4 HTTP/1.1" 200 1583 "-" "Go-http-client/1.1"
81.57.20.146 - - [05/Jul/2020:11:24:08 +0200] "GET /verification/subjects/577f7dd7-7a4a-4e14-ad53-bb473397bea4/transcripts HTTP/1.1" 200 540 "-" "Go-http-client/1.1"
81.57.20.146 - - [05/Jul/2020:11:24:08 +0200] "GET /studies/5444e4e7-2836-42db-950f-f96ab8f7eaaf HTTP/1.1" 200 3487 "-" "Go-http-client/1.1"
81.57.20.146 - - [05/Jul/2020:11:24:08 +0200] "GET /verification/subjects/5444e4e7-2836-42db-950f-f96ab8f7eaaf/transcripts HTTP/1.1" 200 734 "-" "Go-http-client/1.1"
81.57.20.146 - - [05/Jul/2020:11:24:08 +0200] "GET /studies/abfb49b5-22fe-49ee-b992-e375504f1547 HTTP/1.1" 200 2563 "-" "Go-http-client/1.1"
81.57.20.146 - - [05/Jul/2020:11:24:08 +0200] "GET /verification/subjects/abfb49b5-22fe-49ee-b992-e375504f1547/transcripts HTTP/1.1" 200 740 "-" "Go-http-client/1.1"
81.57.20.146 - - [05/Jul/2020:11:24:09 +0200] "GET /studies/4507b074-4529-429f-b94f-f064688726df HTTP/1.1" 200 4268 "-" "Go-http-client/1.1"
81.57.20.146 - - [05/Jul/2020:11:24:09 +0200] "GET /verification/subjects/4507b074-4529-429f-b94f-f064688726df/transcripts HTTP/1.1" 200 680 "-" "Go-http-client/1.1"
81.57.20.146 - - [05/Jul/2020:11:24:09 +0200] "GET /studies/db2d800c-ccdc-4b80-8acf-21168dfc3d27 HTTP/1.1" 200 2609 "-" "Go-http-client/1.1"
81.57.20.146 - - [05/Jul/2020:11:24:09 +0200] "GET /verification/subjects/db2d800c-ccdc-4b80-8acf-21168dfc3d27/transcripts HTTP/1.1" 200 655 "-" "Go-http-client/1.1"
81.57.20.146 - - [05/Jul/2020:11:24:09 +0200] "GET /studies/31f42082-694a-48e8-962f-d67c5e6ae534 HTTP/1.1" 200 3064 "-" "Go-http-client/1.1"
81.57.20.146 - - [05/Jul/2020:11:24:09 +0200] "GET /verification/subjects/31f42082-694a-48e8-962f-d67c5e6ae534/transcripts HTTP/1.1" 200 772 "-" "Go-http-client/1.1"
81.57.20.146 - - [05/Jul/2020:11:24:09 +0200] "GET /studies/915ed766-8cf5-4961-adae-ccf94aacfdb6 HTTP/1.1" 200 2759 "-" "Go-http-client/1.1"
81.57.20.146 - - [05/Jul/2020:11:24:09 +0200] "GET /verification/subjects/915ed766-8cf5-4961-adae-ccf94aacfdb6/transcripts HTTP/1.1" 200 731 "-" "Go-http-client/1.1"
81.57.20.146 - - [05/Jul/2020:11:24:09 +0200] "GET /studies/cbc73a9d-fee8-4d2c-93bc-901ed348df8e HTTP/1.1" 200 2604 "-" "Go-http-client/1.1"
81.57.20.146 - - [05/Jul/2020:11:24:09 +0200] "GET /verification/subjects/cbc73a9d-fee8-4d2c-93bc-901ed348df8e/transcripts HTTP/1.1" 200 861 "-" "Go-http-client/1.1"
81.57.20.146 - - [05/Jul/2020:11:24:09 +0200] "GET /studies/d74e3d80-6ace-4d3c-8de2-964183627361 HTTP/1.1" 200 3086 "-" "Go-http-client/1.1"
81.57.20.146 - - [05/Jul/2020:11:24:09 +0200] "GET /verification/subjects/d74e3d80-6ace-4d3c-8de2-964183627361/transcripts HTTP/1.1" 200 883 "-" "Go-http-client/1.1"
81.57.20.146 - - [05/Jul/2020:11:24:09 +0200] "GET /studies/087bc730-182f-4bbb-90f3-49d0f407a01b HTTP/1.1" 200 2509 "-" "Go-http-client/1.1"
81.57.20.146 - - [05/Jul/2020:11:24:09 +0200] "GET /verification/subjects/087bc730-182f-4bbb-90f3-49d0f407a01b/transcripts HTTP/1.1" 200 607 "-" "Go-http-client/1.1"
81.57.20.146 - - [05/Jul/2020:11:24:09 +0200] "GET /studies/80774d22-3849-4dc8-aa0f-b6a882f99309 HTTP/1.1" 200 2729 "-" "Go-http-client/1.1"
81.57.20.146 - - [05/Jul/2020:11:24:09 +0200] "GET /verification/subjects/80774d22-3849-4dc8-aa0f-b6a882f99309/transcripts HTTP/1.1" 200 641 "-" "Go-http-client/1.1"
81.57.20.146 - - [05/Jul/2020:11:24:09 +0200] "GET /studies/4778149e-2bc7-4dfb-84f9-516c9bb6159f HTTP/1.1" 200 2801 "-" "Go-http-client/1.1"
81.57.20.146 - - [05/Jul/2020:11:24:09 +0200] "GET /verification/subjects/4778149e-2bc7-4dfb-84f9-516c9bb6159f/transcripts HTTP/1.1" 200 736 "-" "Go-http-client/1.1"
81.57.20.146 - - [05/Jul/2020:11:24:09 +0200] "GET /studies/0131d988-a92c-4de9-8c14-953b5e4926ff HTTP/1.1" 200 2292 "-" "Go-http-client/1.1"
81.57.20.146 - - [05/Jul/2020:11:24:09 +0200] "GET /verification/subjects/0131d988-a92c-4de9-8c14-953b5e4926ff/transcripts HTTP/1.1" 200 204 "-" "Go-http-client/1.1"
81.57.20.146 - - [05/Jul/2020:11:24:10 +0200] "GET /studies/f1093c12-7fac-48a8-afb8-fd7c249c2155 HTTP/1.1" 200 3108 "-" "Go-http-client/1.1"
81.57.20.146 - - [05/Jul/2020:11:24:10 +0200] "GET /verification/subjects/f1093c12-7fac-48a8-afb8-fd7c249c2155/transcripts HTTP/1.1" 200 737 "-" "Go-http-client/1.1"
81.57.20.146 - - [05/Jul/2020:11:24:10 +0200] "GET /studies/1a4da45e-1439-47fe-84e1-2fb842c493d5 HTTP/1.1" 200 3140 "-" "Go-http-client/1.1"
81.57.20.146 - - [05/Jul/2020:11:24:10 +0200] "GET /verification/subjects/1a4da45e-1439-47fe-84e1-2fb842c493d5/transcripts HTTP/1.1" 200 773 "-" "Go-http-client/1.1"
81.57.20.146 - - [05/Jul/2020:11:24:10 +0200] "GET /studies/ecfa1a6f-a10d-41a2-af90-f6749694141d HTTP/1.1" 200 2282 "-" "Go-http-client/1.1"
81.57.20.146 - - [05/Jul/2020:11:24:10 +0200] "GET /verification/subjects/ecfa1a6f-a10d-41a2-af90-f6749694141d/transcripts HTTP/1.1" 200 569 "-" "Go-http-client/1.1"
81.57.20.146 - - [05/Jul/2020:11:24:10 +0200] "GET /studies/a08da692-f5fe-4ba1-9876-7de08fe0b294 HTTP/1.1" 200 3112 "-" "Go-http-client/1.1"
81.57.20.146 - - [05/Jul/2020:11:24:10 +0200] "GET /verification/subjects/a08da692-f5fe-4ba1-9876-7de08fe0b294/transcripts HTTP/1.1" 200 204 "-" "Go-http-client/1.1"
81.57.20.146 - - [05/Jul/2020:11:24:10 +0200] "GET /studies/c5ed800b-406c-4401-9e83-987470e77aa0 HTTP/1.1" 200 3631 "-" "Go-http-client/1.1"
81.57.20.146 - - [05/Jul/2020:11:24:10 +0200] "GET /verification/subjects/c5ed800b-406c-4401-9e83-987470e77aa0/transcripts HTTP/1.1" 200 1290 "-" "Go-http-client/1.1"
81.57.20.146 - - [05/Jul/2020:11:24:10 +0200] "GET /studies/a86e12c7-7b8c-4adb-ab2f-08515339fe0d HTTP/1.1" 200 2767 "-" "Go-http-client/1.1"
81.57.20.146 - - [05/Jul/2020:11:24:10 +0200] "GET /verification/subjects/a86e12c7-7b8c-4adb-ab2f-08515339fe0d/transcripts HTTP/1.1" 200 759 "-" "Go-http-client/1.1"
81.57.20.146 - - [05/Jul/2020:11:24:10 +0200] "GET /studies/299663fa-f52d-4098-a606-b42a47f6c2d9 HTTP/1.1" 200 5393 "-" "Go-http-client/1.1"
81.57.20.146 - - [05/Jul/2020:11:24:10 +0200] "GET /verification/subjects/299663fa-f52d-4098-a606-b42a47f6c2d9/transcripts HTTP/1.1" 200 913 "-" "Go-http-client/1.1"
81.57.20.146 - - [05/Jul/2020:11:24:10 +0200] "GET /studies/841ff6b0-c0b7-4a4a-ad3c-e3b95ab883cf HTTP/1.1" 200 3331 "-" "Go-http-client/1.1"
81.57.20.146 - - [05/Jul/2020:11:24:10 +0200] "GET /verification/subjects/841ff6b0-c0b7-4a4a-ad3c-e3b95ab883cf/transcripts HTTP/1.1" 200 204 "-" "Go-http-client/1.1"
81.57.20.146 - - [05/Jul/2020:11:24:10 +0200] "GET /studies/f3598d2e-43e7-4a67-a7c1-578e83ebd163 HTTP/1.1" 200 2670 "-" "Go-http-client/1.1"
81.57.20.146 - - [05/Jul/2020:11:24:10 +0200] "GET /verification/subjects/f3598d2e-43e7-4a67-a7c1-578e83ebd163/transcripts HTTP/1.1" 200 741 "-" "Go-http-client/1.1"
81.57.20.146 - - [05/Jul/2020:11:24:10 +0200] "GET /studies/a2c6ca23-7ae2-44a8-a1e9-ce014a0ab872 HTTP/1.1" 200 3177 "-" "Go-http-client/1.1"
81.57.20.146 - - [05/Jul/2020:11:24:10 +0200] "GET /verification/subjects/a2c6ca23-7ae2-44a8-a1e9-ce014a0ab872/transcripts HTTP/1.1" 200 204 "-" "Go-http-client/1.1"
81.57.20.146 - - [05/Jul/2020:11:24:11 +0200] "GET /studies/f25816c6-79bd-4fa7-bac8-1ce1140d0fbb HTTP/1.1" 200 3257 "-" "Go-http-client/1.1"
81.57.20.146 - - [05/Jul/2020:11:24:11 +0200] "GET /verification/subjects/f25816c6-79bd-4fa7-bac8-1ce1140d0fbb/transcripts HTTP/1.1" 200 754 "-" "Go-http-client/1.1"
81.57.20.146 - - [05/Jul/2020:11:24:11 +0200] "GET /studies/208213ce-e3cd-42e2-83ce-75b1b2b926cb HTTP/1.1" 200 3047 "-" "Go-http-client/1.1"
81.57.20.146 - - [05/Jul/2020:11:24:11 +0200] "GET /verification/subjects/208213ce-e3cd-42e2-83ce-75b1b2b926cb/transcripts HTTP/1.1" 200 735 "-" "Go-http-client/1.1"
81.57.20.146 - - [05/Jul/2020:11:24:11 +0200] "GET /studies/21d1692b-aa9d-4cee-937c-7410343ef7e1 HTTP/1.1" 200 2343 "-" "Go-http-client/1.1"
81.57.20.146 - - [05/Jul/2020:11:24:11 +0200] "GET /verification/subjects/21d1692b-aa9d-4cee-937c-7410343ef7e1/transcripts HTTP/1.1" 200 204 "-" "Go-http-client/1.1"
81.57.20.146 - - [05/Jul/2020:11:24:11 +0200] "GET /studies/3a820d2e-b550-4cb6-ab35-f14f45b7bfd9 HTTP/1.1" 200 4304 "-" "Go-http-client/1.1"
81.57.20.146 - - [05/Jul/2020:11:24:11 +0200] "GET /verification/subjects/3a820d2e-b550-4cb6-ab35-f14f45b7bfd9/transcripts HTTP/1.1" 200 1521 "-" "Go-http-client/1.1"
81.57.20.146 - - [05/Jul/2020:11:24:11 +0200] "GET /studies/41caeae2-fb8a-4269-88f0-9191a81cbbc3 HTTP/1.1" 200 2363 "-" "Go-http-client/1.1"
81.57.20.146 - - [05/Jul/2020:11:24:11 +0200] "GET /verification/subjects/41caeae2-fb8a-4269-88f0-9191a81cbbc3/transcripts HTTP/1.1" 200 1547 "-" "Go-http-client/1.1"
81.57.20.146 - - [05/Jul/2020:11:24:11 +0200] "GET /studies/0e023b57-da8b-449a-82c3-5d6d327def93 HTTP/1.1" 200 2566 "-" "Go-http-client/1.1"
81.57.20.146 - - [05/Jul/2020:11:24:11 +0200] "GET /verification/subjects/0e023b57-da8b-449a-82c3-5d6d327def93/transcripts HTTP/1.1" 200 204 "-" "Go-http-client/1.1"
81.57.20.146 - - [05/Jul/2020:11:24:11 +0200] "GET /studies/e9634c01-c78d-4e99-b3ad-657dd513581b HTTP/1.1" 200 2552 "-" "Go-http-client/1.1"
81.57.20.146 - - [05/Jul/2020:11:24:11 +0200] "GET /verification/subjects/e9634c01-c78d-4e99-b3ad-657dd513581b/transcripts HTTP/1.1" 200 1497 "-" "Go-http-client/1.1"
81.57.20.146 - - [05/Jul/2020:11:24:11 +0200] "GET /studies/f43c0a3b-9086-40bc-bc10-4bfe7380da61 HTTP/1.1" 200 3737 "-" "Go-http-client/1.1"
81.57.20.146 - - [05/Jul/2020:11:24:11 +0200] "GET /verification/subjects/f43c0a3b-9086-40bc-bc10-4bfe7380da61/transcripts HTTP/1.1" 200 1026 "-" "Go-http-client/1.1"
81.57.20.146 - - [05/Jul/2020:11:24:11 +0200] "GET /studies/a60d9635-0f93-4bdd-892d-8a278740ebf2 HTTP/1.1" 200 2408 "-" "Go-http-client/1.1"
81.57.20.146 - - [05/Jul/2020:11:24:11 +0200] "GET /verification/subjects/a60d9635-0f93-4bdd-892d-8a278740ebf2/transcripts HTTP/1.1" 200 721 "-" "Go-http-client/1.1"
81.57.20.146 - - [05/Jul/2020:11:24:11 +0200] "GET /studies/efed8049-2980-43ec-a64a-a8eb659ad290 HTTP/1.1" 200 2818 "-" "Go-http-client/1.1"
81.57.20.146 - - [05/Jul/2020:11:24:11 +0200] "GET /verification/subjects/efed8049-2980-43ec-a64a-a8eb659ad290/transcripts HTTP/1.1" 200 731 "-" "Go-http-client/1.1"
81.57.20.146 - - [05/Jul/2020:11:24:12 +0200] "GET /studies/872d76d3-858f-4ec5-a15e-58dd5c0c7b03 HTTP/1.1" 200 1891 "-" "Go-http-client/1.1"
81.57.20.146 - - [05/Jul/2020:11:24:12 +0200] "GET /verification/subjects/872d76d3-858f-4ec5-a15e-58dd5c0c7b03/transcripts HTTP/1.1" 200 533 "-" "Go-http-client/1.1"
81.57.20.146 - - [05/Jul/2020:11:24:12 +0200] "GET /studies/379e326a-2e82-41a9-9a11-c56069075cb6 HTTP/1.1" 200 1858 "-" "Go-http-client/1.1"
81.57.20.146 - - [05/Jul/2020:11:24:12 +0200] "GET /verification/subjects/379e326a-2e82-41a9-9a11-c56069075cb6/transcripts HTTP/1.1" 200 585 "-" "Go-http-client/1.1"
81.57.20.146 - - [05/Jul/2020:11:24:12 +0200] "GET /studies/dbbe8fdb-0e1c-471e-a355-d681017cd29d HTTP/1.1" 200 2422 "-" "Go-http-client/1.1"
81.57.20.146 - - [05/Jul/2020:11:24:12 +0200] "GET /verification/subjects/dbbe8fdb-0e1c-471e-a355-d681017cd29d/transcripts HTTP/1.1" 200 204 "-" "Go-http-client/1.1"
81.57.20.146 - - [05/Jul/2020:11:24:12 +0200] "GET /studies/9c672af6-8e03-45c0-af18-a6daaca38c10 HTTP/1.1" 200 2500 "-" "Go-http-client/1.1"
81.57.20.146 - - [05/Jul/2020:11:24:12 +0200] "GET /verification/subjects/9c672af6-8e03-45c0-af18-a6daaca38c10/transcripts HTTP/1.1" 200 738 "-" "Go-http-client/1.1"
81.57.20.146 - - [05/Jul/2020:11:24:12 +0200] "GET /studies/05c42661-686f-409b-9f4a-ff328a5900cb HTTP/1.1" 200 3546 "-" "Go-http-client/1.1"
81.57.20.146 - - [05/Jul/2020:11:24:12 +0200] "GET /verification/subjects/05c42661-686f-409b-9f4a-ff328a5900cb/transcripts HTTP/1.1" 200 204 "-" "Go-http-client/1.1"
81.57.20.146 - - [05/Jul/2020:11:24:12 +0200] "GET /studies/5b4a72ca-730b-4dc4-945f-e8ec6de7e549 HTTP/1.1" 200 3237 "-" "Go-http-client/1.1"
81.57.20.146 - - [05/Jul/2020:11:24:12 +0200] "GET /verification/subjects/5b4a72ca-730b-4dc4-945f-e8ec6de7e549/transcripts HTTP/1.1" 200 204 "-" "Go-http-client/1.1"
81.57.20.146 - - [05/Jul/2020:11:24:12 +0200] "GET /studies/55a762a1-4429-40e5-8607-71f12b94b665 HTTP/1.1" 200 5124 "-" "Go-http-client/1.1"
81.57.20.146 - - [05/Jul/2020:11:24:12 +0200] "GET /verification/subjects/55a762a1-4429-40e5-8607-71f12b94b665/transcripts HTTP/1.1" 200 204 "-" "Go-http-client/1.1"
81.57.20.146 - - [05/Jul/2020:11:24:12 +0200] "GET /studies/d66a28c1-0a63-4faa-8224-7a6ef17736a0 HTTP/1.1" 200 2316 "-" "Go-http-client/1.1"
81.57.20.146 - - [05/Jul/2020:11:24:12 +0200] "GET /verification/subjects/d66a28c1-0a63-4faa-8224-7a6ef17736a0/transcripts HTTP/1.1" 200 204 "-" "Go-http-client/1.1"
81.57.20.146 - - [05/Jul/2020:11:24:12 +0200] "GET /studies/76f7324c-ef4f-461e-8bfa-2aedee5aa92f HTTP/1.1" 200 2481 "-" "Go-http-client/1.1"
81.57.20.146 - - [05/Jul/2020:11:24:12 +0200] "GET /verification/subjects/76f7324c-ef4f-461e-8bfa-2aedee5aa92f/transcripts HTTP/1.1" 200 650 "-" "Go-http-client/1.1"
81.57.20.146 - - [05/Jul/2020:11:24:12 +0200] "GET /studies/3877934a-2250-43ec-8b3c-385745b46acf HTTP/1.1" 200 2693 "-" "Go-http-client/1.1"
81.57.20.146 - - [05/Jul/2020:11:24:12 +0200] "GET /verification/subjects/3877934a-2250-43ec-8b3c-385745b46acf/transcripts HTTP/1.1" 200 204 "-" "Go-http-client/1.1"
81.57.20.146 - - [05/Jul/2020:11:24:12 +0200] "GET /studies/35cfe018-7d1f-4258-a38f-e7f55f6ae26c HTTP/1.1" 200 2640 "-" "Go-http-client/1.1"
81.57.20.146 - - [05/Jul/2020:11:24:12 +0200] "GET /verification/subjects/35cfe018-7d1f-4258-a38f-e7f55f6ae26c/transcripts HTTP/1.1" 200 2148 "-" "Go-http-client/1.1"
81.57.20.146 - - [05/Jul/2020:11:24:13 +0200] "GET /studies/2931f0ef-3b0b-4049-9753-8bb77a520d8d HTTP/1.1" 200 2677 "-" "Go-http-client/1.1"
81.57.20.146 - - [05/Jul/2020:11:24:13 +0200] "GET /verification/subjects/2931f0ef-3b0b-4049-9753-8bb77a520d8d/transcripts HTTP/1.1" 200 1583 "-" "Go-http-client/1.1"
81.57.20.146 - - [05/Jul/2020:11:24:13 +0200] "GET /studies/aa4bf432-5bdb-444a-a9f2-192931c16c51 HTTP/1.1" 200 2916 "-" "Go-http-client/1.1"
81.57.20.146 - - [05/Jul/2020:11:24:13 +0200] "GET /verification/subjects/aa4bf432-5bdb-444a-a9f2-192931c16c51/transcripts HTTP/1.1" 200 650 "-" "Go-http-client/1.1"
81.57.20.146 - - [05/Jul/2020:11:24:13 +0200] "GET /studies/e5bb51e6-10a5-4c06-b042-3dc6d37a0df6 HTTP/1.1" 200 2192 "-" "Go-http-client/1.1"
81.57.20.146 - - [05/Jul/2020:11:24:13 +0200] "GET /verification/subjects/e5bb51e6-10a5-4c06-b042-3dc6d37a0df6/transcripts HTTP/1.1" 200 811 "-" "Go-http-client/1.1"
81.57.20.146 - - [05/Jul/2020:11:24:13 +0200] "GET /studies/f079e3be-4d9f-4f39-85a0-8d7d6181ece5 HTTP/1.1" 200 1993 "-" "Go-http-client/1.1"
81.57.20.146 - - [05/Jul/2020:11:24:13 +0200] "GET /verification/subjects/f079e3be-4d9f-4f39-85a0-8d7d6181ece5/transcripts HTTP/1.1" 200 604 "-" "Go-http-client/1.1"
81.57.20.146 - - [05/Jul/2020:11:24:13 +0200] "GET /studies/03ba81c8-5d6e-4a3e-bbf0-82d386f23df3 HTTP/1.1" 200 2452 "-" "Go-http-client/1.1"
81.57.20.146 - - [05/Jul/2020:11:24:13 +0200] "GET /verification/subjects/03ba81c8-5d6e-4a3e-bbf0-82d386f23df3/transcripts HTTP/1.1" 200 907 "-" "Go-http-client/1.1"
81.57.20.146 - - [05/Jul/2020:11:24:13 +0200] "GET /studies/f191593c-5248-4e2e-b2e2-3d1e4a47aec5 HTTP/1.1" 200 1713 "-" "Go-http-client/1.1"
81.57.20.146 - - [05/Jul/2020:11:24:13 +0200] "GET /verification/subjects/f191593c-5248-4e2e-b2e2-3d1e4a47aec5/transcripts HTTP/1.1" 200 634 "-" "Go-http-client/1.1"
81.57.20.146 - - [05/Jul/2020:11:24:13 +0200] "GET /studies/16b89aba-661e-44be-8ed2-983482306bda HTTP/1.1" 200 2577 "-" "Go-http-client/1.1"
81.57.20.146 - - [05/Jul/2020:11:24:13 +0200] "GET /verification/subjects/16b89aba-661e-44be-8ed2-983482306bda/transcripts HTTP/1.1" 200 1713 "-" "Go-http-client/1.1"
81.57.20.146 - - [05/Jul/2020:11:24:13 +0200] "GET /studies/762c3008-5fa9-49ac-a01d-aab636f57cab HTTP/1.1" 200 1795 "-" "Go-http-client/1.1"
81.57.20.146 - - [05/Jul/2020:11:24:13 +0200] "GET /verification/subjects/762c3008-5fa9-49ac-a01d-aab636f57cab/transcripts HTTP/1.1" 200 887 "-" "Go-http-client/1.1"
81.57.20.146 - - [05/Jul/2020:11:24:13 +0200] "GET /studies/1a64b71b-7b80-4719-9011-cdcd8bc646aa HTTP/1.1" 200 2489 "-" "Go-http-client/1.1"
81.57.20.146 - - [05/Jul/2020:11:24:13 +0200] "GET /verification/subjects/1a64b71b-7b80-4719-9011-cdcd8bc646aa/transcripts HTTP/1.1" 200 598 "-" "Go-http-client/1.1"
81.57.20.146 - - [05/Jul/2020:11:24:13 +0200] "GET /studies/bddcdffd-95a6-442a-a085-55e71c4d0b4e HTTP/1.1" 200 4003 "-" "Go-http-client/1.1"
81.57.20.146 - - [05/Jul/2020:11:24:13 +0200] "GET /verification/subjects/bddcdffd-95a6-442a-a085-55e71c4d0b4e/transcripts HTTP/1.1" 200 2357 "-" "Go-http-client/1.1"
81.57.20.146 - - [05/Jul/2020:11:24:13 +0200] "GET /studies/14ec5202-08eb-4790-b878-52b86818bd8c HTTP/1.1" 200 3750 "-" "Go-http-client/1.1"
81.57.20.146 - - [05/Jul/2020:11:24:13 +0200] "GET /verification/subjects/14ec5202-08eb-4790-b878-52b86818bd8c/transcripts HTTP/1.1" 200 575 "-" "Go-http-client/1.1"
81.57.20.146 - - [05/Jul/2020:11:24:14 +0200] "GET /studies/3403fb15-55c3-4678-a123-20257622782e HTTP/1.1" 200 3021 "-" "Go-http-client/1.1"
81.57.20.146 - - [05/Jul/2020:11:24:14 +0200] "GET /verification/subjects/3403fb15-55c3-4678-a123-20257622782e/transcripts HTTP/1.1" 200 204 "-" "Go-http-client/1.1"
81.57.20.146 - - [05/Jul/2020:11:24:14 +0200] "GET /studies/b7857a52-4fd7-4af9-b0b8-8ad49eaf6afb HTTP/1.1" 200 3255 "-" "Go-http-client/1.1"
81.57.20.146 - - [05/Jul/2020:11:24:14 +0200] "GET /verification/subjects/b7857a52-4fd7-4af9-b0b8-8ad49eaf6afb/transcripts HTTP/1.1" 200 730 "-" "Go-http-client/1.1"
81.57.20.146 - - [05/Jul/2020:11:24:14 +0200] "GET /studies/07291cac-349e-4d2c-b5bd-35d5586a9561 HTTP/1.1" 200 2933 "-" "Go-http-client/1.1"
81.57.20.146 - - [05/Jul/2020:11:24:14 +0200] "GET /verification/subjects/07291cac-349e-4d2c-b5bd-35d5586a9561/transcripts HTTP/1.1" 200 601 "-" "Go-http-client/1.1"
81.57.20.146 - - [05/Jul/2020:11:24:14 +0200] "GET /studies/21da9e0b-3691-49ac-8146-d86bfa032652 HTTP/1.1" 200 2334 "-" "Go-http-client/1.1"
81.57.20.146 - - [05/Jul/2020:11:24:14 +0200] "GET /verification/subjects/21da9e0b-3691-49ac-8146-d86bfa032652/transcripts HTTP/1.1" 200 204 "-" "Go-http-client/1.1"
81.57.20.146 - - [05/Jul/2020:11:24:14 +0200] "GET /studies/22445316-0928-47e0-ab5d-115161a778cc HTTP/1.1" 200 3839 "-" "Go-http-client/1.1"
81.57.20.146 - - [05/Jul/2020:11:24:14 +0200] "GET /verification/subjects/22445316-0928-47e0-ab5d-115161a778cc/transcripts HTTP/1.1" 200 204 "-" "Go-http-client/1.1"
81.57.20.146 - - [05/Jul/2020:11:24:14 +0200] "GET /studies/7a792eb1-bc12-49d6-82b2-14616e7f0fd1 HTTP/1.1" 200 3261 "-" "Go-http-client/1.1"
81.57.20.146 - - [05/Jul/2020:11:24:14 +0200] "GET /verification/subjects/7a792eb1-bc12-49d6-82b2-14616e7f0fd1/transcripts HTTP/1.1" 200 761 "-" "Go-http-client/1.1"
81.57.20.146 - - [05/Jul/2020:11:24:14 +0200] "GET /studies/f664f5f0-ea03-4989-bb18-cb500cb16c7c HTTP/1.1" 200 2629 "-" "Go-http-client/1.1"
81.57.20.146 - - [05/Jul/2020:11:24:14 +0200] "GET /verification/subjects/f664f5f0-ea03-4989-bb18-cb500cb16c7c/transcripts HTTP/1.1" 200 768 "-" "Go-http-client/1.1"
81.57.20.146 - - [05/Jul/2020:11:24:14 +0200] "GET /studies/2ff086f9-19d4-4f3d-8595-176f770eec2b HTTP/1.1" 200 3248 "-" "Go-http-client/1.1"
81.57.20.146 - - [05/Jul/2020:11:24:14 +0200] "GET /verification/subjects/2ff086f9-19d4-4f3d-8595-176f770eec2b/transcripts HTTP/1.1" 200 634 "-" "Go-http-client/1.1"
81.57.20.146 - - [05/Jul/2020:11:24:14 +0200] "GET /studies/02a72333-28c0-4f15-82cf-16a23ba0c6b0 HTTP/1.1" 200 3150 "-" "Go-http-client/1.1"
81.57.20.146 - - [05/Jul/2020:11:24:14 +0200] "GET /verification/subjects/02a72333-28c0-4f15-82cf-16a23ba0c6b0/transcripts HTTP/1.1" 200 605 "-" "Go-http-client/1.1"
81.57.20.146 - - [05/Jul/2020:11:24:14 +0200] "GET /studies/a45ba96b-cc86-4b3e-96e6-c98bdf201de6 HTTP/1.1" 200 3592 "-" "Go-http-client/1.1"
81.57.20.146 - - [05/Jul/2020:11:24:15 +0200] "GET /verification/subjects/a45ba96b-cc86-4b3e-96e6-c98bdf201de6/transcripts HTTP/1.1" 200 635 "-" "Go-http-client/1.1"
81.57.20.146 - - [05/Jul/2020:11:24:15 +0200] "GET /studies/b3539366-aefc-407c-9cef-391990ddae23 HTTP/1.1" 200 2254 "-" "Go-http-client/1.1"
81.57.20.146 - - [05/Jul/2020:11:24:15 +0200] "GET /verification/subjects/b3539366-aefc-407c-9cef-391990ddae23/transcripts HTTP/1.1" 200 628 "-" "Go-http-client/1.1"
81.57.20.146 - - [05/Jul/2020:11:24:15 +0200] "GET /studies/5c6fc72b-7c18-4e61-a8b6-adee6fdb8e84 HTTP/1.1" 200 2950 "-" "Go-http-client/1.1"
81.57.20.146 - - [05/Jul/2020:11:24:15 +0200] "GET /verification/subjects/5c6fc72b-7c18-4e61-a8b6-adee6fdb8e84/transcripts HTTP/1.1" 200 204 "-" "Go-http-client/1.1"
81.57.20.146 - - [05/Jul/2020:11:24:15 +0200] "GET /studies/d3d76248-5964-49e7-8e0a-2495043d50b7 HTTP/1.1" 200 2739 "-" "Go-http-client/1.1"
81.57.20.146 - - [05/Jul/2020:11:24:15 +0200] "GET /verification/subjects/d3d76248-5964-49e7-8e0a-2495043d50b7/transcripts HTTP/1.1" 200 204 "-" "Go-http-client/1.1"
81.57.20.146 - - [05/Jul/2020:11:24:15 +0200] "GET /studies/f24d0ffe-90b8-4ed3-ab9f-b0e94dd95a7c HTTP/1.1" 200 2641 "-" "Go-http-client/1.1"
81.57.20.146 - - [05/Jul/2020:11:24:15 +0200] "GET /verification/subjects/f24d0ffe-90b8-4ed3-ab9f-b0e94dd95a7c/transcripts HTTP/1.1" 200 639 "-" "Go-http-client/1.1"
81.57.20.146 - - [05/Jul/2020:11:24:15 +0200] "GET /studies/4f66de53-ec02-4a5b-b789-eb7976ac9501 HTTP/1.1" 200 2488 "-" "Go-http-client/1.1"
81.57.20.146 - - [05/Jul/2020:11:24:15 +0200] "GET /verification/subjects/4f66de53-ec02-4a5b-b789-eb7976ac9501/transcripts HTTP/1.1" 200 3283 "-" "Go-http-client/1.1"
81.57.20.146 - - [05/Jul/2020:11:24:15 +0200] "GET /studies/49ccdee4-142a-4034-b5e9-446981d649ea HTTP/1.1" 200 2648 "-" "Go-http-client/1.1"
81.57.20.146 - - [05/Jul/2020:11:24:15 +0200] "GET /verification/subjects/49ccdee4-142a-4034-b5e9-446981d649ea/transcripts HTTP/1.1" 200 673 "-" "Go-http-client/1.1"
81.57.20.146 - - [05/Jul/2020:11:24:15 +0200] "GET /studies/4c91df1e-f1f5-4667-aa14-0e86fc82a1b5 HTTP/1.1" 200 2565 "-" "Go-http-client/1.1"
81.57.20.146 - - [05/Jul/2020:11:24:15 +0200] "GET /verification/subjects/4c91df1e-f1f5-4667-aa14-0e86fc82a1b5/transcripts HTTP/1.1" 200 588 "-" "Go-http-client/1.1"
81.57.20.146 - - [05/Jul/2020:11:24:15 +0200] "GET /studies/d9b1181e-9164-4a8e-9650-ee1bc709b5d1 HTTP/1.1" 200 2168 "-" "Go-http-client/1.1"
81.57.20.146 - - [05/Jul/2020:11:24:15 +0200] "GET /verification/subjects/d9b1181e-9164-4a8e-9650-ee1bc709b5d1/transcripts HTTP/1.1" 200 204 "-" "Go-http-client/1.1"
81.57.20.146 - - [05/Jul/2020:11:24:15 +0200] "GET /studies/b3065581-1638-4cef-ae66-03dfbb2de130 HTTP/1.1" 200 2616 "-" "Go-http-client/1.1"
81.57.20.146 - - [05/Jul/2020:11:24:15 +0200] "GET /verification/subjects/b3065581-1638-4cef-ae66-03dfbb2de130/transcripts HTTP/1.1" 200 668 "-" "Go-http-client/1.1"
81.57.20.146 - - [05/Jul/2020:11:24:15 +0200] "GET /studies/483e1aea-0790-4630-8052-9cdbbf9b876f HTTP/1.1" 200 2461 "-" "Go-http-client/1.1"
81.57.20.146 - - [05/Jul/2020:11:24:15 +0200] "GET /verification/subjects/483e1aea-0790-4630-8052-9cdbbf9b876f/transcripts HTTP/1.1" 200 1068 "-" "Go-http-client/1.1"
81.57.20.146 - - [05/Jul/2020:11:24:16 +0200] "GET /studies/cb67ae7e-4da3-4f67-ab8e-2d1664a6fc27 HTTP/1.1" 200 2584 "-" "Go-http-client/1.1"
81.57.20.146 - - [05/Jul/2020:11:24:16 +0200] "GET /verification/subjects/cb67ae7e-4da3-4f67-ab8e-2d1664a6fc27/transcripts HTTP/1.1" 200 204 "-" "Go-http-client/1.1"
81.57.20.146 - - [05/Jul/2020:11:24:16 +0200] "GET /studies/284115ad-519a-428e-b835-ec69665b98ee HTTP/1.1" 200 2248 "-" "Go-http-client/1.1"
81.57.20.146 - - [05/Jul/2020:11:24:16 +0200] "GET /verification/subjects/284115ad-519a-428e-b835-ec69665b98ee/transcripts HTTP/1.1" 200 554 "-" "Go-http-client/1.1"
81.57.20.146 - - [05/Jul/2020:11:24:16 +0200] "GET /studies/9d15deff-0475-4852-b4b2-7bb6bc0f0243 HTTP/1.1" 200 3519 "-" "Go-http-client/1.1"
81.57.20.146 - - [05/Jul/2020:11:24:16 +0200] "GET /verification/subjects/9d15deff-0475-4852-b4b2-7bb6bc0f0243/transcripts HTTP/1.1" 200 204 "-" "Go-http-client/1.1"
81.57.20.146 - - [05/Jul/2020:11:24:16 +0200] "GET /studies/d74a44c2-b8bb-426a-a486-594f24de0b3d HTTP/1.1" 200 2390 "-" "Go-http-client/1.1"
81.57.20.146 - - [05/Jul/2020:11:24:16 +0200] "GET /verification/subjects/d74a44c2-b8bb-426a-a486-594f24de0b3d/transcripts HTTP/1.1" 200 635 "-" "Go-http-client/1.1"
81.57.20.146 - - [05/Jul/2020:11:24:16 +0200] "GET /studies/e05fc327-bd0a-4073-bbdc-0539c0a26c9d HTTP/1.1" 200 2477 "-" "Go-http-client/1.1"
81.57.20.146 - - [05/Jul/2020:11:24:16 +0200] "GET /verification/subjects/e05fc327-bd0a-4073-bbdc-0539c0a26c9d/transcripts HTTP/1.1" 200 772 "-" "Go-http-client/1.1"
81.57.20.146 - - [05/Jul/2020:11:24:16 +0200] "GET /studies/270df25b-5be3-4af7-9408-c75246f7fe08 HTTP/1.1" 200 1985 "-" "Go-http-client/1.1"
81.57.20.146 - - [05/Jul/2020:11:24:16 +0200] "GET /verification/subjects/270df25b-5be3-4af7-9408-c75246f7fe08/transcripts HTTP/1.1" 200 564 "-" "Go-http-client/1.1"
81.57.20.146 - - [05/Jul/2020:11:24:16 +0200] "GET /studies/34395c3e-cdb0-4d1f-873a-37cc741f94c3 HTTP/1.1" 200 1356 "-" "Go-http-client/1.1"
81.57.20.146 - - [05/Jul/2020:11:24:16 +0200] "GET /verification/subjects/34395c3e-cdb0-4d1f-873a-37cc741f94c3/transcripts HTTP/1.1" 200 782 "-" "Go-http-client/1.1"
81.57.20.146 - - [05/Jul/2020:11:24:16 +0200] "GET /studies/06f80162-a262-40bc-bc8c-0a82fd2e9866 HTTP/1.1" 200 1787 "-" "Go-http-client/1.1"
81.57.20.146 - - [05/Jul/2020:11:24:16 +0200] "GET /verification/subjects/06f80162-a262-40bc-bc8c-0a82fd2e9866/transcripts HTTP/1.1" 200 756 "-" "Go-http-client/1.1"
81.57.20.146 - - [05/Jul/2020:11:24:16 +0200] "GET /studies/b905c26e-0fb3-4484-a8f6-ef7274901e79 HTTP/1.1" 200 2233 "-" "Go-http-client/1.1"
81.57.20.146 - - [05/Jul/2020:11:24:16 +0200] "GET /verification/subjects/b905c26e-0fb3-4484-a8f6-ef7274901e79/transcripts HTTP/1.1" 200 556 "-" "Go-http-client/1.1"
81.57.20.146 - - [05/Jul/2020:11:24:16 +0200] "GET /studies/abe26781-ee9b-4e77-994a-c5cb945b91d6 HTTP/1.1" 200 2223 "-" "Go-http-client/1.1"
81.57.20.146 - - [05/Jul/2020:11:24:16 +0200] "GET /verification/subjects/abe26781-ee9b-4e77-994a-c5cb945b91d6/transcripts HTTP/1.1" 200 556 "-" "Go-http-client/1.1"
81.57.20.146 - - [05/Jul/2020:11:24:16 +0200] "GET /studies/e083f57b-03a1-4375-9411-b65bbbfbecbd HTTP/1.1" 200 3791 "-" "Go-http-client/1.1"
81.57.20.146 - - [05/Jul/2020:11:24:16 +0200] "GET /verification/subjects/e083f57b-03a1-4375-9411-b65bbbfbecbd/transcripts HTTP/1.1" 200 896 "-" "Go-http-client/1.1"
81.57.20.146 - - [05/Jul/2020:11:24:16 +0200] "GET /studies/c622ad9c-bea9-421e-be3f-d5d9bd451d5d HTTP/1.1" 200 1997 "-" "Go-http-client/1.1"
81.57.20.146 - - [05/Jul/2020:11:24:17 +0200] "GET /verification/subjects/c622ad9c-bea9-421e-be3f-d5d9bd451d5d/transcripts HTTP/1.1" 200 604 "-" "Go-http-client/1.1"
81.57.20.146 - - [05/Jul/2020:11:24:17 +0200] "GET /studies/9d2589fa-2e10-4ae1-b843-aad67e506128 HTTP/1.1" 200 1076 "-" "Go-http-client/1.1"
81.57.20.146 - - [05/Jul/2020:11:24:17 +0200] "GET /verification/subjects/9d2589fa-2e10-4ae1-b843-aad67e506128/transcripts HTTP/1.1" 200 1207 "-" "Go-http-client/1.1"
81.57.20.146 - - [05/Jul/2020:11:24:17 +0200] "GET /studies/6271a6f1-8e3d-484e-b21b-288d7d0271e5 HTTP/1.1" 200 2023 "-" "Go-http-client/1.1"
81.57.20.146 - - [05/Jul/2020:11:24:17 +0200] "GET /verification/subjects/6271a6f1-8e3d-484e-b21b-288d7d0271e5/transcripts HTTP/1.1" 200 761 "-" "Go-http-client/1.1"
81.57.20.146 - - [05/Jul/2020:11:24:17 +0200] "GET /studies/555fbaef-02d0-4d66-a438-dde389ea1391 HTTP/1.1" 200 2360 "-" "Go-http-client/1.1"
81.57.20.146 - - [05/Jul/2020:11:24:17 +0200] "GET /verification/subjects/555fbaef-02d0-4d66-a438-dde389ea1391/transcripts HTTP/1.1" 200 577 "-" "Go-http-client/1.1"
81.57.20.146 - - [05/Jul/2020:11:24:17 +0200] "GET /studies/7e4849f4-28c4-48c8-9ac4-8136a1235924 HTTP/1.1" 200 2751 "-" "Go-http-client/1.1"
81.57.20.146 - - [05/Jul/2020:11:24:17 +0200] "GET /verification/subjects/7e4849f4-28c4-48c8-9ac4-8136a1235924/transcripts HTTP/1.1" 200 204 "-" "Go-http-client/1.1"
81.57.20.146 - - [05/Jul/2020:11:24:17 +0200] "GET /studies/a8a0bad0-3267-407e-9404-cd11a2d4822f HTTP/1.1" 200 3183 "-" "Go-http-client/1.1"
81.57.20.146 - - [05/Jul/2020:11:24:17 +0200] "GET /verification/subjects/a8a0bad0-3267-407e-9404-cd11a2d4822f/transcripts HTTP/1.1" 200 204 "-" "Go-http-client/1.1"
81.57.20.146 - - [05/Jul/2020:11:24:17 +0200] "GET /studies/3d5a0202-4086-4883-b954-4b49499352e2 HTTP/1.1" 200 3447 "-" "Go-http-client/1.1"
81.57.20.146 - - [05/Jul/2020:11:24:17 +0200] "GET /verification/subjects/3d5a0202-4086-4883-b954-4b49499352e2/transcripts HTTP/1.1" 200 204 "-" "Go-http-client/1.1"
81.57.20.146 - - [05/Jul/2020:11:24:17 +0200] "GET /studies/8fc1e2b6-5089-465a-a2ff-ba1773fbe4dd HTTP/1.1" 200 3994 "-" "Go-http-client/1.1"
81.57.20.146 - - [05/Jul/2020:11:24:17 +0200] "GET /verification/subjects/8fc1e2b6-5089-465a-a2ff-ba1773fbe4dd/transcripts HTTP/1.1" 200 204 "-" "Go-http-client/1.1"
81.57.20.146 - - [05/Jul/2020:11:24:17 +0200] "GET /studies/7910f287-db9a-4978-b678-8126f8cce772 HTTP/1.1" 200 1707 "-" "Go-http-client/1.1"
81.57.20.146 - - [05/Jul/2020:11:24:17 +0200] "GET /verification/subjects/7910f287-db9a-4978-b678-8126f8cce772/transcripts HTTP/1.1" 200 622 "-" "Go-http-client/1.1"
81.57.20.146 - - [05/Jul/2020:11:24:17 +0200] "GET /studies/212e17a8-c977-4015-88cf-5e1c068d3728 HTTP/1.1" 200 3740 "-" "Go-http-client/1.1"
81.57.20.146 - - [05/Jul/2020:11:24:17 +0200] "GET /verification/subjects/212e17a8-c977-4015-88cf-5e1c068d3728/transcripts HTTP/1.1" 200 204 "-" "Go-http-client/1.1"
81.57.20.146 - - [05/Jul/2020:11:24:17 +0200] "GET /studies/50ed67f3-d7a9-4c2a-8e18-1ce58fad695a HTTP/1.1" 200 4459 "-" "Go-http-client/1.1"
81.57.20.146 - - [05/Jul/2020:11:24:17 +0200] "GET /verification/subjects/50ed67f3-d7a9-4c2a-8e18-1ce58fad695a/transcripts HTTP/1.1" 200 204 "-" "Go-http-client/1.1"
81.57.20.146 - - [05/Jul/2020:11:24:17 +0200] "GET /studies/7f167ffa-b90e-4483-bfef-088e1ce7f351 HTTP/1.1" 200 2591 "-" "Go-http-client/1.1"
81.57.20.146 - - [05/Jul/2020:11:24:17 +0200] "GET /verification/subjects/7f167ffa-b90e-4483-bfef-088e1ce7f351/transcripts HTTP/1.1" 200 204 "-" "Go-http-client/1.1"
81.57.20.146 - - [05/Jul/2020:11:24:18 +0200] "GET /studies/21324210-1418-489a-bbc3-7c24ef55f2d7 HTTP/1.1" 200 1925 "-" "Go-http-client/1.1"
81.57.20.146 - - [05/Jul/2020:11:24:18 +0200] "GET /verification/subjects/21324210-1418-489a-bbc3-7c24ef55f2d7/transcripts HTTP/1.1" 200 556 "-" "Go-http-client/1.1"
81.57.20.146 - - [05/Jul/2020:11:24:18 +0200] "GET /studies/2d6cf686-98cc-4aa9-bfce-073556af5227 HTTP/1.1" 200 4309 "-" "Go-http-client/1.1"
81.57.20.146 - - [05/Jul/2020:11:24:18 +0200] "GET /verification/subjects/2d6cf686-98cc-4aa9-bfce-073556af5227/transcripts HTTP/1.1" 200 204 "-" "Go-http-client/1.1"
81.57.20.146 - - [05/Jul/2020:11:24:18 +0200] "GET /studies/97cfef02-70ed-4f92-b1cb-ccfb76a34467 HTTP/1.1" 200 2504 "-" "Go-http-client/1.1"
81.57.20.146 - - [05/Jul/2020:11:24:18 +0200] "GET /verification/subjects/97cfef02-70ed-4f92-b1cb-ccfb76a34467/transcripts HTTP/1.1" 200 204 "-" "Go-http-client/1.1"
81.57.20.146 - - [05/Jul/2020:11:24:18 +0200] "GET /studies/9d13f424-aa1e-4314-a7f5-ac69168ac573 HTTP/1.1" 200 2657 "-" "Go-http-client/1.1"
81.57.20.146 - - [05/Jul/2020:11:24:18 +0200] "GET /verification/subjects/9d13f424-aa1e-4314-a7f5-ac69168ac573/transcripts HTTP/1.1" 200 204 "-" "Go-http-client/1.1"
81.57.20.146 - - [05/Jul/2020:11:24:18 +0200] "GET /studies/5659a6ff-f1e5-440d-ab04-4b7481b2cb59 HTTP/1.1" 200 1411 "-" "Go-http-client/1.1"
81.57.20.146 - - [05/Jul/2020:11:24:18 +0200] "GET /verification/subjects/5659a6ff-f1e5-440d-ab04-4b7481b2cb59/transcripts HTTP/1.1" 200 558 "-" "Go-http-client/1.1"
81.57.20.146 - - [05/Jul/2020:11:24:18 +0200] "GET /studies/8ba506ae-ac8d-4dfa-a4e9-2d4371ce4712 HTTP/1.1" 200 2964 "-" "Go-http-client/1.1"
81.57.20.146 - - [05/Jul/2020:11:24:18 +0200] "GET /verification/subjects/8ba506ae-ac8d-4dfa-a4e9-2d4371ce4712/transcripts HTTP/1.1" 200 204 "-" "Go-http-client/1.1"
81.57.20.146 - - [05/Jul/2020:11:24:18 +0200] "GET /studies/3c4b6d55-939e-4bd0-9309-f4864bbf7ce4 HTTP/1.1" 200 1785 "-" "Go-http-client/1.1"
81.57.20.146 - - [05/Jul/2020:11:24:18 +0200] "GET /verification/subjects/3c4b6d55-939e-4bd0-9309-f4864bbf7ce4/transcripts HTTP/1.1" 200 562 "-" "Go-http-client/1.1"
81.57.20.146 - - [05/Jul/2020:11:24:18 +0200] "GET /studies/3b436cac-33e1-4e64-9e99-51e2e70b5107 HTTP/1.1" 200 1652 "-" "Go-http-client/1.1"
81.57.20.146 - - [05/Jul/2020:11:24:18 +0200] "GET /verification/subjects/3b436cac-33e1-4e64-9e99-51e2e70b5107/transcripts HTTP/1.1" 200 204 "-" "Go-http-client/1.1"
81.57.20.146 - - [05/Jul/2020:11:24:18 +0200] "GET /studies/3f1b74ec-583d-4254-afb3-b21b6a8d8b35 HTTP/1.1" 200 1307 "-" "Go-http-client/1.1"
81.57.20.146 - - [05/Jul/2020:11:24:18 +0200] "GET /verification/subjects/3f1b74ec-583d-4254-afb3-b21b6a8d8b35/transcripts HTTP/1.1" 200 204 "-" "Go-http-client/1.1"
81.57.20.146 - - [05/Jul/2020:11:24:18 +0200] "GET /studies/f63cd367-38ff-4f31-86ae-9f89246a6f9e HTTP/1.1" 200 1286 "-" "Go-http-client/1.1"
81.57.20.146 - - [05/Jul/2020:11:24:18 +0200] "GET /verification/subjects/f63cd367-38ff-4f31-86ae-9f89246a6f9e/transcripts HTTP/1.1" 200 204 "-" "Go-http-client/1.1"
81.57.20.146 - - [05/Jul/2020:11:24:18 +0200] "GET /studies/69dfa3db-4b75-4eab-bfdc-c2c6a8b34cca HTTP/1.1" 200 1339 "-" "Go-http-client/1.1"
81.57.20.146 - - [05/Jul/2020:11:24:19 +0200] "GET /verification/subjects/69dfa3db-4b75-4eab-bfdc-c2c6a8b34cca/transcripts HTTP/1.1" 200 204 "-" "Go-http-client/1.1"
81.57.20.146 - - [05/Jul/2020:11:24:19 +0200] "GET /studies/e039ba20-406e-4da0-9ab0-477881dfb49b HTTP/1.1" 200 1232 "-" "Go-http-client/1.1"
81.57.20.146 - - [05/Jul/2020:11:24:19 +0200] "GET /verification/subjects/e039ba20-406e-4da0-9ab0-477881dfb49b/transcripts HTTP/1.1" 200 204 "-" "Go-http-client/1.1"
81.57.20.146 - - [05/Jul/2020:11:24:19 +0200] "GET /studies/4113b78a-0c07-47ce-b5c2-214edc22fee7 HTTP/1.1" 200 1137 "-" "Go-http-client/1.1"
81.57.20.146 - - [05/Jul/2020:11:24:19 +0200] "GET /verification/subjects/4113b78a-0c07-47ce-b5c2-214edc22fee7/transcripts HTTP/1.1" 200 204 "-" "Go-http-client/1.1"
81.57.20.146 - - [05/Jul/2020:11:24:19 +0200] "GET /studies/5a63288a-0e69-4081-8902-70270afed03d HTTP/1.1" 200 1516 "-" "Go-http-client/1.1"
81.57.20.146 - - [05/Jul/2020:11:24:19 +0200] "GET /verification/subjects/5a63288a-0e69-4081-8902-70270afed03d/transcripts HTTP/1.1" 200 204 "-" "Go-http-client/1.1"
81.57.20.146 - - [05/Jul/2020:11:24:19 +0200] "GET /studies/44cca43d-4d49-4cee-b513-c7c2658e7455 HTTP/1.1" 200 1540 "-" "Go-http-client/1.1"
81.57.20.146 - - [05/Jul/2020:11:24:19 +0200] "GET /verification/subjects/44cca43d-4d49-4cee-b513-c7c2658e7455/transcripts HTTP/1.1" 200 204 "-" "Go-http-client/1.1"
81.57.20.146 - - [05/Jul/2020:11:24:19 +0200] "GET /studies/af83db33-adb2-43d4-b3f8-e2112d0298f6 HTTP/1.1" 200 1588 "-" "Go-http-client/1.1"
81.57.20.146 - - [05/Jul/2020:11:24:19 +0200] "GET /verification/subjects/af83db33-adb2-43d4-b3f8-e2112d0298f6/transcripts HTTP/1.1" 200 204 "-" "Go-http-client/1.1"
81.57.20.146 - - [05/Jul/2020:11:24:19 +0200] "GET /studies/92d7c4ca-86fe-4a07-88a8-b86754df04cb HTTP/1.1" 200 972 "-" "Go-http-client/1.1"
81.57.20.146 - - [05/Jul/2020:11:24:19 +0200] "GET /verification/subjects/92d7c4ca-86fe-4a07-88a8-b86754df04cb/transcripts HTTP/1.1" 200 204 "-" "Go-http-client/1.1"
81.57.20.146 - - [05/Jul/2020:11:24:19 +0200] "GET /studies/891900d0-6b73-4d87-bed0-6485f74d418c HTTP/1.1" 200 2029 "-" "Go-http-client/1.1"
81.57.20.146 - - [05/Jul/2020:11:24:19 +0200] "GET /verification/subjects/891900d0-6b73-4d87-bed0-6485f74d418c/transcripts HTTP/1.1" 200 204 "-" "Go-http-client/1.1"
81.57.20.146 - - [05/Jul/2020:11:24:19 +0200] "GET /studies/9b4067a2-761b-42e3-98d2-586bc0e6a243 HTTP/1.1" 200 1816 "-" "Go-http-client/1.1"
81.57.20.146 - - [05/Jul/2020:11:24:19 +0200] "GET /verification/subjects/9b4067a2-761b-42e3-98d2-586bc0e6a243/transcripts HTTP/1.1" 200 204 "-" "Go-http-client/1.1"
81.57.20.146 - - [05/Jul/2020:11:24:19 +0200] "GET /studies/42128943-55f0-4e36-abe1-9200ebbd14e8 HTTP/1.1" 200 1477 "-" "Go-http-client/1.1"
81.57.20.146 - - [05/Jul/2020:11:24:19 +0200] "GET /verification/subjects/42128943-55f0-4e36-abe1-9200ebbd14e8/transcripts HTTP/1.1" 200 204 "-" "Go-http-client/1.1"
81.57.20.146 - - [05/Jul/2020:11:24:19 +0200] "GET /studies/9dde564c-968d-484e-aa9f-b83ed4bd500a HTTP/1.1" 200 1205 "-" "Go-http-client/1.1"
81.57.20.146 - - [05/Jul/2020:11:24:20 +0200] "GET /verification/subjects/9dde564c-968d-484e-aa9f-b83ed4bd500a/transcripts HTTP/1.1" 200 204 "-" "Go-http-client/1.1"
81.57.20.146 - - [05/Jul/2020:11:24:20 +0200] "GET /studies/a6693ced-880f-42aa-9042-d7f2920065c6 HTTP/1.1" 200 1836 "-" "Go-http-client/1.1"
81.57.20.146 - - [05/Jul/2020:11:24:20 +0200] "GET /verification/subjects/a6693ced-880f-42aa-9042-d7f2920065c6/transcripts HTTP/1.1" 200 223 "-" "Go-http-client/1.1"
81.57.20.146 - - [05/Jul/2020:11:24:20 +0200] "GET /studies/6c0da316-7e75-47dd-a311-7b171bd6a0d7 HTTP/1.1" 200 4925 "-" "Go-http-client/1.1"
81.57.20.146 - - [05/Jul/2020:11:24:20 +0200] "GET /verification/subjects/6c0da316-7e75-47dd-a311-7b171bd6a0d7/transcripts HTTP/1.1" 200 204 "-" "Go-http-client/1.1"
81.57.20.146 - - [05/Jul/2020:11:24:20 +0200] "GET /studies/4436eb5c-a911-467c-a02b-accbe6cbfa65 HTTP/1.1" 200 2226 "-" "Go-http-client/1.1"
81.57.20.146 - - [05/Jul/2020:11:24:20 +0200] "GET /verification/subjects/4436eb5c-a911-467c-a02b-accbe6cbfa65/transcripts HTTP/1.1" 200 204 "-" "Go-http-client/1.1"
81.57.20.146 - - [05/Jul/2020:11:24:20 +0200] "GET /studies/c8f73ec4-fc6c-44eb-abf2-e1d5c7432843 HTTP/1.1" 200 1066 "-" "Go-http-client/1.1"
81.57.20.146 - - [05/Jul/2020:11:24:20 +0200] "GET /verification/subjects/c8f73ec4-fc6c-44eb-abf2-e1d5c7432843/transcripts HTTP/1.1" 200 204 "-" "Go-http-client/1.1"
81.57.20.146 - - [05/Jul/2020:11:24:20 +0200] "GET /studies/a33aecc7-7881-49e7-ae3d-7692079fa891 HTTP/1.1" 200 1722 "-" "Go-http-client/1.1"
81.57.20.146 - - [05/Jul/2020:11:24:20 +0200] "GET /verification/subjects/a33aecc7-7881-49e7-ae3d-7692079fa891/transcripts HTTP/1.1" 200 204 "-" "Go-http-client/1.1"
81.57.20.146 - - [05/Jul/2020:11:24:20 +0200] "GET /studies/35db9000-92ac-4f52-9bd6-b43bea1db48d HTTP/1.1" 200 900 "-" "Go-http-client/1.1"
81.57.20.146 - - [05/Jul/2020:11:24:20 +0200] "GET /verification/subjects/35db9000-92ac-4f52-9bd6-b43bea1db48d/transcripts HTTP/1.1" 200 204 "-" "Go-http-client/1.1"
81.57.20.146 - - [05/Jul/2020:11:24:20 +0200] "GET /studies/9b278c96-9d8c-4fe9-aa53-e2db12b3590a HTTP/1.1" 200 1567 "-" "Go-http-client/1.1"
81.57.20.146 - - [05/Jul/2020:11:24:20 +0200] "GET /verification/subjects/9b278c96-9d8c-4fe9-aa53-e2db12b3590a/transcripts HTTP/1.1" 200 204 "-" "Go-http-client/1.1"
81.57.20.146 - - [05/Jul/2020:11:24:20 +0200] "GET /studies/e3dcef15-0050-4518-a575-ac1686b4b4ea HTTP/1.1" 200 1750 "-" "Go-http-client/1.1"
81.57.20.146 - - [05/Jul/2020:11:24:20 +0200] "GET /verification/subjects/e3dcef15-0050-4518-a575-ac1686b4b4ea/transcripts HTTP/1.1" 200 204 "-" "Go-http-client/1.1"
81.57.20.146 - - [05/Jul/2020:11:24:20 +0200] "GET /studies/411a3ce7-886c-41a0-949d-aad032b16f98 HTTP/1.1" 200 1519 "-" "Go-http-client/1.1"
81.57.20.146 - - [05/Jul/2020:11:24:20 +0200] "GET /verification/subjects/411a3ce7-886c-41a0-949d-aad032b16f98/transcripts HTTP/1.1" 200 204 "-" "Go-http-client/1.1"
81.57.20.146 - - [05/Jul/2020:11:24:20 +0200] "GET /studies/fdbd50ca-00a6-4e18-95c6-18013f8d43dd HTTP/1.1" 200 2860 "-" "Go-http-client/1.1"
81.57.20.146 - - [05/Jul/2020:11:24:20 +0200] "GET /verification/subjects/fdbd50ca-00a6-4e18-95c6-18013f8d43dd/transcripts HTTP/1.1" 200 204 "-" "Go-http-client/1.1"
81.57.20.146 - - [05/Jul/2020:11:24:21 +0200] "GET /studies/8c18a82d-347d-4128-a568-5e9b2ab7302c HTTP/1.1" 200 1722 "-" "Go-http-client/1.1"
81.57.20.146 - - [05/Jul/2020:11:24:21 +0200] "GET /verification/subjects/8c18a82d-347d-4128-a568-5e9b2ab7302c/transcripts HTTP/1.1" 200 204 "-" "Go-http-client/1.1"
81.57.20.146 - - [05/Jul/2020:11:24:21 +0200] "GET /studies/a70f3373-4b72-459a-89d2-64349c9e8aae HTTP/1.1" 200 1835 "-" "Go-http-client/1.1"
81.57.20.146 - - [05/Jul/2020:11:24:21 +0200] "GET /verification/subjects/a70f3373-4b72-459a-89d2-64349c9e8aae/transcripts HTTP/1.1" 200 204 "-" "Go-http-client/1.1"
81.57.20.146 - - [05/Jul/2020:11:24:21 +0200] "GET /studies/5980371e-3e6a-4f95-90eb-3ee63cad949a HTTP/1.1" 200 989 "-" "Go-http-client/1.1"
81.57.20.146 - - [05/Jul/2020:11:24:21 +0200] "GET /verification/subjects/5980371e-3e6a-4f95-90eb-3ee63cad949a/transcripts HTTP/1.1" 200 204 "-" "Go-http-client/1.1"
81.57.20.146 - - [05/Jul/2020:11:24:21 +0200] "GET /studies/600733b2-a801-44a9-99c8-50237313e1fa HTTP/1.1" 200 1191 "-" "Go-http-client/1.1"
81.57.20.146 - - [05/Jul/2020:11:24:21 +0200] "GET /verification/subjects/600733b2-a801-44a9-99c8-50237313e1fa/transcripts HTTP/1.1" 200 204 "-" "Go-http-client/1.1"
81.57.20.146 - - [05/Jul/2020:11:24:21 +0200] "GET /studies/1d96f978-1674-4728-a692-ebb3eef06c6d HTTP/1.1" 200 1567 "-" "Go-http-client/1.1"
81.57.20.146 - - [05/Jul/2020:11:24:21 +0200] "GET /verification/subjects/1d96f978-1674-4728-a692-ebb3eef06c6d/transcripts HTTP/1.1" 200 204 "-" "Go-http-client/1.1"
81.57.20.146 - - [05/Jul/2020:11:24:21 +0200] "GET /studies/92bb1ce8-1908-4cb0-b803-95974d59f635 HTTP/1.1" 200 2888 "-" "Go-http-client/1.1"
81.57.20.146 - - [05/Jul/2020:11:24:21 +0200] "GET /verification/subjects/92bb1ce8-1908-4cb0-b803-95974d59f635/transcripts HTTP/1.1" 200 204 "-" "Go-http-client/1.1"
81.57.20.146 - - [05/Jul/2020:11:24:21 +0200] "GET /studies/87a93133-127e-4b0a-9fd7-c79deb566cdf HTTP/1.1" 200 2900 "-" "Go-http-client/1.1"
81.57.20.146 - - [05/Jul/2020:11:24:21 +0200] "GET /verification/subjects/87a93133-127e-4b0a-9fd7-c79deb566cdf/transcripts HTTP/1.1" 200 204 "-" "Go-http-client/1.1"
81.57.20.146 - - [05/Jul/2020:11:24:21 +0200] "GET /studies/ddac399d-5e3d-42d5-9b7f-c796e2f8020b HTTP/1.1" 200 1066 "-" "Go-http-client/1.1"
81.57.20.146 - - [05/Jul/2020:11:24:21 +0200] "GET /verification/subjects/ddac399d-5e3d-42d5-9b7f-c796e2f8020b/transcripts HTTP/1.1" 200 204 "-" "Go-http-client/1.1"
81.57.20.146 - - [05/Jul/2020:11:24:21 +0200] "GET /studies/569ebd8c-1299-42c2-9377-571a1b4f9d7d HTTP/1.1" 200 1804 "-" "Go-http-client/1.1"
81.57.20.146 - - [05/Jul/2020:11:24:21 +0200] "GET /verification/subjects/569ebd8c-1299-42c2-9377-571a1b4f9d7d/transcripts HTTP/1.1" 200 204 "-" "Go-http-client/1.1"
81.57.20.146 - - [05/Jul/2020:11:24:21 +0200] "GET /studies/2f02cbd0-c433-4734-94ee-2a52c5598d3f HTTP/1.1" 200 2829 "-" "Go-http-client/1.1"
81.57.20.146 - - [05/Jul/2020:11:24:21 +0200] "GET /verification/subjects/2f02cbd0-c433-4734-94ee-2a52c5598d3f/transcripts HTTP/1.1" 200 747 "-" "Go-http-client/1.1"
81.57.20.146 - - [05/Jul/2020:11:24:22 +0200] "GET /studies/8c877ef1-69df-4b16-8f2a-d250c3fb7ea9 HTTP/1.1" 200 1564 "-" "Go-http-client/1.1"
81.57.20.146 - - [05/Jul/2020:11:24:22 +0200] "GET /verification/subjects/8c877ef1-69df-4b16-8f2a-d250c3fb7ea9/transcripts HTTP/1.1" 200 204 "-" "Go-http-client/1.1"
81.57.20.146 - - [05/Jul/2020:11:24:22 +0200] "GET /studies/ec3d575c-5aa0-4008-b1bf-43964d2446c5 HTTP/1.1" 200 1582 "-" "Go-http-client/1.1"
81.57.20.146 - - [05/Jul/2020:11:24:22 +0200] "GET /verification/subjects/ec3d575c-5aa0-4008-b1bf-43964d2446c5/transcripts HTTP/1.1" 200 204 "-" "Go-http-client/1.1"
81.57.20.146 - - [05/Jul/2020:11:24:22 +0200] "GET /studies/4e0f5074-451a-46ed-b894-870f575efd80 HTTP/1.1" 200 1502 "-" "Go-http-client/1.1"
81.57.20.146 - - [05/Jul/2020:11:24:22 +0200] "GET /verification/subjects/4e0f5074-451a-46ed-b894-870f575efd80/transcripts HTTP/1.1" 200 204 "-" "Go-http-client/1.1"
81.57.20.146 - - [05/Jul/2020:11:24:22 +0200] "GET /studies/4d4d0664-3f38-4e27-8c07-e1c354818fae HTTP/1.1" 200 1535 "-" "Go-http-client/1.1"
81.57.20.146 - - [05/Jul/2020:11:24:22 +0200] "GET /verification/subjects/4d4d0664-3f38-4e27-8c07-e1c354818fae/transcripts HTTP/1.1" 200 204 "-" "Go-http-client/1.1"
81.57.20.146 - - [05/Jul/2020:11:24:22 +0200] "GET /studies/3896f229-88fd-4834-b657-a97cd85986bc HTTP/1.1" 200 1107 "-" "Go-http-client/1.1"
81.57.20.146 - - [05/Jul/2020:11:24:22 +0200] "GET /verification/subjects/3896f229-88fd-4834-b657-a97cd85986bc/transcripts HTTP/1.1" 200 204 "-" "Go-http-client/1.1"
81.57.20.146 - - [05/Jul/2020:11:24:22 +0200] "GET /studies/deee907e-3398-4deb-a5e9-0abb283fc29c HTTP/1.1" 200 1058 "-" "Go-http-client/1.1"
81.57.20.146 - - [05/Jul/2020:11:24:22 +0200] "GET /verification/subjects/deee907e-3398-4deb-a5e9-0abb283fc29c/transcripts HTTP/1.1" 200 204 "-" "Go-http-client/1.1"
81.57.20.146 - - [05/Jul/2020:11:24:22 +0200] "GET /studies/8296a8e7-36f1-42fd-bd90-9577ca8433ee HTTP/1.1" 200 1224 "-" "Go-http-client/1.1"
81.57.20.146 - - [05/Jul/2020:11:24:22 +0200] "GET /verification/subjects/8296a8e7-36f1-42fd-bd90-9577ca8433ee/transcripts HTTP/1.1" 200 204 "-" "Go-http-client/1.1"
81.57.20.146 - - [05/Jul/2020:11:24:22 +0200] "GET /studies/e9c2d051-799c-4020-ac2c-8769daea2d83 HTTP/1.1" 200 1355 "-" "Go-http-client/1.1"
81.57.20.146 - - [05/Jul/2020:11:24:22 +0200] "GET /verification/subjects/e9c2d051-799c-4020-ac2c-8769daea2d83/transcripts HTTP/1.1" 200 204 "-" "Go-http-client/1.1"
81.57.20.146 - - [05/Jul/2020:11:24:22 +0200] "GET /studies/4658954f-9113-44d5-92a8-0919d1973818 HTTP/1.1" 200 1706 "-" "Go-http-client/1.1"
81.57.20.146 - - [05/Jul/2020:11:24:22 +0200] "GET /verification/subjects/4658954f-9113-44d5-92a8-0919d1973818/transcripts HTTP/1.1" 200 204 "-" "Go-http-client/1.1"
81.57.20.146 - - [05/Jul/2020:11:24:22 +0200] "GET /studies/c3896c25-cddf-49ed-ac50-5bdb4a5e15d4 HTTP/1.1" 200 1629 "-" "Go-http-client/1.1"
81.57.20.146 - - [05/Jul/2020:11:24:22 +0200] "GET /verification/subjects/c3896c25-cddf-49ed-ac50-5bdb4a5e15d4/transcripts HTTP/1.1" 200 204 "-" "Go-http-client/1.1"
81.57.20.146 - - [05/Jul/2020:11:24:22 +0200] "GET /studies/b4c18904-0b2b-4753-883e-072f16d339da HTTP/1.1" 200 1231 "-" "Go-http-client/1.1"
81.57.20.146 - - [05/Jul/2020:11:24:23 +0200] "GET /verification/subjects/b4c18904-0b2b-4753-883e-072f16d339da/transcripts HTTP/1.1" 200 204 "-" "Go-http-client/1.1"
81.57.20.146 - - [05/Jul/2020:11:24:23 +0200] "GET /studies/cf5af1ba-ef93-4cc5-9fc0-29133b5d9b6b HTTP/1.1" 200 1145 "-" "Go-http-client/1.1"
81.57.20.146 - - [05/Jul/2020:11:24:23 +0200] "GET /verification/subjects/cf5af1ba-ef93-4cc5-9fc0-29133b5d9b6b/transcripts HTTP/1.1" 200 204 "-" "Go-http-client/1.1"
81.57.20.146 - - [05/Jul/2020:11:24:23 +0200] "GET /studies/7752b1f1-6e61-4b3b-b163-211415d6485a HTTP/1.1" 200 1774 "-" "Go-http-client/1.1"
81.57.20.146 - - [05/Jul/2020:11:24:23 +0200] "GET /verification/subjects/7752b1f1-6e61-4b3b-b163-211415d6485a/transcripts HTTP/1.1" 200 204 "-" "Go-http-client/1.1"
81.57.20.146 - - [05/Jul/2020:11:24:23 +0200] "GET /studies/c4bbc5ce-84a7-44ac-88bc-597083279c56 HTTP/1.1" 200 1338 "-" "Go-http-client/1.1"
81.57.20.146 - - [05/Jul/2020:11:24:23 +0200] "GET /verification/subjects/c4bbc5ce-84a7-44ac-88bc-597083279c56/transcripts HTTP/1.1" 200 204 "-" "Go-http-client/1.1"
81.57.20.146 - - [05/Jul/2020:11:24:23 +0200] "GET /studies/c57eadf6-530f-4912-98e4-5700dd42e7d5 HTTP/1.1" 200 2527 "-" "Go-http-client/1.1"
81.57.20.146 - - [05/Jul/2020:11:24:23 +0200] "GET /verification/subjects/c57eadf6-530f-4912-98e4-5700dd42e7d5/transcripts HTTP/1.1" 200 204 "-" "Go-http-client/1.1"
81.57.20.146 - - [05/Jul/2020:11:24:23 +0200] "GET /studies/7cf17f83-d9e4-43e8-8eba-489ff8a2286c HTTP/1.1" 200 2721 "-" "Go-http-client/1.1"
81.57.20.146 - - [05/Jul/2020:11:24:23 +0200] "GET /verification/subjects/7cf17f83-d9e4-43e8-8eba-489ff8a2286c/transcripts HTTP/1.1" 200 204 "-" "Go-http-client/1.1"
81.57.20.146 - - [05/Jul/2020:11:24:23 +0200] "GET /studies/fa709e3e-5164-4021-8492-9466cf27cf8c HTTP/1.1" 200 1683 "-" "Go-http-client/1.1"
81.57.20.146 - - [05/Jul/2020:11:24:23 +0200] "GET /verification/subjects/fa709e3e-5164-4021-8492-9466cf27cf8c/transcripts HTTP/1.1" 200 204 "-" "Go-http-client/1.1"
81.57.20.146 - - [05/Jul/2020:11:24:23 +0200] "GET /studies/56533e5a-5d69-43e6-a08b-dd056e3968e6 HTTP/1.1" 200 930 "-" "Go-http-client/1.1"
81.57.20.146 - - [05/Jul/2020:11:24:23 +0200] "GET /verification/subjects/56533e5a-5d69-43e6-a08b-dd056e3968e6/transcripts HTTP/1.1" 200 204 "-" "Go-http-client/1.1"
81.57.20.146 - - [05/Jul/2020:11:24:23 +0200] "GET /studies/f72fea64-13e4-4502-9a0c-af34fa922d99 HTTP/1.1" 200 1387 "-" "Go-http-client/1.1"
81.57.20.146 - - [05/Jul/2020:11:24:23 +0200] "GET /verification/subjects/f72fea64-13e4-4502-9a0c-af34fa922d99/transcripts HTTP/1.1" 200 204 "-" "Go-http-client/1.1"
81.57.20.146 - - [05/Jul/2020:11:24:23 +0200] "GET /studies/045d5d69-110c-45c8-83e1-d730c8f4a4df HTTP/1.1" 200 1259 "-" "Go-http-client/1.1"
81.57.20.146 - - [05/Jul/2020:11:24:23 +0200] "GET /verification/subjects/045d5d69-110c-45c8-83e1-d730c8f4a4df/transcripts HTTP/1.1" 200 204 "-" "Go-http-client/1.1"
81.57.20.146 - - [05/Jul/2020:11:24:23 +0200] "GET /studies/c8a33b2d-1b83-4d7b-be52-6ecf3a2dbbd4 HTTP/1.1" 200 1353 "-" "Go-http-client/1.1"
81.57.20.146 - - [05/Jul/2020:11:24:23 +0200] "GET /verification/subjects/c8a33b2d-1b83-4d7b-be52-6ecf3a2dbbd4/transcripts HTTP/1.1" 200 204 "-" "Go-http-client/1.1"
81.57.20.146 - - [05/Jul/2020:11:24:23 +0200] "GET /studies/06d5072d-1452-492a-ac3b-c21c184588ef HTTP/1.1" 200 1091 "-" "Go-http-client/1.1"
81.57.20.146 - - [05/Jul/2020:11:24:23 +0200] "GET /verification/subjects/06d5072d-1452-492a-ac3b-c21c184588ef/transcripts HTTP/1.1" 200 204 "-" "Go-http-client/1.1"
81.57.20.146 - - [05/Jul/2020:11:24:24 +0200] "GET /studies/f7bd7dd0-583a-4eb5-9262-f86d686da11a HTTP/1.1" 200 1244 "-" "Go-http-client/1.1"
81.57.20.146 - - [05/Jul/2020:11:24:24 +0200] "GET /verification/subjects/f7bd7dd0-583a-4eb5-9262-f86d686da11a/transcripts HTTP/1.1" 200 204 "-" "Go-http-client/1.1"
81.57.20.146 - - [05/Jul/2020:11:24:24 +0200] "GET /studies/bd0f0166-57cc-423b-837a-c49668e7195e HTTP/1.1" 200 1502 "-" "Go-http-client/1.1"
81.57.20.146 - - [05/Jul/2020:11:24:24 +0200] "GET /verification/subjects/bd0f0166-57cc-423b-837a-c49668e7195e/transcripts HTTP/1.1" 200 204 "-" "Go-http-client/1.1"
81.57.20.146 - - [05/Jul/2020:11:24:24 +0200] "GET /studies/546df6fc-78b3-4c29-81d5-719683a3e2b9 HTTP/1.1" 200 1251 "-" "Go-http-client/1.1"
81.57.20.146 - - [05/Jul/2020:11:24:24 +0200] "GET /verification/subjects/546df6fc-78b3-4c29-81d5-719683a3e2b9/transcripts HTTP/1.1" 200 204 "-" "Go-http-client/1.1"
81.57.20.146 - - [05/Jul/2020:11:24:24 +0200] "GET /studies/2f088436-d135-4d79-af64-b0b9899df587 HTTP/1.1" 200 1931 "-" "Go-http-client/1.1"
81.57.20.146 - - [05/Jul/2020:11:24:24 +0200] "GET /verification/subjects/2f088436-d135-4d79-af64-b0b9899df587/transcripts HTTP/1.1" 200 204 "-" "Go-http-client/1.1"
81.57.20.146 - - [05/Jul/2020:11:24:24 +0200] "GET /studies/68c5d4df-3da0-483e-b73f-6735ac7fa7b0 HTTP/1.1" 200 2270 "-" "Go-http-client/1.1"
81.57.20.146 - - [05/Jul/2020:11:24:24 +0200] "GET /verification/subjects/68c5d4df-3da0-483e-b73f-6735ac7fa7b0/transcripts HTTP/1.1" 200 204 "-" "Go-http-client/1.1"
81.57.20.146 - - [05/Jul/2020:11:24:24 +0200] "GET /studies/f89e3fe9-6982-4da1-9813-97196738f4e3 HTTP/1.1" 200 978 "-" "Go-http-client/1.1"
81.57.20.146 - - [05/Jul/2020:11:24:24 +0200] "GET /verification/subjects/f89e3fe9-6982-4da1-9813-97196738f4e3/transcripts HTTP/1.1" 200 204 "-" "Go-http-client/1.1"
81.57.20.146 - - [05/Jul/2020:11:24:24 +0200] "GET /studies/4e591908-8298-4ffa-9eab-a5b6d14ea921 HTTP/1.1" 200 1066 "-" "Go-http-client/1.1"
81.57.20.146 - - [05/Jul/2020:11:24:24 +0200] "GET /verification/subjects/4e591908-8298-4ffa-9eab-a5b6d14ea921/transcripts HTTP/1.1" 200 204 "-" "Go-http-client/1.1"
81.57.20.146 - - [05/Jul/2020:11:24:24 +0200] "GET /studies/58574247-b9d7-4096-9f16-ced1078dfaa5 HTTP/1.1" 200 1462 "-" "Go-http-client/1.1"
81.57.20.146 - - [05/Jul/2020:11:24:24 +0200] "GET /verification/subjects/58574247-b9d7-4096-9f16-ced1078dfaa5/transcripts HTTP/1.1" 200 204 "-" "Go-http-client/1.1"
81.57.20.146 - - [05/Jul/2020:11:24:24 +0200] "GET /studies/6d0a0a21-b937-48c1-bb86-d93192974b03 HTTP/1.1" 200 1387 "-" "Go-http-client/1.1"
81.57.20.146 - - [05/Jul/2020:11:24:24 +0200] "GET /verification/subjects/6d0a0a21-b937-48c1-bb86-d93192974b03/transcripts HTTP/1.1" 200 204 "-" "Go-http-client/1.1"
81.57.20.146 - - [05/Jul/2020:11:24:24 +0200] "GET /studies/2599163c-8cc6-4d76-8945-39b14b1d74d8 HTTP/1.1" 200 1605 "-" "Go-http-client/1.1"
81.57.20.146 - - [05/Jul/2020:11:24:24 +0200] "GET /verification/subjects/2599163c-8cc6-4d76-8945-39b14b1d74d8/transcripts HTTP/1.1" 200 3283 "-" "Go-http-client/1.1"
81.57.20.146 - - [05/Jul/2020:11:24:25 +0200] "GET /studies/288a7e30-2005-4031-827c-17b9f48d8d3a HTTP/1.1" 200 1132 "-" "Go-http-client/1.1"
81.57.20.146 - - [05/Jul/2020:11:24:25 +0200] "GET /verification/subjects/288a7e30-2005-4031-827c-17b9f48d8d3a/transcripts HTTP/1.1" 200 204 "-" "Go-http-client/1.1"
81.57.20.146 - - [05/Jul/2020:11:24:25 +0200] "GET /studies/ce2e95f6-8a45-4f79-a1cd-c3e2aa3157f3 HTTP/1.1" 200 1641 "-" "Go-http-client/1.1"
81.57.20.146 - - [05/Jul/2020:11:24:25 +0200] "GET /verification/subjects/ce2e95f6-8a45-4f79-a1cd-c3e2aa3157f3/transcripts HTTP/1.1" 200 204 "-" "Go-http-client/1.1"
81.57.20.146 - - [05/Jul/2020:11:24:25 +0200] "GET /studies/5e47ba60-1166-4a48-bcd4-6cf8c41c6c30 HTTP/1.1" 200 1175 "-" "Go-http-client/1.1"
81.57.20.146 - - [05/Jul/2020:11:24:25 +0200] "GET /verification/subjects/5e47ba60-1166-4a48-bcd4-6cf8c41c6c30/transcripts HTTP/1.1" 200 204 "-" "Go-http-client/1.1"
81.57.20.146 - - [05/Jul/2020:11:24:25 +0200] "GET /studies/1ba2b7b0-dddf-453c-8988-855520ecbfb6 HTTP/1.1" 200 1971 "-" "Go-http-client/1.1"
81.57.20.146 - - [05/Jul/2020:11:24:25 +0200] "GET /verification/subjects/1ba2b7b0-dddf-453c-8988-855520ecbfb6/transcripts HTTP/1.1" 200 204 "-" "Go-http-client/1.1"
81.57.20.146 - - [05/Jul/2020:11:24:25 +0200] "GET /studies/06f3a2bb-703f-4a80-8a9e-e4028ab3bd02 HTTP/1.1" 200 1864 "-" "Go-http-client/1.1"
81.57.20.146 - - [05/Jul/2020:11:24:25 +0200] "GET /verification/subjects/06f3a2bb-703f-4a80-8a9e-e4028ab3bd02/transcripts HTTP/1.1" 200 204 "-" "Go-http-client/1.1"
81.57.20.146 - - [05/Jul/2020:11:24:25 +0200] "GET /studies/f343a7b3-cce0-4c88-ab6b-1694ee366742 HTTP/1.1" 200 1201 "-" "Go-http-client/1.1"
81.57.20.146 - - [05/Jul/2020:11:24:25 +0200] "GET /verification/subjects/f343a7b3-cce0-4c88-ab6b-1694ee366742/transcripts HTTP/1.1" 200 204 "-" "Go-http-client/1.1"
81.57.20.146 - - [05/Jul/2020:11:24:25 +0200] "GET /studies/50a85d88-c0b2-4a1b-877e-0e32a8416d6c HTTP/1.1" 200 2235 "-" "Go-http-client/1.1"
81.57.20.146 - - [05/Jul/2020:11:24:25 +0200] "GET /verification/subjects/50a85d88-c0b2-4a1b-877e-0e32a8416d6c/transcripts HTTP/1.1" 200 204 "-" "Go-http-client/1.1"
81.57.20.146 - - [05/Jul/2020:11:24:25 +0200] "GET /studies/580642da-503e-4bf9-9f85-edb100ebeccb HTTP/1.1" 200 1476 "-" "Go-http-client/1.1"
81.57.20.146 - - [05/Jul/2020:11:24:25 +0200] "GET /verification/subjects/580642da-503e-4bf9-9f85-edb100ebeccb/transcripts HTTP/1.1" 200 204 "-" "Go-http-client/1.1"
81.57.20.146 - - [05/Jul/2020:11:24:25 +0200] "GET /studies/c2807517-efb5-4af4-be7d-30bd2562377e HTTP/1.1" 200 1296 "-" "Go-http-client/1.1"
81.57.20.146 - - [05/Jul/2020:11:24:25 +0200] "GET /verification/subjects/c2807517-efb5-4af4-be7d-30bd2562377e/transcripts HTTP/1.1" 200 204 "-" "Go-http-client/1.1"
81.57.20.146 - - [05/Jul/2020:11:24:25 +0200] "GET /studies/c0551a92-3eab-4285-b285-9dfcf3af34cb HTTP/1.1" 200 1932 "-" "Go-http-client/1.1"
81.57.20.146 - - [05/Jul/2020:11:24:25 +0200] "GET /verification/subjects/c0551a92-3eab-4285-b285-9dfcf3af34cb/transcripts HTTP/1.1" 200 204 "-" "Go-http-client/1.1"
81.57.20.146 - - [05/Jul/2020:11:24:26 +0200] "GET /studies/65445332-e333-4dcb-a3ea-1183637e2d58 HTTP/1.1" 200 1763 "-" "Go-http-client/1.1"
81.57.20.146 - - [05/Jul/2020:11:24:26 +0200] "GET /verification/subjects/65445332-e333-4dcb-a3ea-1183637e2d58/transcripts HTTP/1.1" 200 204 "-" "Go-http-client/1.1"
81.57.20.146 - - [05/Jul/2020:11:24:26 +0200] "GET /studies/4443aef1-54dd-4c15-b7e3-4aa8a714bdd8 HTTP/1.1" 200 2242 "-" "Go-http-client/1.1"
81.57.20.146 - - [05/Jul/2020:11:24:26 +0200] "GET /verification/subjects/4443aef1-54dd-4c15-b7e3-4aa8a714bdd8/transcripts HTTP/1.1" 200 204 "-" "Go-http-client/1.1"
81.57.20.146 - - [05/Jul/2020:11:24:26 +0200] "GET /studies/f5dd938e-2606-4070-ba28-de263f46bafe HTTP/1.1" 200 1783 "-" "Go-http-client/1.1"
81.57.20.146 - - [05/Jul/2020:11:24:26 +0200] "GET /verification/subjects/f5dd938e-2606-4070-ba28-de263f46bafe/transcripts HTTP/1.1" 200 204 "-" "Go-http-client/1.1"
51.255.43.108 - - [05/Jul/2020:11:25:00 +0200] "POST /tokens/jwt HTTP/1.1" 201 3472 "-" "GuzzleHttp/6.5.1 curl/7.52.1 PHP/7.1.33-8+0~20200202.31+debian9~1.gbp266c28"
51.255.43.108 - - [05/Jul/2020:11:25:01 +0200] "POST /tokens/jwt HTTP/1.1" 201 3472 "-" "GuzzleHttp/6.5.1 curl/7.52.1 PHP/7.1.33-8+0~20200202.31+debian9~1.gbp266c28"
51.255.43.108 - - [05/Jul/2020:11:25:01 +0200] "POST /emails/process/take HTTP/1.1" 404 240 "-" "GuzzleHttp/6.5.1 curl/7.52.1 PHP/7.1.33-8+0~20200202.31+debian9~1.gbp266c28"
51.255.43.108 - - [05/Jul/2020:11:26:00 +0200] "POST /tokens/jwt HTTP/1.1" 201 3472 "-" "GuzzleHttp/6.5.1 curl/7.52.1 PHP/7.1.33-8+0~20200202.31+debian9~1.gbp266c28"
51.255.43.108 - - [05/Jul/2020:11:26:01 +0200] "POST /tokens/jwt HTTP/1.1" 201 3472 "-" "GuzzleHttp/6.5.1 curl/7.52.1 PHP/7.1.33-8+0~20200202.31+debian9~1.gbp266c28"
51.255.43.108 - - [05/Jul/2020:11:26:01 +0200] "POST /emails/process/take HTTP/1.1" 404 240 "-" "GuzzleHttp/6.5.1 curl/7.52.1 PHP/7.1.33-8+0~20200202.31+debian9~1.gbp266c28"
51.255.43.108 - - [05/Jul/2020:11:27:00 +0200] "POST /tokens/jwt HTTP/1.1" 201 3472 "-" "GuzzleHttp/6.5.1 curl/7.52.1 PHP/7.1.33-8+0~20200202.31+debian9~1.gbp266c28"
51.255.43.108 - - [05/Jul/2020:11:27:01 +0200] "POST /tokens/jwt HTTP/1.1" 201 3472 "-" "GuzzleHttp/6.5.1 curl/7.52.1 PHP/7.1.33-8+0~20200202.31+debian9~1.gbp266c28"
51.255.43.108 - - [05/Jul/2020:11:27:01 +0200] "POST /emails/process/take HTTP/1.1" 404 240 "-" "GuzzleHttp/6.5.1 curl/7.52.1 PHP/7.1.33-8+0~20200202.31+debian9~1.gbp266c28"
51.210.12.113 - - [05/Jul/2020:11:28:00 +0200] "GET /studies?limit=100&offset=0&filter[gt_caDate]=2020-07-05%2006%3A28%3A00 HTTP/1.1" 200 3330 "-" "Go-http-client/1.1"
51.255.43.108 - - [05/Jul/2020:11:28:00 +0200] "POST /tokens/jwt HTTP/1.1" 201 3472 "-" "GuzzleHttp/6.5.1 curl/7.52.1 PHP/7.1.33-8+0~20200202.31+debian9~1.gbp266c28"
51.255.43.108 - - [05/Jul/2020:11:28:01 +0200] "POST /tokens/jwt HTTP/1.1" 201 3472 "-" "GuzzleHttp/6.5.1 curl/7.52.1 PHP/7.1.33-8+0~20200202.31+debian9~1.gbp266c28"
51.255.43.108 - - [05/Jul/2020:11:28:01 +0200] "POST /emails/process/take HTTP/1.1" 404 240 "-" "GuzzleHttp/6.5.1 curl/7.52.1 PHP/7.1.33-8+0~20200202.31+debian9~1.gbp266c28"
51.255.43.108 - - [05/Jul/2020:11:29:00 +0200] "POST /tokens/jwt HTTP/1.1" 201 3472 "-" "GuzzleHttp/6.5.1 curl/7.52.1 PHP/7.1.33-8+0~20200202.31+debian9~1.gbp266c28"
51.255.43.108 - - [05/Jul/2020:11:29:01 +0200] "POST /tokens/jwt HTTP/1.1" 201 3472 "-" "GuzzleHttp/6.5.1 curl/7.52.1 PHP/7.1.33-8+0~20200202.31+debian9~1.gbp266c28"
51.255.43.108 - - [05/Jul/2020:11:29:01 +0200] "POST /emails/process/take HTTP/1.1" 404 240 "-" "GuzzleHttp/6.5.1 curl/7.52.1 PHP/7.1.33-8+0~20200202.31+debian9~1.gbp266c28"
51.255.43.108 - - [05/Jul/2020:11:30:00 +0200] "POST /tokens/jwt HTTP/1.1" 201 3472 "-" "GuzzleHttp/6.5.1 curl/7.52.1 PHP/7.1.33-8+0~20200202.31+debian9~1.gbp266c28"
51.255.43.108 - - [05/Jul/2020:11:30:01 +0200] "POST /tokens/jwt HTTP/1.1" 201 3472 "-" "GuzzleHttp/6.5.1 curl/7.52.1 PHP/7.1.33-8+0~20200202.31+debian9~1.gbp266c28"
51.255.43.108 - - [05/Jul/2020:11:30:01 +0200] "POST /emails/process/take HTTP/1.1" 404 240 "-" "GuzzleHttp/6.5.1 curl/7.52.1 PHP/7.1.33-8+0~20200202.31+debian9~1.gbp266c28"
51.255.43.108 - - [05/Jul/2020:11:31:00 +0200] "POST /tokens/jwt HTTP/1.1" 201 3472 "-" "GuzzleHttp/6.5.1 curl/7.52.1 PHP/7.1.33-8+0~20200202.31+debian9~1.gbp266c28"
51.255.43.108 - - [05/Jul/2020:11:31:01 +0200] "POST /tokens/jwt HTTP/1.1" 201 3472 "-" "GuzzleHttp/6.5.1 curl/7.52.1 PHP/7.1.33-8+0~20200202.31+debian9~1.gbp266c28"
51.255.43.108 - - [05/Jul/2020:11:31:01 +0200] "POST /emails/process/take HTTP/1.1" 404 240 "-" "GuzzleHttp/6.5.1 curl/7.52.1 PHP/7.1.33-8+0~20200202.31+debian9~1.gbp266c28"
51.255.43.108 - - [05/Jul/2020:11:32:00 +0200] "POST /tokens/jwt HTTP/1.1" 201 3472 "-" "GuzzleHttp/6.5.1 curl/7.52.1 PHP/7.1.33-8+0~20200202.31+debian9~1.gbp266c28"
51.255.43.108 - - [05/Jul/2020:11:32:01 +0200] "POST /tokens/jwt HTTP/1.1" 201 3472 "-" "GuzzleHttp/6.5.1 curl/7.52.1 PHP/7.1.33-8+0~20200202.31+debian9~1.gbp266c28"
51.255.43.108 - - [05/Jul/2020:11:32:01 +0200] "POST /emails/process/take HTTP/1.1" 404 240 "-" "GuzzleHttp/6.5.1 curl/7.52.1 PHP/7.1.33-8+0~20200202.31+debian9~1.gbp266c28"
216.245.221.83 - - [05/Jul/2020:11:32:42 +0200] "GET /users HTTP/1.1" 401 3537 "https://api.everycheck.com/users" "Mozilla/5.0+(compatible; UptimeRobot/2.0; http://www.uptimerobot.com/)"
51.255.43.108 - - [05/Jul/2020:11:33:00 +0200] "POST /tokens/jwt HTTP/1.1" 201 3472 "-" "GuzzleHttp/6.5.1 curl/7.52.1 PHP/7.1.33-8+0~20200202.31+debian9~1.gbp266c28"
51.255.43.108 - - [05/Jul/2020:11:33:01 +0200] "POST /tokens/jwt HTTP/1.1" 201 3472 "-" "GuzzleHttp/6.5.1 curl/7.52.1 PHP/7.1.33-8+0~20200202.31+debian9~1.gbp266c28"
51.255.43.108 - - [05/Jul/2020:11:33:01 +0200] "POST /emails/process/take HTTP/1.1" 404 240 "-" "GuzzleHttp/6.5.1 curl/7.52.1 PHP/7.1.33-8+0~20200202.31+debian9~1.gbp266c28"
51.210.12.113 - - [05/Jul/2020:11:34:00 +0200] "GET /studies?limit=100&offset=0&filter[gt_caDate]=2020-07-05%2006%3A34%3A00&filter[cfKind]=agreement HTTP/1.1" 200 3330 "-" "Go-http-client/1.1"
51.255.43.108 - - [05/Jul/2020:11:34:00 +0200] "POST /tokens/jwt HTTP/1.1" 201 3472 "-" "GuzzleHttp/6.5.1 curl/7.52.1 PHP/7.1.33-8+0~20200202.31+debian9~1.gbp266c28"
51.255.43.108 - - [05/Jul/2020:11:34:01 +0200] "POST /tokens/jwt HTTP/1.1" 201 3472 "-" "GuzzleHttp/6.5.1 curl/7.52.1 PHP/7.1.33-8+0~20200202.31+debian9~1.gbp266c28"
51.255.43.108 - - [05/Jul/2020:11:34:01 +0200] "POST /emails/process/take HTTP/1.1" 404 240 "-" "GuzzleHttp/6.5.1 curl/7.52.1 PHP/7.1.33-8+0~20200202.31+debian9~1.gbp266c28"
51.255.43.108 - - [05/Jul/2020:11:35:00 +0200] "POST /tokens/jwt HTTP/1.1" 201 3472 "-" "GuzzleHttp/6.5.1 curl/7.52.1 PHP/7.1.33-8+0~20200202.31+debian9~1.gbp266c28"
51.255.43.108 - - [05/Jul/2020:11:35:01 +0200] "POST /tokens/jwt HTTP/1.1" 201 3472 "-" "GuzzleHttp/6.5.1 curl/7.52.1 PHP/7.1.33-8+0~20200202.31+debian9~1.gbp266c28"
51.255.43.108 - - [05/Jul/2020:11:35:01 +0200] "POST /emails/process/take HTTP/1.1" 404 240 "-" "GuzzleHttp/6.5.1 curl/7.52.1 PHP/7.1.33-8+0~20200202.31+debian9~1.gbp266c28"
51.255.43.108 - - [05/Jul/2020:11:36:00 +0200] "POST /tokens/jwt HTTP/1.1" 201 3472 "-" "GuzzleHttp/6.5.1 curl/7.52.1 PHP/7.1.33-8+0~20200202.31+debian9~1.gbp266c28"
51.255.43.108 - - [05/Jul/2020:11:36:01 +0200] "POST /tokens/jwt HTTP/1.1" 201 3472 "-" "GuzzleHttp/6.5.1 curl/7.52.1 PHP/7.1.33-8+0~20200202.31+debian9~1.gbp266c28"
51.255.43.108 - - [05/Jul/2020:11:36:01 +0200] "POST /emails/process/take HTTP/1.1" 404 240 "-" "GuzzleHttp/6.5.1 curl/7.52.1 PHP/7.1.33-8+0~20200202.31+debian9~1.gbp266c28"
51.255.43.108 - - [05/Jul/2020:11:37:00 +0200] "POST /tokens/jwt HTTP/1.1" 201 3472 "-" "GuzzleHttp/6.5.1 curl/7.52.1 PHP/7.1.33-8+0~20200202.31+debian9~1.gbp266c28"
51.255.43.108 - - [05/Jul/2020:11:37:01 +0200] "POST /tokens/jwt HTTP/1.1" 201 3472 "-" "GuzzleHttp/6.5.1 curl/7.52.1 PHP/7.1.33-8+0~20200202.31+debian9~1.gbp266c28"
51.255.43.108 - - [05/Jul/2020:11:37:01 +0200] "POST /emails/process/take HTTP/1.1" 404 240 "-" "GuzzleHttp/6.5.1 curl/7.52.1 PHP/7.1.33-8+0~20200202.31+debian9~1.gbp266c28"
51.210.12.113 - - [05/Jul/2020:11:38:00 +0200] "GET /studies?limit=100&offset=0&filter[gt_caDate]=2020-07-05%2006%3A38%3A00 HTTP/1.1" 200 3330 "-" "Go-http-client/1.1"
51.255.43.108 - - [05/Jul/2020:11:38:00 +0200] "POST /tokens/jwt HTTP/1.1" 201 3472 "-" "GuzzleHttp/6.5.1 curl/7.52.1 PHP/7.1.33-8+0~20200202.31+debian9~1.gbp266c28"
51.255.43.108 - - [05/Jul/2020:11:38:01 +0200] "POST /tokens/jwt HTTP/1.1" 201 3472 "-" "GuzzleHttp/6.5.1 curl/7.52.1 PHP/7.1.33-8+0~20200202.31+debian9~1.gbp266c28"
51.255.43.108 - - [05/Jul/2020:11:38:01 +0200] "POST /emails/process/take HTTP/1.1" 404 240 "-" "GuzzleHttp/6.5.1 curl/7.52.1 PHP/7.1.33-8+0~20200202.31+debian9~1.gbp266c28"
51.255.43.108 - - [05/Jul/2020:11:39:00 +0200] "POST /tokens/jwt HTTP/1.1" 201 3472 "-" "GuzzleHttp/6.5.1 curl/7.52.1 PHP/7.1.33-8+0~20200202.31+debian9~1.gbp266c28"
51.255.43.108 - - [05/Jul/2020:11:39:01 +0200] "POST /tokens/jwt HTTP/1.1" 201 3472 "-" "GuzzleHttp/6.5.1 curl/7.52.1 PHP/7.1.33-8+0~20200202.31+debian9~1.gbp266c28"
51.255.43.108 - - [05/Jul/2020:11:39:01 +0200] "POST /emails/process/take HTTP/1.1" 404 240 "-" "GuzzleHttp/6.5.1 curl/7.52.1 PHP/7.1.33-8+0~20200202.31+debian9~1.gbp266c28"
51.255.43.108 - - [05/Jul/2020:11:40:00 +0200] "POST /tokens/jwt HTTP/1.1" 201 3472 "-" "GuzzleHttp/6.5.1 curl/7.52.1 PHP/7.1.33-8+0~20200202.31+debian9~1.gbp266c28"
51.255.43.108 - - [05/Jul/2020:11:40:01 +0200] "POST /tokens/jwt HTTP/1.1" 201 3472 "-" "GuzzleHttp/6.5.1 curl/7.52.1 PHP/7.1.33-8+0~20200202.31+debian9~1.gbp266c28"
51.255.43.108 - - [05/Jul/2020:11:40:01 +0200] "POST /emails/process/take HTTP/1.1" 404 240 "-" "GuzzleHttp/6.5.1 curl/7.52.1 PHP/7.1.33-8+0~20200202.31+debian9~1.gbp266c28"
83.97.20.29 - - [05/Jul/2020:11:40:14 +0200] "GET / HTTP/1.1" 400 3060 "-" "-"
51.255.43.108 - - [05/Jul/2020:11:41:00 +0200] "POST /tokens/jwt HTTP/1.1" 201 3472 "-" "GuzzleHttp/6.5.1 curl/7.52.1 PHP/7.1.33-8+0~20200202.31+debian9~1.gbp266c28"
51.255.43.108 - - [05/Jul/2020:11:41:01 +0200] "POST /tokens/jwt HTTP/1.1" 201 3472 "-" "GuzzleHttp/6.5.1 curl/7.52.1 PHP/7.1.33-8+0~20200202.31+debian9~1.gbp266c28"
51.255.43.108 - - [05/Jul/2020:11:41:01 +0200] "POST /emails/process/take HTTP/1.1" 404 240 "-" "GuzzleHttp/6.5.1 curl/7.52.1 PHP/7.1.33-8+0~20200202.31+debian9~1.gbp266c28"
51.255.43.108 - - [05/Jul/2020:11:42:00 +0200] "POST /tokens/jwt HTTP/1.1" 201 3472 "-" "GuzzleHttp/6.5.1 curl/7.52.1 PHP/7.1.33-8+0~20200202.31+debian9~1.gbp266c28"
51.255.43.108 - - [05/Jul/2020:11:42:01 +0200] "POST /tokens/jwt HTTP/1.1" 201 3472 "-" "GuzzleHttp/6.5.1 curl/7.52.1 PHP/7.1.33-8+0~20200202.31+debian9~1.gbp266c28"
51.255.43.108 - - [05/Jul/2020:11:42:01 +0200] "POST /emails/process/take HTTP/1.1" 404 240 "-" "GuzzleHttp/6.5.1 curl/7.52.1 PHP/7.1.33-8+0~20200202.31+debian9~1.gbp266c28"
216.245.221.83 - - [05/Jul/2020:11:42:42 +0200] "GET /users HTTP/1.1" 401 3537 "https://api.everycheck.com/users" "Mozilla/5.0+(compatible; UptimeRobot/2.0; http://www.uptimerobot.com/)"
51.255.43.108 - - [05/Jul/2020:11:43:00 +0200] "POST /tokens/jwt HTTP/1.1" 201 3472 "-" "GuzzleHttp/6.5.1 curl/7.52.1 PHP/7.1.33-8+0~20200202.31+debian9~1.gbp266c28"
51.255.43.108 - - [05/Jul/2020:11:43:01 +0200] "POST /tokens/jwt HTTP/1.1" 201 3472 "-" "GuzzleHttp/6.5.1 curl/7.52.1 PHP/7.1.33-8+0~20200202.31+debian9~1.gbp266c28"
51.255.43.108 - - [05/Jul/2020:11:43:01 +0200] "POST /emails/process/take HTTP/1.1" 404 240 "-" "GuzzleHttp/6.5.1 curl/7.52.1 PHP/7.1.33-8+0~20200202.31+debian9~1.gbp266c28"
51.255.43.108 - - [05/Jul/2020:11:44:00 +0200] "POST /tokens/jwt HTTP/1.1" 201 3472 "-" "GuzzleHttp/6.5.1 curl/7.52.1 PHP/7.1.33-8+0~20200202.31+debian9~1.gbp266c28"
51.255.43.108 - - [05/Jul/2020:11:44:01 +0200] "POST /tokens/jwt HTTP/1.1" 201 3472 "-" "GuzzleHttp/6.5.1 curl/7.52.1 PHP/7.1.33-8+0~20200202.31+debian9~1.gbp266c28"
51.255.43.108 - - [05/Jul/2020:11:44:01 +0200] "POST /emails/process/take HTTP/1.1" 404 240 "-" "GuzzleHttp/6.5.1 curl/7.52.1 PHP/7.1.33-8+0~20200202.31+debian9~1.gbp266c28"
51.210.12.113 - - [05/Jul/2020:11:44:01 +0200] "GET /studies?limit=100&offset=0&filter[gt_caDate]=2020-07-05%2006%3A44%3A01&filter[cfKind]=agreement HTTP/1.1" 200 3330 "-" "Go-http-client/1.1"
51.255.43.108 - - [05/Jul/2020:11:45:00 +0200] "POST /tokens/jwt HTTP/1.1" 201 3472 "-" "GuzzleHttp/6.5.1 curl/7.52.1 PHP/7.1.33-8+0~20200202.31+debian9~1.gbp266c28"
51.255.43.108 - - [05/Jul/2020:11:45:01 +0200] "POST /tokens/jwt HTTP/1.1" 201 3472 "-" "GuzzleHttp/6.5.1 curl/7.52.1 PHP/7.1.33-8+0~20200202.31+debian9~1.gbp266c28"
51.255.43.108 - - [05/Jul/2020:11:45:01 +0200] "POST /emails/process/take HTTP/1.1" 404 240 "-" "GuzzleHttp/6.5.1 curl/7.52.1 PHP/7.1.33-8+0~20200202.31+debian9~1.gbp266c28"
51.255.43.108 - - [05/Jul/2020:11:46:00 +0200] "POST /tokens/jwt HTTP/1.1" 201 3472 "-" "GuzzleHttp/6.5.1 curl/7.52.1 PHP/7.1.33-8+0~20200202.31+debian9~1.gbp266c28"
51.255.43.108 - - [05/Jul/2020:11:46:01 +0200] "POST /tokens/jwt HTTP/1.1" 201 3472 "-" "GuzzleHttp/6.5.1 curl/7.52.1 PHP/7.1.33-8+0~20200202.31+debian9~1.gbp266c28"
51.255.43.108 - - [05/Jul/2020:11:46:01 +0200] "POST /emails/process/take HTTP/1.1" 404 240 "-" "GuzzleHttp/6.5.1 curl/7.52.1 PHP/7.1.33-8+0~20200202.31+debian9~1.gbp266c28"
51.255.43.108 - - [05/Jul/2020:11:47:00 +0200] "POST /tokens/jwt HTTP/1.1" 201 3472 "-" "GuzzleHttp/6.5.1 curl/7.52.1 PHP/7.1.33-8+0~20200202.31+debian9~1.gbp266c28"
51.255.43.108 - - [05/Jul/2020:11:47:01 +0200] "POST /tokens/jwt HTTP/1.1" 201 3472 "-" "GuzzleHttp/6.5.1 curl/7.52.1 PHP/7.1.33-8+0~20200202.31+debian9~1.gbp266c28"
51.255.43.108 - - [05/Jul/2020:11:47:01 +0200] "POST /emails/process/take HTTP/1.1" 404 240 "-" "GuzzleHttp/6.5.1 curl/7.52.1 PHP/7.1.33-8+0~20200202.31+debian9~1.gbp266c28"
51.210.12.113 - - [05/Jul/2020:11:47:08 +0200] "GET /studies?limit=100&offset=0&filter[gt_caDate]=2020-07-05%2008%3A00%3A01 HTTP/1.1" 200 3330 "-" "Go-http-client/1.1"
51.255.43.108 - - [05/Jul/2020:11:48:00 +0200] "POST /tokens/jwt HTTP/1.1" 201 3472 "-" "GuzzleHttp/6.5.1 curl/7.52.1 PHP/7.1.33-8+0~20200202.31+debian9~1.gbp266c28"
51.210.12.113 - - [05/Jul/2020:11:48:01 +0200] "GET /studies?limit=100&offset=0&filter[gt_caDate]=2020-07-05%2006%3A48%3A01 HTTP/1.1" 200 3330 "-" "Go-http-client/1.1"
51.255.43.108 - - [05/Jul/2020:11:48:01 +0200] "POST /tokens/jwt HTTP/1.1" 201 3472 "-" "GuzzleHttp/6.5.1 curl/7.52.1 PHP/7.1.33-8+0~20200202.31+debian9~1.gbp266c28"
51.255.43.108 - - [05/Jul/2020:11:48:01 +0200] "POST /emails/process/take HTTP/1.1" 404 240 "-" "GuzzleHttp/6.5.1 curl/7.52.1 PHP/7.1.33-8+0~20200202.31+debian9~1.gbp266c28"
51.255.43.108 - - [05/Jul/2020:11:49:00 +0200] "POST /tokens/jwt HTTP/1.1" 201 3472 "-" "GuzzleHttp/6.5.1 curl/7.52.1 PHP/7.1.33-8+0~20200202.31+debian9~1.gbp266c28"
51.255.43.108 - - [05/Jul/2020:11:49:01 +0200] "POST /tokens/jwt HTTP/1.1" 201 3472 "-" "GuzzleHttp/6.5.1 curl/7.52.1 PHP/7.1.33-8+0~20200202.31+debian9~1.gbp266c28"
51.255.43.108 - - [05/Jul/2020:11:49:01 +0200] "POST /emails/process/take HTTP/1.1" 404 240 "-" "GuzzleHttp/6.5.1 curl/7.52.1 PHP/7.1.33-8+0~20200202.31+debian9~1.gbp266c28"
51.255.43.108 - - [05/Jul/2020:11:50:00 +0200] "POST /tokens/jwt HTTP/1.1" 201 3472 "-" "GuzzleHttp/6.5.1 curl/7.52.1 PHP/7.1.33-8+0~20200202.31+debian9~1.gbp266c28"
51.255.43.108 - - [05/Jul/2020:11:50:01 +0200] "POST /tokens/jwt HTTP/1.1" 201 3472 "-" "GuzzleHttp/6.5.1 curl/7.52.1 PHP/7.1.33-8+0~20200202.31+debian9~1.gbp266c28"
51.255.43.108 - - [05/Jul/2020:11:50:01 +0200] "POST /emails/process/take HTTP/1.1" 404 240 "-" "GuzzleHttp/6.5.1 curl/7.52.1 PHP/7.1.33-8+0~20200202.31+debian9~1.gbp266c28"
51.255.43.108 - - [05/Jul/2020:11:51:00 +0200] "POST /tokens/jwt HTTP/1.1" 201 3472 "-" "GuzzleHttp/6.5.1 curl/7.52.1 PHP/7.1.33-8+0~20200202.31+debian9~1.gbp266c28"
51.255.43.108 - - [05/Jul/2020:11:51:01 +0200] "POST /tokens/jwt HTTP/1.1" 201 3472 "-" "GuzzleHttp/6.5.1 curl/7.52.1 PHP/7.1.33-8+0~20200202.31+debian9~1.gbp266c28"
51.255.43.108 - - [05/Jul/2020:11:51:01 +0200] "POST /emails/process/take HTTP/1.1" 404 240 "-" "GuzzleHttp/6.5.1 curl/7.52.1 PHP/7.1.33-8+0~20200202.31+debian9~1.gbp266c28"
51.255.43.108 - - [05/Jul/2020:11:52:00 +0200] "POST /tokens/jwt HTTP/1.1" 201 3472 "-" "GuzzleHttp/6.5.1 curl/7.52.1 PHP/7.1.33-8+0~20200202.31+debian9~1.gbp266c28"
51.255.43.108 - - [05/Jul/2020:11:52:01 +0200] "POST /tokens/jwt HTTP/1.1" 201 3472 "-" "GuzzleHttp/6.5.1 curl/7.52.1 PHP/7.1.33-8+0~20200202.31+debian9~1.gbp266c28"
51.255.43.108 - - [05/Jul/2020:11:52:01 +0200] "POST /emails/process/take HTTP/1.1" 404 240 "-" "GuzzleHttp/6.5.1 curl/7.52.1 PHP/7.1.33-8+0~20200202.31+debian9~1.gbp266c28"
216.245.221.83 - - [05/Jul/2020:11:52:42 +0200] "GET /users HTTP/1.1" 401 3537 "https://api.everycheck.com/users" "Mozilla/5.0+(compatible; UptimeRobot/2.0; http://www.uptimerobot.com/)"
51.255.43.108 - - [05/Jul/2020:11:53:00 +0200] "POST /tokens/jwt HTTP/1.1" 201 3472 "-" "GuzzleHttp/6.5.1 curl/7.52.1 PHP/7.1.33-8+0~20200202.31+debian9~1.gbp266c28"
51.255.43.108 - - [05/Jul/2020:11:53:01 +0200] "POST /tokens/jwt HTTP/1.1" 201 3472 "-" "GuzzleHttp/6.5.1 curl/7.52.1 PHP/7.1.33-8+0~20200202.31+debian9~1.gbp266c28"
51.255.43.108 - - [05/Jul/2020:11:53:01 +0200] "POST /emails/process/take HTTP/1.1" 404 240 "-" "GuzzleHttp/6.5.1 curl/7.52.1 PHP/7.1.33-8+0~20200202.31+debian9~1.gbp266c28"
51.255.43.108 - - [05/Jul/2020:11:54:00 +0200] "POST /tokens/jwt HTTP/1.1" 201 3472 "-" "GuzzleHttp/6.5.1 curl/7.52.1 PHP/7.1.33-8+0~20200202.31+debian9~1.gbp266c28"
51.255.43.108 - - [05/Jul/2020:11:54:01 +0200] "POST /tokens/jwt HTTP/1.1" 201 3472 "-" "GuzzleHttp/6.5.1 curl/7.52.1 PHP/7.1.33-8+0~20200202.31+debian9~1.gbp266c28"
51.255.43.108 - - [05/Jul/2020:11:54:01 +0200] "POST /emails/process/take HTTP/1.1" 404 240 "-" "GuzzleHttp/6.5.1 curl/7.52.1 PHP/7.1.33-8+0~20200202.31+debian9~1.gbp266c28"
51.210.12.113 - - [05/Jul/2020:11:54:01 +0200] "GET /studies?limit=100&offset=0&filter[cfKind]=agreement&filter[gt_caDate]=2020-07-05%2006%3A54%3A01 HTTP/1.1" 200 3330 "-" "Go-http-client/1.1"
51.255.43.108 - - [05/Jul/2020:11:55:00 +0200] "POST /tokens/jwt HTTP/1.1" 201 3472 "-" "GuzzleHttp/6.5.1 curl/7.52.1 PHP/7.1.33-8+0~20200202.31+debian9~1.gbp266c28"
51.255.43.108 - - [05/Jul/2020:11:55:01 +0200] "POST /tokens/jwt HTTP/1.1" 201 3472 "-" "GuzzleHttp/6.5.1 curl/7.52.1 PHP/7.1.33-8+0~20200202.31+debian9~1.gbp266c28"
51.255.43.108 - - [05/Jul/2020:11:55:01 +0200] "POST /emails/process/take HTTP/1.1" 404 240 "-" "GuzzleHttp/6.5.1 curl/7.52.1 PHP/7.1.33-8+0~20200202.31+debian9~1.gbp266c28"
51.255.43.108 - - [05/Jul/2020:11:56:00 +0200] "POST /tokens/jwt HTTP/1.1" 201 3472 "-" "GuzzleHttp/6.5.1 curl/7.52.1 PHP/7.1.33-8+0~20200202.31+debian9~1.gbp266c28"
51.255.43.108 - - [05/Jul/2020:11:56:01 +0200] "POST /tokens/jwt HTTP/1.1" 201 3472 "-" "GuzzleHttp/6.5.1 curl/7.52.1 PHP/7.1.33-8+0~20200202.31+debian9~1.gbp266c28"
51.255.43.108 - - [05/Jul/2020:11:56:01 +0200] "POST /emails/process/take HTTP/1.1" 404 240 "-" "GuzzleHttp/6.5.1 curl/7.52.1 PHP/7.1.33-8+0~20200202.31+debian9~1.gbp266c28"
51.255.43.108 - - [05/Jul/2020:11:57:00 +0200] "POST /tokens/jwt HTTP/1.1" 201 3472 "-" "GuzzleHttp/6.5.1 curl/7.52.1 PHP/7.1.33-8+0~20200202.31+debian9~1.gbp266c28"
51.255.43.108 - - [05/Jul/2020:11:57:01 +0200] "POST /tokens/jwt HTTP/1.1" 201 3472 "-" "GuzzleHttp/6.5.1 curl/7.52.1 PHP/7.1.33-8+0~20200202.31+debian9~1.gbp266c28"
51.255.43.108 - - [05/Jul/2020:11:57:01 +0200] "POST /emails/process/take HTTP/1.1" 404 240 "-" "GuzzleHttp/6.5.1 curl/7.52.1 PHP/7.1.33-8+0~20200202.31+debian9~1.gbp266c28"
51.255.43.108 - - [05/Jul/2020:11:58:00 +0200] "POST /tokens/jwt HTTP/1.1" 201 3472 "-" "GuzzleHttp/6.5.1 curl/7.52.1 PHP/7.1.33-8+0~20200202.31+debian9~1.gbp266c28"
51.210.12.113 - - [05/Jul/2020:11:58:01 +0200] "GET /studies?limit=100&offset=0&filter[gt_caDate]=2020-07-05%2006%3A58%3A01 HTTP/1.1" 200 3330 "-" "Go-http-client/1.1"
51.255.43.108 - - [05/Jul/2020:11:58:01 +0200] "POST /tokens/jwt HTTP/1.1" 201 3472 "-" "GuzzleHttp/6.5.1 curl/7.52.1 PHP/7.1.33-8+0~20200202.31+debian9~1.gbp266c28"
51.255.43.108 - - [05/Jul/2020:11:58:01 +0200] "POST /emails/process/take HTTP/1.1" 404 240 "-" "GuzzleHttp/6.5.1 curl/7.52.1 PHP/7.1.33-8+0~20200202.31+debian9~1.gbp266c28"
51.255.43.108 - - [05/Jul/2020:11:59:00 +0200] "POST /tokens/jwt HTTP/1.1" 201 3472 "-" "GuzzleHttp/6.5.1 curl/7.52.1 PHP/7.1.33-8+0~20200202.31+debian9~1.gbp266c28"
51.255.43.108 - - [05/Jul/2020:11:59:01 +0200] "POST /tokens/jwt HTTP/1.1" 201 3472 "-" "GuzzleHttp/6.5.1 curl/7.52.1 PHP/7.1.33-8+0~20200202.31+debian9~1.gbp266c28"
51.255.43.108 - - [05/Jul/2020:11:59:01 +0200] "POST /emails/process/take HTTP/1.1" 404 240 "-" "GuzzleHttp/6.5.1 curl/7.52.1 PHP/7.1.33-8+0~20200202.31+debian9~1.gbp266c28"
51.255.43.108 - - [05/Jul/2020:12:00:00 +0200] "POST /tokens/jwt HTTP/1.1" 201 3472 "-" "GuzzleHttp/6.5.1 curl/7.52.1 PHP/7.1.33-8+0~20200202.31+debian9~1.gbp266c28"
51.255.43.108 - - [05/Jul/2020:12:00:01 +0200] "POST /tokens/jwt HTTP/1.1" 201 3472 "-" "GuzzleHttp/6.5.1 curl/7.52.1 PHP/7.1.33-8+0~20200202.31+debian9~1.gbp266c28"
51.255.43.108 - - [05/Jul/2020:12:00:01 +0200] "POST /emails/process/take HTTP/1.1" 404 240 "-" "GuzzleHttp/6.5.1 curl/7.52.1 PHP/7.1.33-8+0~20200202.31+debian9~1.gbp266c28"
51.210.12.113 - - [05/Jul/2020:12:00:02 +0200] "GET /studies?limit=100&offset=0&filter[gt_caDate]=2020-07-05%2009%3A47%3A08 HTTP/1.1" 200 3330 "-" "Go-http-client/1.1"
51.255.43.108 - - [05/Jul/2020:12:01:00 +0200] "POST /tokens/jwt HTTP/1.1" 201 3472 "-" "GuzzleHttp/6.5.1 curl/7.52.1 PHP/7.1.33-8+0~20200202.31+debian9~1.gbp266c28"
51.255.43.108 - - [05/Jul/2020:12:01:01 +0200] "POST /tokens/jwt HTTP/1.1" 201 3472 "-" "GuzzleHttp/6.5.1 curl/7.52.1 PHP/7.1.33-8+0~20200202.31+debian9~1.gbp266c28"
51.255.43.108 - - [05/Jul/2020:12:01:01 +0200] "POST /emails/process/take HTTP/1.1" 404 240 "-" "GuzzleHttp/6.5.1 curl/7.52.1 PHP/7.1.33-8+0~20200202.31+debian9~1.gbp266c28"
51.255.43.108 - - [05/Jul/2020:12:02:00 +0200] "POST /tokens/jwt HTTP/1.1" 201 3472 "-" "GuzzleHttp/6.5.1 curl/7.52.1 PHP/7.1.33-8+0~20200202.31+debian9~1.gbp266c28"
51.255.43.108 - - [05/Jul/2020:12:02:01 +0200] "POST /tokens/jwt HTTP/1.1" 201 3472 "-" "GuzzleHttp/6.5.1 curl/7.52.1 PHP/7.1.33-8+0~20200202.31+debian9~1.gbp266c28"
51.255.43.108 - - [05/Jul/2020:12:02:01 +0200] "POST /emails/process/take HTTP/1.1" 404 240 "-" "GuzzleHttp/6.5.1 curl/7.52.1 PHP/7.1.33-8+0~20200202.31+debian9~1.gbp266c28"
216.245.221.83 - - [05/Jul/2020:12:02:42 +0200] "GET /users HTTP/1.1" 401 3537 "https://api.everycheck.com/users" "Mozilla/5.0+(compatible; UptimeRobot/2.0; http://www.uptimerobot.com/)"
51.255.43.108 - - [05/Jul/2020:12:03:00 +0200] "POST /tokens/jwt HTTP/1.1" 201 3472 "-" "GuzzleHttp/6.5.1 curl/7.52.1 PHP/7.1.33-8+0~20200202.31+debian9~1.gbp266c28"
51.255.43.108 - - [05/Jul/2020:12:03:01 +0200] "POST /tokens/jwt HTTP/1.1" 201 3472 "-" "GuzzleHttp/6.5.1 curl/7.52.1 PHP/7.1.33-8+0~20200202.31+debian9~1.gbp266c28"
51.255.43.108 - - [05/Jul/2020:12:03:01 +0200] "POST /emails/process/take HTTP/1.1" 404 240 "-" "GuzzleHttp/6.5.1 curl/7.52.1 PHP/7.1.33-8+0~20200202.31+debian9~1.gbp266c28"
51.255.43.108 - - [05/Jul/2020:12:04:00 +0200] "POST /tokens/jwt HTTP/1.1" 201 3472 "-" "GuzzleHttp/6.5.1 curl/7.52.1 PHP/7.1.33-8+0~20200202.31+debian9~1.gbp266c28"
51.210.12.113 - - [05/Jul/2020:12:04:01 +0200] "GET /studies?limit=100&offset=0&filter[cfKind]=agreement&filter[gt_caDate]=2020-07-05%2007%3A04%3A01 HTTP/1.1" 200 3330 "-" "Go-http-client/1.1"
51.255.43.108 - - [05/Jul/2020:12:04:01 +0200] "POST /tokens/jwt HTTP/1.1" 201 3472 "-" "GuzzleHttp/6.5.1 curl/7.52.1 PHP/7.1.33-8+0~20200202.31+debian9~1.gbp266c28"
51.255.43.108 - - [05/Jul/2020:12:04:01 +0200] "POST /emails/process/take HTTP/1.1" 404 240 "-" "GuzzleHttp/6.5.1 curl/7.52.1 PHP/7.1.33-8+0~20200202.31+debian9~1.gbp266c28"
51.255.43.108 - - [05/Jul/2020:12:05:00 +0200] "POST /tokens/jwt HTTP/1.1" 201 3472 "-" "GuzzleHttp/6.5.1 curl/7.52.1 PHP/7.1.33-8+0~20200202.31+debian9~1.gbp266c28"
51.255.43.108 - - [05/Jul/2020:12:05:01 +0200] "POST /tokens/jwt HTTP/1.1" 201 3472 "-" "GuzzleHttp/6.5.1 curl/7.52.1 PHP/7.1.33-8+0~20200202.31+debian9~1.gbp266c28"
51.255.43.108 - - [05/Jul/2020:12:05:01 +0200] "POST /emails/process/take HTTP/1.1" 404 240 "-" "GuzzleHttp/6.5.1 curl/7.52.1 PHP/7.1.33-8+0~20200202.31+debian9~1.gbp266c28"
51.255.43.108 - - [05/Jul/2020:12:06:00 +0200] "POST /tokens/jwt HTTP/1.1" 201 3472 "-" "GuzzleHttp/6.5.1 curl/7.52.1 PHP/7.1.33-8+0~20200202.31+debian9~1.gbp266c28"
51.255.43.108 - - [05/Jul/2020:12:06:01 +0200] "POST /tokens/jwt HTTP/1.1" 201 3472 "-" "GuzzleHttp/6.5.1 curl/7.52.1 PHP/7.1.33-8+0~20200202.31+debian9~1.gbp266c28"
51.255.43.108 - - [05/Jul/2020:12:06:01 +0200] "POST /emails/process/take HTTP/1.1" 404 240 "-" "GuzzleHttp/6.5.1 curl/7.52.1 PHP/7.1.33-8+0~20200202.31+debian9~1.gbp266c28"
51.255.43.108 - - [05/Jul/2020:12:07:00 +0200] "POST /tokens/jwt HTTP/1.1" 201 3472 "-" "GuzzleHttp/6.5.1 curl/7.52.1 PHP/7.1.33-8+0~20200202.31+debian9~1.gbp266c28"
51.255.43.108 - - [05/Jul/2020:12:07:01 +0200] "POST /tokens/jwt HTTP/1.1" 201 3472 "-" "GuzzleHttp/6.5.1 curl/7.52.1 PHP/7.1.33-8+0~20200202.31+debian9~1.gbp266c28"
51.255.43.108 - - [05/Jul/2020:12:07:01 +0200] "POST /emails/process/take HTTP/1.1" 404 240 "-" "GuzzleHttp/6.5.1 curl/7.52.1 PHP/7.1.33-8+0~20200202.31+debian9~1.gbp266c28"
51.255.43.108 - - [05/Jul/2020:12:08:01 +0200] "POST /tokens/jwt HTTP/1.1" 201 3472 "-" "GuzzleHttp/6.5.1 curl/7.52.1 PHP/7.1.33-8+0~20200202.31+debian9~1.gbp266c28"
51.210.12.113 - - [05/Jul/2020:12:08:01 +0200] "GET /studies?limit=100&offset=0&filter[gt_caDate]=2020-07-05%2007%3A08%3A01 HTTP/1.1" 200 3330 "-" "Go-http-client/1.1"
51.255.43.108 - - [05/Jul/2020:12:08:01 +0200] "POST /tokens/jwt HTTP/1.1" 201 3472 "-" "GuzzleHttp/6.5.1 curl/7.52.1 PHP/7.1.33-8+0~20200202.31+debian9~1.gbp266c28"
51.255.43.108 - - [05/Jul/2020:12:08:01 +0200] "POST /emails/process/take HTTP/1.1" 404 240 "-" "GuzzleHttp/6.5.1 curl/7.52.1 PHP/7.1.33-8+0~20200202.31+debian9~1.gbp266c28"
51.255.43.108 - - [05/Jul/2020:12:09:00 +0200] "POST /tokens/jwt HTTP/1.1" 201 3472 "-" "GuzzleHttp/6.5.1 curl/7.52.1 PHP/7.1.33-8+0~20200202.31+debian9~1.gbp266c28"
51.255.43.108 - - [05/Jul/2020:12:09:01 +0200] "POST /tokens/jwt HTTP/1.1" 201 3472 "-" "GuzzleHttp/6.5.1 curl/7.52.1 PHP/7.1.33-8+0~20200202.31+debian9~1.gbp266c28"
51.255.43.108 - - [05/Jul/2020:12:09:01 +0200] "POST /emails/process/take HTTP/1.1" 404 240 "-" "GuzzleHttp/6.5.1 curl/7.52.1 PHP/7.1.33-8+0~20200202.31+debian9~1.gbp266c28"
51.255.43.108 - - [05/Jul/2020:12:10:00 +0200] "POST /tokens/jwt HTTP/1.1" 201 3472 "-" "GuzzleHttp/6.5.1 curl/7.52.1 PHP/7.1.33-8+0~20200202.31+debian9~1.gbp266c28"
51.255.43.108 - - [05/Jul/2020:12:10:01 +0200] "POST /tokens/jwt HTTP/1.1" 201 3472 "-" "GuzzleHttp/6.5.1 curl/7.52.1 PHP/7.1.33-8+0~20200202.31+debian9~1.gbp266c28"
51.255.43.108 - - [05/Jul/2020:12:10:01 +0200] "POST /emails/process/take HTTP/1.1" 404 240 "-" "GuzzleHttp/6.5.1 curl/7.52.1 PHP/7.1.33-8+0~20200202.31+debian9~1.gbp266c28"
51.255.43.108 - - [05/Jul/2020:12:11:00 +0200] "POST /tokens/jwt HTTP/1.1" 201 3472 "-" "GuzzleHttp/6.5.1 curl/7.52.1 PHP/7.1.33-8+0~20200202.31+debian9~1.gbp266c28"
51.255.43.108 - - [05/Jul/2020:12:11:01 +0200] "POST /tokens/jwt HTTP/1.1" 201 3472 "-" "GuzzleHttp/6.5.1 curl/7.52.1 PHP/7.1.33-8+0~20200202.31+debian9~1.gbp266c28"
51.255.43.108 - - [05/Jul/2020:12:11:01 +0200] "POST /emails/process/take HTTP/1.1" 404 240 "-" "GuzzleHttp/6.5.1 curl/7.52.1 PHP/7.1.33-8+0~20200202.31+debian9~1.gbp266c28"
51.255.43.108 - - [05/Jul/2020:12:12:00 +0200] "POST /tokens/jwt HTTP/1.1" 201 3472 "-" "GuzzleHttp/6.5.1 curl/7.52.1 PHP/7.1.33-8+0~20200202.31+debian9~1.gbp266c28"
51.255.43.108 - - [05/Jul/2020:12:12:01 +0200] "POST /tokens/jwt HTTP/1.1" 201 3472 "-" "GuzzleHttp/6.5.1 curl/7.52.1 PHP/7.1.33-8+0~20200202.31+debian9~1.gbp266c28"
51.255.43.108 - - [05/Jul/2020:12:12:01 +0200] "POST /emails/process/take HTTP/1.1" 404 240 "-" "GuzzleHttp/6.5.1 curl/7.52.1 PHP/7.1.33-8+0~20200202.31+debian9~1.gbp266c28"
216.245.221.83 - - [05/Jul/2020:12:12:42 +0200] "GET /users HTTP/1.1" 401 3537 "https://api.everycheck.com/users" "Mozilla/5.0+(compatible; UptimeRobot/2.0; http://www.uptimerobot.com/)"
51.255.43.108 - - [05/Jul/2020:12:13:00 +0200] "POST /tokens/jwt HTTP/1.1" 201 3472 "-" "GuzzleHttp/6.5.1 curl/7.52.1 PHP/7.1.33-8+0~20200202.31+debian9~1.gbp266c28"
51.255.43.108 - - [05/Jul/2020:12:13:01 +0200] "POST /tokens/jwt HTTP/1.1" 201 3472 "-" "GuzzleHttp/6.5.1 curl/7.52.1 PHP/7.1.33-8+0~20200202.31+debian9~1.gbp266c28"
51.255.43.108 - - [05/Jul/2020:12:13:01 +0200] "POST /emails/process/take HTTP/1.1" 404 240 "-" "GuzzleHttp/6.5.1 curl/7.52.1 PHP/7.1.33-8+0~20200202.31+debian9~1.gbp266c28"
51.255.43.108 - - [05/Jul/2020:12:14:00 +0200] "POST /tokens/jwt HTTP/1.1" 201 3472 "-" "GuzzleHttp/6.5.1 curl/7.52.1 PHP/7.1.33-8+0~20200202.31+debian9~1.gbp266c28"
51.210.12.113 - - [05/Jul/2020:12:14:01 +0200] "GET /studies?limit=100&offset=0&filter[cfKind]=agreement&filter[gt_caDate]=2020-07-05%2007%3A14%3A01 HTTP/1.1" 200 3330 "-" "Go-http-client/1.1"
51.255.43.108 - - [05/Jul/2020:12:14:01 +0200] "POST /tokens/jwt HTTP/1.1" 201 3472 "-" "GuzzleHttp/6.5.1 curl/7.52.1 PHP/7.1.33-8+0~20200202.31+debian9~1.gbp266c28"
51.255.43.108 - - [05/Jul/2020:12:14:01 +0200] "POST /emails/process/take HTTP/1.1" 404 240 "-" "GuzzleHttp/6.5.1 curl/7.52.1 PHP/7.1.33-8+0~20200202.31+debian9~1.gbp266c28"
51.255.43.108 - - [05/Jul/2020:12:15:00 +0200] "POST /tokens/jwt HTTP/1.1" 201 3472 "-" "GuzzleHttp/6.5.1 curl/7.52.1 PHP/7.1.33-8+0~20200202.31+debian9~1.gbp266c28"
51.255.43.108 - - [05/Jul/2020:12:15:01 +0200] "POST /tokens/jwt HTTP/1.1" 201 3472 "-" "GuzzleHttp/6.5.1 curl/7.52.1 PHP/7.1.33-8+0~20200202.31+debian9~1.gbp266c28"
51.255.43.108 - - [05/Jul/2020:12:15:01 +0200] "POST /emails/process/take HTTP/1.1" 404 240 "-" "GuzzleHttp/6.5.1 curl/7.52.1 PHP/7.1.33-8+0~20200202.31+debian9~1.gbp266c28"
51.255.43.108 - - [05/Jul/2020:12:16:00 +0200] "POST /tokens/jwt HTTP/1.1" 201 3472 "-" "GuzzleHttp/6.5.1 curl/7.52.1 PHP/7.1.33-8+0~20200202.31+debian9~1.gbp266c28"
51.255.43.108 - - [05/Jul/2020:12:16:01 +0200] "POST /tokens/jwt HTTP/1.1" 201 3472 "-" "GuzzleHttp/6.5.1 curl/7.52.1 PHP/7.1.33-8+0~20200202.31+debian9~1.gbp266c28"
51.255.43.108 - - [05/Jul/2020:12:16:01 +0200] "POST /emails/process/take HTTP/1.1" 404 240 "-" "GuzzleHttp/6.5.1 curl/7.52.1 PHP/7.1.33-8+0~20200202.31+debian9~1.gbp266c28"
51.255.43.108 - - [05/Jul/2020:12:17:00 +0200] "POST /tokens/jwt HTTP/1.1" 201 3472 "-" "GuzzleHttp/6.5.1 curl/7.52.1 PHP/7.1.33-8+0~20200202.31+debian9~1.gbp266c28"
51.255.43.108 - - [05/Jul/2020:12:17:01 +0200] "POST /tokens/jwt HTTP/1.1" 201 3472 "-" "GuzzleHttp/6.5.1 curl/7.52.1 PHP/7.1.33-8+0~20200202.31+debian9~1.gbp266c28"
51.255.43.108 - - [05/Jul/2020:12:17:01 +0200] "POST /emails/process/take HTTP/1.1" 404 240 "-" "GuzzleHttp/6.5.1 curl/7.52.1 PHP/7.1.33-8+0~20200202.31+debian9~1.gbp266c28"
51.255.43.108 - - [05/Jul/2020:12:18:00 +0200] "POST /tokens/jwt HTTP/1.1" 201 3472 "-" "GuzzleHttp/6.5.1 curl/7.52.1 PHP/7.1.33-8+0~20200202.31+debian9~1.gbp266c28"
51.210.12.113 - - [05/Jul/2020:12:18:01 +0200] "GET /studies?limit=100&offset=0&filter[gt_caDate]=2020-07-05%2007%3A18%3A01 HTTP/1.1" 200 3330 "-" "Go-http-client/1.1"
51.255.43.108 - - [05/Jul/2020:12:18:01 +0200] "POST /tokens/jwt HTTP/1.1" 201 3472 "-" "GuzzleHttp/6.5.1 curl/7.52.1 PHP/7.1.33-8+0~20200202.31+debian9~1.gbp266c28"
51.255.43.108 - - [05/Jul/2020:12:18:01 +0200] "POST /emails/process/take HTTP/1.1" 404 240 "-" "GuzzleHttp/6.5.1 curl/7.52.1 PHP/7.1.33-8+0~20200202.31+debian9~1.gbp266c28"
51.255.43.108 - - [05/Jul/2020:12:19:00 +0200] "POST /tokens/jwt HTTP/1.1" 201 3472 "-" "GuzzleHttp/6.5.1 curl/7.52.1 PHP/7.1.33-8+0~20200202.31+debian9~1.gbp266c28"
51.255.43.108 - - [05/Jul/2020:12:19:01 +0200] "POST /tokens/jwt HTTP/1.1" 201 3472 "-" "GuzzleHttp/6.5.1 curl/7.52.1 PHP/7.1.33-8+0~20200202.31+debian9~1.gbp266c28"
51.255.43.108 - - [05/Jul/2020:12:19:01 +0200] "POST /emails/process/take HTTP/1.1" 404 240 "-" "GuzzleHttp/6.5.1 curl/7.52.1 PHP/7.1.33-8+0~20200202.31+debian9~1.gbp266c28"
51.255.43.108 - - [05/Jul/2020:12:20:00 +0200] "POST /tokens/jwt HTTP/1.1" 201 3472 "-" "GuzzleHttp/6.5.1 curl/7.52.1 PHP/7.1.33-8+0~20200202.31+debian9~1.gbp266c28"
51.255.43.108 - - [05/Jul/2020:12:20:01 +0200] "POST /tokens/jwt HTTP/1.1" 201 3472 "-" "GuzzleHttp/6.5.1 curl/7.52.1 PHP/7.1.33-8+0~20200202.31+debian9~1.gbp266c28"
51.255.43.108 - - [05/Jul/2020:12:20:01 +0200] "POST /emails/process/take HTTP/1.1" 404 240 "-" "GuzzleHttp/6.5.1 curl/7.52.1 PHP/7.1.33-8+0~20200202.31+debian9~1.gbp266c28"
51.255.43.108 - - [05/Jul/2020:12:21:00 +0200] "POST /tokens/jwt HTTP/1.1" 201 3472 "-" "GuzzleHttp/6.5.1 curl/7.52.1 PHP/7.1.33-8+0~20200202.31+debian9~1.gbp266c28"
51.255.43.108 - - [05/Jul/2020:12:21:01 +0200] "POST /tokens/jwt HTTP/1.1" 201 3472 "-" "GuzzleHttp/6.5.1 curl/7.52.1 PHP/7.1.33-8+0~20200202.31+debian9~1.gbp266c28"
51.255.43.108 - - [05/Jul/2020:12:21:01 +0200] "POST /emails/process/take HTTP/1.1" 404 240 "-" "GuzzleHttp/6.5.1 curl/7.52.1 PHP/7.1.33-8+0~20200202.31+debian9~1.gbp266c28"
51.255.43.108 - - [05/Jul/2020:12:22:00 +0200] "POST /tokens/jwt HTTP/1.1" 201 3472 "-" "GuzzleHttp/6.5.1 curl/7.52.1 PHP/7.1.33-8+0~20200202.31+debian9~1.gbp266c28"
51.255.43.108 - - [05/Jul/2020:12:22:01 +0200] "POST /tokens/jwt HTTP/1.1" 201 3472 "-" "GuzzleHttp/6.5.1 curl/7.52.1 PHP/7.1.33-8+0~20200202.31+debian9~1.gbp266c28"
51.255.43.108 - - [05/Jul/2020:12:22:01 +0200] "POST /emails/process/take HTTP/1.1" 404 240 "-" "GuzzleHttp/6.5.1 curl/7.52.1 PHP/7.1.33-8+0~20200202.31+debian9~1.gbp266c28"
216.245.221.83 - - [05/Jul/2020:12:22:42 +0200] "GET /users HTTP/1.1" 401 3537 "https://api.everycheck.com/users" "Mozilla/5.0+(compatible; UptimeRobot/2.0; http://www.uptimerobot.com/)"
51.255.43.108 - - [05/Jul/2020:12:23:00 +0200] "POST /tokens/jwt HTTP/1.1" 201 3472 "-" "GuzzleHttp/6.5.1 curl/7.52.1 PHP/7.1.33-8+0~20200202.31+debian9~1.gbp266c28"
51.255.43.108 - - [05/Jul/2020:12:23:01 +0200] "POST /tokens/jwt HTTP/1.1" 201 3472 "-" "GuzzleHttp/6.5.1 curl/7.52.1 PHP/7.1.33-8+0~20200202.31+debian9~1.gbp266c28"
51.255.43.108 - - [05/Jul/2020:12:23:01 +0200] "POST /emails/process/take HTTP/1.1" 404 240 "-" "GuzzleHttp/6.5.1 curl/7.52.1 PHP/7.1.33-8+0~20200202.31+debian9~1.gbp266c28"
51.255.43.108 - - [05/Jul/2020:12:24:00 +0200] "POST /tokens/jwt HTTP/1.1" 201 3472 "-" "GuzzleHttp/6.5.1 curl/7.52.1 PHP/7.1.33-8+0~20200202.31+debian9~1.gbp266c28"
51.210.12.113 - - [05/Jul/2020:12:24:01 +0200] "GET /studies?limit=100&offset=0&filter[cfKind]=agreement&filter[gt_caDate]=2020-07-05%2007%3A24%3A01 HTTP/1.1" 200 3330 "-" "Go-http-client/1.1"
51.255.43.108 - - [05/Jul/2020:12:24:01 +0200] "POST /tokens/jwt HTTP/1.1" 201 3472 "-" "GuzzleHttp/6.5.1 curl/7.52.1 PHP/7.1.33-8+0~20200202.31+debian9~1.gbp266c28"
51.255.43.108 - - [05/Jul/2020:12:24:01 +0200] "POST /emails/process/take HTTP/1.1" 404 240 "-" "GuzzleHttp/6.5.1 curl/7.52.1 PHP/7.1.33-8+0~20200202.31+debian9~1.gbp266c28"
51.255.43.108 - - [05/Jul/2020:12:25:00 +0200] "POST /tokens/jwt HTTP/1.1" 201 3472 "-" "GuzzleHttp/6.5.1 curl/7.52.1 PHP/7.1.33-8+0~20200202.31+debian9~1.gbp266c28"
51.255.43.108 - - [05/Jul/2020:12:25:01 +0200] "POST /tokens/jwt HTTP/1.1" 201 3472 "-" "GuzzleHttp/6.5.1 curl/7.52.1 PHP/7.1.33-8+0~20200202.31+debian9~1.gbp266c28"
51.255.43.108 - - [05/Jul/2020:12:25:01 +0200] "POST /emails/process/take HTTP/1.1" 404 240 "-" "GuzzleHttp/6.5.1 curl/7.52.1 PHP/7.1.33-8+0~20200202.31+debian9~1.gbp266c28"
51.255.43.108 - - [05/Jul/2020:12:26:00 +0200] "POST /tokens/jwt HTTP/1.1" 201 3472 "-" "GuzzleHttp/6.5.1 curl/7.52.1 PHP/7.1.33-8+0~20200202.31+debian9~1.gbp266c28"
51.255.43.108 - - [05/Jul/2020:12:26:01 +0200] "POST /tokens/jwt HTTP/1.1" 201 3472 "-" "GuzzleHttp/6.5.1 curl/7.52.1 PHP/7.1.33-8+0~20200202.31+debian9~1.gbp266c28"
51.255.43.108 - - [05/Jul/2020:12:26:01 +0200] "POST /emails/process/take HTTP/1.1" 404 240 "-" "GuzzleHttp/6.5.1 curl/7.52.1 PHP/7.1.33-8+0~20200202.31+debian9~1.gbp266c28"
51.255.43.108 - - [05/Jul/2020:12:27:00 +0200] "POST /tokens/jwt HTTP/1.1" 201 3472 "-" "GuzzleHttp/6.5.1 curl/7.52.1 PHP/7.1.33-8+0~20200202.31+debian9~1.gbp266c28"
51.255.43.108 - - [05/Jul/2020:12:27:01 +0200] "POST /tokens/jwt HTTP/1.1" 201 3472 "-" "GuzzleHttp/6.5.1 curl/7.52.1 PHP/7.1.33-8+0~20200202.31+debian9~1.gbp266c28"
51.255.43.108 - - [05/Jul/2020:12:27:01 +0200] "POST /emails/process/take HTTP/1.1" 404 240 "-" "GuzzleHttp/6.5.1 curl/7.52.1 PHP/7.1.33-8+0~20200202.31+debian9~1.gbp266c28"
51.255.43.108 - - [05/Jul/2020:12:28:00 +0200] "POST /tokens/jwt HTTP/1.1" 201 3472 "-" "GuzzleHttp/6.5.1 curl/7.52.1 PHP/7.1.33-8+0~20200202.31+debian9~1.gbp266c28"
51.210.12.113 - - [05/Jul/2020:12:28:01 +0200] "GET /studies?limit=100&offset=0&filter[gt_caDate]=2020-07-05%2007%3A28%3A01 HTTP/1.1" 200 3330 "-" "Go-http-client/1.1"
51.255.43.108 - - [05/Jul/2020:12:28:01 +0200] "POST /tokens/jwt HTTP/1.1" 201 3472 "-" "GuzzleHttp/6.5.1 curl/7.52.1 PHP/7.1.33-8+0~20200202.31+debian9~1.gbp266c28"
51.255.43.108 - - [05/Jul/2020:12:28:01 +0200] "POST /emails/process/take HTTP/1.1" 404 240 "-" "GuzzleHttp/6.5.1 curl/7.52.1 PHP/7.1.33-8+0~20200202.31+debian9~1.gbp266c28"
51.255.43.108 - - [05/Jul/2020:12:29:00 +0200] "POST /tokens/jwt HTTP/1.1" 201 3472 "-" "GuzzleHttp/6.5.1 curl/7.52.1 PHP/7.1.33-8+0~20200202.31+debian9~1.gbp266c28"
51.255.43.108 - - [05/Jul/2020:12:29:01 +0200] "POST /tokens/jwt HTTP/1.1" 201 3472 "-" "GuzzleHttp/6.5.1 curl/7.52.1 PHP/7.1.33-8+0~20200202.31+debian9~1.gbp266c28"
51.255.43.108 - - [05/Jul/2020:12:29:01 +0200] "POST /emails/process/take HTTP/1.1" 404 240 "-" "GuzzleHttp/6.5.1 curl/7.52.1 PHP/7.1.33-8+0~20200202.31+debian9~1.gbp266c28"
51.255.43.108 - - [05/Jul/2020:12:30:00 +0200] "POST /tokens/jwt HTTP/1.1" 201 3472 "-" "GuzzleHttp/6.5.1 curl/7.52.1 PHP/7.1.33-8+0~20200202.31+debian9~1.gbp266c28"
51.255.43.108 - - [05/Jul/2020:12:30:01 +0200] "POST /tokens/jwt HTTP/1.1" 201 3472 "-" "GuzzleHttp/6.5.1 curl/7.52.1 PHP/7.1.33-8+0~20200202.31+debian9~1.gbp266c28"
51.255.43.108 - - [05/Jul/2020:12:30:01 +0200] "POST /emails/process/take HTTP/1.1" 404 240 "-" "GuzzleHttp/6.5.1 curl/7.52.1 PHP/7.1.33-8+0~20200202.31+debian9~1.gbp266c28"
51.255.43.108 - - [05/Jul/2020:12:31:00 +0200] "POST /tokens/jwt HTTP/1.1" 201 3472 "-" "GuzzleHttp/6.5.1 curl/7.52.1 PHP/7.1.33-8+0~20200202.31+debian9~1.gbp266c28"
51.255.43.108 - - [05/Jul/2020:12:31:01 +0200] "POST /tokens/jwt HTTP/1.1" 201 3472 "-" "GuzzleHttp/6.5.1 curl/7.52.1 PHP/7.1.33-8+0~20200202.31+debian9~1.gbp266c28"
51.255.43.108 - - [05/Jul/2020:12:31:01 +0200] "POST /emails/process/take HTTP/1.1" 404 240 "-" "GuzzleHttp/6.5.1 curl/7.52.1 PHP/7.1.33-8+0~20200202.31+debian9~1.gbp266c28"
51.255.43.108 - - [05/Jul/2020:12:32:00 +0200] "POST /tokens/jwt HTTP/1.1" 201 3472 "-" "GuzzleHttp/6.5.1 curl/7.52.1 PHP/7.1.33-8+0~20200202.31+debian9~1.gbp266c28"
51.255.43.108 - - [05/Jul/2020:12:32:01 +0200] "POST /tokens/jwt HTTP/1.1" 201 3472 "-" "GuzzleHttp/6.5.1 curl/7.52.1 PHP/7.1.33-8+0~20200202.31+debian9~1.gbp266c28"
51.255.43.108 - - [05/Jul/2020:12:32:01 +0200] "POST /emails/process/take HTTP/1.1" 404 240 "-" "GuzzleHttp/6.5.1 curl/7.52.1 PHP/7.1.33-8+0~20200202.31+debian9~1.gbp266c28"
216.245.221.83 - - [05/Jul/2020:12:32:42 +0200] "GET /users HTTP/1.1" 401 3537 "https://api.everycheck.com/users" "Mozilla/5.0+(compatible; UptimeRobot/2.0; http://www.uptimerobot.com/)"
195.54.160.135 - - [05/Jul/2020:12:32:49 +0200] "GET /api/jsonws/invoke HTTP/1.1" 404 3769 "http://151.80.233.118:80/api/jsonws/invoke" "Mozilla/5.0 (Windows NT 10.0; Win64; x64) AppleWebKit/537.36 (KHTML, like Gecko) Chrome/78.0.3904.108 Safari/537.36"
51.255.43.108 - - [05/Jul/2020:12:33:00 +0200] "POST /tokens/jwt HTTP/1.1" 201 3472 "-" "GuzzleHttp/6.5.1 curl/7.52.1 PHP/7.1.33-8+0~20200202.31+debian9~1.gbp266c28"
51.255.43.108 - - [05/Jul/2020:12:33:01 +0200] "POST /tokens/jwt HTTP/1.1" 201 3472 "-" "GuzzleHttp/6.5.1 curl/7.52.1 PHP/7.1.33-8+0~20200202.31+debian9~1.gbp266c28"
51.255.43.108 - - [05/Jul/2020:12:33:01 +0200] "POST /emails/process/take HTTP/1.1" 404 240 "-" "GuzzleHttp/6.5.1 curl/7.52.1 PHP/7.1.33-8+0~20200202.31+debian9~1.gbp266c28"
51.255.43.108 - - [05/Jul/2020:12:34:00 +0200] "POST /tokens/jwt HTTP/1.1" 201 3472 "-" "GuzzleHttp/6.5.1 curl/7.52.1 PHP/7.1.33-8+0~20200202.31+debian9~1.gbp266c28"
51.255.43.108 - - [05/Jul/2020:12:34:01 +0200] "POST /tokens/jwt HTTP/1.1" 201 3472 "-" "GuzzleHttp/6.5.1 curl/7.52.1 PHP/7.1.33-8+0~20200202.31+debian9~1.gbp266c28"
51.255.43.108 - - [05/Jul/2020:12:34:01 +0200] "POST /emails/process/take HTTP/1.1" 404 240 "-" "GuzzleHttp/6.5.1 curl/7.52.1 PHP/7.1.33-8+0~20200202.31+debian9~1.gbp266c28"
51.210.12.113 - - [05/Jul/2020:12:34:01 +0200] "GET /studies?limit=100&offset=0&filter[cfKind]=agreement&filter[gt_caDate]=2020-07-05%2007%3A34%3A01 HTTP/1.1" 200 3330 "-" "Go-http-client/1.1"
51.255.43.108 - - [05/Jul/2020:12:35:00 +0200] "POST /tokens/jwt HTTP/1.1" 201 3472 "-" "GuzzleHttp/6.5.1 curl/7.52.1 PHP/7.1.33-8+0~20200202.31+debian9~1.gbp266c28"
51.255.43.108 - - [05/Jul/2020:12:35:01 +0200] "POST /tokens/jwt HTTP/1.1" 201 3472 "-" "GuzzleHttp/6.5.1 curl/7.52.1 PHP/7.1.33-8+0~20200202.31+debian9~1.gbp266c28"
51.255.43.108 - - [05/Jul/2020:12:35:01 +0200] "POST /emails/process/take HTTP/1.1" 404 240 "-" "GuzzleHttp/6.5.1 curl/7.52.1 PHP/7.1.33-8+0~20200202.31+debian9~1.gbp266c28"
51.255.43.108 - - [05/Jul/2020:12:36:00 +0200] "POST /tokens/jwt HTTP/1.1" 201 3472 "-" "GuzzleHttp/6.5.1 curl/7.52.1 PHP/7.1.33-8+0~20200202.31+debian9~1.gbp266c28"
51.255.43.108 - - [05/Jul/2020:12:36:01 +0200] "POST /tokens/jwt HTTP/1.1" 201 3472 "-" "GuzzleHttp/6.5.1 curl/7.52.1 PHP/7.1.33-8+0~20200202.31+debian9~1.gbp266c28"
51.255.43.108 - - [05/Jul/2020:12:36:01 +0200] "POST /emails/process/take HTTP/1.1" 404 240 "-" "GuzzleHttp/6.5.1 curl/7.52.1 PHP/7.1.33-8+0~20200202.31+debian9~1.gbp266c28"
51.255.43.108 - - [05/Jul/2020:12:37:00 +0200] "POST /tokens/jwt HTTP/1.1" 201 3472 "-" "GuzzleHttp/6.5.1 curl/7.52.1 PHP/7.1.33-8+0~20200202.31+debian9~1.gbp266c28"
51.255.43.108 - - [05/Jul/2020:12:37:01 +0200] "POST /tokens/jwt HTTP/1.1" 201 3472 "-" "GuzzleHttp/6.5.1 curl/7.52.1 PHP/7.1.33-8+0~20200202.31+debian9~1.gbp266c28"
51.255.43.108 - - [05/Jul/2020:12:37:01 +0200] "POST /emails/process/take HTTP/1.1" 404 240 "-" "GuzzleHttp/6.5.1 curl/7.52.1 PHP/7.1.33-8+0~20200202.31+debian9~1.gbp266c28"
51.255.43.108 - - [05/Jul/2020:12:38:00 +0200] "POST /tokens/jwt HTTP/1.1" 201 3472 "-" "GuzzleHttp/6.5.1 curl/7.52.1 PHP/7.1.33-8+0~20200202.31+debian9~1.gbp266c28"
51.210.12.113 - - [05/Jul/2020:12:38:01 +0200] "GET /studies?limit=100&offset=0&filter[gt_caDate]=2020-07-05%2007%3A38%3A01 HTTP/1.1" 200 3330 "-" "Go-http-client/1.1"
51.255.43.108 - - [05/Jul/2020:12:38:01 +0200] "POST /tokens/jwt HTTP/1.1" 201 3472 "-" "GuzzleHttp/6.5.1 curl/7.52.1 PHP/7.1.33-8+0~20200202.31+debian9~1.gbp266c28"
51.255.43.108 - - [05/Jul/2020:12:38:01 +0200] "POST /emails/process/take HTTP/1.1" 404 240 "-" "GuzzleHttp/6.5.1 curl/7.52.1 PHP/7.1.33-8+0~20200202.31+debian9~1.gbp266c28"
51.255.43.108 - - [05/Jul/2020:12:39:01 +0200] "POST /tokens/jwt HTTP/1.1" 201 3472 "-" "GuzzleHttp/6.5.1 curl/7.52.1 PHP/7.1.33-8+0~20200202.31+debian9~1.gbp266c28"
51.255.43.108 - - [05/Jul/2020:12:39:01 +0200] "POST /tokens/jwt HTTP/1.1" 201 3472 "-" "GuzzleHttp/6.5.1 curl/7.52.1 PHP/7.1.33-8+0~20200202.31+debian9~1.gbp266c28"
51.255.43.108 - - [05/Jul/2020:12:39:02 +0200] "POST /emails/process/take HTTP/1.1" 404 240 "-" "GuzzleHttp/6.5.1 curl/7.52.1 PHP/7.1.33-8+0~20200202.31+debian9~1.gbp266c28"
51.255.43.108 - - [05/Jul/2020:12:39:00 +0200] "GET /studies?limit=100&offset=0 HTTP/1.1" 200 766821 "-" "GuzzleHttp/6.5.1 curl/7.52.1 PHP/7.1.33-8+0~20200202.31+debian9~1.gbp266c28"
51.255.43.108 - - [05/Jul/2020:12:39:03 +0200] "GET /studies?limit=100&offset=100 HTTP/1.1" 200 820209 "-" "GuzzleHttp/6.5.1 curl/7.52.1 PHP/7.1.33-8+0~20200202.31+debian9~1.gbp266c28"
51.255.43.108 - - [05/Jul/2020:12:39:06 +0200] "GET /studies?limit=100&offset=200 HTTP/1.1" 200 811831 "-" "GuzzleHttp/6.5.1 curl/7.52.1 PHP/7.1.33-8+0~20200202.31+debian9~1.gbp266c28"
51.255.43.108 - - [05/Jul/2020:12:39:09 +0200] "GET /studies?limit=100&offset=300 HTTP/1.1" 200 858469 "-" "GuzzleHttp/6.5.1 curl/7.52.1 PHP/7.1.33-8+0~20200202.31+debian9~1.gbp266c28"
51.255.43.108 - - [05/Jul/2020:12:39:12 +0200] "GET /studies?limit=100&offset=400 HTTP/1.1" 200 849200 "-" "GuzzleHttp/6.5.1 curl/7.52.1 PHP/7.1.33-8+0~20200202.31+debian9~1.gbp266c28"
51.255.43.108 - - [05/Jul/2020:12:39:14 +0200] "GET /studies?limit=100&offset=500 HTTP/1.1" 200 782588 "-" "GuzzleHttp/6.5.1 curl/7.52.1 PHP/7.1.33-8+0~20200202.31+debian9~1.gbp266c28"
51.255.43.108 - - [05/Jul/2020:12:39:17 +0200] "GET /studies?limit=100&offset=600 HTTP/1.1" 200 802069 "-" "GuzzleHttp/6.5.1 curl/7.52.1 PHP/7.1.33-8+0~20200202.31+debian9~1.gbp266c28"
51.255.43.108 - - [05/Jul/2020:12:39:19 +0200] "GET /studies?limit=100&offset=700 HTTP/1.1" 200 900056 "-" "GuzzleHttp/6.5.1 curl/7.52.1 PHP/7.1.33-8+0~20200202.31+debian9~1.gbp266c28"
51.255.43.108 - - [05/Jul/2020:12:39:22 +0200] "GET /studies?limit=100&offset=800 HTTP/1.1" 200 801792 "-" "GuzzleHttp/6.5.1 curl/7.52.1 PHP/7.1.33-8+0~20200202.31+debian9~1.gbp266c28"
51.255.43.108 - - [05/Jul/2020:12:39:25 +0200] "GET /studies?limit=100&offset=900 HTTP/1.1" 200 897497 "-" "GuzzleHttp/6.5.1 curl/7.52.1 PHP/7.1.33-8+0~20200202.31+debian9~1.gbp266c28"
51.255.43.108 - - [05/Jul/2020:12:39:28 +0200] "GET /studies?limit=100&offset=1000 HTTP/1.1" 200 871652 "-" "GuzzleHttp/6.5.1 curl/7.52.1 PHP/7.1.33-8+0~20200202.31+debian9~1.gbp266c28"
51.255.43.108 - - [05/Jul/2020:12:39:31 +0200] "GET /studies?limit=100&offset=1100 HTTP/1.1" 200 875667 "-" "GuzzleHttp/6.5.1 curl/7.52.1 PHP/7.1.33-8+0~20200202.31+debian9~1.gbp266c28"
51.255.43.108 - - [05/Jul/2020:12:39:34 +0200] "GET /studies?limit=100&offset=1200 HTTP/1.1" 200 792404 "-" "GuzzleHttp/6.5.1 curl/7.52.1 PHP/7.1.33-8+0~20200202.31+debian9~1.gbp266c28"
51.255.43.108 - - [05/Jul/2020:12:39:37 +0200] "GET /studies?limit=100&offset=1300 HTTP/1.1" 200 798870 "-" "GuzzleHttp/6.5.1 curl/7.52.1 PHP/7.1.33-8+0~20200202.31+debian9~1.gbp266c28"
51.255.43.108 - - [05/Jul/2020:12:39:39 +0200] "GET /studies?limit=100&offset=1400 HTTP/1.1" 200 797481 "-" "GuzzleHttp/6.5.1 curl/7.52.1 PHP/7.1.33-8+0~20200202.31+debian9~1.gbp266c28"
51.255.43.108 - - [05/Jul/2020:12:39:41 +0200] "GET /studies?limit=100&offset=1500 HTTP/1.1" 200 795113 "-" "GuzzleHttp/6.5.1 curl/7.52.1 PHP/7.1.33-8+0~20200202.31+debian9~1.gbp266c28"
51.255.43.108 - - [05/Jul/2020:12:39:44 +0200] "GET /studies?limit=100&offset=1600 HTTP/1.1" 200 814387 "-" "GuzzleHttp/6.5.1 curl/7.52.1 PHP/7.1.33-8+0~20200202.31+debian9~1.gbp266c28"
51.255.43.108 - - [05/Jul/2020:12:39:47 +0200] "GET /studies?limit=100&offset=1700 HTTP/1.1" 200 802018 "-" "GuzzleHttp/6.5.1 curl/7.52.1 PHP/7.1.33-8+0~20200202.31+debian9~1.gbp266c28"
51.255.43.108 - - [05/Jul/2020:12:39:49 +0200] "GET /studies?limit=100&offset=1800 HTTP/1.1" 200 767558 "-" "GuzzleHttp/6.5.1 curl/7.52.1 PHP/7.1.33-8+0~20200202.31+debian9~1.gbp266c28"
51.255.43.108 - - [05/Jul/2020:12:39:52 +0200] "GET /studies?limit=100&offset=1900 HTTP/1.1" 200 771109 "-" "GuzzleHttp/6.5.1 curl/7.52.1 PHP/7.1.33-8+0~20200202.31+debian9~1.gbp266c28"
51.255.43.108 - - [05/Jul/2020:12:39:54 +0200] "GET /studies?limit=100&offset=2000 HTTP/1.1" 200 750925 "-" "GuzzleHttp/6.5.1 curl/7.52.1 PHP/7.1.33-8+0~20200202.31+debian9~1.gbp266c28"
51.255.43.108 - - [05/Jul/2020:12:39:57 +0200] "GET /studies?limit=100&offset=2100 HTTP/1.1" 200 782732 "-" "GuzzleHttp/6.5.1 curl/7.52.1 PHP/7.1.33-8+0~20200202.31+debian9~1.gbp266c28"
51.255.43.108 - - [05/Jul/2020:12:40:00 +0200] "POST /tokens/jwt HTTP/1.1" 201 3472 "-" "GuzzleHttp/6.5.1 curl/7.52.1 PHP/7.1.33-8+0~20200202.31+debian9~1.gbp266c28"
51.255.43.108 - - [05/Jul/2020:12:40:01 +0200] "POST /tokens/jwt HTTP/1.1" 201 3472 "-" "GuzzleHttp/6.5.1 curl/7.52.1 PHP/7.1.33-8+0~20200202.31+debian9~1.gbp266c28"
51.255.43.108 - - [05/Jul/2020:12:40:02 +0200] "POST /emails/process/take HTTP/1.1" 404 240 "-" "GuzzleHttp/6.5.1 curl/7.52.1 PHP/7.1.33-8+0~20200202.31+debian9~1.gbp266c28"
51.255.43.108 - - [05/Jul/2020:12:39:59 +0200] "GET /studies?limit=100&offset=2200 HTTP/1.1" 200 773040 "-" "GuzzleHttp/6.5.1 curl/7.52.1 PHP/7.1.33-8+0~20200202.31+debian9~1.gbp266c28"
51.255.43.108 - - [05/Jul/2020:12:40:03 +0200] "GET /studies?limit=100&offset=2300 HTTP/1.1" 200 825077 "-" "GuzzleHttp/6.5.1 curl/7.52.1 PHP/7.1.33-8+0~20200202.31+debian9~1.gbp266c28"
51.255.43.108 - - [05/Jul/2020:12:40:06 +0200] "GET /studies?limit=100&offset=2400 HTTP/1.1" 200 782794 "-" "GuzzleHttp/6.5.1 curl/7.52.1 PHP/7.1.33-8+0~20200202.31+debian9~1.gbp266c28"
51.255.43.108 - - [05/Jul/2020:12:40:09 +0200] "GET /studies?limit=100&offset=2500 HTTP/1.1" 200 789489 "-" "GuzzleHttp/6.5.1 curl/7.52.1 PHP/7.1.33-8+0~20200202.31+debian9~1.gbp266c28"
51.255.43.108 - - [05/Jul/2020:12:40:12 +0200] "GET /studies?limit=100&offset=2600 HTTP/1.1" 500 745 "-" "GuzzleHttp/6.5.1 curl/7.52.1 PHP/7.1.33-8+0~20200202.31+debian9~1.gbp266c28"
51.255.43.108 - - [05/Jul/2020:12:41:01 +0200] "POST /tokens/jwt HTTP/1.1" 201 3472 "-" "GuzzleHttp/6.5.1 curl/7.52.1 PHP/7.1.33-8+0~20200202.31+debian9~1.gbp266c28"
51.255.43.108 - - [05/Jul/2020:12:41:01 +0200] "POST /tokens/jwt HTTP/1.1" 201 3472 "-" "GuzzleHttp/6.5.1 curl/7.52.1 PHP/7.1.33-8+0~20200202.31+debian9~1.gbp266c28"
51.255.43.108 - - [05/Jul/2020:12:41:01 +0200] "POST /emails/process/take HTTP/1.1" 404 240 "-" "GuzzleHttp/6.5.1 curl/7.52.1 PHP/7.1.33-8+0~20200202.31+debian9~1.gbp266c28"
51.255.43.108 - - [05/Jul/2020:12:42:00 +0200] "POST /tokens/jwt HTTP/1.1" 201 3472 "-" "GuzzleHttp/6.5.1 curl/7.52.1 PHP/7.1.33-8+0~20200202.31+debian9~1.gbp266c28"
51.255.43.108 - - [05/Jul/2020:12:42:01 +0200] "POST /tokens/jwt HTTP/1.1" 201 3472 "-" "GuzzleHttp/6.5.1 curl/7.52.1 PHP/7.1.33-8+0~20200202.31+debian9~1.gbp266c28"
51.255.43.108 - - [05/Jul/2020:12:42:01 +0200] "POST /emails/process/take HTTP/1.1" 404 240 "-" "GuzzleHttp/6.5.1 curl/7.52.1 PHP/7.1.33-8+0~20200202.31+debian9~1.gbp266c28"
216.245.221.83 - - [05/Jul/2020:12:42:42 +0200] "GET /users HTTP/1.1" 401 3537 "https://api.everycheck.com/users" "Mozilla/5.0+(compatible; UptimeRobot/2.0; http://www.uptimerobot.com/)"
51.255.43.108 - - [05/Jul/2020:12:43:00 +0200] "POST /tokens/jwt HTTP/1.1" 201 3472 "-" "GuzzleHttp/6.5.1 curl/7.52.1 PHP/7.1.33-8+0~20200202.31+debian9~1.gbp266c28"
51.255.43.108 - - [05/Jul/2020:12:43:01 +0200] "POST /tokens/jwt HTTP/1.1" 201 3472 "-" "GuzzleHttp/6.5.1 curl/7.52.1 PHP/7.1.33-8+0~20200202.31+debian9~1.gbp266c28"
51.255.43.108 - - [05/Jul/2020:12:43:01 +0200] "POST /emails/process/take HTTP/1.1" 404 240 "-" "GuzzleHttp/6.5.1 curl/7.52.1 PHP/7.1.33-8+0~20200202.31+debian9~1.gbp266c28"
51.255.43.108 - - [05/Jul/2020:12:44:00 +0200] "POST /tokens/jwt HTTP/1.1" 201 3472 "-" "GuzzleHttp/6.5.1 curl/7.52.1 PHP/7.1.33-8+0~20200202.31+debian9~1.gbp266c28"
51.255.43.108 - - [05/Jul/2020:12:44:01 +0200] "POST /tokens/jwt HTTP/1.1" 201 3472 "-" "GuzzleHttp/6.5.1 curl/7.52.1 PHP/7.1.33-8+0~20200202.31+debian9~1.gbp266c28"
51.255.43.108 - - [05/Jul/2020:12:44:01 +0200] "POST /emails/process/take HTTP/1.1" 404 240 "-" "GuzzleHttp/6.5.1 curl/7.52.1 PHP/7.1.33-8+0~20200202.31+debian9~1.gbp266c28"
51.210.12.113 - - [05/Jul/2020:12:44:01 +0200] "GET /studies?limit=100&offset=0&filter[cfKind]=agreement&filter[gt_caDate]=2020-07-05%2007%3A44%3A01 HTTP/1.1" 200 3330 "-" "Go-http-client/1.1"
51.255.43.108 - - [05/Jul/2020:12:45:00 +0200] "POST /tokens/jwt HTTP/1.1" 201 3472 "-" "GuzzleHttp/6.5.1 curl/7.52.1 PHP/7.1.33-8+0~20200202.31+debian9~1.gbp266c28"
51.255.43.108 - - [05/Jul/2020:12:45:01 +0200] "POST /tokens/jwt HTTP/1.1" 201 3472 "-" "GuzzleHttp/6.5.1 curl/7.52.1 PHP/7.1.33-8+0~20200202.31+debian9~1.gbp266c28"
51.255.43.108 - - [05/Jul/2020:12:45:01 +0200] "POST /emails/process/take HTTP/1.1" 404 240 "-" "GuzzleHttp/6.5.1 curl/7.52.1 PHP/7.1.33-8+0~20200202.31+debian9~1.gbp266c28"
51.255.43.108 - - [05/Jul/2020:12:46:00 +0200] "POST /tokens/jwt HTTP/1.1" 201 3472 "-" "GuzzleHttp/6.5.1 curl/7.52.1 PHP/7.1.33-8+0~20200202.31+debian9~1.gbp266c28"
51.255.43.108 - - [05/Jul/2020:12:46:01 +0200] "POST /tokens/jwt HTTP/1.1" 201 3472 "-" "GuzzleHttp/6.5.1 curl/7.52.1 PHP/7.1.33-8+0~20200202.31+debian9~1.gbp266c28"
51.255.43.108 - - [05/Jul/2020:12:46:01 +0200] "POST /emails/process/take HTTP/1.1" 404 240 "-" "GuzzleHttp/6.5.1 curl/7.52.1 PHP/7.1.33-8+0~20200202.31+debian9~1.gbp266c28"
51.255.43.108 - - [05/Jul/2020:12:47:00 +0200] "POST /tokens/jwt HTTP/1.1" 201 3472 "-" "GuzzleHttp/6.5.1 curl/7.52.1 PHP/7.1.33-8+0~20200202.31+debian9~1.gbp266c28"
51.255.43.108 - - [05/Jul/2020:12:47:01 +0200] "POST /tokens/jwt HTTP/1.1" 201 3472 "-" "GuzzleHttp/6.5.1 curl/7.52.1 PHP/7.1.33-8+0~20200202.31+debian9~1.gbp266c28"
51.255.43.108 - - [05/Jul/2020:12:47:01 +0200] "POST /emails/process/take HTTP/1.1" 404 240 "-" "GuzzleHttp/6.5.1 curl/7.52.1 PHP/7.1.33-8+0~20200202.31+debian9~1.gbp266c28"
51.255.43.108 - - [05/Jul/2020:12:48:01 +0200] "POST /tokens/jwt HTTP/1.1" 201 3472 "-" "GuzzleHttp/6.5.1 curl/7.52.1 PHP/7.1.33-8+0~20200202.31+debian9~1.gbp266c28"
51.210.12.113 - - [05/Jul/2020:12:48:01 +0200] "GET /studies?limit=100&offset=0&filter[gt_caDate]=2020-07-05%2007%3A48%3A01 HTTP/1.1" 200 3330 "-" "Go-http-client/1.1"
51.255.43.108 - - [05/Jul/2020:12:48:01 +0200] "POST /tokens/jwt HTTP/1.1" 201 3472 "-" "GuzzleHttp/6.5.1 curl/7.52.1 PHP/7.1.33-8+0~20200202.31+debian9~1.gbp266c28"
51.255.43.108 - - [05/Jul/2020:12:48:01 +0200] "POST /emails/process/take HTTP/1.1" 404 240 "-" "GuzzleHttp/6.5.1 curl/7.52.1 PHP/7.1.33-8+0~20200202.31+debian9~1.gbp266c28"
51.255.43.108 - - [05/Jul/2020:12:49:00 +0200] "POST /tokens/jwt HTTP/1.1" 201 3472 "-" "GuzzleHttp/6.5.1 curl/7.52.1 PHP/7.1.33-8+0~20200202.31+debian9~1.gbp266c28"
51.255.43.108 - - [05/Jul/2020:12:49:01 +0200] "POST /tokens/jwt HTTP/1.1" 201 3472 "-" "GuzzleHttp/6.5.1 curl/7.52.1 PHP/7.1.33-8+0~20200202.31+debian9~1.gbp266c28"
51.255.43.108 - - [05/Jul/2020:12:49:01 +0200] "POST /emails/process/take HTTP/1.1" 404 240 "-" "GuzzleHttp/6.5.1 curl/7.52.1 PHP/7.1.33-8+0~20200202.31+debian9~1.gbp266c28"
51.255.43.108 - - [05/Jul/2020:12:50:00 +0200] "POST /tokens/jwt HTTP/1.1" 201 3472 "-" "GuzzleHttp/6.5.1 curl/7.52.1 PHP/7.1.33-8+0~20200202.31+debian9~1.gbp266c28"
51.255.43.108 - - [05/Jul/2020:12:50:01 +0200] "POST /tokens/jwt HTTP/1.1" 201 3472 "-" "GuzzleHttp/6.5.1 curl/7.52.1 PHP/7.1.33-8+0~20200202.31+debian9~1.gbp266c28"
51.255.43.108 - - [05/Jul/2020:12:50:01 +0200] "POST /emails/process/take HTTP/1.1" 404 240 "-" "GuzzleHttp/6.5.1 curl/7.52.1 PHP/7.1.33-8+0~20200202.31+debian9~1.gbp266c28"
51.255.43.108 - - [05/Jul/2020:12:51:00 +0200] "POST /tokens/jwt HTTP/1.1" 201 3472 "-" "GuzzleHttp/6.5.1 curl/7.52.1 PHP/7.1.33-8+0~20200202.31+debian9~1.gbp266c28"
51.255.43.108 - - [05/Jul/2020:12:51:01 +0200] "POST /tokens/jwt HTTP/1.1" 201 3472 "-" "GuzzleHttp/6.5.1 curl/7.52.1 PHP/7.1.33-8+0~20200202.31+debian9~1.gbp266c28"
51.255.43.108 - - [05/Jul/2020:12:51:01 +0200] "POST /emails/process/take HTTP/1.1" 404 240 "-" "GuzzleHttp/6.5.1 curl/7.52.1 PHP/7.1.33-8+0~20200202.31+debian9~1.gbp266c28"
51.255.43.108 - - [05/Jul/2020:12:52:00 +0200] "POST /tokens/jwt HTTP/1.1" 201 3472 "-" "GuzzleHttp/6.5.1 curl/7.52.1 PHP/7.1.33-8+0~20200202.31+debian9~1.gbp266c28"
51.255.43.108 - - [05/Jul/2020:12:52:01 +0200] "POST /tokens/jwt HTTP/1.1" 201 3472 "-" "GuzzleHttp/6.5.1 curl/7.52.1 PHP/7.1.33-8+0~20200202.31+debian9~1.gbp266c28"
51.255.43.108 - - [05/Jul/2020:12:52:01 +0200] "POST /emails/process/take HTTP/1.1" 404 240 "-" "GuzzleHttp/6.5.1 curl/7.52.1 PHP/7.1.33-8+0~20200202.31+debian9~1.gbp266c28"
216.245.221.83 - - [05/Jul/2020:12:52:42 +0200] "GET /users HTTP/1.1" 401 3537 "https://api.everycheck.com/users" "Mozilla/5.0+(compatible; UptimeRobot/2.0; http://www.uptimerobot.com/)"
51.255.43.108 - - [05/Jul/2020:12:53:00 +0200] "POST /tokens/jwt HTTP/1.1" 201 3472 "-" "GuzzleHttp/6.5.1 curl/7.52.1 PHP/7.1.33-8+0~20200202.31+debian9~1.gbp266c28"
51.255.43.108 - - [05/Jul/2020:12:53:01 +0200] "POST /tokens/jwt HTTP/1.1" 201 3472 "-" "GuzzleHttp/6.5.1 curl/7.52.1 PHP/7.1.33-8+0~20200202.31+debian9~1.gbp266c28"
51.255.43.108 - - [05/Jul/2020:12:53:01 +0200] "POST /emails/process/take HTTP/1.1" 404 240 "-" "GuzzleHttp/6.5.1 curl/7.52.1 PHP/7.1.33-8+0~20200202.31+debian9~1.gbp266c28"
51.255.43.108 - - [05/Jul/2020:12:54:00 +0200] "POST /tokens/jwt HTTP/1.1" 201 3472 "-" "GuzzleHttp/6.5.1 curl/7.52.1 PHP/7.1.33-8+0~20200202.31+debian9~1.gbp266c28"
51.210.12.113 - - [05/Jul/2020:12:54:01 +0200] "GET /studies?limit=100&offset=0&filter[cfKind]=agreement&filter[gt_caDate]=2020-07-05%2007%3A54%3A01 HTTP/1.1" 200 3330 "-" "Go-http-client/1.1"
51.255.43.108 - - [05/Jul/2020:12:54:01 +0200] "POST /tokens/jwt HTTP/1.1" 201 3472 "-" "GuzzleHttp/6.5.1 curl/7.52.1 PHP/7.1.33-8+0~20200202.31+debian9~1.gbp266c28"
51.255.43.108 - - [05/Jul/2020:12:54:01 +0200] "POST /emails/process/take HTTP/1.1" 404 240 "-" "GuzzleHttp/6.5.1 curl/7.52.1 PHP/7.1.33-8+0~20200202.31+debian9~1.gbp266c28"
51.255.43.108 - - [05/Jul/2020:12:55:00 +0200] "POST /tokens/jwt HTTP/1.1" 201 3472 "-" "GuzzleHttp/6.5.1 curl/7.52.1 PHP/7.1.33-8+0~20200202.31+debian9~1.gbp266c28"
51.255.43.108 - - [05/Jul/2020:12:55:01 +0200] "POST /tokens/jwt HTTP/1.1" 201 3472 "-" "GuzzleHttp/6.5.1 curl/7.52.1 PHP/7.1.33-8+0~20200202.31+debian9~1.gbp266c28"
51.255.43.108 - - [05/Jul/2020:12:55:01 +0200] "POST /emails/process/take HTTP/1.1" 404 240 "-" "GuzzleHttp/6.5.1 curl/7.52.1 PHP/7.1.33-8+0~20200202.31+debian9~1.gbp266c28"
51.255.43.108 - - [05/Jul/2020:12:56:00 +0200] "POST /tokens/jwt HTTP/1.1" 201 3472 "-" "GuzzleHttp/6.5.1 curl/7.52.1 PHP/7.1.33-8+0~20200202.31+debian9~1.gbp266c28"
51.255.43.108 - - [05/Jul/2020:12:56:01 +0200] "POST /tokens/jwt HTTP/1.1" 201 3472 "-" "GuzzleHttp/6.5.1 curl/7.52.1 PHP/7.1.33-8+0~20200202.31+debian9~1.gbp266c28"
51.255.43.108 - - [05/Jul/2020:12:56:01 +0200] "POST /emails/process/take HTTP/1.1" 404 240 "-" "GuzzleHttp/6.5.1 curl/7.52.1 PHP/7.1.33-8+0~20200202.31+debian9~1.gbp266c28"
51.255.43.108 - - [05/Jul/2020:12:57:00 +0200] "POST /tokens/jwt HTTP/1.1" 201 3472 "-" "GuzzleHttp/6.5.1 curl/7.52.1 PHP/7.1.33-8+0~20200202.31+debian9~1.gbp266c28"
51.255.43.108 - - [05/Jul/2020:12:57:01 +0200] "POST /tokens/jwt HTTP/1.1" 201 3472 "-" "GuzzleHttp/6.5.1 curl/7.52.1 PHP/7.1.33-8+0~20200202.31+debian9~1.gbp266c28"
51.255.43.108 - - [05/Jul/2020:12:57:01 +0200] "POST /emails/process/take HTTP/1.1" 404 240 "-" "GuzzleHttp/6.5.1 curl/7.52.1 PHP/7.1.33-8+0~20200202.31+debian9~1.gbp266c28"
51.255.43.108 - - [05/Jul/2020:12:58:00 +0200] "POST /tokens/jwt HTTP/1.1" 201 3472 "-" "GuzzleHttp/6.5.1 curl/7.52.1 PHP/7.1.33-8+0~20200202.31+debian9~1.gbp266c28"
51.210.12.113 - - [05/Jul/2020:12:58:01 +0200] "GET /studies?limit=100&offset=0&filter[gt_caDate]=2020-07-05%2007%3A58%3A01 HTTP/1.1" 200 3330 "-" "Go-http-client/1.1"
51.255.43.108 - - [05/Jul/2020:12:58:01 +0200] "POST /tokens/jwt HTTP/1.1" 201 3472 "-" "GuzzleHttp/6.5.1 curl/7.52.1 PHP/7.1.33-8+0~20200202.31+debian9~1.gbp266c28"
51.255.43.108 - - [05/Jul/2020:12:58:01 +0200] "POST /emails/process/take HTTP/1.1" 404 240 "-" "GuzzleHttp/6.5.1 curl/7.52.1 PHP/7.1.33-8+0~20200202.31+debian9~1.gbp266c28"
51.255.43.108 - - [05/Jul/2020:12:59:00 +0200] "POST /tokens/jwt HTTP/1.1" 201 3472 "-" "GuzzleHttp/6.5.1 curl/7.52.1 PHP/7.1.33-8+0~20200202.31+debian9~1.gbp266c28"
51.255.43.108 - - [05/Jul/2020:12:59:01 +0200] "POST /tokens/jwt HTTP/1.1" 201 3472 "-" "GuzzleHttp/6.5.1 curl/7.52.1 PHP/7.1.33-8+0~20200202.31+debian9~1.gbp266c28"
51.255.43.108 - - [05/Jul/2020:12:59:01 +0200] "POST /emails/process/take HTTP/1.1" 404 240 "-" "GuzzleHttp/6.5.1 curl/7.52.1 PHP/7.1.33-8+0~20200202.31+debian9~1.gbp266c28"
51.255.43.108 - - [05/Jul/2020:13:00:00 +0200] "POST /tokens/jwt HTTP/1.1" 201 3472 "-" "GuzzleHttp/6.5.1 curl/7.52.1 PHP/7.1.33-8+0~20200202.31+debian9~1.gbp266c28"
51.255.43.108 - - [05/Jul/2020:13:00:01 +0200] "POST /tokens/jwt HTTP/1.1" 201 3472 "-" "GuzzleHttp/6.5.1 curl/7.52.1 PHP/7.1.33-8+0~20200202.31+debian9~1.gbp266c28"
51.255.43.108 - - [05/Jul/2020:13:00:01 +0200] "POST /emails/process/take HTTP/1.1" 404 240 "-" "GuzzleHttp/6.5.1 curl/7.52.1 PHP/7.1.33-8+0~20200202.31+debian9~1.gbp266c28"
51.255.43.108 - - [05/Jul/2020:13:01:00 +0200] "POST /tokens/jwt HTTP/1.1" 201 3472 "-" "GuzzleHttp/6.5.1 curl/7.52.1 PHP/7.1.33-8+0~20200202.31+debian9~1.gbp266c28"
51.255.43.108 - - [05/Jul/2020:13:01:01 +0200] "POST /tokens/jwt HTTP/1.1" 201 3472 "-" "GuzzleHttp/6.5.1 curl/7.52.1 PHP/7.1.33-8+0~20200202.31+debian9~1.gbp266c28"
51.255.43.108 - - [05/Jul/2020:13:01:01 +0200] "POST /emails/process/take HTTP/1.1" 404 240 "-" "GuzzleHttp/6.5.1 curl/7.52.1 PHP/7.1.33-8+0~20200202.31+debian9~1.gbp266c28"
51.255.43.108 - - [05/Jul/2020:13:02:00 +0200] "POST /tokens/jwt HTTP/1.1" 201 3472 "-" "GuzzleHttp/6.5.1 curl/7.52.1 PHP/7.1.33-8+0~20200202.31+debian9~1.gbp266c28"
51.255.43.108 - - [05/Jul/2020:13:02:01 +0200] "POST /tokens/jwt HTTP/1.1" 201 3472 "-" "GuzzleHttp/6.5.1 curl/7.52.1 PHP/7.1.33-8+0~20200202.31+debian9~1.gbp266c28"
51.255.43.108 - - [05/Jul/2020:13:02:01 +0200] "POST /emails/process/take HTTP/1.1" 404 240 "-" "GuzzleHttp/6.5.1 curl/7.52.1 PHP/7.1.33-8+0~20200202.31+debian9~1.gbp266c28"
216.245.221.83 - - [05/Jul/2020:13:02:42 +0200] "GET /users HTTP/1.1" 401 3537 "https://api.everycheck.com/users" "Mozilla/5.0+(compatible; UptimeRobot/2.0; http://www.uptimerobot.com/)"
51.255.43.108 - - [05/Jul/2020:13:03:00 +0200] "POST /tokens/jwt HTTP/1.1" 201 3472 "-" "GuzzleHttp/6.5.1 curl/7.52.1 PHP/7.1.33-8+0~20200202.31+debian9~1.gbp266c28"
51.255.43.108 - - [05/Jul/2020:13:03:01 +0200] "POST /tokens/jwt HTTP/1.1" 201 3472 "-" "GuzzleHttp/6.5.1 curl/7.52.1 PHP/7.1.33-8+0~20200202.31+debian9~1.gbp266c28"
51.255.43.108 - - [05/Jul/2020:13:03:01 +0200] "POST /emails/process/take HTTP/1.1" 404 240 "-" "GuzzleHttp/6.5.1 curl/7.52.1 PHP/7.1.33-8+0~20200202.31+debian9~1.gbp266c28"
51.255.43.108 - - [05/Jul/2020:13:04:00 +0200] "POST /tokens/jwt HTTP/1.1" 201 3472 "-" "GuzzleHttp/6.5.1 curl/7.52.1 PHP/7.1.33-8+0~20200202.31+debian9~1.gbp266c28"
51.255.43.108 - - [05/Jul/2020:13:04:01 +0200] "POST /tokens/jwt HTTP/1.1" 201 3472 "-" "GuzzleHttp/6.5.1 curl/7.52.1 PHP/7.1.33-8+0~20200202.31+debian9~1.gbp266c28"
51.255.43.108 - - [05/Jul/2020:13:04:01 +0200] "POST /emails/process/take HTTP/1.1" 404 240 "-" "GuzzleHttp/6.5.1 curl/7.52.1 PHP/7.1.33-8+0~20200202.31+debian9~1.gbp266c28"
51.210.12.113 - - [05/Jul/2020:13:04:01 +0200] "GET /studies?limit=100&offset=0&filter[cfKind]=agreement&filter[gt_caDate]=2020-07-05%2008%3A04%3A01 HTTP/1.1" 200 3330 "-" "Go-http-client/1.1"
51.255.43.108 - - [05/Jul/2020:13:05:00 +0200] "POST /tokens/jwt HTTP/1.1" 201 3472 "-" "GuzzleHttp/6.5.1 curl/7.52.1 PHP/7.1.33-8+0~20200202.31+debian9~1.gbp266c28"
51.255.43.108 - - [05/Jul/2020:13:05:01 +0200] "POST /tokens/jwt HTTP/1.1" 201 3472 "-" "GuzzleHttp/6.5.1 curl/7.52.1 PHP/7.1.33-8+0~20200202.31+debian9~1.gbp266c28"
51.255.43.108 - - [05/Jul/2020:13:05:01 +0200] "POST /emails/process/take HTTP/1.1" 404 240 "-" "GuzzleHttp/6.5.1 curl/7.52.1 PHP/7.1.33-8+0~20200202.31+debian9~1.gbp266c28"
51.255.43.108 - - [05/Jul/2020:13:06:00 +0200] "POST /tokens/jwt HTTP/1.1" 201 3472 "-" "GuzzleHttp/6.5.1 curl/7.52.1 PHP/7.1.33-8+0~20200202.31+debian9~1.gbp266c28"
51.255.43.108 - - [05/Jul/2020:13:06:01 +0200] "POST /tokens/jwt HTTP/1.1" 201 3472 "-" "GuzzleHttp/6.5.1 curl/7.52.1 PHP/7.1.33-8+0~20200202.31+debian9~1.gbp266c28"
51.255.43.108 - - [05/Jul/2020:13:06:01 +0200] "POST /emails/process/take HTTP/1.1" 404 240 "-" "GuzzleHttp/6.5.1 curl/7.52.1 PHP/7.1.33-8+0~20200202.31+debian9~1.gbp266c28"
51.255.43.108 - - [05/Jul/2020:13:07:00 +0200] "POST /tokens/jwt HTTP/1.1" 201 3472 "-" "GuzzleHttp/6.5.1 curl/7.52.1 PHP/7.1.33-8+0~20200202.31+debian9~1.gbp266c28"
51.255.43.108 - - [05/Jul/2020:13:07:01 +0200] "POST /tokens/jwt HTTP/1.1" 201 3472 "-" "GuzzleHttp/6.5.1 curl/7.52.1 PHP/7.1.33-8+0~20200202.31+debian9~1.gbp266c28"
51.255.43.108 - - [05/Jul/2020:13:07:01 +0200] "POST /emails/process/take HTTP/1.1" 404 240 "-" "GuzzleHttp/6.5.1 curl/7.52.1 PHP/7.1.33-8+0~20200202.31+debian9~1.gbp266c28"
51.255.43.108 - - [05/Jul/2020:13:08:00 +0200] "POST /tokens/jwt HTTP/1.1" 201 3472 "-" "GuzzleHttp/6.5.1 curl/7.52.1 PHP/7.1.33-8+0~20200202.31+debian9~1.gbp266c28"
51.210.12.113 - - [05/Jul/2020:13:08:01 +0200] "GET /studies?limit=100&offset=0&filter[gt_caDate]=2020-07-05%2008%3A08%3A01 HTTP/1.1" 200 3330 "-" "Go-http-client/1.1"
51.255.43.108 - - [05/Jul/2020:13:08:01 +0200] "POST /tokens/jwt HTTP/1.1" 201 3472 "-" "GuzzleHttp/6.5.1 curl/7.52.1 PHP/7.1.33-8+0~20200202.31+debian9~1.gbp266c28"
51.255.43.108 - - [05/Jul/2020:13:08:01 +0200] "POST /emails/process/take HTTP/1.1" 404 240 "-" "GuzzleHttp/6.5.1 curl/7.52.1 PHP/7.1.33-8+0~20200202.31+debian9~1.gbp266c28"
